schedule: [0, 1, 2, 3, 5, 7, 10, 15, 20, 30, 40, 50, 60, 70, 80, 90, 100]
  [measure] epoch   0  test acc 10.00%  k*(.95)/C median 0.357  rho(depth) -0.72  (16s)
  epoch   1/100  loss 1.171  (20s)
  [measure] epoch   1  test acc 58.24%  k*(.95)/C median 0.484  rho(depth) +0.28  (13s)
  epoch   2/100  loss 0.864  (15s)
  [measure] epoch   2  test acc 69.38%  k*(.95)/C median 0.487  rho(depth) +0.40  (3s)
  epoch   3/100  loss 0.909  (3s)
  [measure] epoch   3  test acc 72.32%  k*(.95)/C median 0.500  rho(depth) +0.22  (3s)
  epoch   4/100  loss 0.769  (17s)
  epoch   5/100  loss 0.545  (16s)
  [measure] epoch   5  test acc 73.39%  k*(.95)/C median 0.479  rho(depth) +0.45  (19s)
  epoch   6/100  loss 0.506  (18s)
  epoch   7/100  loss 0.614  (15s)
  [measure] epoch   7  test acc 79.77%  k*(.95)/C median 0.430  rho(depth) +0.49  (22s)
  epoch   8/100  loss 0.518  (20s)
  epoch   9/100  loss 0.512  (14s)
  epoch  10/100  loss 0.325  (14s)
  [measure] epoch  10  test acc 80.41%  k*(.95)/C median 0.364  rho(depth) +0.37  (28s)
  epoch  11/100  loss 0.533  (20s)
  epoch  12/100  loss 0.376  (19s)
  epoch  13/100  loss 0.539  (19s)
  epoch  14/100  loss 0.308  (14s)
  epoch  15/100  loss 0.500  (2s)
  [measure] epoch  15  test acc 81.17%  k*(.95)/C median 0.325  rho(depth) +0.16  (16s)
  epoch  16/100  loss 0.389  (20s)
  epoch  17/100  loss 0.320  (19s)
  epoch  18/100  loss 0.409  (11s)
  epoch  19/100  loss 0.360  (13s)
  epoch  20/100  loss 0.333  (16s)
  [measure] epoch  20  test acc 73.51%  k*(.95)/C median 0.321  rho(depth) -0.01  (36s)
  epoch  21/100  loss 0.358  (18s)
  epoch  22/100  loss 0.270  (20s)
  epoch  23/100  loss 0.333  (19s)
  epoch  24/100  loss 0.414  (19s)
  epoch  25/100  loss 0.402  (20s)
  epoch  26/100  loss 0.340  (19s)
  epoch  27/100  loss 0.323  (16s)
  epoch  28/100  loss 0.343  (10s)
  epoch  29/100  loss 0.397  (3s)
  epoch  30/100  loss 0.291  (4s)
  [measure] epoch  30  test acc 74.93%  k*(.95)/C median 0.340  rho(depth) +0.03  (21s)
  epoch  31/100  loss 0.463  (20s)
  epoch  32/100  loss 0.421  (20s)
  epoch  33/100  loss 0.225  (20s)
  epoch  34/100  loss 0.252  (18s)
  epoch  35/100  loss 0.295  (20s)
  epoch  36/100  loss 0.271  (17s)
  epoch  37/100  loss 0.354  (15s)
  epoch  38/100  loss 0.500  (14s)
  epoch  39/100  loss 0.296  (15s)
  epoch  40/100  loss 0.375  (16s)
  [measure] epoch  40  test acc 83.50%  k*(.95)/C median 0.344  rho(depth) +0.23  (39s)
  epoch  41/100  loss 0.308  (18s)
  epoch  42/100  loss 0.268  (5s)
  epoch  43/100  loss 0.311  (5s)
  epoch  44/100  loss 0.186  (12s)
  epoch  45/100  loss 0.217  (19s)
  epoch  46/100  loss 0.306  (16s)
  epoch  47/100  loss 0.240  (15s)
  epoch  48/100  loss 0.259  (13s)
  epoch  49/100  loss 0.366  (15s)
  epoch  50/100  loss 0.240  (15s)
  [measure] epoch  50  test acc 86.10%  k*(.95)/C median 0.352  rho(depth) +0.12  (36s)
  epoch  51/100  loss 0.252  (19s)
  epoch  52/100  loss 0.269  (20s)
  epoch  53/100  loss 0.331  (20s)
  epoch  54/100  loss 0.273  (20s)
  epoch  55/100  loss 0.328  (19s)
  epoch  56/100  loss 0.270  (16s)
  epoch  57/100  loss 0.300  (3s)
  epoch  58/100  loss 0.285  (3s)
  epoch  59/100  loss 0.340  (3s)
  epoch  60/100  loss 0.254  (10s)
  [measure] epoch  60  test acc 85.58%  k*(.95)/C median 0.362  rho(depth) +0.17  (37s)
  epoch  61/100  loss 0.328  (20s)
  epoch  62/100  loss 0.364  (19s)
  epoch  63/100  loss 0.274  (19s)
  epoch  64/100  loss 0.249  (20s)
  epoch  65/100  loss 0.302  (4s)
  epoch  66/100  loss 0.274  (3s)
  epoch  67/100  loss 0.235  (3s)
  epoch  68/100  loss 0.326  (3s)
  epoch  69/100  loss 0.208  (3s)
  epoch  70/100  loss 0.242  (4s)
  [measure] epoch  70  test acc 86.22%  k*(.95)/C median 0.372  rho(depth) +0.15  (12s)
  epoch  71/100  loss 0.207  (5s)
  epoch  72/100  loss 0.350  (5s)
  epoch  73/100  loss 0.205  (5s)
  epoch  74/100  loss 0.337  (4s)
  epoch  75/100  loss 0.175  (4s)
  epoch  76/100  loss 0.173  (4s)
  epoch  77/100  loss 0.088  (3s)
  epoch  78/100  loss 0.095  (3s)
  epoch  79/100  loss 0.142  (3s)
  epoch  80/100  loss 0.057  (5s)
  [measure] epoch  80  test acc 89.16%  k*(.95)/C median 0.380  rho(depth) +0.16  (9s)
  epoch  81/100  loss 0.142  (5s)
  epoch  82/100  loss 0.137  (5s)
  epoch  83/100  loss 0.143  (5s)
  epoch  84/100  loss 0.156  (4s)
  epoch  85/100  loss 0.146  (3s)
  epoch  86/100  loss 0.053  (3s)
  epoch  87/100  loss 0.072  (3s)
  epoch  88/100  loss 0.048  (3s)
  epoch  89/100  loss 0.037  (3s)
  epoch  90/100  loss 0.018  (4s)
  [measure] epoch  90  test acc 92.25%  k*(.95)/C median 0.397  rho(depth) +0.09  (10s)
  epoch  91/100  loss 0.041  (5s)
  epoch  92/100  loss 0.009  (5s)
  epoch  93/100  loss 0.006  (5s)
  epoch  94/100  loss 0.002  (5s)
  epoch  95/100  loss 0.010  (3s)
  epoch  96/100  loss 0.002  (4s)
  epoch  97/100  loss 0.012  (3s)
  epoch  98/100  loss 0.002  (2s)
  epoch  99/100  loss 0.005  (2s)
  epoch 100/100  loss 0.007  (2s)
  [measure] epoch 100  test acc 93.66%  k*(.95)/C median 0.397  rho(depth) +0.09  (1s)
done
