schedule: [0, 1, 2, 3, 5, 7, 10, 15, 20, 30, 40, 50, 60, 70, 80, 90, 100]
  [measure] epoch   0  test acc 10.08%  k*(.95)/C median 0.282  rho(depth) -0.59  (3s)
  epoch   1/100  loss 1.180  (4s)
  [measure] epoch   1  test acc 56.56%  k*(.95)/C median 0.497  rho(depth) -0.10  (2s)
  epoch   2/100  loss 0.821  (4s)
  [measure] epoch   2  test acc 67.12%  k*(.95)/C median 0.486  rho(depth) -0.26  (2s)
  epoch   3/100  loss 0.702  (3s)
  [measure] epoch   3  test acc 69.99%  k*(.95)/C median 0.480  rho(depth) -0.31  (4s)
  epoch   4/100  loss 0.674  (3s)
  epoch   5/100  loss 0.649  (3s)
  [measure] epoch   5  test acc 76.05%  k*(.95)/C median 0.459  rho(depth) -0.31  (5s)
  epoch   6/100  loss 0.670  (3s)
  epoch   7/100  loss 0.482  (3s)
  [measure] epoch   7  test acc 79.05%  k*(.95)/C median 0.427  rho(depth) -0.36  (7s)
  epoch   8/100  loss 0.575  (3s)
  epoch   9/100  loss 0.500  (2s)
  epoch  10/100  loss 0.545  (4s)
  [measure] epoch  10  test acc 81.19%  k*(.95)/C median 0.356  rho(depth) -0.59  (17s)
  epoch  11/100  loss 0.399  (14s)
  epoch  12/100  loss 0.407  (13s)
  epoch  13/100  loss 0.473  (13s)
  epoch  14/100  loss 0.535  (14s)
  epoch  15/100  loss 0.293  (15s)
  [measure] epoch  15  test acc 77.73%  k*(.95)/C median 0.272  rho(depth) -0.67  (32s)
  epoch  16/100  loss 0.336  (14s)
  epoch  17/100  loss 0.646  (14s)
  epoch  18/100  loss 0.431  (13s)
  epoch  19/100  loss 0.472  (9s)
  epoch  20/100  loss 0.420  (14s)
  [measure] epoch  20  test acc 83.07%  k*(.95)/C median 0.255  rho(depth) -0.74  (32s)
  epoch  21/100  loss 0.463  (15s)
  epoch  22/100  loss 0.370  (15s)
  epoch  23/100  loss 0.316  (15s)
  epoch  24/100  loss 0.340  (15s)
  epoch  25/100  loss 0.326  (18s)
  epoch  26/100  loss 0.308  (18s)
  epoch  27/100  loss 0.372  (17s)
  epoch  28/100  loss 0.385  (18s)
  epoch  29/100  loss 0.337  (14s)
  epoch  30/100  loss 0.512  (14s)
  [measure] epoch  30  test acc 80.66%  k*(.95)/C median 0.258  rho(depth) -0.70  (29s)
  epoch  31/100  loss 0.460  (13s)
  epoch  32/100  loss 0.411  (14s)
  epoch  33/100  loss 0.428  (18s)
  epoch  34/100  loss 0.315  (19s)
  epoch  35/100  loss 0.276  (19s)
  epoch  36/100  loss 0.334  (18s)
  epoch  37/100  loss 0.466  (17s)
  epoch  38/100  loss 0.459  (16s)
  epoch  39/100  loss 0.469  (14s)
  epoch  40/100  loss 0.371  (5s)
  [measure] epoch  40  test acc 80.99%  k*(.95)/C median 0.282  rho(depth) -0.70  (8s)
  epoch  41/100  loss 0.382  (11s)
  epoch  42/100  loss 0.331  (16s)
  epoch  43/100  loss 0.395  (19s)
  epoch  44/100  loss 0.289  (18s)
  epoch  45/100  loss 0.384  (18s)
  epoch  46/100  loss 0.454  (18s)
  epoch  47/100  loss 0.344  (18s)
  epoch  48/100  loss 0.512  (13s)
  epoch  49/100  loss 0.360  (14s)
  epoch  50/100  loss 0.306  (14s)
  [measure] epoch  50  test acc 81.83%  k*(.95)/C median 0.292  rho(depth) -0.70  (30s)
  epoch  51/100  loss 0.203  (14s)
  epoch  52/100  loss 0.410  (14s)
  epoch  53/100  loss 0.324  (19s)
  epoch  54/100  loss 0.301  (11s)
  epoch  55/100  loss 0.235  (4s)
  epoch  56/100  loss 0.278  (4s)
  epoch  57/100  loss 0.271  (16s)
  epoch  58/100  loss 0.251  (16s)
  epoch  59/100  loss 0.254  (15s)
  epoch  60/100  loss 0.245  (14s)
  [measure] epoch  60  test acc 83.70%  k*(.95)/C median 0.305  rho(depth) -0.63  (29s)
  epoch  61/100  loss 0.189  (14s)
  epoch  62/100  loss 0.221  (15s)
  epoch  63/100  loss 0.281  (16s)
  epoch  64/100  loss 0.181  (19s)
  epoch  65/100  loss 0.354  (19s)
  epoch  66/100  loss 0.371  (18s)
  epoch  67/100  loss 0.386  (18s)
  epoch  68/100  loss 0.366  (17s)
  epoch  69/100  loss 0.219  (14s)
  epoch  70/100  loss 0.322  (5s)
  [measure] epoch  70  test acc 85.77%  k*(.95)/C median 0.322  rho(depth) -0.63  (7s)
  epoch  71/100  loss 0.359  (7s)
  epoch  72/100  loss 0.232  (19s)
  epoch  73/100  loss 0.342  (18s)
  epoch  74/100  loss 0.285  (19s)
  epoch  75/100  loss 0.239  (19s)
  epoch  76/100  loss 0.191  (17s)
  epoch  77/100  loss 0.230  (18s)
  epoch  78/100  loss 0.120  (16s)
  epoch  79/100  loss 0.189  (15s)
  epoch  80/100  loss 0.247  (15s)
  [measure] epoch  80  test acc 88.80%  k*(.95)/C median 0.352  rho(depth) -0.61  (24s)
  epoch  81/100  loss 0.249  (14s)
  epoch  82/100  loss 0.183  (17s)
  epoch  83/100  loss 0.236  (18s)
  epoch  84/100  loss 0.142  (15s)
  epoch  85/100  loss 0.113  (4s)
  epoch  86/100  loss 0.141  (4s)
  epoch  87/100  loss 0.145  (10s)
  epoch  88/100  loss 0.065  (19s)
  epoch  89/100  loss 0.050  (16s)
  epoch  90/100  loss 0.051  (14s)
  [measure] epoch  90  test acc 91.67%  k*(.95)/C median 0.393  rho(depth) -0.62  (24s)
  epoch  91/100  loss 0.094  (13s)
  epoch  92/100  loss 0.015  (15s)
  epoch  93/100  loss 0.032  (18s)
  epoch  94/100  loss 0.029  (17s)
  epoch  95/100  loss 0.011  (19s)
  epoch  96/100  loss 0.025  (19s)
  epoch  97/100  loss 0.005  (18s)
  epoch  98/100  loss 0.006  (18s)
  epoch  99/100  loss 0.011  (16s)
  epoch 100/100  loss 0.012  (14s)
  [measure] epoch 100  test acc 93.31%  k*(.95)/C median 0.403  rho(depth) -0.60  (7s)
done
