schedule: [0, 1, 2, 3, 5, 7, 10, 15, 20, 30, 40, 50, 60, 70, 80, 90, 100]
  [measure] epoch   0  test acc 10.00%  k*(.95)/C median 0.368  rho(depth) -0.18  (16s)
  epoch   1/100  loss 1.208  (20s)
  [measure] epoch   1  test acc 50.16%  k*(.95)/C median 0.500  rho(depth) +0.37  (15s)
  epoch   2/100  loss 0.920  (14s)
  [measure] epoch   2  test acc 67.58%  k*(.95)/C median 0.475  rho(depth) +0.37  (3s)
  epoch   3/100  loss 0.801  (3s)
  [measure] epoch   3  test acc 72.11%  k*(.95)/C median 0.500  rho(depth) +0.28  (3s)
  epoch   4/100  loss 0.659  (17s)
  epoch   5/100  loss 0.609  (15s)
  [measure] epoch   5  test acc 78.34%  k*(.95)/C median 0.504  rho(depth) +0.63  (18s)
  epoch   6/100  loss 0.629  (19s)
  epoch   7/100  loss 0.469  (15s)
  [measure] epoch   7  test acc 78.46%  k*(.95)/C median 0.446  rho(depth) +0.44  (15s)
  epoch   8/100  loss 0.582  (19s)
  epoch   9/100  loss 0.423  (17s)
  epoch  10/100  loss 0.453  (16s)
  [measure] epoch  10  test acc 80.41%  k*(.95)/C median 0.360  rho(depth) +0.24  (16s)
  epoch  11/100  loss 0.423  (15s)
  epoch  12/100  loss 0.420  (19s)
  epoch  13/100  loss 0.493  (19s)
  epoch  14/100  loss 0.552  (20s)
  epoch  15/100  loss 0.352  (15s)
  [measure] epoch  15  test acc 77.70%  k*(.95)/C median 0.313  rho(depth) +0.14  (3s)
  epoch  16/100  loss 0.315  (3s)
  epoch  17/100  loss 0.553  (3s)
  epoch  18/100  loss 0.420  (9s)
  epoch  19/100  loss 0.370  (20s)
  epoch  20/100  loss 0.431  (19s)
  [measure] epoch  20  test acc 80.48%  k*(.95)/C median 0.319  rho(depth) +0.20  (30s)
  epoch  21/100  loss 0.351  (16s)
  epoch  22/100  loss 0.348  (15s)
  epoch  23/100  loss 0.273  (16s)
  epoch  24/100  loss 0.395  (17s)
  epoch  25/100  loss 0.348  (20s)
  epoch  26/100  loss 0.273  (20s)
  epoch  27/100  loss 0.313  (19s)
  epoch  28/100  loss 0.318  (20s)
  epoch  29/100  loss 0.279  (19s)
  epoch  30/100  loss 0.423  (15s)
  [measure] epoch  30  test acc 85.45%  k*(.95)/C median 0.340  rho(depth) +0.19  (11s)
  epoch  31/100  loss 0.339  (4s)
  epoch  32/100  loss 0.466  (8s)
  epoch  33/100  loss 0.424  (17s)
  epoch  34/100  loss 0.231  (19s)
  epoch  35/100  loss 0.179  (19s)
  epoch  36/100  loss 0.273  (19s)
  epoch  37/100  loss 0.441  (18s)
  epoch  38/100  loss 0.265  (20s)
  epoch  39/100  loss 0.363  (16s)
  epoch  40/100  loss 0.440  (15s)
  [measure] epoch  40  test acc 76.00%  k*(.95)/C median 0.340  rho(depth) +0.17  (34s)
  epoch  41/100  loss 0.335  (16s)
  epoch  42/100  loss 0.318  (15s)
  epoch  43/100  loss 0.262  (14s)
  epoch  44/100  loss 0.246  (19s)
  epoch  45/100  loss 0.336  (4s)
  epoch  46/100  loss 0.338  (5s)
  epoch  47/100  loss 0.287  (10s)
  epoch  48/100  loss 0.504  (19s)
  epoch  49/100  loss 0.225  (17s)
  epoch  50/100  loss 0.254  (15s)
  [measure] epoch  50  test acc 83.71%  k*(.95)/C median 0.360  rho(depth) +0.17  (36s)
  epoch  51/100  loss 0.255  (17s)
  epoch  52/100  loss 0.325  (16s)
  epoch  53/100  loss 0.322  (13s)
  epoch  54/100  loss 0.200  (19s)
  epoch  55/100  loss 0.159  (20s)
  epoch  56/100  loss 0.357  (19s)
  epoch  57/100  loss 0.271  (20s)
  epoch  58/100  loss 0.263  (18s)
  epoch  59/100  loss 0.314  (15s)
  epoch  60/100  loss 0.197  (6s)
  [measure] epoch  60  test acc 86.25%  k*(.95)/C median 0.364  rho(depth) +0.08  (8s)
  epoch  61/100  loss 0.206  (16s)
  epoch  62/100  loss 0.296  (15s)
  epoch  63/100  loss 0.321  (15s)
  epoch  64/100  loss 0.190  (19s)
  epoch  65/100  loss 0.272  (19s)
  epoch  66/100  loss 0.165  (18s)
  epoch  67/100  loss 0.380  (20s)
  epoch  68/100  loss 0.292  (12s)
  epoch  69/100  loss 0.156  (3s)
  epoch  70/100  loss 0.130  (3s)
  [measure] epoch  70  test acc 87.73%  k*(.95)/C median 0.372  rho(depth) +0.15  (9s)
  epoch  71/100  loss 0.239  (4s)
  epoch  72/100  loss 0.197  (4s)
  epoch  73/100  loss 0.292  (4s)
  epoch  74/100  loss 0.294  (4s)
  epoch  75/100  loss 0.153  (5s)
  epoch  76/100  loss 0.236  (5s)
  epoch  77/100  loss 0.160  (5s)
  epoch  78/100  loss 0.161  (5s)
  epoch  79/100  loss 0.239  (4s)
  epoch  80/100  loss 0.164  (3s)
  [measure] epoch  80  test acc 88.88%  k*(.95)/C median 0.380  rho(depth) +0.03  (11s)
  epoch  81/100  loss 0.182  (5s)
  epoch  82/100  loss 0.099  (3s)
  epoch  83/100  loss 0.223  (3s)
  epoch  84/100  loss 0.154  (4s)
  epoch  85/100  loss 0.139  (5s)
  epoch  86/100  loss 0.072  (5s)
  epoch  87/100  loss 0.142  (5s)
  epoch  88/100  loss 0.018  (3s)
  epoch  89/100  loss 0.054  (3s)
  epoch  90/100  loss 0.043  (3s)
  [measure] epoch  90  test acc 92.69%  k*(.95)/C median 0.388  rho(depth) +0.12  (11s)
  epoch  91/100  loss 0.035  (4s)
  epoch  92/100  loss 0.021  (3s)
  epoch  93/100  loss 0.026  (3s)
  epoch  94/100  loss 0.009  (5s)
  epoch  95/100  loss 0.031  (5s)
  epoch  96/100  loss 0.009  (5s)
  epoch  97/100  loss 0.002  (5s)
  epoch  98/100  loss 0.004  (3s)
  epoch  99/100  loss 0.022  (4s)
  epoch 100/100  loss 0.004  (3s)
  [measure] epoch 100  test acc 93.62%  k*(.95)/C median 0.397  rho(depth) +0.08  (3s)
done
