schedule: [0, 1, 2, 3, 5, 7, 10, 15, 20, 30, 40, 50, 60, 70, 80, 90, 100]
  [measure] epoch   0  test acc  9.99%  k*(.95)/C median 0.302  rho(depth) -0.60  (3s)
  epoch   1/100  loss 1.325  (5s)
  [measure] epoch   1  test acc 58.66%  k*(.95)/C median 0.520  rho(depth) -0.20  (2s)
  epoch   2/100  loss 0.803  (4s)
  [measure] epoch   2  test acc 62.31%  k*(.95)/C median 0.514  rho(depth) -0.26  (3s)
  epoch   3/100  loss 0.861  (3s)
  [measure] epoch   3  test acc 70.16%  k*(.95)/C median 0.477  rho(depth) -0.27  (5s)
  epoch   4/100  loss 0.793  (3s)
  epoch   5/100  loss 0.552  (3s)
  [measure] epoch   5  test acc 77.13%  k*(.95)/C median 0.432  rho(depth) -0.31  (5s)
  epoch   6/100  loss 0.536  (3s)
  epoch   7/100  loss 0.704  (3s)
  [measure] epoch   7  test acc 77.49%  k*(.95)/C median 0.427  rho(depth) -0.37  (4s)
  epoch   8/100  loss 0.584  (5s)
  epoch   9/100  loss 0.524  (3s)
  epoch  10/100  loss 0.451  (10s)
  [measure] epoch  10  test acc 78.52%  k*(.95)/C median 0.356  rho(depth) -0.57  (30s)
  epoch  11/100  loss 0.577  (14s)
  epoch  12/100  loss 0.414  (14s)
  epoch  13/100  loss 0.499  (16s)
  epoch  14/100  loss 0.304  (14s)
  epoch  15/100  loss 0.474  (14s)
  [measure] epoch  15  test acc 81.27%  k*(.95)/C median 0.265  rho(depth) -0.65  (35s)
  epoch  16/100  loss 0.423  (8s)
  epoch  17/100  loss 0.400  (15s)
  epoch  18/100  loss 0.486  (15s)
  epoch  19/100  loss 0.371  (14s)
  epoch  20/100  loss 0.380  (14s)
  [measure] epoch  20  test acc 81.70%  k*(.95)/C median 0.262  rho(depth) -0.74  (34s)
  epoch  21/100  loss 0.412  (13s)
  epoch  22/100  loss 0.326  (19s)
  epoch  23/100  loss 0.399  (19s)
  epoch  24/100  loss 0.493  (19s)
  epoch  25/100  loss 0.409  (18s)
  epoch  26/100  loss 0.428  (14s)
  epoch  27/100  loss 0.604  (14s)
  epoch  28/100  loss 0.314  (8s)
  epoch  29/100  loss 0.464  (9s)
  epoch  30/100  loss 0.332  (14s)
  [measure] epoch  30  test acc 80.59%  k*(.95)/C median 0.262  rho(depth) -0.71  (33s)
  epoch  31/100  loss 0.530  (18s)
  epoch  32/100  loss 0.384  (18s)
  epoch  33/100  loss 0.406  (18s)
  epoch  34/100  loss 0.267  (18s)
  epoch  35/100  loss 0.258  (18s)
  epoch  36/100  loss 0.337  (13s)
  epoch  37/100  loss 0.462  (14s)
  epoch  38/100  loss 0.489  (3s)
  epoch  39/100  loss 0.336  (3s)
  epoch  40/100  loss 0.354  (3s)
  [measure] epoch  40  test acc 79.03%  k*(.95)/C median 0.275  rho(depth) -0.67  (21s)
  epoch  41/100  loss 0.301  (19s)
  epoch  42/100  loss 0.252  (18s)
  epoch  43/100  loss 0.274  (18s)
  epoch  44/100  loss 0.290  (17s)
  epoch  45/100  loss 0.367  (19s)
  epoch  46/100  loss 0.342  (17s)
  epoch  47/100  loss 0.282  (15s)
  epoch  48/100  loss 0.315  (14s)
  epoch  49/100  loss 0.374  (15s)
  epoch  50/100  loss 0.237  (14s)
  [measure] epoch  50  test acc 85.17%  k*(.95)/C median 0.289  rho(depth) -0.67  (31s)
  epoch  51/100  loss 0.204  (19s)
  epoch  52/100  loss 0.371  (12s)
  epoch  53/100  loss 0.378  (4s)
  epoch  54/100  loss 0.416  (4s)
  epoch  55/100  loss 0.402  (15s)
  epoch  56/100  loss 0.287  (17s)
  epoch  57/100  loss 0.382  (14s)
  epoch  58/100  loss 0.205  (14s)
  epoch  59/100  loss 0.384  (14s)
  epoch  60/100  loss 0.256  (13s)
  [measure] epoch  60  test acc 86.46%  k*(.95)/C median 0.299  rho(depth) -0.68  (34s)
  epoch  61/100  loss 0.375  (16s)
  epoch  62/100  loss 0.374  (19s)
  epoch  63/100  loss 0.297  (18s)
  epoch  64/100  loss 0.187  (19s)
  epoch  65/100  loss 0.291  (18s)
  epoch  66/100  loss 0.291  (18s)
  epoch  67/100  loss 0.287  (15s)
  epoch  68/100  loss 0.218  (5s)
  epoch  69/100  loss 0.208  (2s)
  epoch  70/100  loss 0.268  (3s)
  [measure] epoch  70  test acc 86.38%  k*(.95)/C median 0.319  rho(depth) -0.67  (9s)
  epoch  71/100  loss 0.344  (19s)
  epoch  72/100  loss 0.263  (18s)
  epoch  73/100  loss 0.334  (18s)
  epoch  74/100  loss 0.315  (18s)
  epoch  75/100  loss 0.239  (17s)
  epoch  76/100  loss 0.174  (19s)
  epoch  77/100  loss 0.219  (16s)
  epoch  78/100  loss 0.199  (14s)
  epoch  79/100  loss 0.250  (14s)
  epoch  80/100  loss 0.179  (13s)
  [measure] epoch  80  test acc 89.78%  k*(.95)/C median 0.352  rho(depth) -0.61  (27s)
  epoch  81/100  loss 0.220  (18s)
  epoch  82/100  loss 0.114  (19s)
  epoch  83/100  loss 0.198  (13s)
  epoch  84/100  loss 0.217  (4s)
  epoch  85/100  loss 0.166  (4s)
  epoch  86/100  loss 0.119  (15s)
  epoch  87/100  loss 0.144  (19s)
  epoch  88/100  loss 0.098  (15s)
  epoch  89/100  loss 0.066  (13s)
  epoch  90/100  loss 0.108  (14s)
  [measure] epoch  90  test acc 91.93%  k*(.95)/C median 0.393  rho(depth) -0.60  (33s)
  epoch  91/100  loss 0.025  (18s)
  epoch  92/100  loss 0.045  (17s)
  epoch  93/100  loss 0.021  (19s)
  epoch  94/100  loss 0.041  (18s)
  epoch  95/100  loss 0.009  (19s)
  epoch  96/100  loss 0.005  (19s)
  epoch  97/100  loss 0.006  (16s)
  epoch  98/100  loss 0.015  (14s)
  epoch  99/100  loss 0.012  (7s)
  epoch 100/100  loss 0.010  (2s)
  [measure] epoch 100  test acc 93.37%  k*(.95)/C median 0.399  rho(depth) -0.60  (1s)
done
