schedule: [0, 1, 2, 3, 5, 7, 10, 15, 20, 30, 40, 50, 60, 70, 80, 90, 100]
  [measure] epoch   0  test acc 10.09%  k*(.95)/C median 0.309  rho(depth) -0.59  (2s)
  epoch   1/100  loss 1.156  (2s)
  [measure] epoch   1  test acc 55.33%  k*(.95)/C median 0.500  rho(depth) -0.11  (1s)
  epoch   2/100  loss 0.901  (3s)
  [measure] epoch   2  test acc 66.89%  k*(.95)/C median 0.480  rho(depth) -0.18  (2s)
  epoch   3/100  loss 0.812  (5s)
  [measure] epoch   3  test acc 68.19%  k*(.95)/C median 0.463  rho(depth) -0.25  (2s)
  epoch   4/100  loss 0.976  (4s)
  epoch   5/100  loss 0.701  (2s)
  [measure] epoch   5  test acc 74.23%  k*(.95)/C median 0.432  rho(depth) -0.26  (5s)
  epoch   6/100  loss 0.676  (3s)
  epoch   7/100  loss 0.545  (3s)
  [measure] epoch   7  test acc 75.83%  k*(.95)/C median 0.405  rho(depth) -0.38  (6s)
  epoch   8/100  loss 0.565  (3s)
  epoch   9/100  loss 0.487  (3s)
  epoch  10/100  loss 0.526  (3s)
  [measure] epoch  10  test acc 79.07%  k*(.95)/C median 0.356  rho(depth) -0.58  (5s)
  epoch  11/100  loss 0.573  (5s)
  epoch  12/100  loss 0.352  (3s)
  epoch  13/100  loss 0.473  (10s)
  epoch  14/100  loss 0.522  (14s)
  epoch  15/100  loss 0.598  (14s)
  [measure] epoch  15  test acc 82.79%  k*(.95)/C median 0.268  rho(depth) -0.61  (38s)
  epoch  16/100  loss 0.492  (14s)
  epoch  17/100  loss 0.368  (15s)
  epoch  18/100  loss 0.549  (14s)
  epoch  19/100  loss 0.380  (14s)
  epoch  20/100  loss 0.328  (14s)
  [measure] epoch  20  test acc 79.23%  k*(.95)/C median 0.248  rho(depth) -0.74  (31s)
  epoch  21/100  loss 0.482  (15s)
  epoch  22/100  loss 0.375  (15s)
  epoch  23/100  loss 0.514  (15s)
  epoch  24/100  loss 0.429  (14s)
  epoch  25/100  loss 0.304  (15s)
  epoch  26/100  loss 0.338  (13s)
  epoch  27/100  loss 0.561  (18s)
  epoch  28/100  loss 0.440  (19s)
  epoch  29/100  loss 0.330  (19s)
  epoch  30/100  loss 0.416  (18s)
  [measure] epoch  30  test acc 82.62%  k*(.95)/C median 0.265  rho(depth) -0.71  (34s)
  epoch  31/100  loss 0.464  (3s)
  epoch  32/100  loss 0.287  (14s)
  epoch  33/100  loss 0.277  (13s)
  epoch  34/100  loss 0.389  (14s)
  epoch  35/100  loss 0.391  (13s)
  epoch  36/100  loss 0.315  (18s)
  epoch  37/100  loss 0.427  (19s)
  epoch  38/100  loss 0.420  (19s)
  epoch  39/100  loss 0.156  (18s)
  epoch  40/100  loss 0.316  (18s)
  [measure] epoch  40  test acc 84.97%  k*(.95)/C median 0.282  rho(depth) -0.68  (30s)
  epoch  41/100  loss 0.386  (3s)
  epoch  42/100  loss 0.479  (3s)
  epoch  43/100  loss 0.424  (2s)
  epoch  44/100  loss 0.354  (14s)
  epoch  45/100  loss 0.393  (17s)
  epoch  46/100  loss 0.304  (18s)
  epoch  47/100  loss 0.336  (18s)
  epoch  48/100  loss 0.412  (17s)
  epoch  49/100  loss 0.370  (19s)
  epoch  50/100  loss 0.329  (19s)
  [measure] epoch  50  test acc 86.13%  k*(.95)/C median 0.292  rho(depth) -0.67  (31s)
  epoch  51/100  loss 0.286  (15s)
  epoch  52/100  loss 0.300  (14s)
  epoch  53/100  loss 0.210  (13s)
  epoch  54/100  loss 0.352  (14s)
  epoch  55/100  loss 0.336  (16s)
  epoch  56/100  loss 0.286  (18s)
  epoch  57/100  loss 0.281  (4s)
  epoch  58/100  loss 0.183  (4s)
  epoch  59/100  loss 0.235  (8s)
  epoch  60/100  loss 0.272  (19s)
  [measure] epoch  60  test acc 82.96%  k*(.95)/C median 0.302  rho(depth) -0.67  (37s)
  epoch  61/100  loss 0.304  (13s)
  epoch  62/100  loss 0.305  (11s)
  epoch  63/100  loss 0.294  (14s)
  epoch  64/100  loss 0.252  (15s)
  epoch  65/100  loss 0.231  (16s)
  epoch  66/100  loss 0.267  (19s)
  epoch  67/100  loss 0.193  (19s)
  epoch  68/100  loss 0.480  (18s)
  epoch  69/100  loss 0.232  (19s)
  epoch  70/100  loss 0.302  (18s)
  [measure] epoch  70  test acc 84.86%  k*(.95)/C median 0.322  rho(depth) -0.61  (22s)
  epoch  71/100  loss 0.236  (3s)
  epoch  72/100  loss 0.196  (2s)
  epoch  73/100  loss 0.204  (5s)
  epoch  74/100  loss 0.309  (18s)
  epoch  75/100  loss 0.357  (19s)
  epoch  76/100  loss 0.174  (19s)
  epoch  77/100  loss 0.183  (19s)
  epoch  78/100  loss 0.200  (17s)
  epoch  79/100  loss 0.259  (19s)
  epoch  80/100  loss 0.131  (17s)
  [measure] epoch  80  test acc 87.67%  k*(.95)/C median 0.356  rho(depth) -0.62  (33s)
  epoch  81/100  loss 0.202  (13s)
  epoch  82/100  loss 0.150  (10s)
  epoch  83/100  loss 0.209  (15s)
  epoch  84/100  loss 0.104  (18s)
  epoch  85/100  loss 0.078  (18s)
  epoch  86/100  loss 0.140  (13s)
  epoch  87/100  loss 0.090  (4s)
  epoch  88/100  loss 0.070  (4s)
  epoch  89/100  loss 0.103  (15s)
  epoch  90/100  loss 0.074  (19s)
  [measure] epoch  90  test acc 91.60%  k*(.95)/C median 0.386  rho(depth) -0.60  (28s)
  epoch  91/100  loss 0.051  (13s)
  epoch  92/100  loss 0.046  (13s)
  epoch  93/100  loss 0.023  (12s)
  epoch  94/100  loss 0.014  (16s)
  epoch  95/100  loss 0.007  (18s)
  epoch  96/100  loss 0.025  (19s)
  epoch  97/100  loss 0.030  (19s)
  epoch  98/100  loss 0.011  (18s)
  epoch  99/100  loss 0.002  (19s)
  epoch 100/100  loss 0.006  (18s)
  [measure] epoch 100  test acc 92.91%  k*(.95)/C median 0.399  rho(depth) -0.60  (26s)
done
