schedule: [0, 1, 2, 3, 5, 7, 10, 15, 20, 30, 40, 50, 60, 70, 80, 90, 100]
  [measure] epoch   0  test acc 10.01%  k*(.95)/C median 0.208  rho(depth) -0.59  (4s)
/usr/local/lib/python3.12/dist-packages/torch/optim/lr_scheduler.py:192: UserWarning: Detected call of `lr_scheduler.step()` before `optimizer.step()`. In PyTorch 1.1.0 and later, you should call them in the opposite order: `optimizer.step()` before `lr_scheduler.step()`.  Failure to do this will result in PyTorch skipping the first value of the learning rate schedule. See more details at https://pytorch.org/docs/stable/optim.html#how-to-adjust-learning-rate
  warnings.warn(
  epoch   1/100  loss 1.211  (7s)
  [measure] epoch   1  test acc 57.29%  k*(.95)/C median 0.463  rho(depth) -0.08  (3s)
  epoch   2/100  loss 0.805  (6s)
  [measure] epoch   2  test acc 68.54%  k*(.95)/C median 0.452  rho(depth) -0.09  (4s)
  epoch   3/100  loss 0.912  (5s)
  [measure] epoch   3  test acc 70.91%  k*(.95)/C median 0.416  rho(depth) -0.08  (7s)
  epoch   4/100  loss 0.787  (6s)
  epoch   5/100  loss 0.577  (3s)
  [measure] epoch   5  test acc 77.66%  k*(.95)/C median 0.357  rho(depth) -0.08  (9s)
  epoch   6/100  loss 0.436  (5s)
  epoch   7/100  loss 0.615  (3s)
  [measure] epoch   7  test acc 79.51%  k*(.95)/C median 0.315  rho(depth) -0.12  (11s)
  epoch   8/100  loss 0.544  (6s)
  epoch   9/100  loss 0.460  (3s)
  epoch  10/100  loss 0.365  (3s)
  [measure] epoch  10  test acc 82.43%  k*(.95)/C median 0.281  rho(depth) -0.45  (15s)
  epoch  11/100  loss 0.485  (8s)
  epoch  12/100  loss 0.381  (6s)
  epoch  13/100  loss 0.467  (3s)
  epoch  14/100  loss 0.252  (4s)
  epoch  15/100  loss 0.403  (7s)
  [measure] epoch  15  test acc 84.31%  k*(.95)/C median 0.183  rho(depth) -0.54  (16s)
  epoch  16/100  loss 0.409  (7s)
  epoch  17/100  loss 0.277  (4s)
  epoch  18/100  loss 0.384  (4s)
  epoch  19/100  loss 0.351  (6s)
  epoch  20/100  loss 0.408  (6s)
  [measure] epoch  20  test acc 77.57%  k*(.95)/C median 0.173  rho(depth) -0.59  (13s)
  epoch  21/100  loss 0.439  (7s)
  epoch  22/100  loss 0.268  (6s)
  epoch  23/100  loss 0.359  (8s)
  epoch  24/100  loss 0.410  (6s)
  epoch  25/100  loss 0.293  (6s)
  epoch  26/100  loss 0.328  (5s)
  epoch  27/100  loss 0.370  (3s)
  epoch  28/100  loss 0.411  (3s)
  epoch  29/100  loss 0.364  (4s)
  epoch  30/100  loss 0.342  (6s)
  [measure] epoch  30  test acc 84.76%  k*(.95)/C median 0.179  rho(depth) -0.53  (12s)
  epoch  31/100  loss 0.395  (6s)
  epoch  32/100  loss 0.371  (6s)
  epoch  33/100  loss 0.297  (6s)
  epoch  34/100  loss 0.224  (6s)
  epoch  35/100  loss 0.235  (6s)
  epoch  36/100  loss 0.361  (5s)
  epoch  37/100  loss 0.390  (3s)
  epoch  38/100  loss 0.436  (3s)
  epoch  39/100  loss 0.320  (5s)
  epoch  40/100  loss 0.335  (6s)
  [measure] epoch  40  test acc 80.97%  k*(.95)/C median 0.181  rho(depth) -0.54  (16s)
  epoch  41/100  loss 0.368  (6s)
  epoch  42/100  loss 0.259  (6s)
  epoch  43/100  loss 0.246  (6s)
  epoch  44/100  loss 0.206  (6s)
  epoch  45/100  loss 0.365  (6s)
  epoch  46/100  loss 0.305  (3s)
  epoch  47/100  loss 0.255  (3s)
  epoch  48/100  loss 0.264  (4s)
  epoch  49/100  loss 0.345  (6s)
  epoch  50/100  loss 0.175  (6s)
  [measure] epoch  50  test acc 84.86%  k*(.95)/C median 0.194  rho(depth) -0.54  (16s)
  epoch  51/100  loss 0.199  (6s)
  epoch  52/100  loss 0.271  (6s)
  epoch  53/100  loss 0.388  (6s)
  epoch  54/100  loss 0.277  (5s)
  epoch  55/100  loss 0.443  (3s)
  epoch  56/100  loss 0.354  (3s)
  epoch  57/100  loss 0.300  (4s)
  epoch  58/100  loss 0.164  (6s)
  epoch  59/100  loss 0.347  (6s)
  epoch  60/100  loss 0.300  (6s)
  [measure] epoch  60  test acc 84.28%  k*(.95)/C median 0.196  rho(depth) -0.53  (13s)
  epoch  61/100  loss 0.319  (6s)
  epoch  62/100  loss 0.248  (6s)
  epoch  63/100  loss 0.278  (6s)
  epoch  64/100  loss 0.182  (4s)
  epoch  65/100  loss 0.250  (3s)
  epoch  66/100  loss 0.301  (4s)
  epoch  67/100  loss 0.196  (7s)
  epoch  68/100  loss 0.159  (8s)
  epoch  69/100  loss 0.207  (7s)
  epoch  70/100  loss 0.264  (7s)
  [measure] epoch  70  test acc 88.44%  k*(.95)/C median 0.218  rho(depth) -0.53  (10s)
  epoch  71/100  loss 0.190  (7s)
  epoch  72/100  loss 0.252  (8s)
  epoch  73/100  loss 0.214  (7s)
  epoch  74/100  loss 0.170  (4s)
  epoch  75/100  loss 0.133  (2s)
  epoch  76/100  loss 0.237  (4s)
  epoch  77/100  loss 0.108  (7s)
  epoch  78/100  loss 0.187  (7s)
  epoch  79/100  loss 0.220  (6s)
  epoch  80/100  loss 0.124  (8s)
  [measure] epoch  80  test acc 89.50%  k*(.95)/C median 0.242  rho(depth) -0.54  (15s)
  epoch  81/100  loss 0.119  (6s)
  epoch  82/100  loss 0.110  (5s)
  epoch  83/100  loss 0.156  (4s)
  epoch  84/100  loss 0.190  (3s)
  epoch  85/100  loss 0.195  (4s)
  epoch  86/100  loss 0.049  (6s)
  epoch  87/100  loss 0.097  (6s)
  epoch  88/100  loss 0.045  (6s)
  epoch  89/100  loss 0.063  (6s)
  epoch  90/100  loss 0.030  (6s)
  [measure] epoch  90  test acc 92.74%  k*(.95)/C median 0.268  rho(depth) -0.53  (16s)
  epoch  91/100  loss 0.018  (5s)
  epoch  92/100  loss 0.003  (4s)
  epoch  93/100  loss 0.016  (3s)
  epoch  94/100  loss 0.007  (3s)
  epoch  95/100  loss 0.002  (2s)
  epoch  96/100  loss 0.004  (2s)
  epoch  97/100  loss 0.005  (2s)
  epoch  98/100  loss 0.010  (2s)
  epoch  99/100  loss 0.001  (2s)
  epoch 100/100  loss 0.001  (2s)
  [measure] epoch 100  test acc 93.85%  k*(.95)/C median 0.272  rho(depth) -0.53  (2s)
done
