schedule: [0, 1, 2, 3, 5, 7, 10, 15, 20, 30, 40, 50, 60, 70, 80, 90, 100]
  [measure] epoch   0  test acc 10.03%  k*(.95)/C median 0.527  rho(depth) -0.42  (1s)
  epoch   1/100  loss 1.469  (2s)
  [measure] epoch   1  test acc 50.74%  k*(.95)/C median 0.579  rho(depth) -0.16  (1s)
  epoch   2/100  loss 1.049  (9s)
  [measure] epoch   2  test acc 60.62%  k*(.95)/C median 0.590  rho(depth) -0.12  (10s)
  epoch   3/100  loss 0.959  (10s)
  [measure] epoch   3  test acc 67.34%  k*(.95)/C median 0.600  rho(depth) -0.13  (12s)
  epoch   4/100  loss 0.973  (10s)
  epoch   5/100  loss 0.764  (10s)
  [measure] epoch   5  test acc 74.09%  k*(.95)/C median 0.579  rho(depth) -0.06  (12s)
  epoch   6/100  loss 0.715  (10s)
  epoch   7/100  loss 0.570  (11s)
  [measure] epoch   7  test acc 73.49%  k*(.95)/C median 0.549  rho(depth) +0.09  (15s)
  epoch   8/100  loss 0.612  (7s)
  epoch   9/100  loss 0.648  (2s)
  epoch  10/100  loss 0.523  (2s)
  [measure] epoch  10  test acc 77.20%  k*(.95)/C median 0.543  rho(depth) +0.11  (4s)
  epoch  11/100  loss 0.630  (2s)
  epoch  12/100  loss 0.492  (2s)
  epoch  13/100  loss 0.623  (2s)
  epoch  14/100  loss 0.588  (2s)
  epoch  15/100  loss 0.520  (3s)
  [measure] epoch  15  test acc 77.96%  k*(.95)/C median 0.538  rho(depth) +0.12  (4s)
  epoch  16/100  loss 0.571  (2s)
  epoch  17/100  loss 0.511  (2s)
  epoch  18/100  loss 0.480  (3s)
  epoch  19/100  loss 0.464  (3s)
  epoch  20/100  loss 0.443  (2s)
  [measure] epoch  20  test acc 78.29%  k*(.95)/C median 0.538  rho(depth) +0.05  (4s)
  epoch  21/100  loss 0.321  (2s)
  epoch  22/100  loss 0.494  (3s)
  epoch  23/100  loss 0.522  (3s)
  epoch  24/100  loss 0.528  (2s)
  epoch  25/100  loss 0.342  (2s)
  epoch  26/100  loss 0.368  (3s)
  epoch  27/100  loss 0.605  (3s)
  epoch  28/100  loss 0.409  (3s)
  epoch  29/100  loss 0.336  (3s)
  epoch  30/100  loss 0.446  (3s)
  [measure] epoch  30  test acc 77.01%  k*(.95)/C median 0.510  rho(depth) -0.12  (5s)
  epoch  31/100  loss 0.478  (2s)
  epoch  32/100  loss 0.340  (2s)
  epoch  33/100  loss 0.358  (3s)
  epoch  34/100  loss 0.401  (3s)
  epoch  35/100  loss 0.509  (2s)
  epoch  36/100  loss 0.410  (2s)
  epoch  37/100  loss 0.481  (3s)
  epoch  38/100  loss 0.494  (3s)
  epoch  39/100  loss 0.199  (3s)
  epoch  40/100  loss 0.406  (3s)
  [measure] epoch  40  test acc 79.32%  k*(.95)/C median 0.511  rho(depth) -0.06  (5s)
  epoch  41/100  loss 0.496  (2s)
  epoch  42/100  loss 0.524  (2s)
  epoch  43/100  loss 0.454  (3s)
  epoch  44/100  loss 0.370  (3s)
  epoch  45/100  loss 0.501  (3s)
  epoch  46/100  loss 0.435  (6s)
  epoch  47/100  loss 0.515  (12s)
  epoch  48/100  loss 0.514  (12s)
  epoch  49/100  loss 0.514  (12s)
  epoch  50/100  loss 0.360  (12s)
  [measure] epoch  50  test acc 82.41%  k*(.95)/C median 0.529  rho(depth) -0.26  (18s)
  epoch  51/100  loss 0.368  (12s)
  epoch  52/100  loss 0.460  (10s)
  epoch  53/100  loss 0.183  (10s)
  epoch  54/100  loss 0.381  (12s)
  epoch  55/100  loss 0.331  (10s)
  epoch  56/100  loss 0.371  (11s)
  epoch  57/100  loss 0.320  (12s)
  epoch  58/100  loss 0.355  (13s)
  epoch  59/100  loss 0.285  (11s)
  epoch  60/100  loss 0.334  (13s)
  [measure] epoch  60  test acc 83.32%  k*(.95)/C median 0.534  rho(depth) -0.43  (21s)
  epoch  61/100  loss 0.501  (12s)
  epoch  62/100  loss 0.311  (10s)
  epoch  63/100  loss 0.303  (6s)
  epoch  64/100  loss 0.267  (11s)
  epoch  65/100  loss 0.311  (11s)
  epoch  66/100  loss 0.334  (12s)
  epoch  67/100  loss 0.298  (12s)
  epoch  68/100  loss 0.451  (13s)
  epoch  69/100  loss 0.248  (13s)
  epoch  70/100  loss 0.414  (12s)
  [measure] epoch  70  test acc 84.49%  k*(.95)/C median 0.534  rho(depth) -0.33  (16s)
  epoch  71/100  loss 0.356  (7s)
  epoch  72/100  loss 0.286  (10s)
  epoch  73/100  loss 0.282  (10s)
  epoch  74/100  loss 0.320  (12s)
  epoch  75/100  loss 0.444  (10s)
  epoch  76/100  loss 0.232  (9s)
  epoch  77/100  loss 0.303  (12s)
  epoch  78/100  loss 0.266  (13s)
  epoch  79/100  loss 0.232  (8s)
  epoch  80/100  loss 0.191  (12s)
  [measure] epoch  80  test acc 86.72%  k*(.95)/C median 0.549  rho(depth) -0.56  (19s)
  epoch  81/100  loss 0.220  (13s)
  epoch  82/100  loss 0.204  (11s)
  epoch  83/100  loss 0.300  (10s)
  epoch  84/100  loss 0.239  (13s)
  epoch  85/100  loss 0.188  (10s)
  epoch  86/100  loss 0.194  (10s)
  epoch  87/100  loss 0.127  (13s)
  epoch  88/100  loss 0.170  (8s)
  epoch  89/100  loss 0.100  (7s)
  epoch  90/100  loss 0.136  (13s)
  [measure] epoch  90  test acc 89.13%  k*(.95)/C median 0.564  rho(depth) -0.46  (17s)
  epoch  91/100  loss 0.114  (12s)
  epoch  92/100  loss 0.097  (12s)
  epoch  93/100  loss 0.061  (11s)
  epoch  94/100  loss 0.032  (14s)
  epoch  95/100  loss 0.056  (10s)
  epoch  96/100  loss 0.051  (10s)
  epoch  97/100  loss 0.028  (12s)
  epoch  98/100  loss 0.129  (12s)
  epoch  99/100  loss 0.023  (12s)
  epoch 100/100  loss 0.060  (13s)
  [measure] epoch 100  test acc 91.95%  k*(.95)/C median 0.569  rho(depth) -0.32  (14s)
done
