schedule: [0, 1, 2, 3, 5, 7, 10, 15, 20, 30, 40, 50, 60, 70, 80, 90, 100]
  [measure] epoch   0  test acc  8.38%  k*(.95)/C median 0.282  rho(depth) -0.46  (2s)
  epoch   1/100  loss 1.288  (5s)
  [measure] epoch   1  test acc 48.97%  k*(.95)/C median 0.579  rho(depth) -0.09  (10s)
  epoch   2/100  loss 1.086  (10s)
  [measure] epoch   2  test acc 60.76%  k*(.95)/C median 0.615  rho(depth) -0.31  (9s)
  epoch   3/100  loss 0.915  (10s)
  [measure] epoch   3  test acc 62.09%  k*(.95)/C median 0.615  rho(depth) -0.34  (15s)
  epoch   4/100  loss 0.820  (10s)
  epoch   5/100  loss 0.720  (11s)
  [measure] epoch   5  test acc 73.96%  k*(.95)/C median 0.586  rho(depth) -0.10  (12s)
  epoch   6/100  loss 0.868  (10s)
  epoch   7/100  loss 0.567  (12s)
  [measure] epoch   7  test acc 76.06%  k*(.95)/C median 0.564  rho(depth) -0.11  (5s)
  epoch   8/100  loss 0.721  (2s)
  epoch   9/100  loss 0.641  (2s)
  epoch  10/100  loss 0.642  (2s)
  [measure] epoch  10  test acc 78.91%  k*(.95)/C median 0.543  rho(depth) +0.16  (3s)
  epoch  11/100  loss 0.532  (2s)
  epoch  12/100  loss 0.616  (2s)
  epoch  13/100  loss 0.586  (2s)
  epoch  14/100  loss 0.630  (3s)
  epoch  15/100  loss 0.503  (2s)
  [measure] epoch  15  test acc 74.53%  k*(.95)/C median 0.538  rho(depth) +0.07  (5s)
  epoch  16/100  loss 0.437  (3s)
  epoch  17/100  loss 0.802  (3s)
  epoch  18/100  loss 0.549  (2s)
  epoch  19/100  loss 0.530  (2s)
  epoch  20/100  loss 0.538  (2s)
  [measure] epoch  20  test acc 80.46%  k*(.95)/C median 0.510  rho(depth) -0.02  (5s)
  epoch  21/100  loss 0.445  (3s)
  epoch  22/100  loss 0.455  (2s)
  epoch  23/100  loss 0.404  (2s)
  epoch  24/100  loss 0.411  (3s)
  epoch  25/100  loss 0.340  (3s)
  epoch  26/100  loss 0.308  (3s)
  epoch  27/100  loss 0.535  (3s)
  epoch  28/100  loss 0.434  (3s)
  epoch  29/100  loss 0.403  (2s)
  epoch  30/100  loss 0.566  (2s)
  [measure] epoch  30  test acc 79.07%  k*(.95)/C median 0.510  rho(depth) -0.08  (5s)
  epoch  31/100  loss 0.483  (3s)
  epoch  32/100  loss 0.507  (3s)
  epoch  33/100  loss 0.567  (2s)
  epoch  34/100  loss 0.375  (2s)
  epoch  35/100  loss 0.351  (3s)
  epoch  36/100  loss 0.441  (3s)
  epoch  37/100  loss 0.501  (3s)
  epoch  38/100  loss 0.456  (3s)
  epoch  39/100  loss 0.494  (2s)
  epoch  40/100  loss 0.489  (2s)
  [measure] epoch  40  test acc 80.25%  k*(.95)/C median 0.529  rho(depth) -0.08  (6s)
  epoch  41/100  loss 0.474  (3s)
  epoch  42/100  loss 0.488  (3s)
  epoch  43/100  loss 0.406  (3s)
  epoch  44/100  loss 0.365  (10s)
  epoch  45/100  loss 0.353  (13s)
  epoch  46/100  loss 0.579  (13s)
  epoch  47/100  loss 0.503  (13s)
  epoch  48/100  loss 0.556  (11s)
  epoch  49/100  loss 0.409  (10s)
  epoch  50/100  loss 0.422  (11s)
  [measure] epoch  50  test acc 81.47%  k*(.95)/C median 0.529  rho(depth) -0.13  (20s)
  epoch  51/100  loss 0.418  (12s)
  epoch  52/100  loss 0.511  (10s)
  epoch  53/100  loss 0.413  (10s)
  epoch  54/100  loss 0.358  (12s)
  epoch  55/100  loss 0.262  (12s)
  epoch  56/100  loss 0.284  (13s)
  epoch  57/100  loss 0.271  (12s)
  epoch  58/100  loss 0.299  (11s)
  epoch  59/100  loss 0.420  (11s)
  epoch  60/100  loss 0.250  (12s)
  [measure] epoch  60  test acc 79.82%  k*(.95)/C median 0.534  rho(depth) -0.13  (18s)
  epoch  61/100  loss 0.363  (8s)
  epoch  62/100  loss 0.488  (11s)
  epoch  63/100  loss 0.358  (11s)
  epoch  64/100  loss 0.361  (12s)
  epoch  65/100  loss 0.367  (12s)
  epoch  66/100  loss 0.288  (13s)
  epoch  67/100  loss 0.437  (13s)
  epoch  68/100  loss 0.343  (11s)
  epoch  69/100  loss 0.262  (11s)
  epoch  70/100  loss 0.336  (7s)
  [measure] epoch  70  test acc 84.58%  k*(.95)/C median 0.538  rho(depth) -0.26  (18s)
  epoch  71/100  loss 0.353  (13s)
  epoch  72/100  loss 0.207  (11s)
  epoch  73/100  loss 0.480  (10s)
  epoch  74/100  loss 0.350  (13s)
  epoch  75/100  loss 0.216  (13s)
  epoch  76/100  loss 0.318  (7s)
  epoch  77/100  loss 0.253  (13s)
  epoch  78/100  loss 0.168  (11s)
  epoch  79/100  loss 0.323  (10s)
  epoch  80/100  loss 0.271  (12s)
  [measure] epoch  80  test acc 87.67%  k*(.95)/C median 0.549  rho(depth) -0.36  (18s)
  epoch  81/100  loss 0.329  (13s)
  epoch  82/100  loss 0.266  (10s)
  epoch  83/100  loss 0.145  (10s)
  epoch  84/100  loss 0.283  (13s)
  epoch  85/100  loss 0.175  (8s)
  epoch  86/100  loss 0.240  (7s)
  epoch  87/100  loss 0.155  (13s)
  epoch  88/100  loss 0.087  (10s)
  epoch  89/100  loss 0.079  (10s)
  epoch  90/100  loss 0.136  (11s)
  [measure] epoch  90  test acc 89.93%  k*(.95)/C median 0.564  rho(depth) -0.28  (14s)
  epoch  91/100  loss 0.132  (13s)
  epoch  92/100  loss 0.060  (12s)
  epoch  93/100  loss 0.143  (11s)
  epoch  94/100  loss 0.046  (12s)
  epoch  95/100  loss 0.051  (13s)
  epoch  96/100  loss 0.099  (12s)
  epoch  97/100  loss 0.044  (13s)
  epoch  98/100  loss 0.033  (11s)
  epoch  99/100  loss 0.068  (9s)
  epoch 100/100  loss 0.055  (2s)
  [measure] epoch 100  test acc 91.44%  k*(.95)/C median 0.568  rho(depth) -0.26  (2s)
done
