schedule: [0, 1, 2, 3, 5, 7, 10, 15, 20, 30, 40, 50, 60, 70, 80, 90, 100]
  [measure] epoch   0  test acc 10.00%  k*(.95)/C median 0.357  rho(depth) -0.68  (13s)
  epoch   1/100  loss 1.220  (19s)
  [measure] epoch   1  test acc 59.90%  k*(.95)/C median 0.500  rho(depth) +0.27  (11s)
  epoch   2/100  loss 0.833  (14s)
  [measure] epoch   2  test acc 67.04%  k*(.95)/C median 0.500  rho(depth) +0.37  (6s)
  epoch   3/100  loss 0.744  (2s)
  [measure] epoch   3  test acc 70.77%  k*(.95)/C median 0.502  rho(depth) +0.39  (4s)
  epoch   4/100  loss 0.839  (2s)
  epoch   5/100  loss 0.580  (17s)
  [measure] epoch   5  test acc 75.57%  k*(.95)/C median 0.500  rho(depth) +0.39  (19s)
  epoch   6/100  loss 0.687  (12s)
  epoch   7/100  loss 0.485  (17s)
  [measure] epoch   7  test acc 76.65%  k*(.95)/C median 0.437  rho(depth) +0.46  (21s)
  epoch   8/100  loss 0.436  (10s)
  epoch   9/100  loss 0.441  (15s)
  epoch  10/100  loss 0.470  (20s)
  [measure] epoch  10  test acc 79.06%  k*(.95)/C median 0.364  rho(depth) +0.28  (25s)
  epoch  11/100  loss 0.568  (12s)
  epoch  12/100  loss 0.363  (15s)
  epoch  13/100  loss 0.558  (20s)
  epoch  14/100  loss 0.418  (19s)
  epoch  15/100  loss 0.498  (20s)
  [measure] epoch  15  test acc 83.85%  k*(.95)/C median 0.333  rho(depth) +0.17  (14s)
  epoch  16/100  loss 0.491  (3s)
  epoch  17/100  loss 0.423  (3s)
  epoch  18/100  loss 0.346  (4s)
  epoch  19/100  loss 0.455  (18s)
  epoch  20/100  loss 0.275  (20s)
  [measure] epoch  20  test acc 82.24%  k*(.95)/C median 0.337  rho(depth) +0.17  (21s)
  epoch  21/100  loss 0.312  (15s)
  epoch  22/100  loss 0.275  (16s)
  epoch  23/100  loss 0.408  (16s)
  epoch  24/100  loss 0.392  (16s)
  epoch  25/100  loss 0.261  (17s)
  epoch  26/100  loss 0.315  (20s)
  epoch  27/100  loss 0.395  (20s)
  epoch  28/100  loss 0.267  (20s)
  epoch  29/100  loss 0.279  (19s)
  epoch  30/100  loss 0.365  (20s)
  [measure] epoch  30  test acc 85.91%  k*(.95)/C median 0.340  rho(depth) +0.03  (20s)
  epoch  31/100  loss 0.436  (3s)
  epoch  32/100  loss 0.203  (4s)
  epoch  33/100  loss 0.263  (3s)
  epoch  34/100  loss 0.336  (13s)
  epoch  35/100  loss 0.398  (19s)
  epoch  36/100  loss 0.339  (20s)
  epoch  37/100  loss 0.325  (19s)
  epoch  38/100  loss 0.397  (18s)
  epoch  39/100  loss 0.220  (20s)
  epoch  40/100  loss 0.289  (19s)
  [measure] epoch  40  test acc 86.51%  k*(.95)/C median 0.344  rho(depth) +0.26  (28s)
  epoch  41/100  loss 0.402  (15s)
  epoch  42/100  loss 0.450  (15s)
  epoch  43/100  loss 0.352  (16s)
  epoch  44/100  loss 0.320  (15s)
  epoch  45/100  loss 0.352  (15s)
  epoch  46/100  loss 0.324  (18s)
  epoch  47/100  loss 0.440  (5s)
  epoch  48/100  loss 0.368  (5s)
  epoch  49/100  loss 0.371  (14s)
  epoch  50/100  loss 0.160  (19s)
  [measure] epoch  50  test acc 86.28%  k*(.95)/C median 0.352  rho(depth) +0.07  (32s)
  epoch  51/100  loss 0.292  (15s)
  epoch  52/100  loss 0.289  (14s)
  epoch  53/100  loss 0.179  (18s)
  epoch  54/100  loss 0.280  (15s)
  epoch  55/100  loss 0.208  (13s)
  epoch  56/100  loss 0.395  (19s)
  epoch  57/100  loss 0.244  (20s)
  epoch  58/100  loss 0.137  (19s)
  epoch  59/100  loss 0.205  (19s)
  epoch  60/100  loss 0.304  (19s)
  [measure] epoch  60  test acc 85.70%  k*(.95)/C median 0.364  rho(depth) +0.10  (21s)
  epoch  61/100  loss 0.288  (3s)
  epoch  62/100  loss 0.199  (3s)
  epoch  63/100  loss 0.225  (12s)
  epoch  64/100  loss 0.288  (15s)
  epoch  65/100  loss 0.322  (15s)
  epoch  66/100  loss 0.297  (17s)
  epoch  67/100  loss 0.153  (19s)
  epoch  68/100  loss 0.341  (18s)
  epoch  69/100  loss 0.125  (20s)
  epoch  70/100  loss 0.238  (17s)
  [measure] epoch  70  test acc 85.94%  k*(.95)/C median 0.355  rho(depth) +0.10  (9s)
  epoch  71/100  loss 0.216  (3s)
  epoch  72/100  loss 0.224  (3s)
  epoch  73/100  loss 0.220  (4s)
  epoch  74/100  loss 0.244  (3s)
  epoch  75/100  loss 0.339  (3s)
  epoch  76/100  loss 0.155  (4s)
  epoch  77/100  loss 0.178  (4s)
  epoch  78/100  loss 0.164  (5s)
  epoch  79/100  loss 0.130  (5s)
  epoch  80/100  loss 0.084  (5s)
  [measure] epoch  80  test acc 88.40%  k*(.95)/C median 0.380  rho(depth) +0.08  (9s)
  epoch  81/100  loss 0.135  (3s)
  epoch  82/100  loss 0.198  (3s)
  epoch  83/100  loss 0.087  (4s)
  epoch  84/100  loss 0.055  (5s)
  epoch  85/100  loss 0.071  (3s)
  epoch  86/100  loss 0.062  (3s)
  epoch  87/100  loss 0.060  (4s)
  epoch  88/100  loss 0.020  (5s)
  epoch  89/100  loss 0.021  (5s)
  epoch  90/100  loss 0.043  (5s)
  [measure] epoch  90  test acc 92.83%  k*(.95)/C median 0.397  rho(depth) +0.09  (11s)
  epoch  91/100  loss 0.025  (4s)
  epoch  92/100  loss 0.012  (3s)
  epoch  93/100  loss 0.002  (3s)
  epoch  94/100  loss 0.028  (4s)
  epoch  95/100  loss 0.005  (3s)
  epoch  96/100  loss 0.002  (3s)
  epoch  97/100  loss 0.016  (5s)
  epoch  98/100  loss 0.002  (5s)
  epoch  99/100  loss 0.001  (5s)
  epoch 100/100  loss 0.002  (5s)
  [measure] epoch 100  test acc 93.37%  k*(.95)/C median 0.397  rho(depth) +0.09  (11s)
done
