schedule: [0, 1, 2, 3, 5, 7, 10, 15, 20, 30, 40, 50, 60, 70, 80, 90, 100]
  [measure] epoch   0  test acc  9.99%  k*(.95)/C median 0.264  rho(depth) -0.57  (4s)
  epoch   1/100  loss 1.219  (7s)
  [measure] epoch   1  test acc 58.30%  k*(.95)/C median 0.446  rho(depth) -0.09  (3s)
  epoch   2/100  loss 0.884  (6s)
  [measure] epoch   2  test acc 67.51%  k*(.95)/C median 0.429  rho(depth) -0.10  (3s)
  epoch   3/100  loss 0.731  (6s)
  [measure] epoch   3  test acc 73.06%  k*(.95)/C median 0.404  rho(depth) -0.09  (3s)
  epoch   4/100  loss 0.877  (4s)
  epoch   5/100  loss 0.672  (6s)
  [measure] epoch   5  test acc 77.78%  k*(.95)/C median 0.353  rho(depth) -0.14  (5s)
  epoch   6/100  loss 0.675  (4s)
  epoch   7/100  loss 0.437  (5s)
  [measure] epoch   7  test acc 76.20%  k*(.95)/C median 0.307  rho(depth) -0.18  (6s)
  epoch   8/100  loss 0.478  (4s)
  epoch   9/100  loss 0.451  (4s)
  epoch  10/100  loss 0.403  (5s)
  [measure] epoch  10  test acc 78.07%  k*(.95)/C median 0.263  rho(depth) -0.47  (7s)
  epoch  11/100  loss 0.495  (4s)
  epoch  12/100  loss 0.331  (4s)
  epoch  13/100  loss 0.497  (4s)
  epoch  14/100  loss 0.512  (5s)
  epoch  15/100  loss 0.517  (8s)
  [measure] epoch  15  test acc 80.35%  k*(.95)/C median 0.181  rho(depth) -0.55  (9s)
  epoch  16/100  loss 0.453  (6s)
  epoch  17/100  loss 0.362  (6s)
  epoch  18/100  loss 0.387  (5s)
  epoch  19/100  loss 0.354  (4s)
  epoch  20/100  loss 0.313  (4s)
  [measure] epoch  20  test acc 82.44%  k*(.95)/C median 0.185  rho(depth) -0.58  (11s)
  epoch  21/100  loss 0.269  (6s)
  epoch  22/100  loss 0.376  (6s)
  epoch  23/100  loss 0.542  (5s)
  epoch  24/100  loss 0.309  (7s)
  epoch  25/100  loss 0.280  (6s)
  epoch  26/100  loss 0.309  (6s)
  epoch  27/100  loss 0.402  (7s)
  epoch  28/100  loss 0.332  (7s)
  epoch  29/100  loss 0.338  (6s)
  epoch  30/100  loss 0.331  (6s)
  [measure] epoch  30  test acc 85.59%  k*(.95)/C median 0.185  rho(depth) -0.51  (8s)
  epoch  31/100  loss 0.382  (4s)
  epoch  32/100  loss 0.209  (6s)
  epoch  33/100  loss 0.298  (4s)
  epoch  34/100  loss 0.407  (4s)
  epoch  35/100  loss 0.284  (5s)
  epoch  36/100  loss 0.395  (6s)
  epoch  37/100  loss 0.328  (6s)
  epoch  38/100  loss 0.304  (6s)
  epoch  39/100  loss 0.126  (6s)
  epoch  40/100  loss 0.258  (6s)
  [measure] epoch  40  test acc 85.87%  k*(.95)/C median 0.185  rho(depth) -0.52  (8s)
  epoch  41/100  loss 0.325  (5s)
  epoch  42/100  loss 0.366  (6s)
  epoch  43/100  loss 0.265  (4s)
  epoch  44/100  loss 0.186  (4s)
  epoch  45/100  loss 0.314  (4s)
  epoch  46/100  loss 0.360  (5s)
  epoch  47/100  loss 0.338  (6s)
  epoch  48/100  loss 0.382  (6s)
  epoch  49/100  loss 0.391  (6s)
  epoch  50/100  loss 0.267  (6s)
  [measure] epoch  50  test acc 87.60%  k*(.95)/C median 0.194  rho(depth) -0.54  (8s)
  epoch  51/100  loss 0.261  (5s)
  epoch  52/100  loss 0.299  (6s)
  epoch  53/100  loss 0.197  (6s)
  epoch  54/100  loss 0.254  (4s)
  epoch  55/100  loss 0.240  (4s)
  epoch  56/100  loss 0.290  (4s)
  epoch  57/100  loss 0.297  (5s)
  epoch  58/100  loss 0.177  (6s)
  epoch  59/100  loss 0.240  (6s)
  epoch  60/100  loss 0.250  (6s)
  [measure] epoch  60  test acc 84.04%  k*(.95)/C median 0.202  rho(depth) -0.54  (8s)
  epoch  61/100  loss 0.256  (4s)
  epoch  62/100  loss 0.198  (6s)
  epoch  63/100  loss 0.190  (6s)
  epoch  64/100  loss 0.277  (6s)
  epoch  65/100  loss 0.212  (5s)
  epoch  66/100  loss 0.178  (4s)
  epoch  67/100  loss 0.177  (4s)
  epoch  68/100  loss 0.492  (6s)
  epoch  69/100  loss 0.172  (6s)
  epoch  70/100  loss 0.208  (6s)
  [measure] epoch  70  test acc 85.62%  k*(.95)/C median 0.212  rho(depth) -0.53  (8s)
  epoch  71/100  loss 0.182  (4s)
  epoch  72/100  loss 0.238  (7s)
  epoch  73/100  loss 0.220  (8s)
  epoch  74/100  loss 0.166  (8s)
  epoch  75/100  loss 0.323  (8s)
  epoch  76/100  loss 0.122  (5s)
  epoch  77/100  loss 0.203  (4s)
  epoch  78/100  loss 0.193  (7s)
  epoch  79/100  loss 0.173  (8s)
  epoch  80/100  loss 0.107  (7s)
  [measure] epoch  80  test acc 89.07%  k*(.95)/C median 0.244  rho(depth) -0.54  (7s)
  epoch  81/100  loss 0.174  (5s)
  epoch  82/100  loss 0.124  (6s)
  epoch  83/100  loss 0.091  (7s)
  epoch  84/100  loss 0.085  (6s)
  epoch  85/100  loss 0.085  (8s)
  epoch  86/100  loss 0.079  (4s)
  epoch  87/100  loss 0.064  (4s)
  epoch  88/100  loss 0.015  (4s)
  epoch  89/100  loss 0.020  (5s)
  epoch  90/100  loss 0.024  (6s)
  [measure] epoch  90  test acc 92.81%  k*(.95)/C median 0.274  rho(depth) -0.53  (11s)
  epoch  91/100  loss 0.025  (4s)
  epoch  92/100  loss 0.019  (6s)
  epoch  93/100  loss 0.007  (6s)
  epoch  94/100  loss 0.003  (6s)
  epoch  95/100  loss 0.002  (6s)
  epoch  96/100  loss 0.008  (6s)
  epoch  97/100  loss 0.002  (4s)
  epoch  98/100  loss 0.020  (4s)
  epoch  99/100  loss 0.002  (4s)
  epoch 100/100  loss 0.006  (5s)
  [measure] epoch 100  test acc 93.87%  k*(.95)/C median 0.280  rho(depth) -0.53  (10s)
done
