schedule: [0, 1, 2, 3, 5, 7, 10, 15, 20, 30, 40, 50, 60, 70, 80, 90, 100]
  [measure] epoch   0  test acc 10.37%  k*(.95)/C median 0.294  rho(depth) -0.57  (4s)
/usr/local/lib/python3.12/dist-packages/torch/optim/lr_scheduler.py:192: UserWarning: Detected call of `lr_scheduler.step()` before `optimizer.step()`. In PyTorch 1.1.0 and later, you should call them in the opposite order: `optimizer.step()` before `lr_scheduler.step()`.  Failure to do this will result in PyTorch skipping the first value of the learning rate schedule. See more details at https://pytorch.org/docs/stable/optim.html#how-to-adjust-learning-rate
  warnings.warn(
  epoch   1/100  loss 1.116  (6s)
  [measure] epoch   1  test acc 57.37%  k*(.95)/C median 0.466  rho(depth) -0.09  (3s)
  epoch   2/100  loss 0.846  (6s)
  [measure] epoch   2  test acc 69.68%  k*(.95)/C median 0.425  rho(depth) -0.10  (3s)
  epoch   3/100  loss 0.717  (5s)
  [measure] epoch   3  test acc 73.41%  k*(.95)/C median 0.404  rho(depth) -0.08  (4s)
  epoch   4/100  loss 0.676  (4s)
  epoch   5/100  loss 0.680  (6s)
  [measure] epoch   5  test acc 78.33%  k*(.95)/C median 0.349  rho(depth) -0.08  (5s)
  epoch   6/100  loss 0.702  (4s)
  epoch   7/100  loss 0.435  (5s)
  [measure] epoch   7  test acc 79.49%  k*(.95)/C median 0.310  rho(depth) -0.10  (6s)
  epoch   8/100  loss 0.609  (4s)
  epoch   9/100  loss 0.424  (4s)
  epoch  10/100  loss 0.433  (6s)
  [measure] epoch  10  test acc 82.53%  k*(.95)/C median 0.271  rho(depth) -0.48  (7s)
  epoch  11/100  loss 0.372  (4s)
  epoch  12/100  loss 0.378  (4s)
  epoch  13/100  loss 0.433  (4s)
  epoch  14/100  loss 0.521  (7s)
  epoch  15/100  loss 0.299  (7s)
  [measure] epoch  15  test acc 79.69%  k*(.95)/C median 0.185  rho(depth) -0.62  (10s)
  epoch  16/100  loss 0.264  (7s)
  epoch  17/100  loss 0.584  (6s)
  epoch  18/100  loss 0.372  (4s)
  epoch  19/100  loss 0.312  (4s)
  epoch  20/100  loss 0.307  (7s)
  [measure] epoch  20  test acc 86.15%  k*(.95)/C median 0.179  rho(depth) -0.54  (11s)
  epoch  21/100  loss 0.425  (6s)
  epoch  22/100  loss 0.299  (5s)
  epoch  23/100  loss 0.301  (7s)
  epoch  24/100  loss 0.374  (6s)
  epoch  25/100  loss 0.296  (6s)
  epoch  26/100  loss 0.356  (6s)
  epoch  27/100  loss 0.297  (8s)
  epoch  28/100  loss 0.321  (6s)
  epoch  29/100  loss 0.320  (6s)
  epoch  30/100  loss 0.344  (4s)
  [measure] epoch  30  test acc 84.47%  k*(.95)/C median 0.179  rho(depth) -0.51  (9s)
  epoch  31/100  loss 0.332  (6s)
  epoch  32/100  loss 0.355  (4s)
  epoch  33/100  loss 0.369  (4s)
  epoch  34/100  loss 0.320  (5s)
  epoch  35/100  loss 0.248  (6s)
  epoch  36/100  loss 0.264  (6s)
  epoch  37/100  loss 0.379  (6s)
  epoch  38/100  loss 0.272  (6s)
  epoch  39/100  loss 0.290  (6s)
  epoch  40/100  loss 0.471  (4s)
  [measure] epoch  40  test acc 76.98%  k*(.95)/C median 0.185  rho(depth) -0.54  (7s)
  epoch  41/100  loss 0.399  (6s)
  epoch  42/100  loss 0.206  (5s)
  epoch  43/100  loss 0.262  (4s)
  epoch  44/100  loss 0.272  (4s)
  epoch  45/100  loss 0.332  (5s)
  epoch  46/100  loss 0.413  (6s)
  epoch  47/100  loss 0.271  (6s)
  epoch  48/100  loss 0.396  (6s)
  epoch  49/100  loss 0.237  (6s)
  epoch  50/100  loss 0.229  (5s)
  [measure] epoch  50  test acc 83.02%  k*(.95)/C median 0.192  rho(depth) -0.54  (8s)
  epoch  51/100  loss 0.287  (6s)
  epoch  52/100  loss 0.305  (6s)
  epoch  53/100  loss 0.315  (5s)
  epoch  54/100  loss 0.240  (4s)
  epoch  55/100  loss 0.236  (4s)
  epoch  56/100  loss 0.214  (4s)
  epoch  57/100  loss 0.288  (6s)
  epoch  58/100  loss 0.221  (6s)
  epoch  59/100  loss 0.257  (6s)
  epoch  60/100  loss 0.211  (5s)
  [measure] epoch  60  test acc 86.58%  k*(.95)/C median 0.202  rho(depth) -0.52  (9s)
  epoch  61/100  loss 0.206  (6s)
  epoch  62/100  loss 0.207  (6s)
  epoch  63/100  loss 0.316  (6s)
  epoch  64/100  loss 0.165  (4s)
  epoch  65/100  loss 0.255  (4s)
  epoch  66/100  loss 0.146  (4s)
  epoch  67/100  loss 0.305  (6s)
  epoch  68/100  loss 0.220  (6s)
  epoch  69/100  loss 0.242  (6s)
  epoch  70/100  loss 0.170  (4s)
  [measure] epoch  70  test acc 85.80%  k*(.95)/C median 0.222  rho(depth) -0.53  (7s)
  epoch  71/100  loss 0.294  (7s)
  epoch  72/100  loss 0.126  (8s)
  epoch  73/100  loss 0.163  (8s)
  epoch  74/100  loss 0.227  (8s)
  epoch  75/100  loss 0.164  (5s)
  epoch  76/100  loss 0.116  (4s)
  epoch  77/100  loss 0.219  (6s)
  epoch  78/100  loss 0.105  (8s)
  epoch  79/100  loss 0.259  (7s)
  epoch  80/100  loss 0.151  (4s)
  [measure] epoch  80  test acc 90.65%  k*(.95)/C median 0.244  rho(depth) -0.53  (12s)
  epoch  81/100  loss 0.133  (7s)
  epoch  82/100  loss 0.112  (6s)
  epoch  83/100  loss 0.149  (6s)
  epoch  84/100  loss 0.209  (7s)
  epoch  85/100  loss 0.084  (4s)
  epoch  86/100  loss 0.022  (4s)
  epoch  87/100  loss 0.098  (4s)
  epoch  88/100  loss 0.045  (6s)
  epoch  89/100  loss 0.019  (5s)
  epoch  90/100  loss 0.058  (4s)
  [measure] epoch  90  test acc 92.05%  k*(.95)/C median 0.270  rho(depth) -0.53  (8s)
  epoch  91/100  loss 0.025  (6s)
  epoch  92/100  loss 0.006  (6s)
  epoch  93/100  loss 0.005  (6s)
  epoch  94/100  loss 0.002  (6s)
  epoch  95/100  loss 0.012  (6s)
  epoch  96/100  loss 0.006  (4s)
  epoch  97/100  loss 0.002  (4s)
  epoch  98/100  loss 0.003  (4s)
  epoch  99/100  loss 0.003  (5s)
  epoch 100/100  loss 0.003  (4s)
  [measure] epoch 100  test acc 93.80%  k*(.95)/C median 0.276  rho(depth) -0.53  (6s)
done
