schedule: [0, 1, 2, 3, 5, 7, 10, 15, 20, 30, 40, 50, 60, 70, 80, 90, 100]
  [measure] epoch   0  test acc  7.35%  k*(.95)/C median 0.436  rho(depth) -0.43  (8s)
  epoch   1/100  loss 1.333  (12s)
  [measure] epoch   1  test acc 51.72%  k*(.95)/C median 0.590  rho(depth) -0.17  (11s)
  epoch   2/100  loss 0.964  (10s)
  [measure] epoch   2  test acc 60.67%  k*(.95)/C median 0.615  rho(depth) -0.32  (9s)
  epoch   3/100  loss 0.947  (11s)
  [measure] epoch   3  test acc 68.91%  k*(.95)/C median 0.603  rho(depth) -0.33  (11s)
  epoch   4/100  loss 0.920  (10s)
  epoch   5/100  loss 0.749  (10s)
  [measure] epoch   5  test acc 72.62%  k*(.95)/C median 0.588  rho(depth) -0.10  (10s)
  epoch   6/100  loss 0.607  (12s)
  epoch   7/100  loss 0.682  (7s)
  [measure] epoch   7  test acc 72.87%  k*(.95)/C median 0.564  rho(depth) +0.14  (4s)
  epoch   8/100  loss 0.667  (2s)
  epoch   9/100  loss 0.646  (2s)
  epoch  10/100  loss 0.443  (2s)
  [measure] epoch  10  test acc 78.54%  k*(.95)/C median 0.549  rho(depth) +0.25  (7s)
  epoch  11/100  loss 0.499  (3s)
  epoch  12/100  loss 0.409  (2s)
  epoch  13/100  loss 0.474  (2s)
  epoch  14/100  loss 0.389  (2s)
  epoch  15/100  loss 0.623  (3s)
  [measure] epoch  15  test acc 78.11%  k*(.95)/C median 0.529  rho(depth) -0.01  (6s)
  epoch  16/100  loss 0.441  (2s)
  epoch  17/100  loss 0.496  (2s)
  epoch  18/100  loss 0.524  (2s)
  epoch  19/100  loss 0.459  (3s)
  epoch  20/100  loss 0.447  (3s)
  [measure] epoch  20  test acc 79.22%  k*(.95)/C median 0.543  rho(depth) -0.05  (6s)
  epoch  21/100  loss 0.489  (3s)
  epoch  22/100  loss 0.517  (3s)
  epoch  23/100  loss 0.590  (3s)
  epoch  24/100  loss 0.405  (3s)
  epoch  25/100  loss 0.421  (3s)
  epoch  26/100  loss 0.436  (2s)
  epoch  27/100  loss 0.545  (2s)
  epoch  28/100  loss 0.404  (2s)
  epoch  29/100  loss 0.549  (3s)
  epoch  30/100  loss 0.418  (3s)
  [measure] epoch  30  test acc 78.77%  k*(.95)/C median 0.529  rho(depth) -0.06  (6s)
  epoch  31/100  loss 0.584  (3s)
  epoch  32/100  loss 0.350  (3s)
  epoch  33/100  loss 0.420  (3s)
  epoch  34/100  loss 0.424  (3s)
  epoch  35/100  loss 0.433  (2s)
  epoch  36/100  loss 0.419  (2s)
  epoch  37/100  loss 0.501  (2s)
  epoch  38/100  loss 0.443  (2s)
  epoch  39/100  loss 0.485  (3s)
  epoch  40/100  loss 0.457  (3s)
  [measure] epoch  40  test acc 76.82%  k*(.95)/C median 0.514  rho(depth) -0.24  (5s)
  epoch  41/100  loss 0.487  (13s)
  epoch  42/100  loss 0.486  (13s)
  epoch  43/100  loss 0.263  (13s)
  epoch  44/100  loss 0.270  (13s)
  epoch  45/100  loss 0.361  (11s)
  epoch  46/100  loss 0.421  (10s)
  epoch  47/100  loss 0.350  (12s)
  epoch  48/100  loss 0.266  (10s)
  epoch  49/100  loss 0.353  (10s)
  epoch  50/100  loss 0.352  (12s)
  [measure] epoch  50  test acc 83.61%  k*(.95)/C median 0.529  rho(depth) -0.12  (19s)
  epoch  51/100  loss 0.340  (12s)
  epoch  52/100  loss 0.402  (14s)
  epoch  53/100  loss 0.435  (13s)
  epoch  54/100  loss 0.367  (12s)
  epoch  55/100  loss 0.504  (10s)
  epoch  56/100  loss 0.434  (10s)
  epoch  57/100  loss 0.473  (12s)
  epoch  58/100  loss 0.361  (10s)
  epoch  59/100  loss 0.423  (10s)
  epoch  60/100  loss 0.243  (7s)
  [measure] epoch  60  test acc 82.96%  k*(.95)/C median 0.534  rho(depth) -0.24  (17s)
  epoch  61/100  loss 0.420  (13s)
  epoch  62/100  loss 0.552  (13s)
  epoch  63/100  loss 0.371  (13s)
  epoch  64/100  loss 0.349  (13s)
  epoch  65/100  loss 0.337  (11s)
  epoch  66/100  loss 0.355  (11s)
  epoch  67/100  loss 0.277  (7s)
  epoch  68/100  loss 0.334  (11s)
  epoch  69/100  loss 0.257  (11s)
  epoch  70/100  loss 0.219  (12s)
  [measure] epoch  70  test acc 85.72%  k*(.95)/C median 0.549  rho(depth) -0.33  (20s)
  epoch  71/100  loss 0.327  (12s)
  epoch  72/100  loss 0.423  (12s)
  epoch  73/100  loss 0.387  (7s)
  epoch  74/100  loss 0.399  (13s)
  epoch  75/100  loss 0.327  (11s)
  epoch  76/100  loss 0.355  (10s)
  epoch  77/100  loss 0.421  (13s)
  epoch  78/100  loss 0.245  (11s)
  epoch  79/100  loss 0.336  (10s)
  epoch  80/100  loss 0.235  (13s)
  [measure] epoch  80  test acc 87.00%  k*(.95)/C median 0.552  rho(depth) -0.28  (18s)
  epoch  81/100  loss 0.243  (13s)
  epoch  82/100  loss 0.179  (7s)
  epoch  83/100  loss 0.242  (8s)
  epoch  84/100  loss 0.318  (13s)
  epoch  85/100  loss 0.292  (10s)
  epoch  86/100  loss 0.151  (10s)
  epoch  87/100  loss 0.228  (11s)
  epoch  88/100  loss 0.179  (12s)
  epoch  89/100  loss 0.119  (13s)
  epoch  90/100  loss 0.114  (13s)
  [measure] epoch  90  test acc 90.59%  k*(.95)/C median 0.560  rho(depth) -0.30  (18s)
  epoch  91/100  loss 0.133  (13s)
  epoch  92/100  loss 0.085  (13s)
  epoch  93/100  loss 0.115  (11s)
  epoch  94/100  loss 0.019  (13s)
  epoch  95/100  loss 0.065  (11s)
  epoch  96/100  loss 0.086  (4s)
  epoch  97/100  loss 0.055  (2s)
  epoch  98/100  loss 0.029  (2s)
  epoch  99/100  loss 0.041  (1s)
  epoch 100/100  loss 0.037  (1s)
  [measure] epoch 100  test acc 91.47%  k*(.95)/C median 0.581  rho(depth) -0.17  (1s)
done
