class subset: 50 classes, 25000 train / 5000 test images
schedule: [100]
  [measure] epoch   0  test acc  2.00%  k*(.95)/C median 0.172  rho(depth) -0.64  (6s)
  epoch   1/100  loss 2.602  (36s)
  epoch   2/100  loss 2.353  (36s)
  epoch   3/100  loss 2.292  (37s)
  epoch   4/100  loss 1.759  (48s)
  epoch   5/100  loss 1.945  (41s)
  epoch   6/100  loss 1.736  (44s)
  epoch   7/100  loss 1.236  (40s)
  epoch   8/100  loss 1.727  (35s)
  epoch   9/100  loss 1.535  (36s)
  epoch  10/100  loss 1.541  (36s)
  epoch  11/100  loss 1.472  (36s)
  epoch  12/100  loss 1.445  (36s)
  epoch  13/100  loss 1.142  (36s)
  epoch  14/100  loss 0.961  (40s)
  epoch  15/100  loss 1.180  (48s)
  epoch  16/100  loss 1.045  (36s)
  epoch  17/100  loss 0.837  (40s)
  epoch  18/100  loss 1.054  (43s)
  epoch  19/100  loss 1.067  (44s)
  epoch  20/100  loss 0.843  (39s)
  epoch  21/100  loss 0.831  (39s)
  epoch  22/100  loss 0.911  (41s)
  epoch  23/100  loss 0.901  (49s)
  epoch  24/100  loss 1.081  (38s)
  epoch  25/100  loss 0.746  (41s)
  epoch  26/100  loss 0.637  (40s)
  epoch  27/100  loss 0.694  (40s)
  epoch  28/100  loss 0.639  (42s)
  epoch  29/100  loss 0.563  (37s)
  epoch  30/100  loss 0.752  (36s)
  epoch  31/100  loss 0.647  (38s)
  epoch  32/100  loss 0.685  (39s)
  epoch  33/100  loss 0.683  (42s)
  epoch  34/100  loss 0.549  (41s)
  epoch  35/100  loss 0.861  (38s)
  epoch  36/100  loss 0.558  (40s)
  epoch  37/100  loss 0.806  (39s)
  epoch  38/100  loss 0.653  (39s)
  epoch  39/100  loss 0.425  (40s)
  epoch  40/100  loss 0.407  (38s)
  epoch  41/100  loss 0.773  (37s)
  epoch  42/100  loss 0.637  (37s)
  epoch  43/100  loss 0.823  (38s)
  epoch  44/100  loss 0.763  (37s)
  epoch  45/100  loss 0.532  (37s)
  epoch  46/100  loss 0.533  (38s)
  epoch  47/100  loss 0.551  (37s)
  epoch  48/100  loss 0.593  (38s)
  epoch  49/100  loss 0.652  (39s)
  epoch  50/100  loss 0.595  (40s)
  epoch  51/100  loss 0.366  (38s)
  epoch  52/100  loss 0.549  (40s)
  epoch  53/100  loss 0.616  (37s)
  epoch  54/100  loss 0.590  (38s)
  epoch  55/100  loss 0.314  (38s)
  epoch  56/100  loss 0.473  (38s)
  epoch  57/100  loss 0.427  (50s)
  epoch  58/100  loss 0.501  (38s)
  epoch  59/100  loss 0.385  (36s)
  epoch  60/100  loss 0.576  (36s)
  epoch  61/100  loss 0.323  (36s)
  epoch  62/100  loss 0.404  (36s)
  epoch  63/100  loss 0.468  (40s)
  epoch  64/100  loss 0.619  (36s)
  epoch  65/100  loss 0.383  (36s)
  epoch  66/100  loss 0.536  (36s)
  epoch  67/100  loss 0.322  (36s)
  epoch  68/100  loss 0.263  (36s)
  epoch  69/100  loss 0.307  (36s)
  epoch  70/100  loss 0.247  (36s)
  epoch  71/100  loss 0.356  (36s)
  epoch  72/100  loss 0.306  (37s)
  epoch  73/100  loss 0.302  (36s)
  epoch  74/100  loss 0.134  (39s)
  epoch  75/100  loss 0.193  (37s)
  epoch  76/100  loss 0.174  (39s)
  epoch  77/100  loss 0.149  (37s)
  epoch  78/100  loss 0.202  (36s)
  epoch  79/100  loss 0.216  (36s)
  epoch  80/100  loss 0.091  (36s)
  epoch  81/100  loss 0.233  (36s)
  epoch  82/100  loss 0.125  (36s)
  epoch  83/100  loss 0.054  (37s)
  epoch  84/100  loss 0.153  (41s)
  epoch  85/100  loss 0.110  (37s)
  epoch  86/100  loss 0.022  (40s)
  epoch  87/100  loss 0.012  (39s)
  epoch  88/100  loss 0.009  (37s)
  epoch  89/100  loss 0.036  (37s)
  epoch  90/100  loss 0.016  (37s)
  epoch  91/100  loss 0.006  (41s)
  epoch  92/100  loss 0.031  (36s)
  epoch  93/100  loss 0.006  (37s)
  epoch  94/100  loss 0.004  (38s)
  epoch  95/100  loss 0.016  (37s)
  epoch  96/100  loss 0.004  (39s)
  epoch  97/100  loss 0.002  (38s)
  epoch  98/100  loss 0.012  (39s)
  epoch  99/100  loss 0.002  (39s)
  epoch 100/100  loss 0.003  (36s)
  [measure] epoch 100  test acc 78.88%  k*(.95)/C median 0.297  rho(depth) -0.02  (5s)
done
