class subset: 13 classes, 6500 train / 1300 test images
schedule: [100]
  [measure] epoch   0  test acc  7.69%  k*(.95)/C median 0.285  rho(depth) -0.58  (2s)
  epoch   1/100  loss 1.389  (7s)
  epoch   2/100  loss 1.496  (7s)
  epoch   3/100  loss 1.465  (7s)
  epoch   4/100  loss 1.214  (7s)
  epoch   5/100  loss 1.483  (7s)
  epoch   6/100  loss 1.242  (7s)
  epoch   7/100  loss 1.322  (7s)
  epoch   8/100  loss 1.152  (7s)
  epoch   9/100  loss 1.107  (7s)
  epoch  10/100  loss 1.124  (7s)
  epoch  11/100  loss 0.866  (7s)
  epoch  12/100  loss 1.115  (7s)
  epoch  13/100  loss 0.968  (7s)
  epoch  14/100  loss 0.752  (7s)
  epoch  15/100  loss 0.785  (7s)
  epoch  16/100  loss 0.650  (7s)
  epoch  17/100  loss 0.604  (7s)
  epoch  18/100  loss 0.704  (7s)
  epoch  19/100  loss 0.815  (7s)
  epoch  20/100  loss 0.650  (7s)
  epoch  21/100  loss 0.489  (7s)
  epoch  22/100  loss 0.804  (7s)
  epoch  23/100  loss 0.660  (7s)
  epoch  24/100  loss 0.464  (8s)
  epoch  25/100  loss 0.465  (8s)
  epoch  26/100  loss 0.433  (8s)
  epoch  27/100  loss 0.473  (8s)
  epoch  28/100  loss 0.423  (8s)
  epoch  29/100  loss 0.453  (8s)
  epoch  30/100  loss 0.526  (8s)
  epoch  31/100  loss 0.285  (8s)
  epoch  32/100  loss 0.499  (8s)
  epoch  33/100  loss 0.509  (8s)
  epoch  34/100  loss 0.270  (8s)
  epoch  35/100  loss 0.281  (8s)
  epoch  36/100  loss 0.262  (8s)
  epoch  37/100  loss 0.218  (8s)
  epoch  38/100  loss 0.257  (8s)
  epoch  39/100  loss 0.369  (8s)
  epoch  40/100  loss 0.283  (8s)
  epoch  41/100  loss 0.406  (8s)
  epoch  42/100  loss 0.344  (8s)
  epoch  43/100  loss 0.246  (8s)
  epoch  44/100  loss 0.256  (8s)
  epoch  45/100  loss 0.281  (8s)
  epoch  46/100  loss 0.243  (8s)
  epoch  47/100  loss 0.214  (8s)
  epoch  48/100  loss 0.167  (8s)
  epoch  49/100  loss 0.132  (8s)
  epoch  50/100  loss 0.101  (8s)
  epoch  51/100  loss 0.103  (8s)
  epoch  52/100  loss 0.219  (8s)
  epoch  53/100  loss 0.242  (8s)
  epoch  54/100  loss 0.137  (8s)
  epoch  55/100  loss 0.168  (8s)
  epoch  56/100  loss 0.206  (8s)
  epoch  57/100  loss 0.176  (8s)
  epoch  58/100  loss 0.130  (8s)
  epoch  59/100  loss 0.097  (9s)
  epoch  60/100  loss 0.226  (9s)
  epoch  61/100  loss 0.168  (8s)
  epoch  62/100  loss 0.129  (8s)
  epoch  63/100  loss 0.187  (9s)
  epoch  64/100  loss 0.144  (9s)
  epoch  65/100  loss 0.152  (9s)
  epoch  66/100  loss 0.165  (9s)
  epoch  67/100  loss 0.065  (9s)
  epoch  68/100  loss 0.118  (9s)
  epoch  69/100  loss 0.046  (9s)
  epoch  70/100  loss 0.117  (9s)
  epoch  71/100  loss 0.093  (9s)
  epoch  72/100  loss 0.122  (9s)
  epoch  73/100  loss 0.044  (9s)
  epoch  74/100  loss 0.049  (9s)
  epoch  75/100  loss 0.013  (9s)
  epoch  76/100  loss 0.018  (9s)
  epoch  77/100  loss 0.014  (9s)
  epoch  78/100  loss 0.048  (9s)
  epoch  79/100  loss 0.017  (9s)
  epoch  80/100  loss 0.041  (9s)
  epoch  81/100  loss 0.015  (9s)
  epoch  82/100  loss 0.004  (9s)
  epoch  83/100  loss 0.013  (9s)
  epoch  84/100  loss 0.009  (9s)
  epoch  85/100  loss 0.003  (9s)
  epoch  86/100  loss 0.001  (9s)
  epoch  87/100  loss 0.001  (9s)
  epoch  88/100  loss 0.001  (9s)
  epoch  89/100  loss 0.002  (9s)
  epoch  90/100  loss 0.003  (9s)
  epoch  91/100  loss 0.002  (9s)
  epoch  92/100  loss 0.008  (8s)
  epoch  93/100  loss 0.002  (9s)
  epoch  94/100  loss 0.003  (8s)
  epoch  95/100  loss 0.002  (8s)
  epoch  96/100  loss 0.012  (8s)
  epoch  97/100  loss 0.003  (8s)
  epoch  98/100  loss 0.001  (8s)
  epoch  99/100  loss 0.001  (9s)
  epoch 100/100  loss 0.002  (8s)
  [measure] epoch 100  test acc 82.38%  k*(.95)/C median 0.197  rho(depth) -0.57  (2s)
done
