class subset: 20 classes, 10000 train / 2000 test images
schedule: [100]
  [measure] epoch   0  test acc  4.95%  k*(.95)/C median 0.244  rho(depth) -0.59  (3s)
  epoch   1/100  loss 2.017  (16s)
  epoch   2/100  loss 1.596  (15s)
  epoch   3/100  loss 1.694  (15s)
  epoch   4/100  loss 1.403  (15s)
  epoch   5/100  loss 1.600  (15s)
  epoch   6/100  loss 1.151  (15s)
  epoch   7/100  loss 1.259  (15s)
  epoch   8/100  loss 1.269  (15s)
  epoch   9/100  loss 1.099  (15s)
  epoch  10/100  loss 1.141  (16s)
  epoch  11/100  loss 1.109  (18s)
  epoch  12/100  loss 0.882  (20s)
  epoch  13/100  loss 0.978  (20s)
  epoch  14/100  loss 1.030  (16s)
  epoch  15/100  loss 0.827  (16s)
  epoch  16/100  loss 0.925  (17s)
  epoch  17/100  loss 0.781  (16s)
  epoch  18/100  loss 0.757  (15s)
  epoch  19/100  loss 0.507  (15s)
  epoch  20/100  loss 0.736  (15s)
  epoch  21/100  loss 0.903  (15s)
  epoch  22/100  loss 0.697  (15s)
  epoch  23/100  loss 0.534  (16s)
  epoch  24/100  loss 0.732  (15s)
  epoch  25/100  loss 0.500  (15s)
  epoch  26/100  loss 0.390  (15s)
  epoch  27/100  loss 0.540  (15s)
  epoch  28/100  loss 0.485  (15s)
  epoch  29/100  loss 0.486  (15s)
  epoch  30/100  loss 0.394  (15s)
  epoch  31/100  loss 0.457  (15s)
  epoch  32/100  loss 0.415  (15s)
  epoch  33/100  loss 0.409  (15s)
  epoch  34/100  loss 0.292  (17s)
  epoch  35/100  loss 0.381  (16s)
  epoch  36/100  loss 0.226  (15s)
  epoch  37/100  loss 0.310  (14s)
  epoch  38/100  loss 0.297  (14s)
  epoch  39/100  loss 0.450  (14s)
  epoch  40/100  loss 0.274  (15s)
  epoch  41/100  loss 0.418  (14s)
  epoch  42/100  loss 0.311  (14s)
  epoch  43/100  loss 0.315  (14s)
  epoch  44/100  loss 0.199  (14s)
  epoch  45/100  loss 0.260  (14s)
  epoch  46/100  loss 0.333  (14s)
  epoch  47/100  loss 0.222  (14s)
  epoch  48/100  loss 0.191  (14s)
  epoch  49/100  loss 0.213  (14s)
  epoch  50/100  loss 0.321  (14s)
  epoch  51/100  loss 0.155  (14s)
  epoch  52/100  loss 0.386  (14s)
  epoch  53/100  loss 0.293  (14s)
  epoch  54/100  loss 0.231  (14s)
  epoch  55/100  loss 0.194  (14s)
  epoch  56/100  loss 0.424  (14s)
  epoch  57/100  loss 0.370  (14s)
  epoch  58/100  loss 0.224  (15s)
  epoch  59/100  loss 0.085  (15s)
  epoch  60/100  loss 0.197  (14s)
  epoch  61/100  loss 0.220  (14s)
  epoch  62/100  loss 0.249  (14s)
  epoch  63/100  loss 0.152  (15s)
  epoch  64/100  loss 0.159  (14s)
  epoch  65/100  loss 0.235  (14s)
  epoch  66/100  loss 0.159  (14s)
  epoch  67/100  loss 0.178  (14s)
  epoch  68/100  loss 0.132  (14s)
  epoch  69/100  loss 0.123  (14s)
  epoch  70/100  loss 0.157  (14s)
  epoch  71/100  loss 0.092  (14s)
  epoch  72/100  loss 0.090  (14s)
  epoch  73/100  loss 0.134  (14s)
  epoch  74/100  loss 0.031  (14s)
  epoch  75/100  loss 0.085  (14s)
  epoch  76/100  loss 0.101  (14s)
  epoch  77/100  loss 0.028  (15s)
  epoch  78/100  loss 0.112  (14s)
  epoch  79/100  loss 0.016  (14s)
  epoch  80/100  loss 0.041  (15s)
  epoch  81/100  loss 0.032  (16s)
  epoch  82/100  loss 0.017  (16s)
  epoch  83/100  loss 0.052  (16s)
  epoch  84/100  loss 0.005  (15s)
  epoch  85/100  loss 0.021  (15s)
  epoch  86/100  loss 0.003  (16s)
  epoch  87/100  loss 0.002  (16s)
  epoch  88/100  loss 0.015  (14s)
  epoch  89/100  loss 0.033  (14s)
  epoch  90/100  loss 0.007  (14s)
  epoch  91/100  loss 0.012  (14s)
  epoch  92/100  loss 0.005  (14s)
  epoch  93/100  loss 0.004  (14s)
  epoch  94/100  loss 0.003  (14s)
  epoch  95/100  loss 0.002  (14s)
  epoch  96/100  loss 0.001  (14s)
  epoch  97/100  loss 0.003  (14s)
  epoch  98/100  loss 0.002  (14s)
  epoch  99/100  loss 0.001  (14s)
  epoch 100/100  loss 0.002  (14s)
  [measure] epoch 100  test acc 82.30%  k*(.95)/C median 0.229  rho(depth) -0.55  (2s)
done
