class subset: 20 classes, 10000 train / 2000 test images
schedule: [100]
  [measure] epoch   0  test acc  4.75%  k*(.95)/C median 0.301  rho(depth) -0.59  (3s)
  epoch   1/100  loss 2.265  (17s)
  epoch   2/100  loss 1.846  (18s)
  epoch   3/100  loss 1.541  (16s)
  epoch   4/100  loss 1.374  (18s)
  epoch   5/100  loss 1.515  (18s)
  epoch   6/100  loss 1.382  (15s)
  epoch   7/100  loss 1.329  (15s)
  epoch   8/100  loss 1.196  (15s)
  epoch   9/100  loss 1.259  (14s)
  epoch  10/100  loss 1.055  (14s)
  epoch  11/100  loss 1.021  (15s)
  epoch  12/100  loss 0.890  (15s)
  epoch  13/100  loss 0.854  (21s)
  epoch  14/100  loss 0.830  (20s)
  epoch  15/100  loss 0.850  (19s)
  epoch  16/100  loss 0.756  (19s)
  epoch  17/100  loss 0.631  (19s)
  epoch  18/100  loss 0.620  (15s)
  epoch  19/100  loss 0.606  (14s)
  epoch  20/100  loss 0.657  (14s)
  epoch  21/100  loss 0.785  (18s)
  epoch  22/100  loss 0.412  (19s)
  epoch  23/100  loss 0.566  (19s)
  epoch  24/100  loss 0.483  (14s)
  epoch  25/100  loss 0.661  (14s)
  epoch  26/100  loss 0.410  (14s)
  epoch  27/100  loss 0.487  (14s)
  epoch  28/100  loss 0.468  (14s)
  epoch  29/100  loss 0.532  (16s)
  epoch  30/100  loss 0.461  (16s)
  epoch  31/100  loss 0.383  (17s)
  epoch  32/100  loss 0.402  (15s)
  epoch  33/100  loss 0.330  (14s)
  epoch  34/100  loss 0.360  (15s)
  epoch  35/100  loss 0.364  (14s)
  epoch  36/100  loss 0.586  (14s)
  epoch  37/100  loss 0.273  (14s)
  epoch  38/100  loss 0.322  (14s)
  epoch  39/100  loss 0.341  (15s)
  epoch  40/100  loss 0.340  (15s)
  epoch  41/100  loss 0.251  (14s)
  epoch  42/100  loss 0.276  (14s)
  epoch  43/100  loss 0.195  (14s)
  epoch  44/100  loss 0.370  (15s)
  epoch  45/100  loss 0.245  (15s)
  epoch  46/100  loss 0.302  (15s)
  epoch  47/100  loss 0.218  (15s)
  epoch  48/100  loss 0.204  (14s)
  epoch  49/100  loss 0.158  (16s)
  epoch  50/100  loss 0.290  (14s)
  epoch  51/100  loss 0.293  (14s)
  epoch  52/100  loss 0.223  (14s)
  epoch  53/100  loss 0.350  (15s)
  epoch  54/100  loss 0.138  (15s)
  epoch  55/100  loss 0.176  (16s)
  epoch  56/100  loss 0.171  (15s)
  epoch  57/100  loss 0.112  (14s)
  epoch  58/100  loss 0.165  (14s)
  epoch  59/100  loss 0.154  (14s)
  epoch  60/100  loss 0.222  (14s)
  epoch  61/100  loss 0.286  (14s)
  epoch  62/100  loss 0.247  (14s)
  epoch  63/100  loss 0.342  (14s)
  epoch  64/100  loss 0.149  (14s)
  epoch  65/100  loss 0.196  (14s)
  epoch  66/100  loss 0.074  (15s)
  epoch  67/100  loss 0.097  (14s)
  epoch  68/100  loss 0.180  (14s)
  epoch  69/100  loss 0.269  (14s)
  epoch  70/100  loss 0.142  (14s)
  epoch  71/100  loss 0.061  (14s)
  epoch  72/100  loss 0.052  (14s)
  epoch  73/100  loss 0.042  (14s)
  epoch  74/100  loss 0.054  (14s)
  epoch  75/100  loss 0.055  (14s)
  epoch  76/100  loss 0.076  (14s)
  epoch  77/100  loss 0.068  (14s)
  epoch  78/100  loss 0.028  (14s)
  epoch  79/100  loss 0.051  (14s)
  epoch  80/100  loss 0.040  (14s)
  epoch  81/100  loss 0.015  (14s)
  epoch  82/100  loss 0.013  (14s)
  epoch  83/100  loss 0.005  (15s)
  epoch  84/100  loss 0.021  (15s)
  epoch  85/100  loss 0.004  (14s)
  epoch  86/100  loss 0.013  (15s)
  epoch  87/100  loss 0.001  (15s)
  epoch  88/100  loss 0.004  (15s)
  epoch  89/100  loss 0.001  (14s)
  epoch  90/100  loss 0.003  (16s)
  epoch  91/100  loss 0.008  (15s)
  epoch  92/100  loss 0.001  (16s)
  epoch  93/100  loss 0.002  (16s)
  epoch  94/100  loss 0.001  (14s)
  epoch  95/100  loss 0.002  (14s)
  epoch  96/100  loss 0.002  (14s)
  epoch  97/100  loss 0.002  (15s)
  epoch  98/100  loss 0.001  (15s)
  epoch  99/100  loss 0.001  (14s)
  epoch 100/100  loss 0.001  (15s)
  [measure] epoch 100  test acc 82.35%  k*(.95)/C median 0.230  rho(depth) -0.55  (2s)
done
