class subset: 13 classes, 6500 train / 1300 test images
schedule: [100]
  [measure] epoch   0  test acc  7.69%  k*(.95)/C median 0.256  rho(depth) -0.59  (2s)
  epoch   1/100  loss 1.619  (9s)
  epoch   2/100  loss 1.343  (9s)
  epoch   3/100  loss 1.319  (9s)
  epoch   4/100  loss 1.329  (9s)
  epoch   5/100  loss 1.270  (9s)
  epoch   6/100  loss 1.313  (9s)
  epoch   7/100  loss 1.084  (9s)
  epoch   8/100  loss 0.990  (9s)
  epoch   9/100  loss 1.197  (9s)
  epoch  10/100  loss 1.123  (9s)
  epoch  11/100  loss 1.124  (9s)
  epoch  12/100  loss 0.910  (10s)
  epoch  13/100  loss 1.082  (10s)
  epoch  14/100  loss 0.872  (9s)
  epoch  15/100  loss 0.796  (9s)
  epoch  16/100  loss 0.812  (9s)
  epoch  17/100  loss 0.530  (9s)
  epoch  18/100  loss 0.790  (9s)
  epoch  19/100  loss 0.699  (9s)
  epoch  20/100  loss 0.548  (9s)
  epoch  21/100  loss 0.419  (10s)
  epoch  22/100  loss 0.721  (10s)
  epoch  23/100  loss 0.751  (12s)
  epoch  24/100  loss 0.575  (11s)
  epoch  25/100  loss 0.512  (9s)
  epoch  26/100  loss 0.612  (10s)
  epoch  27/100  loss 0.354  (10s)
  epoch  28/100  loss 0.379  (9s)
  epoch  29/100  loss 0.494  (9s)
  epoch  30/100  loss 0.298  (9s)
  epoch  31/100  loss 0.428  (9s)
  epoch  32/100  loss 0.213  (9s)
  epoch  33/100  loss 0.312  (10s)
  epoch  34/100  loss 0.306  (10s)
  epoch  35/100  loss 0.301  (11s)
  epoch  36/100  loss 0.191  (12s)
  epoch  37/100  loss 0.259  (9s)
  epoch  38/100  loss 0.174  (9s)
  epoch  39/100  loss 0.245  (9s)
  epoch  40/100  loss 0.299  (9s)
  epoch  41/100  loss 0.211  (9s)
  epoch  42/100  loss 0.447  (9s)
  epoch  43/100  loss 0.243  (9s)
  epoch  44/100  loss 0.217  (10s)
  epoch  45/100  loss 0.269  (10s)
  epoch  46/100  loss 0.168  (10s)
  epoch  47/100  loss 0.134  (9s)
  epoch  48/100  loss 0.184  (10s)
  epoch  49/100  loss 0.125  (9s)
  epoch  50/100  loss 0.125  (9s)
  epoch  51/100  loss 0.203  (10s)
  epoch  52/100  loss 0.134  (12s)
  epoch  53/100  loss 0.158  (11s)
  epoch  54/100  loss 0.093  (10s)
  epoch  55/100  loss 0.214  (10s)
  epoch  56/100  loss 0.180  (10s)
  epoch  57/100  loss 0.172  (10s)
  epoch  58/100  loss 0.142  (9s)
  epoch  59/100  loss 0.149  (10s)
  epoch  60/100  loss 0.217  (10s)
  epoch  61/100  loss 0.120  (9s)
  epoch  62/100  loss 0.072  (9s)
  epoch  63/100  loss 0.052  (10s)
  epoch  64/100  loss 0.060  (9s)
  epoch  65/100  loss 0.115  (9s)
  epoch  66/100  loss 0.041  (10s)
  epoch  67/100  loss 0.120  (9s)
  epoch  68/100  loss 0.055  (10s)
  epoch  69/100  loss 0.063  (9s)
  epoch  70/100  loss 0.064  (9s)
  epoch  71/100  loss 0.066  (9s)
  epoch  72/100  loss 0.040  (9s)
  epoch  73/100  loss 0.024  (10s)
  epoch  74/100  loss 0.042  (10s)
  epoch  75/100  loss 0.023  (9s)
  epoch  76/100  loss 0.098  (9s)
  epoch  77/100  loss 0.027  (9s)
  epoch  78/100  loss 0.017  (9s)
  epoch  79/100  loss 0.011  (9s)
  epoch  80/100  loss 0.025  (9s)
  epoch  81/100  loss 0.054  (9s)
  epoch  82/100  loss 0.022  (9s)
  epoch  83/100  loss 0.011  (9s)
  epoch  84/100  loss 0.005  (9s)
  epoch  85/100  loss 0.003  (9s)
  epoch  86/100  loss 0.016  (10s)
  epoch  87/100  loss 0.002  (10s)
  epoch  88/100  loss 0.001  (9s)
  epoch  89/100  loss 0.006  (9s)
  epoch  90/100  loss 0.002  (9s)
  epoch  91/100  loss 0.002  (10s)
  epoch  92/100  loss 0.001  (12s)
  epoch  93/100  loss 0.002  (11s)
  epoch  94/100  loss 0.001  (9s)
  epoch  95/100  loss 0.002  (9s)
  epoch  96/100  loss 0.001  (9s)
  epoch  97/100  loss 0.001  (9s)
  epoch  98/100  loss 0.008  (9s)
  epoch  99/100  loss 0.002  (9s)
  epoch 100/100  loss 0.003  (10s)
  [measure] epoch 100  test acc 80.85%  k*(.95)/C median 0.199  rho(depth) -0.59  (2s)
done
