class subset: 20 classes, 10000 train / 2000 test images
schedule: [100]
  [measure] epoch   0  test acc  4.30%  k*(.95)/C median 0.283  rho(depth) -0.57  (3s)
  epoch   1/100  loss 1.934  (13s)
  epoch   2/100  loss 1.886  (13s)
  epoch   3/100  loss 1.384  (14s)
  epoch   4/100  loss 1.526  (14s)
  epoch   5/100  loss 1.226  (14s)
  epoch   6/100  loss 1.405  (14s)
  epoch   7/100  loss 1.355  (14s)
  epoch   8/100  loss 1.274  (14s)
  epoch   9/100  loss 1.150  (14s)
  epoch  10/100  loss 1.154  (14s)
  epoch  11/100  loss 1.004  (14s)
  epoch  12/100  loss 1.052  (15s)
  epoch  13/100  loss 1.033  (15s)
  epoch  14/100  loss 0.811  (16s)
  epoch  15/100  loss 0.889  (16s)
  epoch  16/100  loss 0.797  (16s)
  epoch  17/100  loss 0.763  (16s)
  epoch  18/100  loss 0.509  (15s)
  epoch  19/100  loss 0.767  (15s)
  epoch  20/100  loss 0.700  (15s)
  epoch  21/100  loss 0.537  (15s)
  epoch  22/100  loss 0.600  (14s)
  epoch  23/100  loss 0.578  (15s)
  epoch  24/100  loss 0.517  (15s)
  epoch  25/100  loss 0.522  (15s)
  epoch  26/100  loss 0.517  (17s)
  epoch  27/100  loss 0.391  (14s)
  epoch  28/100  loss 0.327  (15s)
  epoch  29/100  loss 0.430  (15s)
  epoch  30/100  loss 0.396  (14s)
  epoch  31/100  loss 0.511  (15s)
  epoch  32/100  loss 0.450  (15s)
  epoch  33/100  loss 0.479  (14s)
  epoch  34/100  loss 0.347  (15s)
  epoch  35/100  loss 0.320  (15s)
  epoch  36/100  loss 0.339  (15s)
  epoch  37/100  loss 0.313  (15s)
  epoch  38/100  loss 0.447  (15s)
  epoch  39/100  loss 0.289  (15s)
  epoch  40/100  loss 0.431  (16s)
  epoch  41/100  loss 0.276  (15s)
  epoch  42/100  loss 0.385  (14s)
  epoch  43/100  loss 0.318  (14s)
  epoch  44/100  loss 0.358  (14s)
  epoch  45/100  loss 0.295  (16s)
  epoch  46/100  loss 0.378  (15s)
  epoch  47/100  loss 0.341  (15s)
  epoch  48/100  loss 0.274  (16s)
  epoch  49/100  loss 0.492  (15s)
  epoch  50/100  loss 0.221  (15s)
  epoch  51/100  loss 0.232  (15s)
  epoch  52/100  loss 0.297  (14s)
  epoch  53/100  loss 0.241  (15s)
  epoch  54/100  loss 0.219  (15s)
  epoch  55/100  loss 0.195  (15s)
  epoch  56/100  loss 0.151  (15s)
  epoch  57/100  loss 0.158  (15s)
  epoch  58/100  loss 0.327  (15s)
  epoch  59/100  loss 0.208  (16s)
  epoch  60/100  loss 0.269  (14s)
  epoch  61/100  loss 0.340  (14s)
  epoch  62/100  loss 0.318  (16s)
  epoch  63/100  loss 0.235  (15s)
  epoch  64/100  loss 0.155  (14s)
  epoch  65/100  loss 0.159  (15s)
  epoch  66/100  loss 0.129  (14s)
  epoch  67/100  loss 0.186  (14s)
  epoch  68/100  loss 0.110  (14s)
  epoch  69/100  loss 0.126  (14s)
  epoch  70/100  loss 0.117  (14s)
  epoch  71/100  loss 0.107  (14s)
  epoch  72/100  loss 0.134  (14s)
  epoch  73/100  loss 0.096  (14s)
  epoch  74/100  loss 0.056  (14s)
  epoch  75/100  loss 0.075  (14s)
  epoch  76/100  loss 0.084  (14s)
  epoch  77/100  loss 0.033  (14s)
  epoch  78/100  loss 0.071  (14s)
  epoch  79/100  loss 0.088  (14s)
  epoch  80/100  loss 0.034  (14s)
  epoch  81/100  loss 0.009  (14s)
  epoch  82/100  loss 0.030  (14s)
  epoch  83/100  loss 0.034  (14s)
  epoch  84/100  loss 0.003  (14s)
  epoch  85/100  loss 0.004  (14s)
  epoch  86/100  loss 0.005  (14s)
  epoch  87/100  loss 0.024  (14s)
  epoch  88/100  loss 0.002  (14s)
  epoch  89/100  loss 0.003  (14s)
  epoch  90/100  loss 0.005  (14s)
  epoch  91/100  loss 0.002  (14s)
  epoch  92/100  loss 0.003  (14s)
  epoch  93/100  loss 0.004  (14s)
  epoch  94/100  loss 0.001  (14s)
  epoch  95/100  loss 0.010  (14s)
  epoch  96/100  loss 0.002  (14s)
  epoch  97/100  loss 0.002  (14s)
  epoch  98/100  loss 0.002  (14s)
  epoch  99/100  loss 0.005  (15s)
  epoch 100/100  loss 0.002  (15s)
  [measure] epoch 100  test acc 81.95%  k*(.95)/C median 0.232  rho(depth) -0.56  (2s)
done
