class subset: 50 classes, 25000 train / 5000 test images
schedule: [100]
  [measure] epoch   0  test acc  2.00%  k*(.95)/C median 0.229  rho(depth) -0.60  (5s)
  epoch   1/100  loss 2.627  (35s)
  epoch   2/100  loss 2.532  (35s)
  epoch   3/100  loss 2.219  (35s)
  epoch   4/100  loss 1.728  (35s)
  epoch   5/100  loss 1.999  (34s)
  epoch   6/100  loss 1.618  (34s)
  epoch   7/100  loss 1.567  (34s)
  epoch   8/100  loss 1.437  (34s)
  epoch   9/100  loss 1.356  (34s)
  epoch  10/100  loss 1.303  (34s)
  epoch  11/100  loss 0.947  (35s)
  epoch  12/100  loss 1.331  (34s)
  epoch  13/100  loss 1.009  (34s)
  epoch  14/100  loss 0.954  (34s)
  epoch  15/100  loss 1.154  (34s)
  epoch  16/100  loss 0.865  (34s)
  epoch  17/100  loss 1.025  (34s)
  epoch  18/100  loss 0.928  (34s)
  epoch  19/100  loss 0.888  (34s)
  epoch  20/100  loss 1.265  (34s)
  epoch  21/100  loss 1.070  (35s)
  epoch  22/100  loss 0.785  (34s)
  epoch  23/100  loss 0.753  (34s)
  epoch  24/100  loss 0.730  (34s)
  epoch  25/100  loss 0.824  (34s)
  epoch  26/100  loss 0.846  (34s)
  epoch  27/100  loss 0.797  (34s)
  epoch  28/100  loss 0.886  (34s)
  epoch  29/100  loss 0.526  (34s)
  epoch  30/100  loss 0.779  (34s)
  epoch  31/100  loss 0.761  (34s)
  epoch  32/100  loss 0.598  (34s)
  epoch  33/100  loss 0.733  (34s)
  epoch  34/100  loss 0.781  (34s)
  epoch  35/100  loss 0.695  (34s)
  epoch  36/100  loss 0.661  (34s)
  epoch  37/100  loss 0.624  (35s)
  epoch  38/100  loss 0.628  (34s)
  epoch  39/100  loss 0.593  (34s)
  epoch  40/100  loss 0.591  (34s)
  epoch  41/100  loss 0.499  (34s)
  epoch  42/100  loss 0.671  (34s)
  epoch  43/100  loss 0.618  (34s)
  epoch  44/100  loss 0.562  (34s)
  epoch  45/100  loss 0.680  (34s)
  epoch  46/100  loss 0.570  (34s)
  epoch  47/100  loss 0.599  (34s)
  epoch  48/100  loss 0.557  (34s)
  epoch  49/100  loss 0.685  (34s)
  epoch  50/100  loss 0.544  (35s)
  epoch  51/100  loss 0.618  (34s)
  epoch  52/100  loss 0.436  (34s)
  epoch  53/100  loss 0.561  (34s)
  epoch  54/100  loss 0.398  (34s)
  epoch  55/100  loss 0.633  (34s)
  epoch  56/100  loss 0.409  (34s)
  epoch  57/100  loss 0.565  (34s)
  epoch  58/100  loss 0.276  (34s)
  epoch  59/100  loss 0.579  (34s)
  epoch  60/100  loss 0.465  (34s)
  epoch  61/100  loss 0.358  (34s)
  epoch  62/100  loss 0.435  (34s)
  epoch  63/100  loss 0.388  (34s)
  epoch  64/100  loss 0.369  (34s)
  epoch  65/100  loss 0.279  (38s)
  epoch  66/100  loss 0.662  (36s)
  epoch  67/100  loss 0.342  (37s)
  epoch  68/100  loss 0.322  (37s)
  epoch  69/100  loss 0.225  (37s)
  epoch  70/100  loss 0.296  (36s)
  epoch  71/100  loss 0.309  (36s)
  epoch  72/100  loss 0.204  (36s)
  epoch  73/100  loss 0.224  (38s)
  epoch  74/100  loss 0.241  (39s)
  epoch  75/100  loss 0.298  (37s)
  epoch  76/100  loss 0.269  (39s)
  epoch  77/100  loss 0.200  (41s)
  epoch  78/100  loss 0.122  (39s)
  epoch  79/100  loss 0.109  (38s)
  epoch  80/100  loss 0.192  (37s)
  epoch  81/100  loss 0.085  (38s)
  epoch  82/100  loss 0.056  (36s)
  epoch  83/100  loss 0.127  (38s)
  epoch  84/100  loss 0.078  (38s)
  epoch  85/100  loss 0.050  (40s)
  epoch  86/100  loss 0.014  (41s)
  epoch  87/100  loss 0.035  (40s)
  epoch  88/100  loss 0.044  (38s)
  epoch  89/100  loss 0.007  (38s)
  epoch  90/100  loss 0.015  (38s)
  epoch  91/100  loss 0.008  (37s)
  epoch  92/100  loss 0.006  (38s)
  epoch  93/100  loss 0.004  (38s)
  epoch  94/100  loss 0.007  (41s)
  epoch  95/100  loss 0.002  (39s)
  epoch  96/100  loss 0.005  (37s)
  epoch  97/100  loss 0.007  (36s)
  epoch  98/100  loss 0.003  (36s)
  epoch  99/100  loss 0.003  (38s)
  epoch 100/100  loss 0.002  (40s)
  [measure] epoch 100  test acc 78.94%  k*(.95)/C median 0.289  rho(depth) -0.06  (5s)
done
