class subset: 50 classes, 25000 train / 5000 test images
schedule: [100]
  [measure] epoch   0  test acc  2.04%  k*(.95)/C median 0.266  rho(depth) -0.54  (6s)
  epoch   1/100  loss 2.757  (37s)
  epoch   2/100  loss 2.294  (36s)
  epoch   3/100  loss 2.207  (36s)
  epoch   4/100  loss 1.810  (36s)
  epoch   5/100  loss 2.076  (35s)
  epoch   6/100  loss 1.583  (35s)
  epoch   7/100  loss 1.570  (35s)
  epoch   8/100  loss 1.569  (35s)
  epoch   9/100  loss 1.602  (36s)
  epoch  10/100  loss 1.195  (36s)
  epoch  11/100  loss 1.167  (36s)
  epoch  12/100  loss 1.410  (36s)
  epoch  13/100  loss 1.191  (40s)
  epoch  14/100  loss 1.080  (43s)
  epoch  15/100  loss 1.181  (38s)
  epoch  16/100  loss 0.934  (38s)
  epoch  17/100  loss 0.983  (38s)
  epoch  18/100  loss 1.071  (38s)
  epoch  19/100  loss 0.927  (40s)
  epoch  20/100  loss 0.975  (40s)
  epoch  21/100  loss 0.907  (41s)
  epoch  22/100  loss 0.959  (46s)
  epoch  23/100  loss 1.054  (44s)
  epoch  24/100  loss 0.671  (38s)
  epoch  25/100  loss 0.610  (41s)
  epoch  26/100  loss 0.711  (45s)
  epoch  27/100  loss 0.790  (44s)
  epoch  28/100  loss 0.780  (37s)
  epoch  29/100  loss 0.830  (38s)
  epoch  30/100  loss 0.550  (36s)
  epoch  31/100  loss 0.732  (38s)
  epoch  32/100  loss 0.596  (37s)
  epoch  33/100  loss 0.692  (38s)
  epoch  34/100  loss 0.609  (38s)
  epoch  35/100  loss 0.792  (37s)
  epoch  36/100  loss 0.659  (37s)
  epoch  37/100  loss 0.614  (37s)
  epoch  38/100  loss 0.620  (37s)
  epoch  39/100  loss 0.803  (38s)
  epoch  40/100  loss 0.540  (37s)
  epoch  41/100  loss 0.625  (37s)
  epoch  42/100  loss 0.604  (37s)
  epoch  43/100  loss 0.706  (37s)
  epoch  44/100  loss 0.608  (37s)
  epoch  45/100  loss 0.634  (37s)
  epoch  46/100  loss 0.626  (37s)
  epoch  47/100  loss 0.600  (39s)
  epoch  48/100  loss 0.695  (36s)
  epoch  49/100  loss 0.571  (36s)
  epoch  50/100  loss 0.552  (37s)
  epoch  51/100  loss 0.514  (40s)
  epoch  52/100  loss 0.557  (40s)
  epoch  53/100  loss 0.403  (38s)
  epoch  54/100  loss 0.468  (38s)
  epoch  55/100  loss 0.437  (37s)
  epoch  56/100  loss 0.453  (37s)
  epoch  57/100  loss 0.546  (36s)
  epoch  58/100  loss 0.380  (41s)
  epoch  59/100  loss 0.474  (36s)
  epoch  60/100  loss 0.507  (38s)
  epoch  61/100  loss 0.389  (37s)
  epoch  62/100  loss 0.559  (37s)
  epoch  63/100  loss 0.288  (39s)
  epoch  64/100  loss 0.468  (38s)
  epoch  65/100  loss 0.438  (37s)
  epoch  66/100  loss 0.500  (36s)
  epoch  67/100  loss 0.243  (39s)
  epoch  68/100  loss 0.361  (38s)
  epoch  69/100  loss 0.418  (37s)
  epoch  70/100  loss 0.345  (41s)
  epoch  71/100  loss 0.400  (38s)
  epoch  72/100  loss 0.387  (36s)
  epoch  73/100  loss 0.258  (36s)
  epoch  74/100  loss 0.243  (46s)
  epoch  75/100  loss 0.203  (43s)
  epoch  76/100  loss 0.230  (36s)
  epoch  77/100  loss 0.168  (37s)
  epoch  78/100  loss 0.161  (36s)
  epoch  79/100  loss 0.134  (37s)
  epoch  80/100  loss 0.141  (37s)
  epoch  81/100  loss 0.309  (37s)
  epoch  82/100  loss 0.095  (36s)
  epoch  83/100  loss 0.058  (37s)
  epoch  84/100  loss 0.036  (36s)
  epoch  85/100  loss 0.042  (37s)
  epoch  86/100  loss 0.020  (37s)
  epoch  87/100  loss 0.031  (37s)
  epoch  88/100  loss 0.025  (37s)
  epoch  89/100  loss 0.004  (37s)
  epoch  90/100  loss 0.012  (37s)
  epoch  91/100  loss 0.012  (37s)
  epoch  92/100  loss 0.004  (38s)
  epoch  93/100  loss 0.001  (37s)
  epoch  94/100  loss 0.003  (36s)
  epoch  95/100  loss 0.003  (36s)
  epoch  96/100  loss 0.003  (36s)
  epoch  97/100  loss 0.003  (37s)
  epoch  98/100  loss 0.002  (37s)
  epoch  99/100  loss 0.003  (36s)
  epoch 100/100  loss 0.008  (36s)
  [measure] epoch 100  test acc 79.26%  k*(.95)/C median 0.293  rho(depth) -0.02  (5s)
done
