class subset: 13 classes, 6500 train / 1300 test images
schedule: [100]
  [measure] epoch   0  test acc  7.77%  k*(.95)/C median 0.281  rho(depth) -0.55  (2s)
  epoch   1/100  loss 1.477  (9s)
  epoch   2/100  loss 1.489  (9s)
  epoch   3/100  loss 1.473  (9s)
  epoch   4/100  loss 1.254  (9s)
  epoch   5/100  loss 1.091  (9s)
  epoch   6/100  loss 1.077  (9s)
  epoch   7/100  loss 1.200  (10s)
  epoch   8/100  loss 1.088  (9s)
  epoch   9/100  loss 1.236  (9s)
  epoch  10/100  loss 1.096  (9s)
  epoch  11/100  loss 0.937  (9s)
  epoch  12/100  loss 0.790  (10s)
  epoch  13/100  loss 0.885  (10s)
  epoch  14/100  loss 1.040  (9s)
  epoch  15/100  loss 1.180  (10s)
  epoch  16/100  loss 0.800  (10s)
  epoch  17/100  loss 0.724  (12s)
  epoch  18/100  loss 0.741  (10s)
  epoch  19/100  loss 0.510  (9s)
  epoch  20/100  loss 0.664  (9s)
  epoch  21/100  loss 0.423  (9s)
  epoch  22/100  loss 0.563  (10s)
  epoch  23/100  loss 0.625  (9s)
  epoch  24/100  loss 0.554  (9s)
  epoch  25/100  loss 0.497  (9s)
  epoch  26/100  loss 0.492  (10s)
  epoch  27/100  loss 0.459  (9s)
  epoch  28/100  loss 0.355  (9s)
  epoch  29/100  loss 0.381  (10s)
  epoch  30/100  loss 0.336  (11s)
  epoch  31/100  loss 0.418  (10s)
  epoch  32/100  loss 0.360  (9s)
  epoch  33/100  loss 0.300  (10s)
  epoch  34/100  loss 0.248  (10s)
  epoch  35/100  loss 0.396  (10s)
  epoch  36/100  loss 0.319  (10s)
  epoch  37/100  loss 0.293  (9s)
  epoch  38/100  loss 0.274  (10s)
  epoch  39/100  loss 0.358  (10s)
  epoch  40/100  loss 0.200  (10s)
  epoch  41/100  loss 0.160  (10s)
  epoch  42/100  loss 0.342  (10s)
  epoch  43/100  loss 0.431  (10s)
  epoch  44/100  loss 0.131  (10s)
  epoch  45/100  loss 0.248  (10s)
  epoch  46/100  loss 0.263  (10s)
  epoch  47/100  loss 0.271  (10s)
  epoch  48/100  loss 0.159  (10s)
  epoch  49/100  loss 0.166  (10s)
  epoch  50/100  loss 0.180  (10s)
  epoch  51/100  loss 0.144  (10s)
  epoch  52/100  loss 0.138  (10s)
  epoch  53/100  loss 0.157  (10s)
  epoch  54/100  loss 0.336  (10s)
  epoch  55/100  loss 0.114  (10s)
  epoch  56/100  loss 0.240  (10s)
  epoch  57/100  loss 0.134  (10s)
  epoch  58/100  loss 0.126  (10s)
  epoch  59/100  loss 0.083  (10s)
  epoch  60/100  loss 0.175  (10s)
  epoch  61/100  loss 0.074  (10s)
  epoch  62/100  loss 0.101  (10s)
  epoch  63/100  loss 0.167  (10s)
  epoch  64/100  loss 0.118  (10s)
  epoch  65/100  loss 0.108  (10s)
  epoch  66/100  loss 0.080  (10s)
  epoch  67/100  loss 0.073  (10s)
  epoch  68/100  loss 0.122  (10s)
  epoch  69/100  loss 0.041  (10s)
  epoch  70/100  loss 0.094  (10s)
  epoch  71/100  loss 0.039  (10s)
  epoch  72/100  loss 0.051  (10s)
  epoch  73/100  loss 0.046  (10s)
  epoch  74/100  loss 0.047  (10s)
  epoch  75/100  loss 0.024  (10s)
  epoch  76/100  loss 0.025  (10s)
  epoch  77/100  loss 0.045  (10s)
  epoch  78/100  loss 0.014  (10s)
  epoch  79/100  loss 0.008  (10s)
  epoch  80/100  loss 0.025  (10s)
  epoch  81/100  loss 0.038  (10s)
  epoch  82/100  loss 0.031  (10s)
  epoch  83/100  loss 0.002  (10s)
  epoch  84/100  loss 0.017  (10s)
  epoch  85/100  loss 0.025  (12s)
  epoch  86/100  loss 0.009  (10s)
  epoch  87/100  loss 0.003  (10s)
  epoch  88/100  loss 0.005  (10s)
  epoch  89/100  loss 0.030  (10s)
  epoch  90/100  loss 0.001  (10s)
  epoch  91/100  loss 0.019  (10s)
  epoch  92/100  loss 0.001  (11s)
  epoch  93/100  loss 0.001  (10s)
  epoch  94/100  loss 0.001  (12s)
  epoch  95/100  loss 0.002  (13s)
  epoch  96/100  loss 0.001  (10s)
  epoch  97/100  loss 0.015  (9s)
  epoch  98/100  loss 0.001  (9s)
  epoch  99/100  loss 0.001  (9s)
  epoch 100/100  loss 0.003  (10s)
  [measure] epoch 100  test acc 81.31%  k*(.95)/C median 0.199  rho(depth) -0.57  (2s)
done
