class subset: 10 classes, 6400 train / 10000 test images
schedule: [100]
  [measure] epoch   0  test acc 11.23%  k*(.95)/C median 0.268  rho(depth) -0.59  (11s)
  epoch   1/100  loss 1.712  (9s)
  epoch   2/100  loss 1.513  (10s)
  epoch   3/100  loss 1.305  (9s)
  epoch   4/100  loss 1.474  (9s)
  epoch   5/100  loss 1.230  (9s)
  epoch   6/100  loss 1.342  (9s)
  epoch   7/100  loss 1.145  (10s)
  epoch   8/100  loss 1.005  (11s)
  epoch   9/100  loss 1.015  (10s)
  epoch  10/100  loss 0.938  (10s)
  epoch  11/100  loss 0.944  (10s)
  epoch  12/100  loss 0.797  (10s)
  epoch  13/100  loss 0.841  (10s)
  epoch  14/100  loss 0.882  (10s)
  epoch  15/100  loss 0.840  (9s)
  epoch  16/100  loss 0.808  (10s)
  epoch  17/100  loss 0.740  (10s)
  epoch  18/100  loss 0.559  (10s)
  epoch  19/100  loss 0.438  (10s)
  epoch  20/100  loss 1.042  (11s)
  epoch  21/100  loss 0.371  (10s)
  epoch  22/100  loss 0.580  (10s)
  epoch  23/100  loss 0.446  (9s)
  epoch  24/100  loss 0.503  (9s)
  epoch  25/100  loss 0.569  (9s)
  epoch  26/100  loss 0.439  (9s)
  epoch  27/100  loss 0.489  (9s)
  epoch  28/100  loss 0.483  (10s)
  epoch  29/100  loss 0.556  (10s)
  epoch  30/100  loss 0.240  (10s)
  epoch  31/100  loss 0.514  (10s)
  epoch  32/100  loss 0.283  (9s)
  epoch  33/100  loss 0.263  (10s)
  epoch  34/100  loss 0.226  (10s)
  epoch  35/100  loss 0.462  (9s)
  epoch  36/100  loss 0.408  (9s)
  epoch  37/100  loss 0.246  (10s)
  epoch  38/100  loss 0.142  (10s)
  epoch  39/100  loss 0.227  (10s)
  epoch  40/100  loss 0.249  (10s)
  epoch  41/100  loss 0.228  (11s)
  epoch  42/100  loss 0.203  (10s)
  epoch  43/100  loss 0.118  (9s)
  epoch  44/100  loss 0.232  (10s)
  epoch  45/100  loss 0.178  (9s)
  epoch  46/100  loss 0.196  (9s)
  epoch  47/100  loss 0.144  (11s)
  epoch  48/100  loss 0.126  (9s)
  epoch  49/100  loss 0.173  (9s)
  epoch  50/100  loss 0.135  (9s)
  epoch  51/100  loss 0.169  (9s)
  epoch  52/100  loss 0.091  (9s)
  epoch  53/100  loss 0.182  (9s)
  epoch  54/100  loss 0.085  (9s)
  epoch  55/100  loss 0.097  (9s)
  epoch  56/100  loss 0.102  (9s)
  epoch  57/100  loss 0.073  (9s)
  epoch  58/100  loss 0.150  (9s)
  epoch  59/100  loss 0.078  (9s)
  epoch  60/100  loss 0.151  (9s)
  epoch  61/100  loss 0.086  (9s)
  epoch  62/100  loss 0.124  (9s)
  epoch  63/100  loss 0.043  (9s)
  epoch  64/100  loss 0.098  (9s)
  epoch  65/100  loss 0.064  (9s)
  epoch  66/100  loss 0.052  (9s)
  epoch  67/100  loss 0.117  (9s)
  epoch  68/100  loss 0.037  (9s)
  epoch  69/100  loss 0.079  (9s)
  epoch  70/100  loss 0.087  (9s)
  epoch  71/100  loss 0.071  (10s)
  epoch  72/100  loss 0.109  (10s)
  epoch  73/100  loss 0.093  (9s)
  epoch  74/100  loss 0.029  (9s)
  epoch  75/100  loss 0.024  (9s)
  epoch  76/100  loss 0.047  (9s)
  epoch  77/100  loss 0.007  (9s)
  epoch  78/100  loss 0.030  (9s)
  epoch  79/100  loss 0.003  (9s)
  epoch  80/100  loss 0.044  (9s)
  epoch  81/100  loss 0.022  (9s)
  epoch  82/100  loss 0.006  (9s)
  epoch  83/100  loss 0.002  (9s)
  epoch  84/100  loss 0.015  (9s)
  epoch  85/100  loss 0.003  (9s)
  epoch  86/100  loss 0.001  (9s)
  epoch  87/100  loss 0.001  (9s)
  epoch  88/100  loss 0.006  (9s)
  epoch  89/100  loss 0.002  (9s)
  epoch  90/100  loss 0.004  (9s)
  epoch  91/100  loss 0.000  (9s)
  epoch  92/100  loss 0.001  (9s)
  epoch  93/100  loss 0.003  (9s)
  epoch  94/100  loss 0.044  (9s)
  epoch  95/100  loss 0.001  (10s)
  epoch  96/100  loss 0.000  (10s)
  epoch  97/100  loss 0.000  (10s)
  epoch  98/100  loss 0.002  (10s)
  epoch  99/100  loss 0.001  (9s)
  epoch 100/100  loss 0.001  (9s)
  [measure] epoch 100  test acc 82.34%  k*(.95)/C median 0.199  rho(depth) -0.56  (10s)
done
