class subset: 10 classes, 6400 train / 10000 test images
schedule: [100]
  [measure] epoch   0  test acc 10.00%  k*(.95)/C median 0.281  rho(depth) -0.59  (12s)
  epoch   1/100  loss 1.849  (10s)
  epoch   2/100  loss 1.580  (10s)
  epoch   3/100  loss 1.483  (10s)
  epoch   4/100  loss 1.338  (9s)
  epoch   5/100  loss 1.328  (9s)
  epoch   6/100  loss 1.066  (9s)
  epoch   7/100  loss 1.079  (9s)
  epoch   8/100  loss 1.016  (9s)
  epoch   9/100  loss 1.169  (9s)
  epoch  10/100  loss 0.745  (10s)
  epoch  11/100  loss 0.890  (10s)
  epoch  12/100  loss 0.819  (10s)
  epoch  13/100  loss 0.949  (11s)
  epoch  14/100  loss 0.773  (10s)
  epoch  15/100  loss 0.777  (11s)
  epoch  16/100  loss 0.619  (10s)
  epoch  17/100  loss 0.778  (10s)
  epoch  18/100  loss 0.714  (10s)
  epoch  19/100  loss 0.531  (11s)
  epoch  20/100  loss 0.760  (10s)
  epoch  21/100  loss 0.584  (10s)
  epoch  22/100  loss 0.499  (9s)
  epoch  23/100  loss 0.386  (10s)
  epoch  24/100  loss 0.584  (10s)
  epoch  25/100  loss 0.519  (10s)
  epoch  26/100  loss 0.364  (11s)
  epoch  27/100  loss 0.479  (12s)
  epoch  28/100  loss 0.608  (9s)
  epoch  29/100  loss 0.389  (9s)
  epoch  30/100  loss 0.357  (9s)
  epoch  31/100  loss 0.325  (9s)
  epoch  32/100  loss 0.266  (9s)
  epoch  33/100  loss 0.462  (9s)
  epoch  34/100  loss 0.398  (11s)
  epoch  35/100  loss 0.201  (9s)
  epoch  36/100  loss 0.290  (9s)
  epoch  37/100  loss 0.338  (9s)
  epoch  38/100  loss 0.371  (9s)
  epoch  39/100  loss 0.169  (9s)
  epoch  40/100  loss 0.232  (9s)
  epoch  41/100  loss 0.257  (9s)
  epoch  42/100  loss 0.142  (9s)
  epoch  43/100  loss 0.273  (10s)
  epoch  44/100  loss 0.313  (10s)
  epoch  45/100  loss 0.085  (10s)
  epoch  46/100  loss 0.260  (10s)
  epoch  47/100  loss 0.142  (10s)
  epoch  48/100  loss 0.139  (9s)
  epoch  49/100  loss 0.140  (9s)
  epoch  50/100  loss 0.149  (9s)
  epoch  51/100  loss 0.299  (11s)
  epoch  52/100  loss 0.196  (12s)
  epoch  53/100  loss 0.105  (10s)
  epoch  54/100  loss 0.136  (9s)
  epoch  55/100  loss 0.218  (9s)
  epoch  56/100  loss 0.187  (9s)
  epoch  57/100  loss 0.101  (9s)
  epoch  58/100  loss 0.135  (9s)
  epoch  59/100  loss 0.079  (9s)
  epoch  60/100  loss 0.073  (10s)
  epoch  61/100  loss 0.034  (10s)
  epoch  62/100  loss 0.050  (10s)
  epoch  63/100  loss 0.116  (10s)
  epoch  64/100  loss 0.205  (10s)
  epoch  65/100  loss 0.136  (10s)
  epoch  66/100  loss 0.088  (9s)
  epoch  67/100  loss 0.129  (9s)
  epoch  68/100  loss 0.068  (9s)
  epoch  69/100  loss 0.115  (10s)
  epoch  70/100  loss 0.122  (9s)
  epoch  71/100  loss 0.048  (9s)
  epoch  72/100  loss 0.057  (9s)
  epoch  73/100  loss 0.017  (9s)
  epoch  74/100  loss 0.019  (9s)
  epoch  75/100  loss 0.035  (9s)
  epoch  76/100  loss 0.029  (9s)
  epoch  77/100  loss 0.030  (11s)
  epoch  78/100  loss 0.006  (9s)
  epoch  79/100  loss 0.003  (9s)
  epoch  80/100  loss 0.022  (9s)
  epoch  81/100  loss 0.002  (9s)
  epoch  82/100  loss 0.040  (9s)
  epoch  83/100  loss 0.002  (9s)
  epoch  84/100  loss 0.001  (9s)
  epoch  85/100  loss 0.002  (9s)
  epoch  86/100  loss 0.001  (9s)
  epoch  87/100  loss 0.005  (9s)
  epoch  88/100  loss 0.005  (9s)
  epoch  89/100  loss 0.006  (10s)
  epoch  90/100  loss 0.001  (9s)
  epoch  91/100  loss 0.002  (9s)
  epoch  92/100  loss 0.001  (9s)
  epoch  93/100  loss 0.003  (9s)
  epoch  94/100  loss 0.001  (9s)
  epoch  95/100  loss 0.001  (9s)
  epoch  96/100  loss 0.003  (9s)
  epoch  97/100  loss 0.001  (9s)
  epoch  98/100  loss 0.001  (9s)
  epoch  99/100  loss 0.002  (10s)
  epoch 100/100  loss 0.001  (9s)
  [measure] epoch 100  test acc 81.91%  k*(.95)/C median 0.203  rho(depth) -0.57  (10s)
done
