class subset: 10 classes, 6400 train / 10000 test images
schedule: [100]
  [measure] epoch   0  test acc 11.97%  k*(.95)/C median 0.369  rho(depth) -0.41  (11s)
  epoch   1/100  loss 1.644  (9s)
  epoch   2/100  loss 1.531  (9s)
  epoch   3/100  loss 1.643  (9s)
  epoch   4/100  loss 1.207  (9s)
  epoch   5/100  loss 1.284  (9s)
  epoch   6/100  loss 1.290  (9s)
  epoch   7/100  loss 1.175  (9s)
  epoch   8/100  loss 1.104  (9s)
  epoch   9/100  loss 1.041  (9s)
  epoch  10/100  loss 1.066  (9s)
  epoch  11/100  loss 0.993  (9s)
  epoch  12/100  loss 1.006  (9s)
  epoch  13/100  loss 0.972  (9s)
  epoch  14/100  loss 0.705  (9s)
  epoch  15/100  loss 0.710  (9s)
  epoch  16/100  loss 0.894  (9s)
  epoch  17/100  loss 0.868  (9s)
  epoch  18/100  loss 0.490  (9s)
  epoch  19/100  loss 0.664  (9s)
  epoch  20/100  loss 0.731  (9s)
  epoch  21/100  loss 0.611  (9s)
  epoch  22/100  loss 0.535  (9s)
  epoch  23/100  loss 0.668  (9s)
  epoch  24/100  loss 0.689  (9s)
  epoch  25/100  loss 0.598  (9s)
  epoch  26/100  loss 0.522  (9s)
  epoch  27/100  loss 0.559  (10s)
  epoch  28/100  loss 0.414  (9s)
  epoch  29/100  loss 0.515  (9s)
  epoch  30/100  loss 0.419  (9s)
  epoch  31/100  loss 0.352  (9s)
  epoch  32/100  loss 0.253  (9s)
  epoch  33/100  loss 0.314  (9s)
  epoch  34/100  loss 0.261  (9s)
  epoch  35/100  loss 0.338  (10s)
  epoch  36/100  loss 0.267  (10s)
  epoch  37/100  loss 0.157  (10s)
  epoch  38/100  loss 0.258  (9s)
  epoch  39/100  loss 0.175  (9s)
  epoch  40/100  loss 0.239  (9s)
  epoch  41/100  loss 0.259  (9s)
  epoch  42/100  loss 0.169  (9s)
  epoch  43/100  loss 0.198  (10s)
  epoch  44/100  loss 0.313  (9s)
  epoch  45/100  loss 0.168  (10s)
  epoch  46/100  loss 0.293  (9s)
  epoch  47/100  loss 0.108  (9s)
  epoch  48/100  loss 0.207  (10s)
  epoch  49/100  loss 0.238  (9s)
  epoch  50/100  loss 0.101  (10s)
  epoch  51/100  loss 0.091  (9s)
  epoch  52/100  loss 0.131  (9s)
  epoch  53/100  loss 0.162  (9s)
  epoch  54/100  loss 0.100  (9s)
  epoch  55/100  loss 0.057  (9s)
  epoch  56/100  loss 0.124  (9s)
  epoch  57/100  loss 0.071  (9s)
  epoch  58/100  loss 0.097  (9s)
  epoch  59/100  loss 0.092  (9s)
  epoch  60/100  loss 0.066  (9s)
  epoch  61/100  loss 0.148  (9s)
  epoch  62/100  loss 0.063  (9s)
  epoch  63/100  loss 0.112  (9s)
  epoch  64/100  loss 0.032  (9s)
  epoch  65/100  loss 0.075  (9s)
  epoch  66/100  loss 0.078  (10s)
  epoch  67/100  loss 0.031  (10s)
  epoch  68/100  loss 0.037  (9s)
  epoch  69/100  loss 0.122  (10s)
  epoch  70/100  loss 0.046  (9s)
  epoch  71/100  loss 0.044  (9s)
  epoch  72/100  loss 0.018  (9s)
  epoch  73/100  loss 0.063  (9s)
  epoch  74/100  loss 0.032  (9s)
  epoch  75/100  loss 0.038  (9s)
  epoch  76/100  loss 0.025  (10s)
  epoch  77/100  loss 0.002  (9s)
  epoch  78/100  loss 0.024  (9s)
  epoch  79/100  loss 0.008  (9s)
  epoch  80/100  loss 0.027  (9s)
  epoch  81/100  loss 0.017  (9s)
  epoch  82/100  loss 0.019  (9s)
  epoch  83/100  loss 0.002  (9s)
  epoch  84/100  loss 0.017  (9s)
  epoch  85/100  loss 0.007  (9s)
  epoch  86/100  loss 0.001  (9s)
  epoch  87/100  loss 0.002  (9s)
  epoch  88/100  loss 0.001  (9s)
  epoch  89/100  loss 0.001  (9s)
  epoch  90/100  loss 0.001  (9s)
  epoch  91/100  loss 0.001  (9s)
  epoch  92/100  loss 0.005  (9s)
  epoch  93/100  loss 0.001  (9s)
  epoch  94/100  loss 0.001  (9s)
  epoch  95/100  loss 0.000  (9s)
  epoch  96/100  loss 0.000  (9s)
  epoch  97/100  loss 0.004  (9s)
  epoch  98/100  loss 0.001  (9s)
  epoch  99/100  loss 0.000  (9s)
  epoch 100/100  loss 0.001  (9s)
  [measure] epoch 100  test acc 81.91%  k*(.95)/C median 0.205  rho(depth) -0.56  (10s)
done
