train: 294 shards -> /workspace/imagenet/train  (workers 12, short side 256)
  [1/294] train-00000-of-00294.parquet: 4358  (17s)
  [2/294] train-00002-of-00294.parquet: 4358  (18s)
  [3/294] train-00004-of-00294.parquet: 4358  (19s)
  [4/294] train-00003-of-00294.parquet: 4358  (19s)
  [5/294] train-00006-of-00294.parquet: 4358  (19s)
  [6/294] train-00001-of-00294.parquet: 4358  (19s)
  [7/294] train-00010-of-00294.parquet: 4358  (20s)
  [8/294] train-00008-of-00294.parquet: 4358  (20s)
  [9/294] train-00009-of-00294.parquet: 4358  (20s)
  [10/294] train-00005-of-00294.parquet: 4358  (20s)
  [11/294] train-00007-of-00294.parquet: 4358  (21s)
  [12/294] train-00011-of-00294.parquet: 4358  (22s)
  [13/294] train-00012-of-00294.parquet: 4358  (36s)
  [14/294] train-00013-of-00294.parquet: 4358  (37s)
  [15/294] train-00014-of-00294.parquet: 4358  (37s)
  [16/294] train-00017-of-00294.parquet: 4358  (37s)
  [17/294] train-00016-of-00294.parquet: 4358  (37s)
  [18/294] train-00015-of-00294.parquet: 4358  (37s)
  [19/294] train-00018-of-00294.parquet: 4358  (38s)
  [20/294] train-00019-of-00294.parquet: 4358  (38s)
  [21/294] train-00021-of-00294.parquet: 4358  (38s)
  [22/294] train-00023-of-00294.parquet: 4358  (39s)
  [23/294] train-00022-of-00294.parquet: 4358  (39s)
  [24/294] train-00020-of-00294.parquet: 4358  (39s)
  [25/294] train-00024-of-00294.parquet: 4358  (54s)
  [26/294] train-00028-of-00294.parquet: 4358  (55s)
  [27/294] train-00026-of-00294.parquet: 4358  (55s)
  [28/294] train-00027-of-00294.parquet: 4358  (55s)
  [29/294] train-00029-of-00294.parquet: 4358  (56s)
  [30/294] train-00025-of-00294.parquet: 4358  (56s)
  [31/294] train-00031-of-00294.parquet: 4358  (56s)
  [32/294] train-00030-of-00294.parquet: 4358  (56s)
  [33/294] train-00033-of-00294.parquet: 4358  (56s)
  [34/294] train-00032-of-00294.parquet: 4358  (56s)
  [35/294] train-00035-of-00294.parquet: 4358  (57s)
  [36/294] train-00034-of-00294.parquet: 4358  (57s)
  [37/294] train-00036-of-00294.parquet: 4358  (72s)
  [38/294] train-00039-of-00294.parquet: 4358  (72s)
  [39/294] train-00037-of-00294.parquet: 4358  (72s)
  [40/294] train-00042-of-00294.parquet: 4358  (72s)
  [41/294] train-00040-of-00294.parquet: 4358  (72s)
  [42/294] train-00043-of-00294.parquet: 4358  (73s)
  [43/294] train-00041-of-00294.parquet: 4358  (73s)
  [44/294] train-00046-of-00294.parquet: 4358  (73s)
  [45/294] train-00045-of-00294.parquet: 4358  (73s)
  [46/294] train-00047-of-00294.parquet: 4358  (74s)
  [47/294] train-00048-of-00294.parquet: 4358  (88s)
  [48/294] train-00049-of-00294.parquet: 4358  (89s)
  [49/294] train-00053-of-00294.parquet: 4358  (89s)
  [50/294] train-00054-of-00294.parquet: 4358  (89s)
  [51/294] train-00051-of-00294.parquet: 4358  (89s)
  [52/294] train-00056-of-00294.parquet: 4358  (89s)
  [53/294] train-00050-of-00294.parquet: 4358  (89s)
  [54/294] train-00052-of-00294.parquet: 4358  (90s)
  [55/294] train-00055-of-00294.parquet: 4358  (90s)
  [56/294] train-00038-of-00294.parquet: 4358  (91s)
  [57/294] train-00057-of-00294.parquet: 4358  (92s)
  [58/294] train-00058-of-00294.parquet: 4358  (105s)
  [59/294] train-00062-of-00294.parquet: 4358  (106s)
  [60/294] train-00061-of-00294.parquet: 4358  (106s)
  [61/294] train-00063-of-00294.parquet: 4358  (106s)
  [62/294] train-00060-of-00294.parquet: 4358  (106s)
  [63/294] train-00065-of-00294.parquet: 4358  (106s)
  [64/294] train-00064-of-00294.parquet: 4358  (106s)
  [65/294] train-00059-of-00294.parquet: 4358  (106s)
  [66/294] train-00066-of-00294.parquet: 4358  (107s)
  [67/294] train-00068-of-00294.parquet: 4358  (108s)
  [68/294] train-00067-of-00294.parquet: 4358  (109s)
  [69/294] train-00073-of-00294.parquet: 4358  (122s)
  [70/294] train-00072-of-00294.parquet: 4358  (122s)
  [71/294] train-00070-of-00294.parquet: 4358  (123s)
  [72/294] train-00074-of-00294.parquet: 4358  (123s)
  [73/294] train-00071-of-00294.parquet: 4358  (123s)
  [74/294] train-00069-of-00294.parquet: 4358  (123s)
  [75/294] train-00077-of-00294.parquet: 4358  (123s)
  [76/294] train-00075-of-00294.parquet: 4358  (124s)
  [77/294] train-00076-of-00294.parquet: 4358  (124s)
  [78/294] train-00078-of-00294.parquet: 4358  (124s)
  [79/294] train-00079-of-00294.parquet: 4358  (125s)
  [80/294] train-00044-of-00294.parquet: 4358  (134s)
  [81/294] train-00080-of-00294.parquet: 4358  (139s)
  [82/294] train-00082-of-00294.parquet: 4358  (140s)
  [83/294] train-00086-of-00294.parquet: 4358  (140s)
  [84/294] train-00083-of-00294.parquet: 4358  (140s)
  [85/294] train-00085-of-00294.parquet: 4358  (140s)
  [86/294] train-00088-of-00294.parquet: 4358  (141s)
  [87/294] train-00084-of-00294.parquet: 4358  (141s)
  [88/294] train-00087-of-00294.parquet: 4358  (141s)
  [89/294] train-00081-of-00294.parquet: 4358  (141s)
  [90/294] train-00089-of-00294.parquet: 4358  (141s)
  [91/294] train-00090-of-00294.parquet: 4358  (142s)
  [92/294] train-00091-of-00294.parquet: 4358  (151s)
  [93/294] train-00092-of-00294.parquet: 4358  (156s)
  [94/294] train-00095-of-00294.parquet: 4358  (157s)
  [95/294] train-00093-of-00294.parquet: 4358  (157s)
  [96/294] train-00094-of-00294.parquet: 4358  (157s)
  [97/294] train-00099-of-00294.parquet: 4358  (158s)
  [98/294] train-00100-of-00294.parquet: 4358  (158s)
  [99/294] train-00098-of-00294.parquet: 4358  (159s)
  [100/294] train-00101-of-00294.parquet: 4358  (159s)
  [101/294] train-00096-of-00294.parquet: 4358  (159s)
  [102/294] train-00097-of-00294.parquet: 4358  (159s)
  [103/294] train-00102-of-00294.parquet: 4358  (160s)
  [104/294] train-00103-of-00294.parquet: 4358  (168s)
  [105/294] train-00104-of-00294.parquet: 4358  (173s)
  [106/294] train-00105-of-00294.parquet: 4358  (174s)
  [107/294] train-00106-of-00294.parquet: 4358  (174s)
  [108/294] train-00108-of-00294.parquet: 4358  (175s)
  [109/294] train-00107-of-00294.parquet: 4358  (175s)
  [110/294] train-00112-of-00294.parquet: 4358  (176s)
  [111/294] train-00114-of-00294.parquet: 4358  (176s)
  [112/294] train-00111-of-00294.parquet: 4358  (177s)
  [113/294] train-00110-of-00294.parquet: 4358  (177s)
  [114/294] train-00109-of-00294.parquet: 4358  (177s)
  [115/294] train-00113-of-00294.parquet: 4358  (177s)
  [116/294] train-00115-of-00294.parquet: 4358  (186s)
  [117/294] train-00117-of-00294.parquet: 4358  (190s)
  [118/294] train-00118-of-00294.parquet: 4358  (191s)
  [119/294] train-00116-of-00294.parquet: 4358  (191s)
  [120/294] train-00120-of-00294.parquet: 4358  (192s)
  [121/294] train-00119-of-00294.parquet: 4358  (194s)
  [122/294] train-00122-of-00294.parquet: 4358  (194s)
  [123/294] train-00123-of-00294.parquet: 4358  (194s)
  [124/294] train-00126-of-00294.parquet: 4358  (194s)
  [125/294] train-00124-of-00294.parquet: 4358  (194s)
  [126/294] train-00121-of-00294.parquet: 4358  (194s)
  [127/294] train-00125-of-00294.parquet: 4358  (195s)
  [128/294] train-00127-of-00294.parquet: 4358  (203s)
  [129/294] train-00129-of-00294.parquet: 4358  (207s)
  [130/294] train-00128-of-00294.parquet: 4358  (207s)
  [131/294] train-00130-of-00294.parquet: 4358  (209s)
  [132/294] train-00131-of-00294.parquet: 4358  (209s)
  [133/294] train-00132-of-00294.parquet: 4358  (210s)
  [134/294] train-00137-of-00294.parquet: 4358  (211s)
  [135/294] train-00135-of-00294.parquet: 4358  (211s)
  [136/294] train-00133-of-00294.parquet: 4358  (211s)
  [137/294] train-00134-of-00294.parquet: 4358  (212s)
  [138/294] train-00136-of-00294.parquet: 4358  (212s)
  [139/294] train-00138-of-00294.parquet: 4358  (213s)
  [140/294] train-00139-of-00294.parquet: 4358  (219s)
  [141/294] train-00141-of-00294.parquet: 4358  (223s)
  [142/294] train-00140-of-00294.parquet: 4358  (224s)
  [143/294] train-00142-of-00294.parquet: 4358  (225s)
  [144/294] train-00143-of-00294.parquet: 4358  (225s)
  [145/294] train-00145-of-00294.parquet: 4358  (227s)
  [146/294] train-00144-of-00294.parquet: 4358  (227s)
  [147/294] train-00148-of-00294.parquet: 4358  (228s)
  [148/294] train-00147-of-00294.parquet: 4358  (228s)
  [149/294] train-00149-of-00294.parquet: 4358  (228s)
  [150/294] train-00146-of-00294.parquet: 4358  (228s)
  [151/294] train-00150-of-00294.parquet: 4358  (229s)
  [152/294] train-00151-of-00294.parquet: 4358  (236s)
  [153/294] train-00152-of-00294.parquet: 4358  (240s)
  [154/294] train-00153-of-00294.parquet: 4358  (240s)
  [155/294] train-00154-of-00294.parquet: 4358  (241s)
  [156/294] train-00155-of-00294.parquet: 4358  (242s)
  [157/294] train-00158-of-00294.parquet: 4358  (245s)
  [158/294] train-00159-of-00294.parquet: 4358  (245s)
  [159/294] train-00161-of-00294.parquet: 4358  (246s)
  [160/294] train-00156-of-00294.parquet: 4358  (246s)
  [161/294] train-00160-of-00294.parquet: 4358  (247s)
  [162/294] train-00157-of-00294.parquet: 4358  (247s)
  [163/294] train-00162-of-00294.parquet: 4358  (247s)
  [164/294] train-00163-of-00294.parquet: 4358  (252s)
  [165/294] train-00165-of-00294.parquet: 4358  (257s)
  [166/294] train-00166-of-00294.parquet: 4358  (257s)
  [167/294] train-00164-of-00294.parquet: 4358  (258s)
  [168/294] train-00167-of-00294.parquet: 4358  (260s)
  [169/294] train-00168-of-00294.parquet: 4358  (262s)
  [170/294] train-00170-of-00294.parquet: 4358  (262s)
  [171/294] train-00169-of-00294.parquet: 4358  (263s)
  [172/294] train-00171-of-00294.parquet: 4358  (263s)
  [173/294] train-00173-of-00294.parquet: 4358  (264s)
  [174/294] train-00172-of-00294.parquet: 4358  (264s)
  [175/294] train-00174-of-00294.parquet: 4358  (264s)
  [176/294] train-00175-of-00294.parquet: 4358  (269s)
  [177/294] train-00177-of-00294.parquet: 4358  (274s)
  [178/294] train-00176-of-00294.parquet: 4358  (274s)
  [179/294] train-00178-of-00294.parquet: 4358  (275s)
  [180/294] train-00179-of-00294.parquet: 4358  (276s)
  [181/294] train-00180-of-00294.parquet: 4358  (278s)
  [182/294] train-00182-of-00294.parquet: 4358  (280s)
  [183/294] train-00183-of-00294.parquet: 4358  (280s)
  [184/294] train-00181-of-00294.parquet: 4358  (281s)
  [185/294] train-00184-of-00294.parquet: 4358  (281s)
  [186/294] train-00186-of-00294.parquet: 4358  (281s)
  [187/294] train-00185-of-00294.parquet: 4358  (281s)
  [188/294] train-00187-of-00294.parquet: 4358  (285s)
  [189/294] train-00188-of-00294.parquet: 4358  (291s)
  [190/294] train-00190-of-00294.parquet: 4358  (292s)
  [191/294] train-00189-of-00294.parquet: 4358  (292s)
  [192/294] train-00191-of-00294.parquet: 4358  (293s)
  [193/294] train-00192-of-00294.parquet: 4358  (295s)
  [194/294] train-00193-of-00294.parquet: 4358  (296s)
  [195/294] train-00196-of-00294.parquet: 4358  (297s)
  [196/294] train-00194-of-00294.parquet: 4358  (297s)
  [197/294] train-00197-of-00294.parquet: 4358  (297s)
  [198/294] train-00195-of-00294.parquet: 4358  (297s)
  [199/294] train-00198-of-00294.parquet: 4358  (298s)
  [200/294] train-00199-of-00294.parquet: 4358  (301s)
  [201/294] train-00200-of-00294.parquet: 4358  (307s)
  [202/294] train-00201-of-00294.parquet: 4358  (308s)
  [203/294] train-00203-of-00294.parquet: 4358  (309s)
  [204/294] train-00202-of-00294.parquet: 4358  (311s)
  [205/294] train-00204-of-00294.parquet: 4358  (311s)
  [206/294] train-00205-of-00294.parquet: 4358  (312s)
  [207/294] train-00206-of-00294.parquet: 4358  (313s)
  [208/294] train-00208-of-00294.parquet: 4358  (313s)
  [209/294] train-00207-of-00294.parquet: 4358  (314s)
  [210/294] train-00209-of-00294.parquet: 4357  (315s)
  [211/294] train-00210-of-00294.parquet: 4357  (316s)
  [212/294] train-00211-of-00294.parquet: 4357  (318s)
  [213/294] train-00212-of-00294.parquet: 4357  (323s)
  [214/294] train-00213-of-00294.parquet: 4357  (325s)
  [215/294] train-00214-of-00294.parquet: 4357  (325s)
  [216/294] train-00216-of-00294.parquet: 4357  (327s)
  [217/294] train-00215-of-00294.parquet: 4357  (327s)
  [218/294] train-00218-of-00294.parquet: 4357  (328s)
  [219/294] train-00217-of-00294.parquet: 4357  (328s)
  [220/294] train-00220-of-00294.parquet: 4357  (330s)
  [221/294] train-00219-of-00294.parquet: 4357  (331s)
  [222/294] train-00221-of-00294.parquet: 4357  (331s)
  [223/294] train-00223-of-00294.parquet: 4357  (334s)
  [224/294] train-00222-of-00294.parquet: 4357  (334s)
  [225/294] train-00224-of-00294.parquet: 4357  (339s)
  [226/294] train-00225-of-00294.parquet: 4357  (342s)
  [227/294] train-00226-of-00294.parquet: 4357  (342s)
  [228/294] train-00227-of-00294.parquet: 4357  (343s)
  [229/294] train-00228-of-00294.parquet: 4357  (343s)
  [230/294] train-00229-of-00294.parquet: 4357  (344s)
  [231/294] train-00230-of-00294.parquet: 4357  (344s)
  [232/294] train-00231-of-00294.parquet: 4357  (346s)
  [233/294] train-00232-of-00294.parquet: 4357  (347s)
  [234/294] train-00233-of-00294.parquet: 4357  (347s)
  [235/294] train-00235-of-00294.parquet: 4357  (350s)
  [236/294] train-00234-of-00294.parquet: 4357  (352s)
  [237/294] train-00236-of-00294.parquet: 4357  (355s)
  [238/294] train-00239-of-00294.parquet: 4357  (359s)
  [239/294] train-00237-of-00294.parquet: 4357  (359s)
  [240/294] train-00238-of-00294.parquet: 4357  (359s)
  [241/294] train-00241-of-00294.parquet: 4357  (360s)
  [242/294] train-00240-of-00294.parquet: 4357  (360s)
  [243/294] train-00242-of-00294.parquet: 4357  (360s)
  [244/294] train-00243-of-00294.parquet: 4357  (363s)
  [245/294] train-00245-of-00294.parquet: 4357  (363s)
  [246/294] train-00244-of-00294.parquet: 4357  (364s)
  [247/294] train-00246-of-00294.parquet: 4357  (366s)
  [248/294] train-00247-of-00294.parquet: 4357  (369s)
  [249/294] train-00248-of-00294.parquet: 4357  (370s)
  [250/294] train-00249-of-00294.parquet: 4357  (375s)
  [251/294] train-00251-of-00294.parquet: 4357  (375s)
  [252/294] train-00250-of-00294.parquet: 4357  (375s)
  [253/294] train-00253-of-00294.parquet: 4357  (376s)
  [254/294] train-00254-of-00294.parquet: 4357  (377s)
  [255/294] train-00252-of-00294.parquet: 4357  (377s)
  [256/294] train-00255-of-00294.parquet: 4357  (379s)
  [257/294] train-00257-of-00294.parquet: 4357  (381s)
  [258/294] train-00258-of-00294.parquet: 4357  (383s)
  [259/294] train-00256-of-00294.parquet: 4357  (384s)
  [260/294] train-00259-of-00294.parquet: 4357  (385s)
  [261/294] train-00260-of-00294.parquet: 4357  (386s)
  [262/294] train-00262-of-00294.parquet: 4357  (391s)
  [263/294] train-00261-of-00294.parquet: 4357  (391s)
  [264/294] train-00263-of-00294.parquet: 4357  (391s)
  [265/294] train-00266-of-00294.parquet: 4357  (393s)
  [266/294] train-00265-of-00294.parquet: 4357  (393s)
  [267/294] train-00264-of-00294.parquet: 4357  (394s)
  [268/294] train-00267-of-00294.parquet: 4357  (397s)
  [269/294] train-00268-of-00294.parquet: 4357  (398s)
  [270/294] train-00269-of-00294.parquet: 4357  (399s)
  [271/294] train-00270-of-00294.parquet: 4357  (400s)
  [272/294] train-00271-of-00294.parquet: 4357  (401s)
  [273/294] train-00272-of-00294.parquet: 4357  (402s)
  [274/294] train-00274-of-00294.parquet: 4357  (407s)
  [275/294] train-00273-of-00294.parquet: 4357  (407s)
  [276/294] train-00275-of-00294.parquet: 4357  (408s)
  [277/294] train-00276-of-00294.parquet: 4357  (409s)
  [278/294] train-00277-of-00294.parquet: 4357  (410s)
  [279/294] train-00278-of-00294.parquet: 4357  (410s)
  [280/294] train-00279-of-00294.parquet: 4357  (414s)
  [281/294] train-00280-of-00294.parquet: 4357  (415s)
  [282/294] train-00281-of-00294.parquet: 4357  (415s)
  [283/294] train-00282-of-00294.parquet: 4357  (416s)
  [284/294] train-00284-of-00294.parquet: 4357  (418s)
  [285/294] train-00283-of-00294.parquet: 4357  (419s)
  [286/294] train-00285-of-00294.parquet: 4357  (423s)
  [287/294] train-00286-of-00294.parquet: 4357  (423s)
  [288/294] train-00287-of-00294.parquet: 4357  (423s)
  [289/294] train-00288-of-00294.parquet: 4357  (424s)
  [290/294] train-00289-of-00294.parquet: 4357  (426s)
  [291/294] train-00290-of-00294.parquet: 4357  (427s)
  [292/294] train-00291-of-00294.parquet: 4357  (429s)
  [293/294] train-00292-of-00294.parquet: 4357  (429s)
  [294/294] train-00293-of-00294.parquet: 4357  (430s)
train: 1281167 images on disk in 1000 classes (this run wrote 1281167)
val: 14 shards -> /workspace/imagenet/val  (workers 12, short side 256)
  [1/14] validation-00010-of-00014.parquet: 3571  (18s)
  [2/14] validation-00005-of-00014.parquet: 3572  (18s)
  [3/14] validation-00000-of-00014.parquet: 3572  (18s)
  [4/14] validation-00006-of-00014.parquet: 3571  (18s)
  [5/14] validation-00002-of-00014.parquet: 3572  (18s)
  [6/14] validation-00007-of-00014.parquet: 3571  (18s)
  [7/14] validation-00008-of-00014.parquet: 3571  (18s)
  [8/14] validation-00003-of-00014.parquet: 3572  (19s)
  [9/14] validation-00011-of-00014.parquet: 3571  (19s)
  [10/14] validation-00009-of-00014.parquet: 3571  (20s)
  [11/14] validation-00001-of-00014.parquet: 3572  (20s)
  [12/14] validation-00004-of-00014.parquet: 3572  (20s)
  [13/14] validation-00013-of-00014.parquet: 3571  (31s)
  [14/14] validation-00012-of-00014.parquet: 3571  (31s)
val: 50000 images on disk in 1000 classes (this run wrote 50000)
