widths [44, 64, 63, 64, 128, 128, 127, 255, 255, 255, 510, 509, 511]  params 11,594,456  MACs@224 1.739 G  classes 1000  train batches/epoch 5004  device cuda
    ep 1 it 0/5004 loss 7.034 13 img/s
    ep 1 it 500/5004 loss 6.022 1177 img/s
    ep 1 it 1000/5004 loss 5.673 1377 img/s
    ep 1 it 1500/5004 loss 5.194 1532 img/s
    ep 1 it 2000/5004 loss 4.985 1651 img/s
    ep 1 it 2500/5004 loss 4.748 1738 img/s
    ep 1 it 3000/5004 loss 4.540 1801 img/s
    ep 1 it 3500/5004 loss 4.514 1844 img/s
    ep 1 it 4000/5004 loss 4.237 1880 img/s
    ep 1 it 4500/5004 loss 4.201 1907 img/s
    ep 1 it 5000/5004 loss 3.977 1936 img/s
  epoch   1/90  lr 0.1000  loss 4.910  top1 21.76  top5 45.31  (662s, 1936 img/s)
    ep 2 it 0/5004 loss 3.648 208 img/s
    ep 2 it 500/5004 loss 3.724 2062 img/s
    ep 2 it 1000/5004 loss 3.621 2093 img/s
    ep 2 it 1500/5004 loss 3.364 2100 img/s
    ep 2 it 2000/5004 loss 3.610 2116 img/s
    ep 2 it 2500/5004 loss 3.530 2127 img/s
    ep 2 it 3000/5004 loss 3.240 2136 img/s
    ep 2 it 3500/5004 loss 3.528 2143 img/s
    ep 2 it 4000/5004 loss 3.429 2147 img/s
    ep 2 it 4500/5004 loss 3.061 2148 img/s
    ep 2 it 5000/5004 loss 3.156 2116 img/s
  epoch   2/90  lr 0.1000  loss 3.516  top1 32.82  top5 59.16  (605s, 2116 img/s)
    ep 3 it 0/5004 loss 3.441 203 img/s
    ep 3 it 500/5004 loss 3.326 1947 img/s
    ep 3 it 1000/5004 loss 3.284 2044 img/s
    ep 3 it 1500/5004 loss 3.328 2109 img/s
    ep 3 it 2000/5004 loss 3.160 2128 img/s
    ep 3 it 2500/5004 loss 3.050 2155 img/s
    ep 3 it 3000/5004 loss 3.170 2164 img/s
    ep 3 it 3500/5004 loss 3.173 2165 img/s
    ep 3 it 4000/5004 loss 2.960 2165 img/s
    ep 3 it 4500/5004 loss 3.093 2172 img/s
    ep 3 it 5000/5004 loss 2.979 2178 img/s
  epoch   3/90  lr 0.1000  loss 3.102  top1 38.73  top5 65.23  (588s, 2178 img/s)
    ep 4 it 0/5004 loss 3.068 305 img/s
    ep 4 it 500/5004 loss 2.863 2106 img/s
    ep 4 it 1000/5004 loss 3.101 2115 img/s
    ep 4 it 1500/5004 loss 3.160 2116 img/s
    ep 4 it 2000/5004 loss 3.028 2141 img/s
    ep 4 it 2500/5004 loss 2.987 2145 img/s
    ep 4 it 3000/5004 loss 3.061 2156 img/s
    ep 4 it 3500/5004 loss 2.884 2166 img/s
    ep 4 it 4000/5004 loss 2.488 2164 img/s
    ep 4 it 4500/5004 loss 2.682 2156 img/s
    ep 4 it 5000/5004 loss 2.962 2156 img/s
  epoch   4/90  lr 0.1000  loss 2.916  top1 39.01  top5 65.39  (594s, 2156 img/s)
    ep 5 it 0/5004 loss 2.619 241 img/s
    ep 5 it 500/5004 loss 2.783 2195 img/s
    ep 5 it 1000/5004 loss 2.850 2190 img/s
    ep 5 it 1500/5004 loss 2.958 2185 img/s
    ep 5 it 2000/5004 loss 2.855 2186 img/s
    ep 5 it 2500/5004 loss 2.685 2182 img/s
    ep 5 it 3000/5004 loss 2.800 2180 img/s
    ep 5 it 3500/5004 loss 3.006 2172 img/s
    ep 5 it 4000/5004 loss 2.649 2173 img/s
    ep 5 it 4500/5004 loss 2.600 2179 img/s
    ep 5 it 5000/5004 loss 2.920 2177 img/s
  epoch   5/90  lr 0.1000  loss 2.805  top1 40.93  top5 67.57  (588s, 2177 img/s)
    ep 6 it 0/5004 loss 3.094 226 img/s
    ep 6 it 500/5004 loss 2.615 2098 img/s
    ep 6 it 1000/5004 loss 2.734 2112 img/s
    ep 6 it 1500/5004 loss 3.084 2115 img/s
    ep 6 it 2000/5004 loss 2.619 2144 img/s
    ep 6 it 2500/5004 loss 2.822 2147 img/s
    ep 6 it 3000/5004 loss 2.747 2150 img/s
    ep 6 it 3500/5004 loss 2.768 2152 img/s
    ep 6 it 4000/5004 loss 2.692 2144 img/s
    ep 6 it 4500/5004 loss 2.780 2033 img/s
    ep 6 it 5000/5004 loss 2.831 2002 img/s
  epoch   6/90  lr 0.1000  loss 2.734  top1 42.14  top5 68.94  (640s, 2002 img/s)
    ep 7 it 0/5004 loss 2.842 238 img/s
    ep 7 it 500/5004 loss 2.771 2136 img/s
    ep 7 it 1000/5004 loss 2.384 2189 img/s
    ep 7 it 1500/5004 loss 2.750 2187 img/s
    ep 7 it 2000/5004 loss 2.473 2178 img/s
    ep 7 it 2500/5004 loss 2.767 2186 img/s
    ep 7 it 3000/5004 loss 2.651 2184 img/s
    ep 7 it 3500/5004 loss 2.652 2182 img/s
    ep 7 it 4000/5004 loss 2.510 2186 img/s
    ep 7 it 4500/5004 loss 2.614 2184 img/s
    ep 7 it 5000/5004 loss 3.029 2186 img/s
  epoch   7/90  lr 0.1000  loss 2.689  top1 45.05  top5 72.10  (586s, 2186 img/s)
    ep 8 it 0/5004 loss 2.411 233 img/s
    ep 8 it 500/5004 loss 2.918 2128 img/s
    ep 8 it 1000/5004 loss 2.751 2154 img/s
    ep 8 it 1500/5004 loss 2.855 2138 img/s
    ep 8 it 2000/5004 loss 2.690 2135 img/s
    ep 8 it 2500/5004 loss 2.842 2142 img/s
    ep 8 it 3000/5004 loss 2.767 2149 img/s
    ep 8 it 3500/5004 loss 2.753 2148 img/s
    ep 8 it 4000/5004 loss 2.750 2158 img/s
    ep 8 it 4500/5004 loss 2.790 2150 img/s
    ep 8 it 5000/5004 loss 2.656 2148 img/s
  epoch   8/90  lr 0.1000  loss 2.649  top1 42.15  top5 68.67  (596s, 2149 img/s)
    ep 9 it 0/5004 loss 2.706 165 img/s
    ep 9 it 500/5004 loss 2.581 1412 img/s
    ep 9 it 1000/5004 loss 2.687 1579 img/s
    ep 9 it 1500/5004 loss 2.792 1715 img/s
    ep 9 it 2000/5004 loss 2.576 1810 img/s
    ep 9 it 2500/5004 loss 2.747 1869 img/s
    ep 9 it 3000/5004 loss 2.924 1915 img/s
    ep 9 it 3500/5004 loss 2.639 1956 img/s
    ep 9 it 4000/5004 loss 2.463 1980 img/s
    ep 9 it 4500/5004 loss 2.743 1991 img/s
    ep 9 it 5000/5004 loss 2.535 2008 img/s
  epoch   9/90  lr 0.1000  loss 2.623  top1 43.79  top5 70.37  (638s, 2008 img/s)
    ep 10 it 0/5004 loss 2.609 209 img/s
    ep 10 it 500/5004 loss 2.714 2047 img/s
    ep 10 it 1000/5004 loss 2.656 2102 img/s
    ep 10 it 1500/5004 loss 2.827 2135 img/s
    ep 10 it 2000/5004 loss 2.419 2145 img/s
    ep 10 it 2500/5004 loss 2.571 2143 img/s
    ep 10 it 3000/5004 loss 2.801 2143 img/s
    ep 10 it 3500/5004 loss 2.719 2152 img/s
    ep 10 it 4000/5004 loss 2.749 2147 img/s
    ep 10 it 4500/5004 loss 2.628 2145 img/s
    ep 10 it 5000/5004 loss 2.607 2142 img/s
  epoch  10/90  lr 0.1000  loss 2.602  top1 43.63  top5 70.02  (598s, 2142 img/s)
    ep 11 it 0/5004 loss 2.429 153 img/s
    ep 11 it 500/5004 loss 2.503 1388 img/s
    ep 11 it 1000/5004 loss 2.385 1557 img/s
    ep 11 it 1500/5004 loss 2.638 1696 img/s
    ep 11 it 2000/5004 loss 2.661 1799 img/s
    ep 11 it 2500/5004 loss 2.279 1868 img/s
    ep 11 it 3000/5004 loss 2.380 1921 img/s
    ep 11 it 3500/5004 loss 2.525 1955 img/s
    ep 11 it 4000/5004 loss 2.712 1976 img/s
    ep 11 it 4500/5004 loss 2.710 1989 img/s
    ep 11 it 5000/5004 loss 2.851 2002 img/s
  epoch  11/90  lr 0.1000  loss 2.585  top1 45.58  top5 72.24  (640s, 2002 img/s)
    ep 12 it 0/5004 loss 2.826 202 img/s
    ep 12 it 500/5004 loss 2.436 2107 img/s
    ep 12 it 1000/5004 loss 2.424 2127 img/s
    ep 12 it 1500/5004 loss 2.810 2127 img/s
    ep 12 it 2000/5004 loss 2.422 2126 img/s
    ep 12 it 2500/5004 loss 2.637 2133 img/s
    ep 12 it 3000/5004 loss 2.550 2148 img/s
    ep 12 it 3500/5004 loss 2.615 2141 img/s
    ep 12 it 4000/5004 loss 2.634 2136 img/s
    ep 12 it 4500/5004 loss 2.421 2138 img/s
    ep 12 it 5000/5004 loss 2.749 2138 img/s
  epoch  12/90  lr 0.1000  loss 2.565  top1 45.41  top5 72.00  (599s, 2138 img/s)
    ep 13 it 0/5004 loss 2.592 218 img/s
    ep 13 it 500/5004 loss 2.393 2130 img/s
    ep 13 it 1000/5004 loss 2.359 2147 img/s
    ep 13 it 1500/5004 loss 2.547 2162 img/s
    ep 13 it 2000/5004 loss 2.522 2157 img/s
    ep 13 it 2500/5004 loss 2.682 2173 img/s
    ep 13 it 3000/5004 loss 2.528 2173 img/s
    ep 13 it 3500/5004 loss 2.305 2164 img/s
    ep 13 it 4000/5004 loss 2.286 2156 img/s
    ep 13 it 4500/5004 loss 2.563 2152 img/s
    ep 13 it 5000/5004 loss 2.520 2148 img/s
  epoch  13/90  lr 0.1000  loss 2.557  top1 47.47  top5 73.75  (596s, 2148 img/s)
    ep 14 it 0/5004 loss 2.691 299 img/s
    ep 14 it 500/5004 loss 2.543 2109 img/s
    ep 14 it 1000/5004 loss 2.627 2124 img/s
    ep 14 it 1500/5004 loss 2.279 2120 img/s
    ep 14 it 2000/5004 loss 2.484 2131 img/s
    ep 14 it 2500/5004 loss 2.450 2128 img/s
    ep 14 it 3000/5004 loss 2.621 2125 img/s
    ep 14 it 3500/5004 loss 2.422 2121 img/s
    ep 14 it 4000/5004 loss 2.434 2121 img/s
    ep 14 it 4500/5004 loss 2.531 2122 img/s
    ep 14 it 5000/5004 loss 2.546 2116 img/s
  epoch  14/90  lr 0.1000  loss 2.547  top1 47.54  top5 73.88  (605s, 2116 img/s)
    ep 15 it 0/5004 loss 2.306 299 img/s
    ep 15 it 500/5004 loss 2.307 2075 img/s
    ep 15 it 1000/5004 loss 2.417 2088 img/s
    ep 15 it 1500/5004 loss 2.407 2097 img/s
    ep 15 it 2000/5004 loss 2.375 2118 img/s
    ep 15 it 2500/5004 loss 2.304 2130 img/s
    ep 15 it 3000/5004 loss 2.544 2129 img/s
    ep 15 it 3500/5004 loss 2.414 2134 img/s
    ep 15 it 4000/5004 loss 2.476 2133 img/s
    ep 15 it 4500/5004 loss 2.443 2139 img/s
    ep 15 it 5000/5004 loss 2.592 2141 img/s
  epoch  15/90  lr 0.1000  loss 2.532  top1 46.74  top5 73.17  (598s, 2141 img/s)
    ep 16 it 0/5004 loss 2.274 152 img/s
    ep 16 it 500/5004 loss 2.562 1390 img/s
    ep 16 it 1000/5004 loss 2.313 1566 img/s
    ep 16 it 1500/5004 loss 2.477 1707 img/s
    ep 16 it 2000/5004 loss 2.684 1791 img/s
    ep 16 it 2500/5004 loss 2.427 1855 img/s
    ep 16 it 3000/5004 loss 2.449 1897 img/s
    ep 16 it 3500/5004 loss 2.472 1934 img/s
    ep 16 it 4000/5004 loss 2.675 1959 img/s
    ep 16 it 4500/5004 loss 2.691 1987 img/s
    ep 16 it 5000/5004 loss 2.650 2000 img/s
  epoch  16/90  lr 0.1000  loss 2.524  top1 47.26  top5 73.68  (641s, 2000 img/s)
    ep 17 it 0/5004 loss 2.626 310 img/s
    ep 17 it 500/5004 loss 2.482 2084 img/s
    ep 17 it 1000/5004 loss 2.506 2137 img/s
    ep 17 it 1500/5004 loss 2.738 2127 img/s
    ep 17 it 2000/5004 loss 2.880 2112 img/s
    ep 17 it 2500/5004 loss 2.345 2111 img/s
    ep 17 it 3000/5004 loss 2.543 2117 img/s
    ep 17 it 3500/5004 loss 2.479 2126 img/s
    ep 17 it 4000/5004 loss 2.503 2127 img/s
    ep 17 it 4500/5004 loss 2.481 2125 img/s
    ep 17 it 5000/5004 loss 2.719 2126 img/s
  epoch  17/90  lr 0.1000  loss 2.516  top1 47.07  top5 73.44  (603s, 2126 img/s)
    ep 18 it 0/5004 loss 2.498 155 img/s
    ep 18 it 500/5004 loss 2.562 1264 img/s
    ep 18 it 1000/5004 loss 2.411 1396 img/s
    ep 18 it 1500/5004 loss 2.630 1529 img/s
    ep 18 it 2000/5004 loss 2.423 1635 img/s
    ep 18 it 2500/5004 loss 2.372 1721 img/s
    ep 18 it 3000/5004 loss 2.472 1778 img/s
    ep 18 it 3500/5004 loss 2.822 1822 img/s
    ep 18 it 4000/5004 loss 2.716 1861 img/s
    ep 18 it 4500/5004 loss 2.427 1892 img/s
    ep 18 it 5000/5004 loss 2.560 1913 img/s
  epoch  18/90  lr 0.1000  loss 2.512  top1 40.90  top5 67.84  (670s, 1913 img/s)
    ep 19 it 0/5004 loss 2.677 304 img/s
    ep 19 it 500/5004 loss 2.562 2189 img/s
    ep 19 it 1000/5004 loss 2.307 2143 img/s
    ep 19 it 1500/5004 loss 2.492 2143 img/s
    ep 19 it 2000/5004 loss 2.371 2136 img/s
    ep 19 it 2500/5004 loss 2.434 2145 img/s
    ep 19 it 3000/5004 loss 2.767 2136 img/s
    ep 19 it 3500/5004 loss 2.294 2134 img/s
    ep 19 it 4000/5004 loss 2.735 2131 img/s
    ep 19 it 4500/5004 loss 2.523 2131 img/s
    ep 19 it 5000/5004 loss 2.313 2128 img/s
  epoch  19/90  lr 0.1000  loss 2.502  top1 48.91  top5 74.89  (602s, 2128 img/s)
    ep 20 it 0/5004 loss 2.620 159 img/s
    ep 20 it 500/5004 loss 2.511 1358 img/s
    ep 20 it 1000/5004 loss 2.831 1512 img/s
    ep 20 it 1500/5004 loss 2.443 1665 img/s
    ep 20 it 2000/5004 loss 2.518 1772 img/s
    ep 20 it 2500/5004 loss 2.524 1841 img/s
    ep 20 it 3000/5004 loss 2.493 1889 img/s
    ep 20 it 3500/5004 loss 2.549 1923 img/s
    ep 20 it 4000/5004 loss 2.524 1950 img/s
    ep 20 it 4500/5004 loss 2.676 1970 img/s
    ep 20 it 5000/5004 loss 2.710 2000 img/s
  epoch  20/90  lr 0.1000  loss 2.499  top1 47.89  top5 74.03  (640s, 2000 img/s)
    ep 21 it 0/5004 loss 2.552 244 img/s
    ep 21 it 500/5004 loss 2.381 2105 img/s
    ep 21 it 1000/5004 loss 2.299 2104 img/s
    ep 21 it 1500/5004 loss 2.443 2111 img/s
    ep 21 it 2000/5004 loss 2.710 2123 img/s
    ep 21 it 2500/5004 loss 2.323 2130 img/s
    ep 21 it 3000/5004 loss 2.469 2131 img/s
    ep 21 it 3500/5004 loss 2.329 2141 img/s
    ep 21 it 4000/5004 loss 2.650 2141 img/s
    ep 21 it 4500/5004 loss 2.365 2144 img/s
    ep 21 it 5000/5004 loss 2.223 2152 img/s
  epoch  21/90  lr 0.1000  loss 2.492  top1 48.12  top5 74.59  (595s, 2152 img/s)
    ep 22 it 0/5004 loss 2.510 249 img/s
    ep 22 it 500/5004 loss 2.307 2089 img/s
    ep 22 it 1000/5004 loss 2.577 2125 img/s
    ep 22 it 1500/5004 loss 2.662 2132 img/s
    ep 22 it 2000/5004 loss 2.506 2131 img/s
    ep 22 it 2500/5004 loss 2.654 2121 img/s
    ep 22 it 3000/5004 loss 2.332 2125 img/s
    ep 22 it 3500/5004 loss 2.311 2133 img/s
    ep 22 it 4000/5004 loss 2.335 2127 img/s
    ep 22 it 4500/5004 loss 2.369 2075 img/s
    ep 22 it 5000/5004 loss 2.552 1982 img/s
  epoch  22/90  lr 0.1000  loss 2.490  top1 47.11  top5 73.63  (647s, 1981 img/s)
    ep 23 it 0/5004 loss 2.564 242 img/s
    ep 23 it 500/5004 loss 2.439 1866 img/s
    ep 23 it 1000/5004 loss 2.481 1987 img/s
    ep 23 it 1500/5004 loss 2.452 2062 img/s
    ep 23 it 2000/5004 loss 2.597 2096 img/s
    ep 23 it 2500/5004 loss 2.529 2111 img/s
    ep 23 it 3000/5004 loss 2.669 2130 img/s
    ep 23 it 3500/5004 loss 2.529 2137 img/s
    ep 23 it 4000/5004 loss 2.335 2135 img/s
    ep 23 it 4500/5004 loss 2.366 2145 img/s
    ep 23 it 5000/5004 loss 2.727 2138 img/s
  epoch  23/90  lr 0.1000  loss 2.484  top1 48.40  top5 74.37  (599s, 2138 img/s)
    ep 24 it 0/5004 loss 2.403 246 img/s
    ep 24 it 500/5004 loss 2.331 2141 img/s
    ep 24 it 1000/5004 loss 2.475 2128 img/s
    ep 24 it 1500/5004 loss 2.551 2138 img/s
    ep 24 it 2000/5004 loss 2.689 2140 img/s
    ep 24 it 2500/5004 loss 2.570 2131 img/s
    ep 24 it 3000/5004 loss 2.399 2141 img/s
    ep 24 it 3500/5004 loss 2.510 2137 img/s
    ep 24 it 4000/5004 loss 2.282 2108 img/s
    ep 24 it 4500/5004 loss 2.446 1976 img/s
    ep 24 it 5000/5004 loss 2.293 1941 img/s
  epoch  24/90  lr 0.1000  loss 2.481  top1 48.13  top5 74.46  (660s, 1941 img/s)
    ep 25 it 0/5004 loss 2.556 284 img/s
    ep 25 it 500/5004 loss 2.575 2108 img/s
    ep 25 it 1000/5004 loss 2.526 2179 img/s
    ep 25 it 1500/5004 loss 2.265 2184 img/s
    ep 25 it 2000/5004 loss 2.582 2175 img/s
    ep 25 it 2500/5004 loss 2.496 2172 img/s
    ep 25 it 3000/5004 loss 2.738 2168 img/s
    ep 25 it 3500/5004 loss 2.465 2163 img/s
    ep 25 it 4000/5004 loss 2.494 2169 img/s
    ep 25 it 4500/5004 loss 2.625 2154 img/s
    ep 25 it 5000/5004 loss 2.555 2154 img/s
  epoch  25/90  lr 0.1000  loss 2.475  top1 45.43  top5 71.83  (595s, 2154 img/s)
    ep 26 it 0/5004 loss 2.387 280 img/s
    ep 26 it 500/5004 loss 2.589 2122 img/s
    ep 26 it 1000/5004 loss 2.506 2111 img/s
    ep 26 it 1500/5004 loss 2.607 2127 img/s
    ep 26 it 2000/5004 loss 2.407 2127 img/s
    ep 26 it 2500/5004 loss 2.354 2130 img/s
    ep 26 it 3000/5004 loss 2.454 2130 img/s
    ep 26 it 3500/5004 loss 2.720 2117 img/s
    ep 26 it 4000/5004 loss 2.527 1990 img/s
    ep 26 it 4500/5004 loss 2.505 1964 img/s
    ep 26 it 5000/5004 loss 2.668 1975 img/s
  epoch  26/90  lr 0.1000  loss 2.472  top1 48.12  top5 74.47  (648s, 1975 img/s)
    ep 27 it 0/5004 loss 2.408 253 img/s
    ep 27 it 500/5004 loss 2.301 2185 img/s
    ep 27 it 1000/5004 loss 2.431 2209 img/s
    ep 27 it 1500/5004 loss 2.540 2216 img/s
    ep 27 it 2000/5004 loss 2.234 2208 img/s
    ep 27 it 2500/5004 loss 2.800 2201 img/s
    ep 27 it 3000/5004 loss 2.596 2195 img/s
    ep 27 it 3500/5004 loss 2.329 2195 img/s
    ep 27 it 4000/5004 loss 2.308 2183 img/s
    ep 27 it 4500/5004 loss 2.403 2175 img/s
    ep 27 it 5000/5004 loss 2.360 2169 img/s
  epoch  27/90  lr 0.1000  loss 2.470  top1 48.70  top5 75.24  (591s, 2169 img/s)
    ep 28 it 0/5004 loss 2.173 246 img/s
    ep 28 it 500/5004 loss 2.447 2105 img/s
    ep 28 it 1000/5004 loss 2.509 2128 img/s
    ep 28 it 1500/5004 loss 2.318 2129 img/s
    ep 28 it 2000/5004 loss 2.593 2147 img/s
    ep 28 it 2500/5004 loss 2.557 2148 img/s
    ep 28 it 3000/5004 loss 2.315 2159 img/s
    ep 28 it 3500/5004 loss 2.567 2005 img/s
    ep 28 it 4000/5004 loss 2.555 1971 img/s
    ep 28 it 4500/5004 loss 2.601 1976 img/s
    ep 28 it 5000/5004 loss 2.280 1995 img/s
  epoch  28/90  lr 0.1000  loss 2.469  top1 47.75  top5 73.82  (642s, 1995 img/s)
    ep 29 it 0/5004 loss 2.663 255 img/s
    ep 29 it 500/5004 loss 2.334 2145 img/s
    ep 29 it 1000/5004 loss 2.315 2179 img/s
    ep 29 it 1500/5004 loss 2.477 2184 img/s
    ep 29 it 2000/5004 loss 2.263 2175 img/s
    ep 29 it 2500/5004 loss 2.622 2166 img/s
    ep 29 it 3000/5004 loss 2.384 2169 img/s
    ep 29 it 3500/5004 loss 2.470 2170 img/s
    ep 29 it 4000/5004 loss 2.462 2169 img/s
    ep 29 it 4500/5004 loss 2.454 2171 img/s
    ep 29 it 5000/5004 loss 2.345 2165 img/s
  epoch  29/90  lr 0.1000  loss 2.463  top1 46.96  top5 73.06  (592s, 2166 img/s)
    ep 30 it 0/5004 loss 2.463 247 img/s
    ep 30 it 500/5004 loss 2.254 2085 img/s
    ep 30 it 1000/5004 loss 2.479 2110 img/s
    ep 30 it 1500/5004 loss 2.440 2120 img/s
    ep 30 it 2000/5004 loss 2.494 2114 img/s
    ep 30 it 2500/5004 loss 2.327 2128 img/s
    ep 30 it 3000/5004 loss 2.396 1933 img/s
    ep 30 it 3500/5004 loss 2.362 1885 img/s
    ep 30 it 4000/5004 loss 2.231 1895 img/s
    ep 30 it 4500/5004 loss 2.479 1922 img/s
    ep 30 it 5000/5004 loss 2.536 1946 img/s
  epoch  30/90  lr 0.1000  loss 2.461  top1 49.69  top5 75.95  (658s, 1946 img/s)
    ep 31 it 0/5004 loss 2.457 252 img/s
    ep 31 it 500/5004 loss 1.751 2149 img/s
    ep 31 it 1000/5004 loss 1.999 2169 img/s
    ep 31 it 1500/5004 loss 1.956 2164 img/s
    ep 31 it 2000/5004 loss 1.844 2169 img/s
    ep 31 it 2500/5004 loss 1.927 2186 img/s
    ep 31 it 3000/5004 loss 1.772 2175 img/s
    ep 31 it 3500/5004 loss 2.071 2174 img/s
    ep 31 it 4000/5004 loss 1.916 2178 img/s
    ep 31 it 4500/5004 loss 1.950 2175 img/s
    ep 31 it 5000/5004 loss 1.808 2173 img/s
  epoch  31/90  lr 0.0100  loss 1.943  top1 62.23  top5 84.63  (589s, 2174 img/s)
    ep 32 it 0/5004 loss 1.671 285 img/s
    ep 32 it 500/5004 loss 2.069 2144 img/s
    ep 32 it 1000/5004 loss 1.981 2165 img/s
    ep 32 it 1500/5004 loss 1.812 2169 img/s
    ep 32 it 2000/5004 loss 1.880 2184 img/s
    ep 32 it 2500/5004 loss 1.733 2177 img/s
    ep 32 it 3000/5004 loss 1.876 2177 img/s
    ep 32 it 3500/5004 loss 1.626 2172 img/s
    ep 32 it 4000/5004 loss 1.780 2170 img/s
    ep 32 it 4500/5004 loss 1.959 2170 img/s
    ep 32 it 5000/5004 loss 1.791 2168 img/s
  epoch  32/90  lr 0.0100  loss 1.825  top1 62.89  top5 85.13  (591s, 2169 img/s)
    ep 33 it 0/5004 loss 1.669 326 img/s
    ep 33 it 500/5004 loss 1.635 2173 img/s
    ep 33 it 1000/5004 loss 1.788 2188 img/s
    ep 33 it 1500/5004 loss 1.754 2180 img/s
    ep 33 it 2000/5004 loss 1.606 2192 img/s
    ep 33 it 2500/5004 loss 1.755 2171 img/s
    ep 33 it 3000/5004 loss 1.794 2164 img/s
    ep 33 it 3500/5004 loss 1.694 2160 img/s
    ep 33 it 4000/5004 loss 1.911 2155 img/s
    ep 33 it 4500/5004 loss 1.735 2152 img/s
    ep 33 it 5000/5004 loss 1.911 2151 img/s
  epoch  33/90  lr 0.0100  loss 1.780  top1 63.66  top5 85.52  (596s, 2151 img/s)
    ep 34 it 0/5004 loss 1.685 159 img/s
    ep 34 it 500/5004 loss 1.641 1366 img/s
    ep 34 it 1000/5004 loss 1.902 1535 img/s
    ep 34 it 1500/5004 loss 1.844 1679 img/s
    ep 34 it 2000/5004 loss 1.716 1767 img/s
    ep 34 it 2500/5004 loss 1.766 1830 img/s
    ep 34 it 3000/5004 loss 1.743 1874 img/s
    ep 34 it 3500/5004 loss 1.801 1909 img/s
    ep 34 it 4000/5004 loss 1.860 1937 img/s
    ep 34 it 4500/5004 loss 1.853 1960 img/s
    ep 34 it 5000/5004 loss 1.982 1976 img/s
  epoch  34/90  lr 0.0100  loss 1.751  top1 63.76  top5 85.64  (648s, 1976 img/s)
    ep 35 it 0/5004 loss 1.769 257 img/s
    ep 35 it 500/5004 loss 1.650 2077 img/s
    ep 35 it 1000/5004 loss 1.693 2121 img/s
    ep 35 it 1500/5004 loss 1.890 2144 img/s
    ep 35 it 2000/5004 loss 1.730 2148 img/s
    ep 35 it 2500/5004 loss 1.881 2138 img/s
    ep 35 it 3000/5004 loss 1.594 2138 img/s
    ep 35 it 3500/5004 loss 1.598 2133 img/s
    ep 35 it 4000/5004 loss 1.761 2137 img/s
    ep 35 it 4500/5004 loss 1.791 2137 img/s
    ep 35 it 5000/5004 loss 1.576 2138 img/s
  epoch  35/90  lr 0.0100  loss 1.734  top1 64.11  top5 85.89  (599s, 2138 img/s)
    ep 36 it 0/5004 loss 1.768 181 img/s
    ep 36 it 500/5004 loss 1.838 1445 img/s
    ep 36 it 1000/5004 loss 1.720 1602 img/s
    ep 36 it 1500/5004 loss 1.524 1714 img/s
    ep 36 it 2000/5004 loss 1.647 1797 img/s
    ep 36 it 2500/5004 loss 1.509 1861 img/s
    ep 36 it 3000/5004 loss 1.466 1903 img/s
    ep 36 it 3500/5004 loss 1.450 1936 img/s
    ep 36 it 4000/5004 loss 1.718 1955 img/s
    ep 36 it 4500/5004 loss 1.801 1971 img/s
    ep 36 it 5000/5004 loss 1.721 1988 img/s
  epoch  36/90  lr 0.0100  loss 1.721  top1 64.27  top5 85.84  (644s, 1988 img/s)
    ep 37 it 0/5004 loss 1.703 215 img/s
    ep 37 it 500/5004 loss 1.860 2133 img/s
    ep 37 it 1000/5004 loss 1.586 2134 img/s
    ep 37 it 1500/5004 loss 1.679 2155 img/s
    ep 37 it 2000/5004 loss 1.733 2151 img/s
    ep 37 it 2500/5004 loss 1.782 2148 img/s
    ep 37 it 3000/5004 loss 1.658 2157 img/s
    ep 37 it 3500/5004 loss 1.815 2154 img/s
    ep 37 it 4000/5004 loss 1.781 2149 img/s
    ep 37 it 4500/5004 loss 1.606 2143 img/s
    ep 37 it 5000/5004 loss 1.899 2143 img/s
  epoch  37/90  lr 0.0100  loss 1.712  top1 63.92  top5 85.84  (598s, 2144 img/s)
    ep 38 it 0/5004 loss 1.534 190 img/s
    ep 38 it 500/5004 loss 1.599 1532 img/s
    ep 38 it 1000/5004 loss 1.610 1659 img/s
    ep 38 it 1500/5004 loss 1.560 1779 img/s
    ep 38 it 2000/5004 loss 1.764 1870 img/s
    ep 38 it 2500/5004 loss 1.684 1920 img/s
    ep 38 it 3000/5004 loss 1.695 1959 img/s
    ep 38 it 3500/5004 loss 1.770 1983 img/s
    ep 38 it 4000/5004 loss 1.868 2000 img/s
    ep 38 it 4500/5004 loss 1.924 2017 img/s
    ep 38 it 5000/5004 loss 1.549 2029 img/s
  epoch  38/90  lr 0.0100  loss 1.707  top1 63.91  top5 85.71  (631s, 2029 img/s)
    ep 39 it 0/5004 loss 1.734 237 img/s
    ep 39 it 500/5004 loss 1.580 2136 img/s
    ep 39 it 1000/5004 loss 1.577 2153 img/s
    ep 39 it 1500/5004 loss 1.809 2175 img/s
    ep 39 it 2000/5004 loss 1.800 2160 img/s
    ep 39 it 2500/5004 loss 1.550 2154 img/s
    ep 39 it 3000/5004 loss 1.559 2149 img/s
    ep 39 it 3500/5004 loss 1.637 2143 img/s
    ep 39 it 4000/5004 loss 1.610 2136 img/s
    ep 39 it 4500/5004 loss 1.594 2135 img/s
    ep 39 it 5000/5004 loss 1.782 2085 img/s
  epoch  39/90  lr 0.0100  loss 1.704  top1 63.98  top5 85.71  (615s, 2084 img/s)
    ep 40 it 0/5004 loss 1.809 178 img/s
    ep 40 it 500/5004 loss 1.503 1611 img/s
    ep 40 it 1000/5004 loss 1.642 1761 img/s
    ep 40 it 1500/5004 loss 1.561 1877 img/s
    ep 40 it 2000/5004 loss 1.597 1945 img/s
    ep 40 it 2500/5004 loss 1.884 1990 img/s
    ep 40 it 3000/5004 loss 1.705 2018 img/s
    ep 40 it 3500/5004 loss 1.563 2047 img/s
    ep 40 it 4000/5004 loss 1.598 2061 img/s
    ep 40 it 4500/5004 loss 1.728 2071 img/s
    ep 40 it 5000/5004 loss 1.792 2081 img/s
  epoch  40/90  lr 0.0100  loss 1.702  top1 64.14  top5 85.93  (616s, 2081 img/s)
    ep 41 it 0/5004 loss 1.444 277 img/s
    ep 41 it 500/5004 loss 1.862 2165 img/s
    ep 41 it 1000/5004 loss 1.981 2176 img/s
    ep 41 it 1500/5004 loss 1.445 2175 img/s
    ep 41 it 2000/5004 loss 1.571 2178 img/s
    ep 41 it 2500/5004 loss 1.811 2167 img/s
    ep 41 it 3000/5004 loss 1.820 2166 img/s
    ep 41 it 3500/5004 loss 1.732 2157 img/s
    ep 41 it 4000/5004 loss 1.736 2154 img/s
    ep 41 it 4500/5004 loss 1.723 2154 img/s
    ep 41 it 5000/5004 loss 1.892 2084 img/s
  epoch  41/90  lr 0.0100  loss 1.700  top1 63.52  top5 85.62  (615s, 2084 img/s)
    ep 42 it 0/5004 loss 2.045 272 img/s
    ep 42 it 500/5004 loss 1.652 2012 img/s
    ep 42 it 1000/5004 loss 1.711 2093 img/s
    ep 42 it 1500/5004 loss 1.539 2132 img/s
    ep 42 it 2000/5004 loss 1.517 2149 img/s
    ep 42 it 2500/5004 loss 1.794 2161 img/s
    ep 42 it 3000/5004 loss 1.636 2162 img/s
    ep 42 it 3500/5004 loss 1.713 2158 img/s
    ep 42 it 4000/5004 loss 1.810 2157 img/s
    ep 42 it 4500/5004 loss 1.737 2154 img/s
    ep 42 it 5000/5004 loss 1.755 2153 img/s
  epoch  42/90  lr 0.0100  loss 1.703  top1 63.91  top5 85.87  (595s, 2153 img/s)
    ep 43 it 0/5004 loss 1.668 273 img/s
    ep 43 it 500/5004 loss 1.576 2182 img/s
    ep 43 it 1000/5004 loss 1.727 2164 img/s
    ep 43 it 1500/5004 loss 1.637 2171 img/s
    ep 43 it 2000/5004 loss 1.627 2175 img/s
    ep 43 it 2500/5004 loss 1.665 2177 img/s
    ep 43 it 3000/5004 loss 1.840 2167 img/s
    ep 43 it 3500/5004 loss 1.801 2161 img/s
    ep 43 it 4000/5004 loss 1.581 2159 img/s
    ep 43 it 4500/5004 loss 1.650 2055 img/s
    ep 43 it 5000/5004 loss 1.792 1993 img/s
  epoch  43/90  lr 0.0100  loss 1.703  top1 63.44  top5 85.52  (643s, 1994 img/s)
    ep 44 it 0/5004 loss 1.837 258 img/s
    ep 44 it 500/5004 loss 1.817 2021 img/s
    ep 44 it 1000/5004 loss 1.827 2092 img/s
    ep 44 it 1500/5004 loss 1.804 2132 img/s
    ep 44 it 2000/5004 loss 1.798 2148 img/s
    ep 44 it 2500/5004 loss 1.787 2158 img/s
    ep 44 it 3000/5004 loss 1.748 2169 img/s
    ep 44 it 3500/5004 loss 1.516 2167 img/s
    ep 44 it 4000/5004 loss 1.890 2169 img/s
    ep 44 it 4500/5004 loss 1.789 2179 img/s
    ep 44 it 5000/5004 loss 1.600 2181 img/s
  epoch  44/90  lr 0.0100  loss 1.703  top1 63.60  top5 85.50  (587s, 2181 img/s)
    ep 45 it 0/5004 loss 1.633 276 img/s
    ep 45 it 500/5004 loss 1.564 2087 img/s
    ep 45 it 1000/5004 loss 1.591 2113 img/s
    ep 45 it 1500/5004 loss 1.849 2121 img/s
    ep 45 it 2000/5004 loss 1.705 2130 img/s
    ep 45 it 2500/5004 loss 2.006 2144 img/s
    ep 45 it 3000/5004 loss 1.639 2148 img/s
    ep 45 it 3500/5004 loss 1.785 2153 img/s
    ep 45 it 4000/5004 loss 1.448 2115 img/s
    ep 45 it 4500/5004 loss 1.575 2000 img/s
    ep 45 it 5000/5004 loss 1.701 1972 img/s
  epoch  45/90  lr 0.0100  loss 1.701  top1 63.77  top5 85.59  (650s, 1972 img/s)
    ep 46 it 0/5004 loss 1.695 254 img/s
    ep 46 it 500/5004 loss 1.679 2151 img/s
    ep 46 it 1000/5004 loss 1.626 2212 img/s
    ep 46 it 1500/5004 loss 1.693 2219 img/s
    ep 46 it 2000/5004 loss 1.579 2209 img/s
    ep 46 it 2500/5004 loss 1.690 2211 img/s
    ep 46 it 3000/5004 loss 1.577 2205 img/s
    ep 46 it 3500/5004 loss 1.684 2194 img/s
    ep 46 it 4000/5004 loss 1.836 2201 img/s
    ep 46 it 4500/5004 loss 1.615 2193 img/s
    ep 46 it 5000/5004 loss 1.675 2189 img/s
  epoch  46/90  lr 0.0100  loss 1.704  top1 64.19  top5 85.75  (585s, 2189 img/s)
    ep 47 it 0/5004 loss 1.625 226 img/s
    ep 47 it 500/5004 loss 1.602 2121 img/s
    ep 47 it 1000/5004 loss 1.799 2122 img/s
    ep 47 it 1500/5004 loss 1.894 2134 img/s
    ep 47 it 2000/5004 loss 1.792 2142 img/s
    ep 47 it 2500/5004 loss 1.555 2135 img/s
    ep 47 it 3000/5004 loss 1.886 2134 img/s
    ep 47 it 3500/5004 loss 1.743 2139 img/s
    ep 47 it 4000/5004 loss 1.693 2068 img/s
    ep 47 it 4500/5004 loss 1.706 2035 img/s
    ep 47 it 5000/5004 loss 1.834 2036 img/s
  epoch  47/90  lr 0.0100  loss 1.703  top1 63.80  top5 85.75  (629s, 2036 img/s)
    ep 48 it 0/5004 loss 1.813 257 img/s
    ep 48 it 500/5004 loss 1.823 2216 img/s
    ep 48 it 1000/5004 loss 1.843 2220 img/s
    ep 48 it 1500/5004 loss 1.741 2168 img/s
    ep 48 it 2000/5004 loss 1.747 2124 img/s
    ep 48 it 2500/5004 loss 1.748 2125 img/s
    ep 48 it 3000/5004 loss 1.469 2129 img/s
    ep 48 it 3500/5004 loss 1.731 2142 img/s
    ep 48 it 4000/5004 loss 1.928 2133 img/s
    ep 48 it 4500/5004 loss 1.545 2128 img/s
    ep 48 it 5000/5004 loss 1.508 2129 img/s
  epoch  48/90  lr 0.0100  loss 1.703  top1 63.92  top5 85.81  (602s, 2129 img/s)
    ep 49 it 0/5004 loss 1.791 251 img/s
    ep 49 it 500/5004 loss 1.735 2135 img/s
    ep 49 it 1000/5004 loss 1.536 2158 img/s
    ep 49 it 1500/5004 loss 1.744 2183 img/s
    ep 49 it 2000/5004 loss 1.763 2178 img/s
    ep 49 it 2500/5004 loss 1.787 2179 img/s
    ep 49 it 3000/5004 loss 1.567 2170 img/s
    ep 49 it 3500/5004 loss 1.720 2126 img/s
    ep 49 it 4000/5004 loss 1.680 2107 img/s
    ep 49 it 4500/5004 loss 1.910 2109 img/s
    ep 49 it 5000/5004 loss 1.798 2114 img/s
  epoch  49/90  lr 0.0100  loss 1.703  top1 63.24  top5 85.28  (606s, 2115 img/s)
    ep 50 it 0/5004 loss 1.734 216 img/s
    ep 50 it 500/5004 loss 1.759 2115 img/s
    ep 50 it 1000/5004 loss 1.639 2128 img/s
    ep 50 it 1500/5004 loss 1.788 2134 img/s
    ep 50 it 2000/5004 loss 1.689 2138 img/s
    ep 50 it 2500/5004 loss 1.934 2142 img/s
    ep 50 it 3000/5004 loss 1.559 2122 img/s
    ep 50 it 3500/5004 loss 1.572 2119 img/s
    ep 50 it 4000/5004 loss 1.760 2124 img/s
    ep 50 it 4500/5004 loss 1.595 2133 img/s
    ep 50 it 5000/5004 loss 1.702 2137 img/s
  epoch  50/90  lr 0.0100  loss 1.700  top1 63.74  top5 85.71  (599s, 2137 img/s)
    ep 51 it 0/5004 loss 1.661 230 img/s
    ep 51 it 500/5004 loss 1.685 2102 img/s
    ep 51 it 1000/5004 loss 1.485 2131 img/s
    ep 51 it 1500/5004 loss 1.646 2142 img/s
    ep 51 it 2000/5004 loss 1.750 2143 img/s
    ep 51 it 2500/5004 loss 1.802 2153 img/s
    ep 51 it 3000/5004 loss 1.870 1980 img/s
    ep 51 it 3500/5004 loss 1.698 1931 img/s
    ep 51 it 4000/5004 loss 1.409 1937 img/s
    ep 51 it 4500/5004 loss 1.561 1956 img/s
    ep 51 it 5000/5004 loss 1.739 1977 img/s
  epoch  51/90  lr 0.0100  loss 1.702  top1 62.58  top5 85.03  (648s, 1977 img/s)
    ep 52 it 0/5004 loss 1.539 245 img/s
    ep 52 it 500/5004 loss 1.731 2167 img/s
    ep 52 it 1000/5004 loss 1.571 2152 img/s
    ep 52 it 1500/5004 loss 1.696 2144 img/s
    ep 52 it 2000/5004 loss 1.808 2138 img/s
    ep 52 it 2500/5004 loss 1.680 2152 img/s
    ep 52 it 3000/5004 loss 1.980 2145 img/s
    ep 52 it 3500/5004 loss 1.584 2141 img/s
    ep 52 it 4000/5004 loss 1.661 2142 img/s
    ep 52 it 4500/5004 loss 1.876 2145 img/s
    ep 52 it 5000/5004 loss 1.500 2144 img/s
  epoch  52/90  lr 0.0100  loss 1.698  top1 63.94  top5 85.85  (597s, 2144 img/s)
    ep 53 it 0/5004 loss 1.625 254 img/s
    ep 53 it 500/5004 loss 1.826 2143 img/s
    ep 53 it 1000/5004 loss 1.754 2169 img/s
    ep 53 it 1500/5004 loss 1.843 2169 img/s
    ep 53 it 2000/5004 loss 1.887 2177 img/s
    ep 53 it 2500/5004 loss 1.729 2163 img/s
    ep 53 it 3000/5004 loss 1.700 2150 img/s
    ep 53 it 3500/5004 loss 1.793 2149 img/s
    ep 53 it 4000/5004 loss 1.573 2148 img/s
    ep 53 it 4500/5004 loss 1.918 2146 img/s
    ep 53 it 5000/5004 loss 1.566 2149 img/s
  epoch  53/90  lr 0.0100  loss 1.699  top1 63.50  top5 85.45  (596s, 2149 img/s)
    ep 54 it 0/5004 loss 1.641 251 img/s
    ep 54 it 500/5004 loss 1.581 2101 img/s
    ep 54 it 1000/5004 loss 1.700 2094 img/s
    ep 54 it 1500/5004 loss 1.972 2120 img/s
    ep 54 it 2000/5004 loss 1.615 2132 img/s
    ep 54 it 2500/5004 loss 1.868 2127 img/s
    ep 54 it 3000/5004 loss 1.825 2125 img/s
    ep 54 it 3500/5004 loss 1.597 2125 img/s
    ep 54 it 4000/5004 loss 1.648 2127 img/s
    ep 54 it 4500/5004 loss 1.842 2129 img/s
    ep 54 it 5000/5004 loss 1.854 2130 img/s
  epoch  54/90  lr 0.0100  loss 1.693  top1 64.07  top5 85.75  (601s, 2131 img/s)
    ep 55 it 0/5004 loss 1.688 177 img/s
    ep 55 it 500/5004 loss 1.730 1511 img/s
    ep 55 it 1000/5004 loss 1.503 1682 img/s
    ep 55 it 1500/5004 loss 1.633 1808 img/s
    ep 55 it 2000/5004 loss 1.752 1880 img/s
    ep 55 it 2500/5004 loss 1.806 1930 img/s
    ep 55 it 3000/5004 loss 1.787 1964 img/s
    ep 55 it 3500/5004 loss 1.705 1988 img/s
    ep 55 it 4000/5004 loss 1.620 2003 img/s
    ep 55 it 4500/5004 loss 1.518 2015 img/s
    ep 55 it 5000/5004 loss 1.603 2027 img/s
  epoch  55/90  lr 0.0100  loss 1.694  top1 63.70  top5 85.56  (632s, 2027 img/s)
    ep 56 it 0/5004 loss 1.538 328 img/s
    ep 56 it 500/5004 loss 1.683 2143 img/s
    ep 56 it 1000/5004 loss 1.810 2164 img/s
    ep 56 it 1500/5004 loss 1.920 2151 img/s
    ep 56 it 2000/5004 loss 1.717 2146 img/s
    ep 56 it 2500/5004 loss 1.848 2144 img/s
    ep 56 it 3000/5004 loss 1.940 2137 img/s
    ep 56 it 3500/5004 loss 1.840 2132 img/s
    ep 56 it 4000/5004 loss 1.697 2132 img/s
    ep 56 it 4500/5004 loss 1.492 2128 img/s
    ep 56 it 5000/5004 loss 1.679 2130 img/s
  epoch  56/90  lr 0.0100  loss 1.689  top1 63.66  top5 85.47  (601s, 2130 img/s)
    ep 57 it 0/5004 loss 1.772 196 img/s
    ep 57 it 500/5004 loss 1.615 1627 img/s
    ep 57 it 1000/5004 loss 1.657 1726 img/s
    ep 57 it 1500/5004 loss 1.567 1838 img/s
    ep 57 it 2000/5004 loss 1.755 1925 img/s
    ep 57 it 2500/5004 loss 1.565 1964 img/s
    ep 57 it 3000/5004 loss 1.712 1998 img/s
    ep 57 it 3500/5004 loss 1.643 2021 img/s
    ep 57 it 4000/5004 loss 1.776 2038 img/s
    ep 57 it 4500/5004 loss 1.610 2052 img/s
    ep 57 it 5000/5004 loss 1.804 2066 img/s
  epoch  57/90  lr 0.0100  loss 1.687  top1 63.66  top5 85.52  (620s, 2066 img/s)
    ep 58 it 0/5004 loss 1.633 262 img/s
    ep 58 it 500/5004 loss 1.621 2100 img/s
    ep 58 it 1000/5004 loss 1.602 2118 img/s
    ep 58 it 1500/5004 loss 1.776 2133 img/s
    ep 58 it 2000/5004 loss 1.783 2132 img/s
    ep 58 it 2500/5004 loss 1.780 2134 img/s
    ep 58 it 3000/5004 loss 1.798 2152 img/s
    ep 58 it 3500/5004 loss 1.751 2155 img/s
    ep 58 it 4000/5004 loss 1.612 2154 img/s
    ep 58 it 4500/5004 loss 1.644 2148 img/s
    ep 58 it 5000/5004 loss 1.703 2150 img/s
  epoch  58/90  lr 0.0100  loss 1.688  top1 63.61  top5 85.67  (596s, 2150 img/s)
    ep 59 it 0/5004 loss 1.658 139 img/s
    ep 59 it 500/5004 loss 1.521 1337 img/s
    ep 59 it 1000/5004 loss 1.565 1522 img/s
    ep 59 it 1500/5004 loss 1.720 1671 img/s
    ep 59 it 2000/5004 loss 1.727 1786 img/s
    ep 59 it 2500/5004 loss 1.601 1857 img/s
    ep 59 it 3000/5004 loss 1.681 1904 img/s
    ep 59 it 3500/5004 loss 1.505 1937 img/s
    ep 59 it 4000/5004 loss 2.030 1976 img/s
    ep 59 it 4500/5004 loss 1.542 1992 img/s
    ep 59 it 5000/5004 loss 1.793 2011 img/s
  epoch  59/90  lr 0.0100  loss 1.685  top1 63.09  top5 85.36  (637s, 2011 img/s)
    ep 60 it 0/5004 loss 1.683 295 img/s
    ep 60 it 500/5004 loss 1.784 2102 img/s
    ep 60 it 1000/5004 loss 1.726 2130 img/s
    ep 60 it 1500/5004 loss 1.576 2132 img/s
    ep 60 it 2000/5004 loss 1.773 2155 img/s
    ep 60 it 2500/5004 loss 1.662 2161 img/s
    ep 60 it 3000/5004 loss 1.716 2169 img/s
    ep 60 it 3500/5004 loss 1.746 2170 img/s
    ep 60 it 4000/5004 loss 1.561 2164 img/s
    ep 60 it 4500/5004 loss 1.754 2163 img/s
    ep 60 it 5000/5004 loss 1.798 2163 img/s
  epoch  60/90  lr 0.0100  loss 1.685  top1 62.14  top5 84.92  (592s, 2163 img/s)
    ep 61 it 0/5004 loss 1.767 337 img/s
    ep 61 it 500/5004 loss 1.768 2156 img/s
    ep 61 it 1000/5004 loss 1.336 2203 img/s
    ep 61 it 1500/5004 loss 1.551 2209 img/s
    ep 61 it 2000/5004 loss 1.610 2208 img/s
    ep 61 it 2500/5004 loss 1.445 2200 img/s
    ep 61 it 3000/5004 loss 1.397 2196 img/s
    ep 61 it 3500/5004 loss 1.712 2192 img/s
    ep 61 it 4000/5004 loss 1.560 2181 img/s
    ep 61 it 4500/5004 loss 1.319 2182 img/s
    ep 61 it 5000/5004 loss 1.578 2182 img/s
  epoch  61/90  lr 0.0010  loss 1.494  top1 68.00  top5 87.98  (587s, 2182 img/s)
    ep 62 it 0/5004 loss 1.621 258 img/s
    ep 62 it 500/5004 loss 1.424 2128 img/s
    ep 62 it 1000/5004 loss 1.478 2158 img/s
    ep 62 it 1500/5004 loss 1.422 2151 img/s
    ep 62 it 2000/5004 loss 1.520 2161 img/s
    ep 62 it 2500/5004 loss 1.436 2161 img/s
    ep 62 it 3000/5004 loss 1.243 2163 img/s
    ep 62 it 3500/5004 loss 1.245 2169 img/s
    ep 62 it 4000/5004 loss 1.381 2161 img/s
    ep 62 it 4500/5004 loss 1.533 2079 img/s
    ep 62 it 5000/5004 loss 1.474 2004 img/s
  epoch  62/90  lr 0.0010  loss 1.450  top1 68.11  top5 88.20  (639s, 2004 img/s)
    ep 63 it 0/5004 loss 1.473 273 img/s
    ep 63 it 500/5004 loss 1.448 1965 img/s
    ep 63 it 1000/5004 loss 1.423 2051 img/s
    ep 63 it 1500/5004 loss 1.379 2118 img/s
    ep 63 it 2000/5004 loss 1.469 2149 img/s
    ep 63 it 2500/5004 loss 1.459 2167 img/s
    ep 63 it 3000/5004 loss 1.354 2171 img/s
    ep 63 it 3500/5004 loss 1.433 2173 img/s
    ep 63 it 4000/5004 loss 1.459 2166 img/s
    ep 63 it 4500/5004 loss 1.567 2173 img/s
    ep 63 it 5000/5004 loss 1.375 2168 img/s
  epoch  63/90  lr 0.0010  loss 1.426  top1 68.27  top5 88.29  (591s, 2168 img/s)
    ep 64 it 0/5004 loss 1.397 234 img/s
    ep 64 it 500/5004 loss 1.326 2124 img/s
    ep 64 it 1000/5004 loss 1.339 2150 img/s
    ep 64 it 1500/5004 loss 1.241 2165 img/s
    ep 64 it 2000/5004 loss 1.495 2177 img/s
    ep 64 it 2500/5004 loss 1.364 2168 img/s
    ep 64 it 3000/5004 loss 1.584 2171 img/s
    ep 64 it 3500/5004 loss 1.427 2169 img/s
    ep 64 it 4000/5004 loss 1.401 2147 img/s
    ep 64 it 4500/5004 loss 1.414 2064 img/s
    ep 64 it 5000/5004 loss 1.582 2050 img/s
  epoch  64/90  lr 0.0010  loss 1.418  top1 68.48  top5 88.53  (625s, 2050 img/s)
    ep 65 it 0/5004 loss 1.475 269 img/s
    ep 65 it 500/5004 loss 1.473 2222 img/s
    ep 65 it 1000/5004 loss 1.299 2239 img/s
    ep 65 it 1500/5004 loss 1.410 2237 img/s
    ep 65 it 2000/5004 loss 1.430 2228 img/s
    ep 65 it 2500/5004 loss 1.408 2216 img/s
    ep 65 it 3000/5004 loss 1.539 2207 img/s
    ep 65 it 3500/5004 loss 1.370 2202 img/s
    ep 65 it 4000/5004 loss 1.410 2205 img/s
    ep 65 it 4500/5004 loss 1.532 2195 img/s
    ep 65 it 5000/5004 loss 1.407 2186 img/s
  epoch  65/90  lr 0.0010  loss 1.409  top1 68.54  top5 88.42  (586s, 2186 img/s)
    ep 66 it 0/5004 loss 1.647 229 img/s
    ep 66 it 500/5004 loss 1.399 2136 img/s
    ep 66 it 1000/5004 loss 1.344 2146 img/s
    ep 66 it 1500/5004 loss 1.282 2175 img/s
    ep 66 it 2000/5004 loss 1.424 2181 img/s
    ep 66 it 2500/5004 loss 1.142 2173 img/s
    ep 66 it 3000/5004 loss 1.401 2182 img/s
    ep 66 it 3500/5004 loss 1.471 2190 img/s
    ep 66 it 4000/5004 loss 1.352 2185 img/s
    ep 66 it 4500/5004 loss 1.734 2183 img/s
    ep 66 it 5000/5004 loss 1.397 2178 img/s
  epoch  66/90  lr 0.0010  loss 1.401  top1 68.57  top5 88.56  (588s, 2179 img/s)
    ep 67 it 0/5004 loss 1.380 272 img/s
    ep 67 it 500/5004 loss 1.398 2133 img/s
    ep 67 it 1000/5004 loss 1.437 2159 img/s
    ep 67 it 1500/5004 loss 1.382 2151 img/s
    ep 67 it 2000/5004 loss 1.423 2154 img/s
    ep 67 it 2500/5004 loss 1.347 2156 img/s
    ep 67 it 3000/5004 loss 1.444 2163 img/s
    ep 67 it 3500/5004 loss 1.504 2096 img/s
    ep 67 it 4000/5004 loss 1.385 2006 img/s
    ep 67 it 4500/5004 loss 1.578 1996 img/s
    ep 67 it 5000/5004 loss 1.508 2011 img/s
  epoch  67/90  lr 0.0010  loss 1.394  top1 68.75  top5 88.58  (637s, 2012 img/s)
    ep 68 it 0/5004 loss 1.330 277 img/s
    ep 68 it 500/5004 loss 1.448 2217 img/s
    ep 68 it 1000/5004 loss 1.364 2241 img/s
    ep 68 it 1500/5004 loss 1.397 2245 img/s
    ep 68 it 2000/5004 loss 1.470 2236 img/s
    ep 68 it 2500/5004 loss 1.368 2228 img/s
    ep 68 it 3000/5004 loss 1.208 2221 img/s
    ep 68 it 3500/5004 loss 1.481 2218 img/s
    ep 68 it 4000/5004 loss 1.436 2204 img/s
    ep 68 it 4500/5004 loss 1.184 2195 img/s
    ep 68 it 5000/5004 loss 1.285 2183 img/s
  epoch  68/90  lr 0.0010  loss 1.386  top1 68.78  top5 88.53  (587s, 2184 img/s)
    ep 69 it 0/5004 loss 1.430 252 img/s
    ep 69 it 500/5004 loss 1.450 2106 img/s
    ep 69 it 1000/5004 loss 1.592 2126 img/s
    ep 69 it 1500/5004 loss 1.306 2134 img/s
    ep 69 it 2000/5004 loss 1.354 2138 img/s
    ep 69 it 2500/5004 loss 1.383 2148 img/s
    ep 69 it 3000/5004 loss 1.313 1989 img/s
    ep 69 it 3500/5004 loss 1.511 1886 img/s
    ep 69 it 4000/5004 loss 1.462 1880 img/s
    ep 69 it 4500/5004 loss 1.406 1900 img/s
    ep 69 it 5000/5004 loss 1.423 1924 img/s
  epoch  69/90  lr 0.0010  loss 1.382  top1 68.90  top5 88.67  (666s, 1925 img/s)
    ep 70 it 0/5004 loss 1.400 234 img/s
    ep 70 it 500/5004 loss 1.323 2135 img/s
    ep 70 it 1000/5004 loss 1.469 2172 img/s
    ep 70 it 1500/5004 loss 1.252 2187 img/s
    ep 70 it 2000/5004 loss 1.266 2185 img/s
    ep 70 it 2500/5004 loss 1.333 2188 img/s
    ep 70 it 3000/5004 loss 1.592 2189 img/s
    ep 70 it 3500/5004 loss 1.298 2176 img/s
    ep 70 it 4000/5004 loss 1.276 2168 img/s
    ep 70 it 4500/5004 loss 1.351 2163 img/s
    ep 70 it 5000/5004 loss 1.346 2159 img/s
  epoch  70/90  lr 0.0010  loss 1.378  top1 68.89  top5 88.68  (594s, 2158 img/s)
    ep 71 it 0/5004 loss 1.494 252 img/s
    ep 71 it 500/5004 loss 1.459 2046 img/s
    ep 71 it 1000/5004 loss 1.376 2105 img/s
    ep 71 it 1500/5004 loss 1.375 2130 img/s
    ep 71 it 2000/5004 loss 1.554 2122 img/s
    ep 71 it 2500/5004 loss 1.300 1970 img/s
    ep 71 it 3000/5004 loss 1.312 1902 img/s
    ep 71 it 3500/5004 loss 1.373 1916 img/s
    ep 71 it 4000/5004 loss 1.575 1944 img/s
    ep 71 it 4500/5004 loss 1.250 1969 img/s
    ep 71 it 5000/5004 loss 1.530 1987 img/s
  epoch  71/90  lr 0.0010  loss 1.373  top1 68.86  top5 88.68  (645s, 1987 img/s)
    ep 72 it 0/5004 loss 1.371 213 img/s
    ep 72 it 500/5004 loss 1.434 2130 img/s
    ep 72 it 1000/5004 loss 1.574 2173 img/s
    ep 72 it 1500/5004 loss 1.274 2173 img/s
    ep 72 it 2000/5004 loss 1.239 2189 img/s
    ep 72 it 2500/5004 loss 1.379 2172 img/s
    ep 72 it 3000/5004 loss 1.471 2175 img/s
    ep 72 it 3500/5004 loss 1.394 2170 img/s
    ep 72 it 4000/5004 loss 1.510 2175 img/s
    ep 72 it 4500/5004 loss 1.254 2170 img/s
    ep 72 it 5000/5004 loss 1.282 2165 img/s
  epoch  72/90  lr 0.0010  loss 1.370  top1 68.84  top5 88.70  (592s, 2165 img/s)
    ep 73 it 0/5004 loss 1.342 233 img/s
    ep 73 it 500/5004 loss 1.307 2131 img/s
    ep 73 it 1000/5004 loss 1.283 2170 img/s
    ep 73 it 1500/5004 loss 1.540 2185 img/s
    ep 73 it 2000/5004 loss 1.300 2191 img/s
    ep 73 it 2500/5004 loss 1.435 2181 img/s
    ep 73 it 3000/5004 loss 1.435 2174 img/s
    ep 73 it 3500/5004 loss 1.338 2172 img/s
    ep 73 it 4000/5004 loss 1.428 2176 img/s
    ep 73 it 4500/5004 loss 1.328 2175 img/s
    ep 73 it 5000/5004 loss 1.300 2175 img/s
  epoch  73/90  lr 0.0010  loss 1.368  top1 69.12  top5 88.74  (589s, 2175 img/s)
    ep 74 it 0/5004 loss 1.268 247 img/s
    ep 74 it 500/5004 loss 1.535 2099 img/s
    ep 74 it 1000/5004 loss 1.483 2145 img/s
    ep 74 it 1500/5004 loss 1.235 2200 img/s
    ep 74 it 2000/5004 loss 1.514 2183 img/s
    ep 74 it 2500/5004 loss 1.414 2168 img/s
    ep 74 it 3000/5004 loss 1.483 2161 img/s
    ep 74 it 3500/5004 loss 1.403 2163 img/s
    ep 74 it 4000/5004 loss 1.357 2161 img/s
    ep 74 it 4500/5004 loss 1.251 2155 img/s
    ep 74 it 5000/5004 loss 1.345 2153 img/s
  epoch  74/90  lr 0.0010  loss 1.364  top1 68.82  top5 88.69  (595s, 2153 img/s)
    ep 75 it 0/5004 loss 1.853 173 img/s
    ep 75 it 500/5004 loss 1.484 1355 img/s
    ep 75 it 1000/5004 loss 1.270 1519 img/s
    ep 75 it 1500/5004 loss 1.263 1636 img/s
    ep 75 it 2000/5004 loss 1.136 1738 img/s
    ep 75 it 2500/5004 loss 1.434 1806 img/s
    ep 75 it 3000/5004 loss 1.343 1855 img/s
    ep 75 it 3500/5004 loss 1.408 1894 img/s
    ep 75 it 4000/5004 loss 1.179 1916 img/s
    ep 75 it 4500/5004 loss 1.488 1939 img/s
    ep 75 it 5000/5004 loss 1.504 1960 img/s
  epoch  75/90  lr 0.0010  loss 1.358  top1 69.00  top5 88.69  (653s, 1960 img/s)
    ep 76 it 0/5004 loss 1.231 242 img/s
    ep 76 it 500/5004 loss 1.323 2140 img/s
    ep 76 it 1000/5004 loss 1.324 2172 img/s
    ep 76 it 1500/5004 loss 1.244 2157 img/s
    ep 76 it 2000/5004 loss 1.270 2153 img/s
    ep 76 it 2500/5004 loss 1.440 2166 img/s
    ep 76 it 3000/5004 loss 1.504 2168 img/s
    ep 76 it 3500/5004 loss 1.585 2158 img/s
    ep 76 it 4000/5004 loss 1.342 2156 img/s
    ep 76 it 4500/5004 loss 1.409 2160 img/s
    ep 76 it 5000/5004 loss 1.238 2166 img/s
  epoch  76/90  lr 0.0010  loss 1.354  top1 68.94  top5 88.72  (591s, 2166 img/s)
    ep 77 it 0/5004 loss 1.203 170 img/s
    ep 77 it 500/5004 loss 1.410 1451 img/s
    ep 77 it 1000/5004 loss 1.458 1616 img/s
    ep 77 it 1500/5004 loss 1.364 1741 img/s
    ep 77 it 2000/5004 loss 1.312 1830 img/s
    ep 77 it 2500/5004 loss 1.355 1889 img/s
    ep 77 it 3000/5004 loss 1.167 1936 img/s
    ep 77 it 3500/5004 loss 1.469 1966 img/s
    ep 77 it 4000/5004 loss 1.285 1980 img/s
    ep 77 it 4500/5004 loss 1.265 1998 img/s
    ep 77 it 5000/5004 loss 1.292 2013 img/s
  epoch  77/90  lr 0.0010  loss 1.351  top1 69.03  top5 88.67  (636s, 2014 img/s)
    ep 78 it 0/5004 loss 1.526 205 img/s
    ep 78 it 500/5004 loss 1.437 2061 img/s
    ep 78 it 1000/5004 loss 1.422 2110 img/s
    ep 78 it 1500/5004 loss 1.371 2129 img/s
    ep 78 it 2000/5004 loss 1.269 2141 img/s
    ep 78 it 2500/5004 loss 1.265 2154 img/s
    ep 78 it 3000/5004 loss 1.248 2160 img/s
    ep 78 it 3500/5004 loss 1.066 2154 img/s
    ep 78 it 4000/5004 loss 1.496 2161 img/s
    ep 78 it 4500/5004 loss 1.268 2159 img/s
    ep 78 it 5000/5004 loss 1.393 2103 img/s
  epoch  78/90  lr 0.0010  loss 1.350  top1 69.03  top5 88.73  (610s, 2102 img/s)
    ep 79 it 0/5004 loss 1.254 187 img/s
    ep 79 it 500/5004 loss 1.319 1624 img/s
    ep 79 it 1000/5004 loss 1.350 1780 img/s
    ep 79 it 1500/5004 loss 1.113 1887 img/s
    ep 79 it 2000/5004 loss 1.258 1960 img/s
    ep 79 it 2500/5004 loss 1.460 2001 img/s
    ep 79 it 3000/5004 loss 1.480 2031 img/s
    ep 79 it 3500/5004 loss 1.303 2052 img/s
    ep 79 it 4000/5004 loss 1.202 2068 img/s
    ep 79 it 4500/5004 loss 1.359 2078 img/s
    ep 79 it 5000/5004 loss 1.315 2089 img/s
  epoch  79/90  lr 0.0010  loss 1.346  top1 69.04  top5 88.74  (613s, 2090 img/s)
    ep 80 it 0/5004 loss 1.356 203 img/s
    ep 80 it 500/5004 loss 1.274 2130 img/s
    ep 80 it 1000/5004 loss 1.577 2144 img/s
    ep 80 it 1500/5004 loss 1.209 2148 img/s
    ep 80 it 2000/5004 loss 1.228 2146 img/s
    ep 80 it 2500/5004 loss 1.174 2153 img/s
    ep 80 it 3000/5004 loss 1.118 2145 img/s
    ep 80 it 3500/5004 loss 1.310 2142 img/s
    ep 80 it 4000/5004 loss 1.304 2144 img/s
    ep 80 it 4500/5004 loss 1.440 2126 img/s
    ep 80 it 5000/5004 loss 1.230 2006 img/s
  epoch  80/90  lr 0.0010  loss 1.343  top1 69.01  top5 88.75  (639s, 2005 img/s)
    ep 81 it 0/5004 loss 1.366 240 img/s
    ep 81 it 500/5004 loss 1.175 1770 img/s
    ep 81 it 1000/5004 loss 1.315 1915 img/s
    ep 81 it 1500/5004 loss 1.226 2008 img/s
    ep 81 it 2000/5004 loss 1.256 2060 img/s
    ep 81 it 2500/5004 loss 1.301 2089 img/s
    ep 81 it 3000/5004 loss 1.386 2098 img/s
    ep 81 it 3500/5004 loss 1.412 2113 img/s
    ep 81 it 4000/5004 loss 1.455 2121 img/s
    ep 81 it 4500/5004 loss 1.181 2132 img/s
    ep 81 it 5000/5004 loss 1.242 2125 img/s
  epoch  81/90  lr 0.0010  loss 1.341  top1 68.96  top5 88.82  (603s, 2125 img/s)
    ep 82 it 0/5004 loss 1.467 216 img/s
    ep 82 it 500/5004 loss 1.482 2070 img/s
    ep 82 it 1000/5004 loss 1.163 2110 img/s
    ep 82 it 1500/5004 loss 1.266 2137 img/s
    ep 82 it 2000/5004 loss 1.281 2150 img/s
    ep 82 it 2500/5004 loss 1.484 2140 img/s
    ep 82 it 3000/5004 loss 1.512 2141 img/s
    ep 82 it 3500/5004 loss 1.380 2140 img/s
    ep 82 it 4000/5004 loss 1.300 2148 img/s
    ep 82 it 4500/5004 loss 1.473 2066 img/s
    ep 82 it 5000/5004 loss 1.525 2047 img/s
  epoch  82/90  lr 0.0010  loss 1.339  top1 69.25  top5 88.83  (626s, 2048 img/s)
    ep 83 it 0/5004 loss 1.118 268 img/s
    ep 83 it 500/5004 loss 1.190 2178 img/s
    ep 83 it 1000/5004 loss 1.382 2203 img/s
    ep 83 it 1500/5004 loss 1.253 2213 img/s
    ep 83 it 2000/5004 loss 1.385 2221 img/s
    ep 83 it 2500/5004 loss 1.301 2205 img/s
    ep 83 it 3000/5004 loss 1.490 2197 img/s
    ep 83 it 3500/5004 loss 1.251 2196 img/s
    ep 83 it 4000/5004 loss 1.315 2198 img/s
    ep 83 it 4500/5004 loss 1.384 2182 img/s
    ep 83 it 5000/5004 loss 1.331 2176 img/s
  epoch  83/90  lr 0.0010  loss 1.337  top1 69.16  top5 88.84  (589s, 2176 img/s)
    ep 84 it 0/5004 loss 1.295 327 img/s
    ep 84 it 500/5004 loss 1.305 2141 img/s
    ep 84 it 1000/5004 loss 1.287 2128 img/s
    ep 84 it 1500/5004 loss 1.108 2135 img/s
    ep 84 it 2000/5004 loss 1.168 2140 img/s
    ep 84 it 2500/5004 loss 1.329 2149 img/s
    ep 84 it 3000/5004 loss 1.285 2141 img/s
    ep 84 it 3500/5004 loss 1.448 2150 img/s
    ep 84 it 4000/5004 loss 1.569 2091 img/s
    ep 84 it 4500/5004 loss 1.335 2085 img/s
    ep 84 it 5000/5004 loss 1.537 2093 img/s
  epoch  84/90  lr 0.0010  loss 1.337  top1 69.07  top5 88.78  (612s, 2093 img/s)
    ep 85 it 0/5004 loss 1.307 318 img/s
    ep 85 it 500/5004 loss 1.188 2209 img/s
    ep 85 it 1000/5004 loss 1.341 2211 img/s
    ep 85 it 1500/5004 loss 1.369 2225 img/s
    ep 85 it 2000/5004 loss 1.371 2221 img/s
    ep 85 it 2500/5004 loss 1.235 2218 img/s
    ep 85 it 3000/5004 loss 1.421 2212 img/s
    ep 85 it 3500/5004 loss 1.334 2197 img/s
    ep 85 it 4000/5004 loss 1.189 2184 img/s
    ep 85 it 4500/5004 loss 1.381 2185 img/s
    ep 85 it 5000/5004 loss 1.644 2184 img/s
  epoch  85/90  lr 0.0010  loss 1.334  top1 69.04  top5 88.70  (587s, 2184 img/s)
    ep 86 it 0/5004 loss 1.456 216 img/s
    ep 86 it 500/5004 loss 1.464 2169 img/s
    ep 86 it 1000/5004 loss 1.511 2158 img/s
    ep 86 it 1500/5004 loss 0.978 2162 img/s
    ep 86 it 2000/5004 loss 1.133 2163 img/s
    ep 86 it 2500/5004 loss 1.492 2157 img/s
    ep 86 it 3000/5004 loss 1.529 2140 img/s
    ep 86 it 3500/5004 loss 1.384 2006 img/s
    ep 86 it 4000/5004 loss 1.309 1952 img/s
    ep 86 it 4500/5004 loss 1.474 1940 img/s
    ep 86 it 5000/5004 loss 1.238 1955 img/s
  epoch  86/90  lr 0.0010  loss 1.331  top1 69.24  top5 88.84  (655s, 1956 img/s)
    ep 87 it 0/5004 loss 1.452 350 img/s
    ep 87 it 500/5004 loss 1.207 2717 img/s
    ep 87 it 1000/5004 loss 1.078 2799 img/s
    ep 87 it 1500/5004 loss 1.378 2877 img/s
    ep 87 it 2000/5004 loss 1.372 2942 img/s
    ep 87 it 2500/5004 loss 1.419 2987 img/s
    ep 87 it 3000/5004 loss 1.341 3038 img/s
    ep 87 it 3500/5004 loss 1.370 3078 img/s
    ep 87 it 4000/5004 loss 1.299 3114 img/s
    ep 87 it 4500/5004 loss 1.384 3153 img/s
    ep 87 it 5000/5004 loss 1.283 3187 img/s
  epoch  87/90  lr 0.0010  loss 1.329  top1 68.93  top5 88.63  (402s, 3188 img/s)
    ep 88 it 0/5004 loss 1.137 435 img/s
    ep 88 it 500/5004 loss 1.282 3484 img/s
    ep 88 it 1000/5004 loss 1.404 3509 img/s
    ep 88 it 1500/5004 loss 1.160 3516 img/s
    ep 88 it 2000/5004 loss 1.169 3543 img/s
    ep 88 it 2500/5004 loss 1.352 3543 img/s
    ep 88 it 3000/5004 loss 1.439 3548 img/s
    ep 88 it 3500/5004 loss 1.177 3553 img/s
    ep 88 it 4000/5004 loss 1.424 3557 img/s
    ep 88 it 4500/5004 loss 1.242 3553 img/s
    ep 88 it 5000/5004 loss 1.354 3558 img/s
  epoch  88/90  lr 0.0010  loss 1.327  top1 69.06  top5 88.73  (360s, 3559 img/s)
    ep 89 it 0/5004 loss 1.353 535 img/s
    ep 89 it 500/5004 loss 1.215 3563 img/s
    ep 89 it 1000/5004 loss 1.481 3558 img/s
    ep 89 it 1500/5004 loss 1.158 3553 img/s
    ep 89 it 2000/5004 loss 1.314 3568 img/s
    ep 89 it 2500/5004 loss 1.178 3560 img/s
    ep 89 it 3000/5004 loss 1.325 3553 img/s
    ep 89 it 3500/5004 loss 1.278 3559 img/s
    ep 89 it 4000/5004 loss 1.454 3562 img/s
    ep 89 it 4500/5004 loss 1.239 3572 img/s
    ep 89 it 5000/5004 loss 1.493 3576 img/s
  epoch  89/90  lr 0.0010  loss 1.324  top1 69.02  top5 88.85  (358s, 3576 img/s)
    ep 90 it 0/5004 loss 1.263 384 img/s
    ep 90 it 500/5004 loss 1.419 3517 img/s
    ep 90 it 1000/5004 loss 1.226 3551 img/s
    ep 90 it 1500/5004 loss 1.498 3554 img/s
    ep 90 it 2000/5004 loss 1.425 3552 img/s
    ep 90 it 2500/5004 loss 1.325 3541 img/s
    ep 90 it 3000/5004 loss 1.416 3540 img/s
    ep 90 it 3500/5004 loss 1.380 3536 img/s
    ep 90 it 4000/5004 loss 1.201 3538 img/s
    ep 90 it 4500/5004 loss 1.348 3547 img/s
    ep 90 it 5000/5004 loss 1.276 3553 img/s
  epoch  90/90  lr 0.0010  loss 1.323  top1 69.18  top5 88.85  (361s, 3553 img/s)
done {"final_top1": 69.176, "final_top5": 88.846, "params": 11594456, "train_hours": 15.079890130096011}
