widths [44, 64, 63, 64, 128, 128, 127, 255, 255, 255, 510, 509, 511]  params 11,594,456  MACs@224 1.739 G  classes 1000  train batches/epoch 5004  device cuda
    ep 1 it 0/5004 loss 7.016 13 img/s
    ep 1 it 500/5004 loss 6.199 1192 img/s
    ep 1 it 1000/5004 loss 5.401 1387 img/s
    ep 1 it 1500/5004 loss 5.184 1545 img/s
    ep 1 it 2000/5004 loss 5.141 1672 img/s
    ep 1 it 2500/5004 loss 4.787 1773 img/s
    ep 1 it 3000/5004 loss 4.692 1845 img/s
    ep 1 it 3500/5004 loss 4.534 1896 img/s
    ep 1 it 4000/5004 loss 4.321 1939 img/s
    ep 1 it 4500/5004 loss 4.198 1969 img/s
    ep 1 it 5000/5004 loss 4.150 1996 img/s
  epoch   1/90  lr 0.1000  loss 4.945  top1 19.19  top5 41.42  (642s, 1996 img/s)
    ep 2 it 0/5004 loss 3.723 237 img/s
    ep 2 it 500/5004 loss 3.862 2386 img/s
    ep 2 it 1000/5004 loss 3.924 2319 img/s
    ep 2 it 1500/5004 loss 3.646 2296 img/s
    ep 2 it 2000/5004 loss 3.474 2286 img/s
    ep 2 it 2500/5004 loss 3.573 2288 img/s
    ep 2 it 3000/5004 loss 3.684 2281 img/s
    ep 2 it 3500/5004 loss 3.833 2277 img/s
    ep 2 it 4000/5004 loss 3.301 2277 img/s
    ep 2 it 4500/5004 loss 3.585 2280 img/s
    ep 2 it 5000/5004 loss 3.599 2283 img/s
  epoch   2/90  lr 0.1000  loss 3.564  top1 32.11  top5 58.01  (561s, 2283 img/s)
    ep 3 it 0/5004 loss 3.292 202 img/s
    ep 3 it 500/5004 loss 3.272 1716 img/s
    ep 3 it 1000/5004 loss 3.251 1862 img/s
    ep 3 it 1500/5004 loss 3.410 1975 img/s
    ep 3 it 2000/5004 loss 3.116 2050 img/s
    ep 3 it 2500/5004 loss 3.024 2091 img/s
    ep 3 it 3000/5004 loss 3.150 2123 img/s
    ep 3 it 3500/5004 loss 3.180 2142 img/s
    ep 3 it 4000/5004 loss 3.085 2160 img/s
    ep 3 it 4500/5004 loss 3.225 2177 img/s
    ep 3 it 5000/5004 loss 3.289 2190 img/s
  epoch   3/90  lr 0.1000  loss 3.135  top1 36.47  top5 62.51  (585s, 2190 img/s)
    ep 4 it 0/5004 loss 3.118 216 img/s
    ep 4 it 500/5004 loss 2.927 2265 img/s
    ep 4 it 1000/5004 loss 2.917 2277 img/s
    ep 4 it 1500/5004 loss 3.031 2266 img/s
    ep 4 it 2000/5004 loss 3.090 2275 img/s
    ep 4 it 2500/5004 loss 3.237 2279 img/s
    ep 4 it 3000/5004 loss 2.970 2279 img/s
    ep 4 it 3500/5004 loss 2.878 2271 img/s
    ep 4 it 4000/5004 loss 2.976 2270 img/s
    ep 4 it 4500/5004 loss 2.828 2275 img/s
    ep 4 it 5000/5004 loss 3.205 2284 img/s
  epoch   4/90  lr 0.1000  loss 2.935  top1 38.86  top5 65.54  (561s, 2284 img/s)
    ep 5 it 0/5004 loss 2.713 254 img/s
    ep 5 it 500/5004 loss 2.824 2211 img/s
    ep 5 it 1000/5004 loss 3.072 2222 img/s
    ep 5 it 1500/5004 loss 2.575 2223 img/s
    ep 5 it 2000/5004 loss 2.854 2236 img/s
    ep 5 it 2500/5004 loss 2.968 2245 img/s
    ep 5 it 3000/5004 loss 2.783 2240 img/s
    ep 5 it 3500/5004 loss 2.715 2242 img/s
    ep 5 it 4000/5004 loss 2.994 2240 img/s
    ep 5 it 4500/5004 loss 2.535 2240 img/s
    ep 5 it 5000/5004 loss 2.708 2238 img/s
  epoch   5/90  lr 0.1000  loss 2.822  top1 42.14  top5 69.21  (572s, 2238 img/s)
    ep 6 it 0/5004 loss 2.758 357 img/s
    ep 6 it 500/5004 loss 3.046 2203 img/s
    ep 6 it 1000/5004 loss 2.672 2268 img/s
    ep 6 it 1500/5004 loss 2.608 2271 img/s
    ep 6 it 2000/5004 loss 2.711 2265 img/s
    ep 6 it 2500/5004 loss 2.879 2273 img/s
    ep 6 it 3000/5004 loss 2.996 2264 img/s
    ep 6 it 3500/5004 loss 2.681 2263 img/s
    ep 6 it 4000/5004 loss 2.675 2257 img/s
    ep 6 it 4500/5004 loss 2.585 2256 img/s
    ep 6 it 5000/5004 loss 2.366 2257 img/s
  epoch   6/90  lr 0.1000  loss 2.749  top1 42.18  top5 69.08  (568s, 2257 img/s)
    ep 7 it 0/5004 loss 2.587 192 img/s
    ep 7 it 500/5004 loss 2.400 1412 img/s
    ep 7 it 1000/5004 loss 2.653 1595 img/s
    ep 7 it 1500/5004 loss 2.493 1705 img/s
    ep 7 it 2000/5004 loss 2.772 1807 img/s
    ep 7 it 2500/5004 loss 2.763 1884 img/s
    ep 7 it 3000/5004 loss 2.402 1944 img/s
    ep 7 it 3500/5004 loss 2.872 1989 img/s
    ep 7 it 4000/5004 loss 2.890 2015 img/s
    ep 7 it 4500/5004 loss 2.643 2041 img/s
    ep 7 it 5000/5004 loss 2.804 2068 img/s
  epoch   7/90  lr 0.1000  loss 2.698  top1 43.40  top5 70.67  (620s, 2068 img/s)
    ep 8 it 0/5004 loss 2.603 336 img/s
    ep 8 it 500/5004 loss 2.476 2160 img/s
    ep 8 it 1000/5004 loss 2.527 2212 img/s
    ep 8 it 1500/5004 loss 2.889 2259 img/s
    ep 8 it 2000/5004 loss 2.939 2269 img/s
    ep 8 it 2500/5004 loss 2.661 2268 img/s
    ep 8 it 3000/5004 loss 2.857 2267 img/s
    ep 8 it 3500/5004 loss 2.824 2269 img/s
    ep 8 it 4000/5004 loss 2.645 2266 img/s
    ep 8 it 4500/5004 loss 2.748 2260 img/s
    ep 8 it 5000/5004 loss 2.733 2260 img/s
  epoch   8/90  lr 0.1000  loss 2.660  top1 45.55  top5 72.18  (567s, 2260 img/s)
    ep 9 it 0/5004 loss 2.425 253 img/s
    ep 9 it 500/5004 loss 2.330 2204 img/s
    ep 9 it 1000/5004 loss 2.716 2232 img/s
    ep 9 it 1500/5004 loss 2.996 2266 img/s
    ep 9 it 2000/5004 loss 2.779 1982 img/s
    ep 9 it 2500/5004 loss 2.679 1939 img/s
    ep 9 it 3000/5004 loss 2.679 1962 img/s
    ep 9 it 3500/5004 loss 2.855 1998 img/s
    ep 9 it 4000/5004 loss 2.458 2033 img/s
    ep 9 it 4500/5004 loss 2.709 2059 img/s
    ep 9 it 5000/5004 loss 2.705 2077 img/s
  epoch   9/90  lr 0.1000  loss 2.630  top1 46.10  top5 72.72  (617s, 2077 img/s)
    ep 10 it 0/5004 loss 2.565 223 img/s
    ep 10 it 500/5004 loss 2.736 2207 img/s
    ep 10 it 1000/5004 loss 2.619 2232 img/s
    ep 10 it 1500/5004 loss 2.461 2260 img/s
    ep 10 it 2000/5004 loss 2.844 2287 img/s
    ep 10 it 2500/5004 loss 2.352 2283 img/s
    ep 10 it 3000/5004 loss 2.883 2273 img/s
    ep 10 it 3500/5004 loss 2.472 2275 img/s
    ep 10 it 4000/5004 loss 2.557 2279 img/s
    ep 10 it 4500/5004 loss 2.817 2279 img/s
    ep 10 it 5000/5004 loss 2.846 2279 img/s
  epoch  10/90  lr 0.1000  loss 2.608  top1 44.25  top5 70.80  (562s, 2279 img/s)
    ep 11 it 0/5004 loss 2.459 295 img/s
    ep 11 it 500/5004 loss 2.615 2250 img/s
    ep 11 it 1000/5004 loss 2.717 2250 img/s
    ep 11 it 1500/5004 loss 2.522 2260 img/s
    ep 11 it 2000/5004 loss 2.872 2257 img/s
    ep 11 it 2500/5004 loss 2.752 2022 img/s
    ep 11 it 3000/5004 loss 2.618 1975 img/s
    ep 11 it 3500/5004 loss 2.627 1990 img/s
    ep 11 it 4000/5004 loss 2.713 2025 img/s
    ep 11 it 4500/5004 loss 2.830 2049 img/s
    ep 11 it 5000/5004 loss 2.682 2073 img/s
  epoch  11/90  lr 0.1000  loss 2.587  top1 46.26  top5 73.02  (618s, 2073 img/s)
    ep 12 it 0/5004 loss 2.536 219 img/s
    ep 12 it 500/5004 loss 2.651 2253 img/s
    ep 12 it 1000/5004 loss 2.471 2277 img/s
    ep 12 it 1500/5004 loss 2.278 2288 img/s
    ep 12 it 2000/5004 loss 2.758 2292 img/s
    ep 12 it 2500/5004 loss 2.448 2297 img/s
    ep 12 it 3000/5004 loss 2.395 2285 img/s
    ep 12 it 3500/5004 loss 2.652 2275 img/s
    ep 12 it 4000/5004 loss 2.747 2283 img/s
    ep 12 it 4500/5004 loss 2.545 2289 img/s
    ep 12 it 5000/5004 loss 2.513 2287 img/s
  epoch  12/90  lr 0.1000  loss 2.572  top1 45.90  top5 72.13  (560s, 2287 img/s)
    ep 13 it 0/5004 loss 2.629 321 img/s
    ep 13 it 500/5004 loss 2.736 2289 img/s
    ep 13 it 1000/5004 loss 2.464 2287 img/s
    ep 13 it 1500/5004 loss 2.548 2291 img/s
    ep 13 it 2000/5004 loss 2.631 2294 img/s
    ep 13 it 2500/5004 loss 2.574 2302 img/s
    ep 13 it 3000/5004 loss 2.471 2298 img/s
    ep 13 it 3500/5004 loss 2.498 2289 img/s
    ep 13 it 4000/5004 loss 2.401 2292 img/s
    ep 13 it 4500/5004 loss 2.568 2288 img/s
    ep 13 it 5000/5004 loss 2.464 2284 img/s
  epoch  13/90  lr 0.1000  loss 2.559  top1 46.58  top5 72.68  (561s, 2284 img/s)
    ep 14 it 0/5004 loss 2.697 265 img/s
    ep 14 it 500/5004 loss 2.720 2224 img/s
    ep 14 it 1000/5004 loss 2.319 2287 img/s
    ep 14 it 1500/5004 loss 2.462 2282 img/s
    ep 14 it 2000/5004 loss 2.456 2282 img/s
    ep 14 it 2500/5004 loss 2.687 2285 img/s
    ep 14 it 3000/5004 loss 2.658 2305 img/s
    ep 14 it 3500/5004 loss 2.254 2296 img/s
    ep 14 it 4000/5004 loss 2.543 2292 img/s
    ep 14 it 4500/5004 loss 2.528 2295 img/s
    ep 14 it 5000/5004 loss 2.514 2293 img/s
  epoch  14/90  lr 0.1000  loss 2.546  top1 44.62  top5 71.03  (559s, 2293 img/s)
    ep 15 it 0/5004 loss 2.505 282 img/s
    ep 15 it 500/5004 loss 2.428 2293 img/s
    ep 15 it 1000/5004 loss 2.673 2279 img/s
    ep 15 it 1500/5004 loss 2.626 2290 img/s
    ep 15 it 2000/5004 loss 2.478 2297 img/s
    ep 15 it 2500/5004 loss 2.690 2303 img/s
    ep 15 it 3000/5004 loss 2.283 2307 img/s
    ep 15 it 3500/5004 loss 2.623 2312 img/s
    ep 15 it 4000/5004 loss 2.409 2309 img/s
    ep 15 it 4500/5004 loss 2.594 2303 img/s
    ep 15 it 5000/5004 loss 2.352 2307 img/s
  epoch  15/90  lr 0.1000  loss 2.539  top1 42.93  top5 69.27  (555s, 2307 img/s)
    ep 16 it 0/5004 loss 2.606 205 img/s
    ep 16 it 500/5004 loss 2.524 2219 img/s
    ep 16 it 1000/5004 loss 2.636 2206 img/s
    ep 16 it 1500/5004 loss 2.618 2222 img/s
    ep 16 it 2000/5004 loss 2.373 2228 img/s
    ep 16 it 2500/5004 loss 2.696 2230 img/s
    ep 16 it 3000/5004 loss 2.265 2226 img/s
    ep 16 it 3500/5004 loss 2.498 2242 img/s
    ep 16 it 4000/5004 loss 2.434 2114 img/s
    ep 16 it 4500/5004 loss 2.600 2060 img/s
    ep 16 it 5000/5004 loss 2.544 2060 img/s
  epoch  16/90  lr 0.1000  loss 2.529  top1 47.01  top5 73.41  (622s, 2061 img/s)
    ep 17 it 0/5004 loss 2.353 255 img/s
    ep 17 it 500/5004 loss 2.412 2339 img/s
    ep 17 it 1000/5004 loss 2.424 2338 img/s
    ep 17 it 1500/5004 loss 2.688 2354 img/s
    ep 17 it 2000/5004 loss 2.306 2341 img/s
    ep 17 it 2500/5004 loss 2.368 2331 img/s
    ep 17 it 3000/5004 loss 2.291 2330 img/s
    ep 17 it 3500/5004 loss 2.750 2325 img/s
    ep 17 it 4000/5004 loss 2.452 2336 img/s
    ep 17 it 4500/5004 loss 2.433 2320 img/s
    ep 17 it 5000/5004 loss 2.420 2319 img/s
  epoch  17/90  lr 0.1000  loss 2.522  top1 46.98  top5 73.36  (553s, 2319 img/s)
    ep 18 it 0/5004 loss 2.448 243 img/s
    ep 18 it 500/5004 loss 2.712 2283 img/s
    ep 18 it 1000/5004 loss 2.683 2288 img/s
    ep 18 it 1500/5004 loss 2.526 2285 img/s
    ep 18 it 2000/5004 loss 2.585 2288 img/s
    ep 18 it 2500/5004 loss 2.501 2287 img/s
    ep 18 it 3000/5004 loss 2.487 2287 img/s
    ep 18 it 3500/5004 loss 2.894 2282 img/s
    ep 18 it 4000/5004 loss 2.727 2277 img/s
    ep 18 it 4500/5004 loss 2.340 2191 img/s
    ep 18 it 5000/5004 loss 2.626 2078 img/s
  epoch  18/90  lr 0.1000  loss 2.514  top1 47.80  top5 74.18  (617s, 2077 img/s)
    ep 19 it 0/5004 loss 2.570 220 img/s
    ep 19 it 500/5004 loss 2.618 1918 img/s
    ep 19 it 1000/5004 loss 2.370 2059 img/s
    ep 19 it 1500/5004 loss 2.395 2154 img/s
    ep 19 it 2000/5004 loss 2.391 2216 img/s
    ep 19 it 2500/5004 loss 2.377 2242 img/s
    ep 19 it 3000/5004 loss 2.344 2246 img/s
    ep 19 it 3500/5004 loss 2.446 2261 img/s
    ep 19 it 4000/5004 loss 2.605 2267 img/s
    ep 19 it 4500/5004 loss 2.569 2271 img/s
    ep 19 it 5000/5004 loss 2.425 2278 img/s
  epoch  19/90  lr 0.1000  loss 2.509  top1 47.30  top5 73.54  (562s, 2278 img/s)
    ep 20 it 0/5004 loss 2.769 209 img/s
    ep 20 it 500/5004 loss 2.414 2271 img/s
    ep 20 it 1000/5004 loss 2.575 2264 img/s
    ep 20 it 1500/5004 loss 2.463 2270 img/s
    ep 20 it 2000/5004 loss 2.624 2287 img/s
    ep 20 it 2500/5004 loss 2.469 2288 img/s
    ep 20 it 3000/5004 loss 2.610 2277 img/s
    ep 20 it 3500/5004 loss 2.663 2287 img/s
    ep 20 it 4000/5004 loss 2.575 2287 img/s
    ep 20 it 4500/5004 loss 2.408 2289 img/s
    ep 20 it 5000/5004 loss 2.491 2294 img/s
  epoch  20/90  lr 0.1000  loss 2.501  top1 45.86  top5 72.61  (558s, 2294 img/s)
    ep 21 it 0/5004 loss 2.524 177 img/s
    ep 21 it 500/5004 loss 2.547 1369 img/s
    ep 21 it 1000/5004 loss 2.473 1557 img/s
    ep 21 it 1500/5004 loss 2.677 1707 img/s
    ep 21 it 2000/5004 loss 2.512 1819 img/s
    ep 21 it 2500/5004 loss 2.578 1889 img/s
    ep 21 it 3000/5004 loss 2.458 1945 img/s
    ep 21 it 3500/5004 loss 2.518 1988 img/s
    ep 21 it 4000/5004 loss 2.479 2025 img/s
    ep 21 it 4500/5004 loss 2.394 2051 img/s
    ep 21 it 5000/5004 loss 2.677 2073 img/s
  epoch  21/90  lr 0.1000  loss 2.497  top1 47.05  top5 73.46  (618s, 2073 img/s)
    ep 22 it 0/5004 loss 2.730 336 img/s
    ep 22 it 500/5004 loss 2.334 2255 img/s
    ep 22 it 1000/5004 loss 2.445 2250 img/s
    ep 22 it 1500/5004 loss 2.429 2244 img/s
    ep 22 it 2000/5004 loss 2.532 2260 img/s
    ep 22 it 2500/5004 loss 2.297 2273 img/s
    ep 22 it 3000/5004 loss 2.608 2269 img/s
    ep 22 it 3500/5004 loss 2.610 2273 img/s
    ep 22 it 4000/5004 loss 2.477 2277 img/s
    ep 22 it 4500/5004 loss 2.469 2270 img/s
    ep 22 it 5000/5004 loss 2.453 2271 img/s
  epoch  22/90  lr 0.1000  loss 2.492  top1 47.80  top5 73.56  (564s, 2271 img/s)
    ep 23 it 0/5004 loss 2.511 216 img/s
    ep 23 it 500/5004 loss 2.588 2286 img/s
    ep 23 it 1000/5004 loss 2.440 2262 img/s
    ep 23 it 1500/5004 loss 2.308 2264 img/s
    ep 23 it 2000/5004 loss 2.636 2284 img/s
    ep 23 it 2500/5004 loss 2.674 2289 img/s
    ep 23 it 3000/5004 loss 2.567 2285 img/s
    ep 23 it 3500/5004 loss 2.546 2285 img/s
    ep 23 it 4000/5004 loss 2.538 2290 img/s
    ep 23 it 4500/5004 loss 2.454 2291 img/s
    ep 23 it 5000/5004 loss 2.578 2299 img/s
  epoch  23/90  lr 0.1000  loss 2.487  top1 46.76  top5 73.21  (557s, 2299 img/s)
    ep 24 it 0/5004 loss 2.587 163 img/s
    ep 24 it 500/5004 loss 2.368 1329 img/s
    ep 24 it 1000/5004 loss 2.647 1470 img/s
    ep 24 it 1500/5004 loss 2.194 1600 img/s
    ep 24 it 2000/5004 loss 2.563 1714 img/s
    ep 24 it 2500/5004 loss 2.649 1798 img/s
    ep 24 it 3000/5004 loss 2.370 1865 img/s
    ep 24 it 3500/5004 loss 2.370 1916 img/s
    ep 24 it 4000/5004 loss 2.347 1954 img/s
    ep 24 it 4500/5004 loss 2.371 1983 img/s
    ep 24 it 5000/5004 loss 2.460 2010 img/s
  epoch  24/90  lr 0.1000  loss 2.483  top1 48.58  top5 74.73  (637s, 2010 img/s)
    ep 25 it 0/5004 loss 2.372 212 img/s
    ep 25 it 500/5004 loss 2.436 2237 img/s
    ep 25 it 1000/5004 loss 2.422 2306 img/s
    ep 25 it 1500/5004 loss 2.339 2273 img/s
    ep 25 it 2000/5004 loss 2.505 2282 img/s
    ep 25 it 2500/5004 loss 2.256 2301 img/s
    ep 25 it 3000/5004 loss 2.351 2304 img/s
    ep 25 it 3500/5004 loss 2.564 2307 img/s
    ep 25 it 4000/5004 loss 2.304 2303 img/s
    ep 25 it 4500/5004 loss 2.387 2301 img/s
    ep 25 it 5000/5004 loss 2.397 2299 img/s
  epoch  25/90  lr 0.1000  loss 2.483  top1 47.26  top5 73.75  (557s, 2299 img/s)
    ep 26 it 0/5004 loss 2.475 152 img/s
    ep 26 it 500/5004 loss 2.308 1267 img/s
    ep 26 it 1000/5004 loss 2.688 1440 img/s
    ep 26 it 1500/5004 loss 2.253 1573 img/s
    ep 26 it 2000/5004 loss 2.386 1688 img/s
    ep 26 it 2500/5004 loss 2.297 1772 img/s
    ep 26 it 3000/5004 loss 2.664 1831 img/s
    ep 26 it 3500/5004 loss 2.670 1885 img/s
    ep 26 it 4000/5004 loss 2.411 1929 img/s
    ep 26 it 4500/5004 loss 2.515 1961 img/s
    ep 26 it 5000/5004 loss 2.412 1993 img/s
  epoch  26/90  lr 0.1000  loss 2.475  top1 47.58  top5 73.63  (643s, 1993 img/s)
    ep 27 it 0/5004 loss 2.057 241 img/s
    ep 27 it 500/5004 loss 2.462 2266 img/s
    ep 27 it 1000/5004 loss 2.363 2285 img/s
    ep 27 it 1500/5004 loss 2.648 2319 img/s
    ep 27 it 2000/5004 loss 2.543 2299 img/s
    ep 27 it 2500/5004 loss 2.214 2293 img/s
    ep 27 it 3000/5004 loss 2.582 2287 img/s
    ep 27 it 3500/5004 loss 2.378 2281 img/s
    ep 27 it 4000/5004 loss 2.180 2281 img/s
    ep 27 it 4500/5004 loss 2.569 2286 img/s
    ep 27 it 5000/5004 loss 2.325 2281 img/s
  epoch  27/90  lr 0.1000  loss 2.475  top1 47.59  top5 73.92  (561s, 2282 img/s)
    ep 28 it 0/5004 loss 2.247 188 img/s
    ep 28 it 500/5004 loss 2.460 1426 img/s
    ep 28 it 1000/5004 loss 2.399 1601 img/s
    ep 28 it 1500/5004 loss 2.474 1744 img/s
    ep 28 it 2000/5004 loss 2.484 1844 img/s
    ep 28 it 2500/5004 loss 2.647 1909 img/s
    ep 28 it 3000/5004 loss 2.385 1959 img/s
    ep 28 it 3500/5004 loss 2.485 2001 img/s
    ep 28 it 4000/5004 loss 2.287 2030 img/s
    ep 28 it 4500/5004 loss 2.568 2054 img/s
    ep 28 it 5000/5004 loss 2.469 2072 img/s
  epoch  28/90  lr 0.1000  loss 2.467  top1 46.39  top5 72.39  (618s, 2073 img/s)
    ep 29 it 0/5004 loss 2.322 236 img/s
    ep 29 it 500/5004 loss 2.221 2240 img/s
    ep 29 it 1000/5004 loss 2.629 2260 img/s
    ep 29 it 1500/5004 loss 2.187 2256 img/s
    ep 29 it 2000/5004 loss 2.618 2273 img/s
    ep 29 it 2500/5004 loss 2.306 2269 img/s
    ep 29 it 3000/5004 loss 2.338 2266 img/s
    ep 29 it 3500/5004 loss 2.498 2263 img/s
    ep 29 it 4000/5004 loss 2.255 2260 img/s
    ep 29 it 4500/5004 loss 2.526 2256 img/s
    ep 29 it 5000/5004 loss 2.400 2258 img/s
  epoch  29/90  lr 0.1000  loss 2.465  top1 46.51  top5 72.28  (567s, 2258 img/s)
    ep 30 it 0/5004 loss 2.144 187 img/s
    ep 30 it 500/5004 loss 2.528 1590 img/s
    ep 30 it 1000/5004 loss 2.083 1758 img/s
    ep 30 it 1500/5004 loss 2.391 1892 img/s
    ep 30 it 2000/5004 loss 2.324 1988 img/s
    ep 30 it 2500/5004 loss 2.437 2044 img/s
    ep 30 it 3000/5004 loss 2.389 2071 img/s
    ep 30 it 3500/5004 loss 2.571 2085 img/s
    ep 30 it 4000/5004 loss 2.506 2102 img/s
    ep 30 it 4500/5004 loss 2.361 2119 img/s
    ep 30 it 5000/5004 loss 2.548 2134 img/s
  epoch  30/90  lr 0.1000  loss 2.463  top1 48.75  top5 74.97  (600s, 2134 img/s)
    ep 31 it 0/5004 loss 2.544 260 img/s
    ep 31 it 500/5004 loss 1.942 2177 img/s
    ep 31 it 1000/5004 loss 1.778 2244 img/s
    ep 31 it 1500/5004 loss 1.664 2257 img/s
    ep 31 it 2000/5004 loss 1.771 2266 img/s
    ep 31 it 2500/5004 loss 2.065 2280 img/s
    ep 31 it 3000/5004 loss 1.868 2267 img/s
    ep 31 it 3500/5004 loss 1.969 2268 img/s
    ep 31 it 4000/5004 loss 1.891 2264 img/s
    ep 31 it 4500/5004 loss 1.796 2266 img/s
    ep 31 it 5000/5004 loss 1.862 2269 img/s
  epoch  31/90  lr 0.0100  loss 1.945  top1 62.46  top5 84.73  (565s, 2269 img/s)
    ep 32 it 0/5004 loss 1.914 165 img/s
    ep 32 it 500/5004 loss 1.947 1344 img/s
    ep 32 it 1000/5004 loss 1.919 1492 img/s
    ep 32 it 1500/5004 loss 1.780 1637 img/s
    ep 32 it 2000/5004 loss 1.913 1756 img/s
    ep 32 it 2500/5004 loss 1.834 1841 img/s
    ep 32 it 3000/5004 loss 1.755 1903 img/s
    ep 32 it 3500/5004 loss 1.826 1942 img/s
    ep 32 it 4000/5004 loss 1.989 1979 img/s
    ep 32 it 4500/5004 loss 1.941 2008 img/s
    ep 32 it 5000/5004 loss 1.676 2033 img/s
  epoch  32/90  lr 0.0100  loss 1.825  top1 63.56  top5 85.42  (630s, 2033 img/s)
    ep 33 it 0/5004 loss 2.032 298 img/s
    ep 33 it 500/5004 loss 1.930 2192 img/s
    ep 33 it 1000/5004 loss 1.637 2216 img/s
    ep 33 it 1500/5004 loss 1.653 2237 img/s
    ep 33 it 2000/5004 loss 1.788 2243 img/s
    ep 33 it 2500/5004 loss 1.869 2250 img/s
    ep 33 it 3000/5004 loss 1.869 2270 img/s
    ep 33 it 3500/5004 loss 1.725 2264 img/s
    ep 33 it 4000/5004 loss 1.586 2259 img/s
    ep 33 it 4500/5004 loss 1.577 2269 img/s
    ep 33 it 5000/5004 loss 1.743 2265 img/s
  epoch  33/90  lr 0.0100  loss 1.777  top1 63.67  top5 85.44  (566s, 2265 img/s)
    ep 34 it 0/5004 loss 1.711 280 img/s
    ep 34 it 500/5004 loss 1.721 2211 img/s
    ep 34 it 1000/5004 loss 1.795 2259 img/s
    ep 34 it 1500/5004 loss 1.803 2267 img/s
    ep 34 it 2000/5004 loss 1.731 2276 img/s
    ep 34 it 2500/5004 loss 1.701 2278 img/s
    ep 34 it 3000/5004 loss 1.755 2285 img/s
    ep 34 it 3500/5004 loss 1.758 2285 img/s
    ep 34 it 4000/5004 loss 1.957 2276 img/s
    ep 34 it 4500/5004 loss 1.632 2273 img/s
    ep 34 it 5000/5004 loss 1.810 2272 img/s
  epoch  34/90  lr 0.0100  loss 1.751  top1 63.86  top5 85.77  (564s, 2272 img/s)
    ep 35 it 0/5004 loss 2.011 291 img/s
    ep 35 it 500/5004 loss 1.679 2182 img/s
    ep 35 it 1000/5004 loss 1.819 2248 img/s
    ep 35 it 1500/5004 loss 1.807 2264 img/s
    ep 35 it 2000/5004 loss 1.701 2270 img/s
    ep 35 it 2500/5004 loss 1.928 2269 img/s
    ep 35 it 3000/5004 loss 1.591 2270 img/s
    ep 35 it 3500/5004 loss 1.816 2184 img/s
    ep 35 it 4000/5004 loss 1.813 2057 img/s
    ep 35 it 4500/5004 loss 1.673 2035 img/s
    ep 35 it 5000/5004 loss 1.843 2047 img/s
  epoch  35/90  lr 0.0100  loss 1.730  top1 63.30  top5 85.42  (626s, 2047 img/s)
    ep 36 it 0/5004 loss 1.877 304 img/s
    ep 36 it 500/5004 loss 1.631 2324 img/s
    ep 36 it 1000/5004 loss 1.402 2328 img/s
    ep 36 it 1500/5004 loss 1.753 2341 img/s
    ep 36 it 2000/5004 loss 1.463 2332 img/s
    ep 36 it 2500/5004 loss 1.615 2333 img/s
    ep 36 it 3000/5004 loss 1.904 2333 img/s
    ep 36 it 3500/5004 loss 1.704 2328 img/s
    ep 36 it 4000/5004 loss 1.484 2330 img/s
    ep 36 it 4500/5004 loss 1.723 2318 img/s
    ep 36 it 5000/5004 loss 1.733 2319 img/s
  epoch  36/90  lr 0.0100  loss 1.723  top1 63.58  top5 85.47  (552s, 2319 img/s)
    ep 37 it 0/5004 loss 1.766 281 img/s
    ep 37 it 500/5004 loss 1.797 2203 img/s
    ep 37 it 1000/5004 loss 1.809 2236 img/s
    ep 37 it 1500/5004 loss 1.620 2248 img/s
    ep 37 it 2000/5004 loss 1.705 2250 img/s
    ep 37 it 2500/5004 loss 1.621 2259 img/s
    ep 37 it 3000/5004 loss 1.733 2260 img/s
    ep 37 it 3500/5004 loss 1.597 2268 img/s
    ep 37 it 4000/5004 loss 1.640 2267 img/s
    ep 37 it 4500/5004 loss 1.686 2125 img/s
    ep 37 it 5000/5004 loss 1.861 2094 img/s
  epoch  37/90  lr 0.0100  loss 1.713  top1 64.08  top5 85.82  (612s, 2094 img/s)
    ep 38 it 0/5004 loss 1.708 255 img/s
    ep 38 it 500/5004 loss 1.576 2214 img/s
    ep 38 it 1000/5004 loss 1.644 2275 img/s
    ep 38 it 1500/5004 loss 1.652 2290 img/s
    ep 38 it 2000/5004 loss 1.567 2305 img/s
    ep 38 it 2500/5004 loss 1.797 2305 img/s
    ep 38 it 3000/5004 loss 1.597 2312 img/s
    ep 38 it 3500/5004 loss 1.548 2305 img/s
    ep 38 it 4000/5004 loss 1.805 2310 img/s
    ep 38 it 4500/5004 loss 1.494 2320 img/s
    ep 38 it 5000/5004 loss 1.853 2310 img/s
  epoch  38/90  lr 0.0100  loss 1.707  top1 63.63  top5 85.64  (555s, 2310 img/s)
    ep 39 it 0/5004 loss 1.881 271 img/s
    ep 39 it 500/5004 loss 1.878 2220 img/s
    ep 39 it 1000/5004 loss 1.787 2256 img/s
    ep 39 it 1500/5004 loss 1.885 2280 img/s
    ep 39 it 2000/5004 loss 1.616 2270 img/s
    ep 39 it 2500/5004 loss 1.854 2267 img/s
    ep 39 it 3000/5004 loss 1.647 2268 img/s
    ep 39 it 3500/5004 loss 1.575 2262 img/s
    ep 39 it 4000/5004 loss 1.550 2264 img/s
    ep 39 it 4500/5004 loss 1.758 2266 img/s
    ep 39 it 5000/5004 loss 1.517 2192 img/s
  epoch  39/90  lr 0.0100  loss 1.703  top1 63.97  top5 85.79  (585s, 2191 img/s)
    ep 40 it 0/5004 loss 1.908 194 img/s
    ep 40 it 500/5004 loss 1.586 1810 img/s
    ep 40 it 1000/5004 loss 1.541 1969 img/s
    ep 40 it 1500/5004 loss 1.488 2052 img/s
    ep 40 it 2000/5004 loss 1.652 2117 img/s
    ep 40 it 2500/5004 loss 1.572 2149 img/s
    ep 40 it 3000/5004 loss 1.785 2170 img/s
    ep 40 it 3500/5004 loss 1.554 2188 img/s
    ep 40 it 4000/5004 loss 1.779 2204 img/s
    ep 40 it 4500/5004 loss 1.378 2210 img/s
    ep 40 it 5000/5004 loss 1.706 2226 img/s
  epoch  40/90  lr 0.0100  loss 1.702  top1 63.91  top5 85.81  (575s, 2226 img/s)
    ep 41 it 0/5004 loss 1.727 236 img/s
    ep 41 it 500/5004 loss 1.613 2206 img/s
    ep 41 it 1000/5004 loss 1.701 2240 img/s
    ep 41 it 1500/5004 loss 1.655 2238 img/s
    ep 41 it 2000/5004 loss 1.742 2251 img/s
    ep 41 it 2500/5004 loss 1.505 2251 img/s
    ep 41 it 3000/5004 loss 1.819 2266 img/s
    ep 41 it 3500/5004 loss 1.961 2269 img/s
    ep 41 it 4000/5004 loss 1.507 2270 img/s
    ep 41 it 4500/5004 loss 1.555 2278 img/s
    ep 41 it 5000/5004 loss 1.858 2275 img/s
  epoch  41/90  lr 0.0100  loss 1.701  top1 63.62  top5 85.49  (563s, 2275 img/s)
    ep 42 it 0/5004 loss 1.634 184 img/s
    ep 42 it 500/5004 loss 1.787 1424 img/s
    ep 42 it 1000/5004 loss 1.799 1592 img/s
    ep 42 it 1500/5004 loss 1.623 1733 img/s
    ep 42 it 2000/5004 loss 1.836 1836 img/s
    ep 42 it 2500/5004 loss 1.851 1905 img/s
    ep 42 it 3000/5004 loss 1.523 1964 img/s
    ep 42 it 3500/5004 loss 1.675 2007 img/s
    ep 42 it 4000/5004 loss 1.610 2038 img/s
    ep 42 it 4500/5004 loss 1.611 2062 img/s
    ep 42 it 5000/5004 loss 1.782 2080 img/s
  epoch  42/90  lr 0.0100  loss 1.703  top1 63.61  top5 85.65  (616s, 2080 img/s)
    ep 43 it 0/5004 loss 1.493 278 img/s
    ep 43 it 500/5004 loss 1.544 2257 img/s
    ep 43 it 1000/5004 loss 1.750 2245 img/s
    ep 43 it 1500/5004 loss 1.882 2251 img/s
    ep 43 it 2000/5004 loss 1.937 2261 img/s
    ep 43 it 2500/5004 loss 1.536 2260 img/s
    ep 43 it 3000/5004 loss 1.512 2252 img/s
    ep 43 it 3500/5004 loss 1.803 2251 img/s
    ep 43 it 4000/5004 loss 1.641 2255 img/s
    ep 43 it 4500/5004 loss 1.822 2256 img/s
    ep 43 it 5000/5004 loss 1.727 2256 img/s
  epoch  43/90  lr 0.0100  loss 1.703  top1 63.16  top5 85.31  (568s, 2256 img/s)
    ep 44 it 0/5004 loss 1.572 212 img/s
    ep 44 it 500/5004 loss 1.632 1714 img/s
    ep 44 it 1000/5004 loss 1.446 1827 img/s
    ep 44 it 1500/5004 loss 1.733 1931 img/s
    ep 44 it 2000/5004 loss 1.919 2011 img/s
    ep 44 it 2500/5004 loss 1.775 2054 img/s
    ep 44 it 3000/5004 loss 1.714 2084 img/s
    ep 44 it 3500/5004 loss 1.761 2109 img/s
    ep 44 it 4000/5004 loss 1.840 2129 img/s
    ep 44 it 4500/5004 loss 1.915 2146 img/s
    ep 44 it 5000/5004 loss 1.775 2157 img/s
  epoch  44/90  lr 0.0100  loss 1.702  top1 63.74  top5 85.53  (594s, 2158 img/s)
    ep 45 it 0/5004 loss 1.659 291 img/s
    ep 45 it 500/5004 loss 1.720 2163 img/s
    ep 45 it 1000/5004 loss 1.973 2205 img/s
    ep 45 it 1500/5004 loss 1.704 2220 img/s
    ep 45 it 2000/5004 loss 1.823 2231 img/s
    ep 45 it 2500/5004 loss 1.587 2229 img/s
    ep 45 it 3000/5004 loss 1.911 2240 img/s
    ep 45 it 3500/5004 loss 1.639 2239 img/s
    ep 45 it 4000/5004 loss 1.439 2240 img/s
    ep 45 it 4500/5004 loss 1.453 2243 img/s
    ep 45 it 5000/5004 loss 1.796 2244 img/s
  epoch  45/90  lr 0.0100  loss 1.702  top1 63.57  top5 85.55  (571s, 2244 img/s)
    ep 46 it 0/5004 loss 1.955 147 img/s
    ep 46 it 500/5004 loss 1.684 1374 img/s
    ep 46 it 1000/5004 loss 1.809 1522 img/s
    ep 46 it 1500/5004 loss 1.595 1655 img/s
    ep 46 it 2000/5004 loss 1.855 1767 img/s
    ep 46 it 2500/5004 loss 1.575 1849 img/s
    ep 46 it 3000/5004 loss 1.362 1910 img/s
    ep 46 it 3500/5004 loss 1.743 1953 img/s
    ep 46 it 4000/5004 loss 1.810 1982 img/s
    ep 46 it 4500/5004 loss 1.869 2012 img/s
    ep 46 it 5000/5004 loss 1.759 2034 img/s
  epoch  46/90  lr 0.0100  loss 1.703  top1 63.92  top5 85.74  (630s, 2034 img/s)
    ep 47 it 0/5004 loss 1.709 300 img/s
    ep 47 it 500/5004 loss 1.720 2237 img/s
    ep 47 it 1000/5004 loss 1.655 2278 img/s
    ep 47 it 1500/5004 loss 1.641 2267 img/s
    ep 47 it 2000/5004 loss 1.700 2268 img/s
    ep 47 it 2500/5004 loss 1.742 2261 img/s
    ep 47 it 3000/5004 loss 1.711 2261 img/s
    ep 47 it 3500/5004 loss 1.710 2264 img/s
    ep 47 it 4000/5004 loss 1.464 2259 img/s
    ep 47 it 4500/5004 loss 1.784 2258 img/s
    ep 47 it 5000/5004 loss 1.960 2254 img/s
  epoch  47/90  lr 0.0100  loss 1.704  top1 63.62  top5 85.48  (568s, 2254 img/s)
    ep 48 it 0/5004 loss 1.957 178 img/s
    ep 48 it 500/5004 loss 1.771 1374 img/s
    ep 48 it 1000/5004 loss 1.864 1546 img/s
    ep 48 it 1500/5004 loss 1.805 1662 img/s
    ep 48 it 2000/5004 loss 1.856 1761 img/s
    ep 48 it 2500/5004 loss 1.663 1838 img/s
    ep 48 it 3000/5004 loss 1.627 1896 img/s
    ep 48 it 3500/5004 loss 1.786 1942 img/s
    ep 48 it 4000/5004 loss 1.568 1972 img/s
    ep 48 it 4500/5004 loss 1.711 2003 img/s
    ep 48 it 5000/5004 loss 1.782 2025 img/s
  epoch  48/90  lr 0.0100  loss 1.701  top1 63.78  top5 85.65  (633s, 2025 img/s)
    ep 49 it 0/5004 loss 1.694 226 img/s
    ep 49 it 500/5004 loss 1.687 2222 img/s
    ep 49 it 1000/5004 loss 1.490 2232 img/s
    ep 49 it 1500/5004 loss 1.534 2238 img/s
    ep 49 it 2000/5004 loss 1.632 2253 img/s
    ep 49 it 2500/5004 loss 1.970 2262 img/s
    ep 49 it 3000/5004 loss 1.796 2263 img/s
    ep 49 it 3500/5004 loss 1.935 2267 img/s
    ep 49 it 4000/5004 loss 1.667 2266 img/s
    ep 49 it 4500/5004 loss 1.619 2263 img/s
    ep 49 it 5000/5004 loss 1.579 2260 img/s
  epoch  49/90  lr 0.0100  loss 1.700  top1 62.24  top5 84.66  (567s, 2260 img/s)
    ep 50 it 0/5004 loss 1.751 196 img/s
    ep 50 it 500/5004 loss 1.677 1783 img/s
    ep 50 it 1000/5004 loss 1.787 1926 img/s
    ep 50 it 1500/5004 loss 1.863 2041 img/s
    ep 50 it 2000/5004 loss 1.966 2074 img/s
    ep 50 it 2500/5004 loss 1.847 2100 img/s
    ep 50 it 3000/5004 loss 1.627 2107 img/s
    ep 50 it 3500/5004 loss 1.602 2101 img/s
    ep 50 it 4000/5004 loss 1.636 2122 img/s
    ep 50 it 4500/5004 loss 1.548 2140 img/s
    ep 50 it 5000/5004 loss 1.705 2156 img/s
  epoch  50/90  lr 0.0100  loss 1.699  top1 63.30  top5 85.22  (594s, 2156 img/s)
    ep 51 it 0/5004 loss 1.608 207 img/s
    ep 51 it 500/5004 loss 1.604 2231 img/s
    ep 51 it 1000/5004 loss 1.568 2265 img/s
    ep 51 it 1500/5004 loss 1.589 2265 img/s
    ep 51 it 2000/5004 loss 1.629 2275 img/s
    ep 51 it 2500/5004 loss 1.762 2260 img/s
    ep 51 it 3000/5004 loss 1.660 2250 img/s
    ep 51 it 3500/5004 loss 1.791 2248 img/s
    ep 51 it 4000/5004 loss 1.936 2252 img/s
    ep 51 it 4500/5004 loss 1.700 2252 img/s
    ep 51 it 5000/5004 loss 1.581 2252 img/s
  epoch  51/90  lr 0.0100  loss 1.699  top1 63.57  top5 85.48  (569s, 2252 img/s)
    ep 52 it 0/5004 loss 1.871 210 img/s
    ep 52 it 500/5004 loss 1.678 2025 img/s
    ep 52 it 1000/5004 loss 1.480 2144 img/s
    ep 52 it 1500/5004 loss 1.525 2208 img/s
    ep 52 it 2000/5004 loss 1.882 2246 img/s
    ep 52 it 2500/5004 loss 1.746 2245 img/s
    ep 52 it 3000/5004 loss 1.639 2244 img/s
    ep 52 it 3500/5004 loss 1.593 2249 img/s
    ep 52 it 4000/5004 loss 1.821 2250 img/s
    ep 52 it 4500/5004 loss 1.759 2243 img/s
    ep 52 it 5000/5004 loss 1.891 2243 img/s
  epoch  52/90  lr 0.0100  loss 1.698  top1 62.80  top5 85.00  (571s, 2243 img/s)
    ep 53 it 0/5004 loss 1.671 255 img/s
    ep 53 it 500/5004 loss 1.728 2074 img/s
    ep 53 it 1000/5004 loss 1.620 2164 img/s
    ep 53 it 1500/5004 loss 1.973 2195 img/s
    ep 53 it 2000/5004 loss 1.402 2213 img/s
    ep 53 it 2500/5004 loss 1.673 2231 img/s
    ep 53 it 3000/5004 loss 1.669 2229 img/s
    ep 53 it 3500/5004 loss 1.704 2240 img/s
    ep 53 it 4000/5004 loss 1.581 2242 img/s
    ep 53 it 4500/5004 loss 1.892 2241 img/s
    ep 53 it 5000/5004 loss 1.667 2242 img/s
  epoch  53/90  lr 0.0100  loss 1.694  top1 63.91  top5 85.71  (571s, 2242 img/s)
    ep 54 it 0/5004 loss 1.508 184 img/s
    ep 54 it 500/5004 loss 1.825 1423 img/s
    ep 54 it 1000/5004 loss 1.502 1581 img/s
    ep 54 it 1500/5004 loss 1.656 1727 img/s
    ep 54 it 2000/5004 loss 1.636 1846 img/s
    ep 54 it 2500/5004 loss 1.717 1924 img/s
    ep 54 it 3000/5004 loss 1.829 1971 img/s
    ep 54 it 3500/5004 loss 1.765 2015 img/s
    ep 54 it 4000/5004 loss 1.320 2045 img/s
    ep 54 it 4500/5004 loss 1.731 2071 img/s
    ep 54 it 5000/5004 loss 1.771 2088 img/s
  epoch  54/90  lr 0.0100  loss 1.692  top1 63.10  top5 85.37  (613s, 2089 img/s)
    ep 55 it 0/5004 loss 1.901 231 img/s
    ep 55 it 500/5004 loss 1.827 2190 img/s
    ep 55 it 1000/5004 loss 1.612 2269 img/s
    ep 55 it 1500/5004 loss 1.586 2272 img/s
    ep 55 it 2000/5004 loss 1.611 2274 img/s
    ep 55 it 2500/5004 loss 1.684 2276 img/s
    ep 55 it 3000/5004 loss 1.721 2284 img/s
    ep 55 it 3500/5004 loss 1.751 2273 img/s
    ep 55 it 4000/5004 loss 1.715 2267 img/s
    ep 55 it 4500/5004 loss 1.691 2258 img/s
    ep 55 it 5000/5004 loss 1.818 2256 img/s
  epoch  55/90  lr 0.0100  loss 1.691  top1 63.93  top5 85.83  (568s, 2256 img/s)
    ep 56 it 0/5004 loss 1.448 215 img/s
    ep 56 it 500/5004 loss 1.590 2239 img/s
    ep 56 it 1000/5004 loss 1.693 2264 img/s
    ep 56 it 1500/5004 loss 1.769 2308 img/s
    ep 56 it 2000/5004 loss 1.683 2310 img/s
    ep 56 it 2500/5004 loss 1.847 2305 img/s
    ep 56 it 3000/5004 loss 1.780 2306 img/s
    ep 56 it 3500/5004 loss 1.653 2316 img/s
    ep 56 it 4000/5004 loss 1.485 2317 img/s
    ep 56 it 4500/5004 loss 1.688 2318 img/s
    ep 56 it 5000/5004 loss 1.788 2317 img/s
  epoch  56/90  lr 0.0100  loss 1.691  top1 63.94  top5 85.99  (553s, 2317 img/s)
    ep 57 it 0/5004 loss 1.369 194 img/s
    ep 57 it 500/5004 loss 1.494 2333 img/s
    ep 57 it 1000/5004 loss 1.472 2317 img/s
    ep 57 it 1500/5004 loss 1.694 2325 img/s
    ep 57 it 2000/5004 loss 1.884 2333 img/s
    ep 57 it 2500/5004 loss 1.836 2327 img/s
    ep 57 it 3000/5004 loss 1.571 2331 img/s
    ep 57 it 3500/5004 loss 1.868 2335 img/s
    ep 57 it 4000/5004 loss 1.723 2203 img/s
    ep 57 it 4500/5004 loss 1.778 2128 img/s
    ep 57 it 5000/5004 loss 1.728 2116 img/s
  epoch  57/90  lr 0.0100  loss 1.686  top1 63.49  top5 85.49  (605s, 2116 img/s)
    ep 58 it 0/5004 loss 1.441 281 img/s
    ep 58 it 500/5004 loss 1.662 2353 img/s
    ep 58 it 1000/5004 loss 1.849 2360 img/s
    ep 58 it 1500/5004 loss 1.535 2361 img/s
    ep 58 it 2000/5004 loss 1.684 2374 img/s
    ep 58 it 2500/5004 loss 1.922 2369 img/s
    ep 58 it 3000/5004 loss 1.671 2356 img/s
    ep 58 it 3500/5004 loss 1.819 2347 img/s
    ep 58 it 4000/5004 loss 1.822 2349 img/s
    ep 58 it 4500/5004 loss 1.858 2338 img/s
    ep 58 it 5000/5004 loss 1.809 2339 img/s
  epoch  58/90  lr 0.0100  loss 1.684  top1 62.89  top5 85.25  (548s, 2339 img/s)
    ep 59 it 0/5004 loss 1.580 210 img/s
    ep 59 it 500/5004 loss 1.443 2281 img/s
    ep 59 it 1000/5004 loss 1.366 2288 img/s
    ep 59 it 1500/5004 loss 1.513 2289 img/s
    ep 59 it 2000/5004 loss 1.527 2299 img/s
    ep 59 it 2500/5004 loss 1.780 2300 img/s
    ep 59 it 3000/5004 loss 1.555 2297 img/s
    ep 59 it 3500/5004 loss 1.483 2301 img/s
    ep 59 it 4000/5004 loss 1.668 2299 img/s
    ep 59 it 4500/5004 loss 1.734 2258 img/s
    ep 59 it 5000/5004 loss 1.791 2184 img/s
  epoch  59/90  lr 0.0100  loss 1.687  top1 62.68  top5 85.33  (587s, 2184 img/s)
    ep 60 it 0/5004 loss 1.503 287 img/s
    ep 60 it 500/5004 loss 1.513 2136 img/s
    ep 60 it 1000/5004 loss 1.755 2232 img/s
    ep 60 it 1500/5004 loss 1.650 2257 img/s
    ep 60 it 2000/5004 loss 1.685 2275 img/s
    ep 60 it 2500/5004 loss 1.861 2290 img/s
    ep 60 it 3000/5004 loss 1.597 2290 img/s
    ep 60 it 3500/5004 loss 1.761 2288 img/s
    ep 60 it 4000/5004 loss 1.779 2293 img/s
    ep 60 it 4500/5004 loss 1.555 2285 img/s
    ep 60 it 5000/5004 loss 1.663 2280 img/s
  epoch  60/90  lr 0.0100  loss 1.682  top1 63.96  top5 85.94  (562s, 2280 img/s)
    ep 61 it 0/5004 loss 1.831 238 img/s
    ep 61 it 500/5004 loss 1.746 2305 img/s
    ep 61 it 1000/5004 loss 1.359 2295 img/s
    ep 61 it 1500/5004 loss 1.308 2303 img/s
    ep 61 it 2000/5004 loss 1.616 2305 img/s
    ep 61 it 2500/5004 loss 1.351 2288 img/s
    ep 61 it 3000/5004 loss 1.363 2291 img/s
    ep 61 it 3500/5004 loss 1.394 2294 img/s
    ep 61 it 4000/5004 loss 1.315 2296 img/s
    ep 61 it 4500/5004 loss 1.457 2296 img/s
    ep 61 it 5000/5004 loss 1.177 2303 img/s
  epoch  61/90  lr 0.0010  loss 1.495  top1 67.64  top5 88.06  (556s, 2303 img/s)
    ep 62 it 0/5004 loss 1.248 162 img/s
    ep 62 it 500/5004 loss 1.171 1371 img/s
    ep 62 it 1000/5004 loss 1.545 1552 img/s
    ep 62 it 1500/5004 loss 1.570 1700 img/s
    ep 62 it 2000/5004 loss 1.224 1811 img/s
    ep 62 it 2500/5004 loss 1.692 1891 img/s
    ep 62 it 3000/5004 loss 1.504 1953 img/s
    ep 62 it 3500/5004 loss 1.299 2001 img/s
    ep 62 it 4000/5004 loss 1.380 2031 img/s
    ep 62 it 4500/5004 loss 1.414 2055 img/s
    ep 62 it 5000/5004 loss 1.547 2074 img/s
  epoch  62/90  lr 0.0010  loss 1.447  top1 67.97  top5 88.25  (617s, 2075 img/s)
    ep 63 it 0/5004 loss 1.184 379 img/s
    ep 63 it 500/5004 loss 1.321 2244 img/s
    ep 63 it 1000/5004 loss 1.565 2257 img/s
    ep 63 it 1500/5004 loss 1.388 2254 img/s
    ep 63 it 2000/5004 loss 1.506 2252 img/s
    ep 63 it 2500/5004 loss 1.354 2248 img/s
    ep 63 it 3000/5004 loss 1.413 2263 img/s
    ep 63 it 3500/5004 loss 1.459 2269 img/s
    ep 63 it 4000/5004 loss 1.499 2267 img/s
    ep 63 it 4500/5004 loss 1.336 2269 img/s
    ep 63 it 5000/5004 loss 1.341 2273 img/s
  epoch  63/90  lr 0.0010  loss 1.431  top1 68.22  top5 88.42  (564s, 2273 img/s)
    ep 64 it 0/5004 loss 1.406 245 img/s
    ep 64 it 500/5004 loss 1.201 2118 img/s
    ep 64 it 1000/5004 loss 1.316 2172 img/s
    ep 64 it 1500/5004 loss 1.401 2216 img/s
    ep 64 it 2000/5004 loss 1.357 2231 img/s
    ep 64 it 2500/5004 loss 1.327 2246 img/s
    ep 64 it 3000/5004 loss 1.590 2250 img/s
    ep 64 it 3500/5004 loss 1.751 2259 img/s
    ep 64 it 4000/5004 loss 1.295 2262 img/s
    ep 64 it 4500/5004 loss 1.473 2267 img/s
    ep 64 it 5000/5004 loss 1.394 2274 img/s
  epoch  64/90  lr 0.0010  loss 1.417  top1 68.33  top5 88.43  (563s, 2274 img/s)
    ep 65 it 0/5004 loss 1.390 234 img/s
    ep 65 it 500/5004 loss 1.434 2251 img/s
    ep 65 it 1000/5004 loss 1.533 2257 img/s
    ep 65 it 1500/5004 loss 1.481 2266 img/s
    ep 65 it 2000/5004 loss 1.359 2273 img/s
    ep 65 it 2500/5004 loss 1.474 2271 img/s
    ep 65 it 3000/5004 loss 1.448 2269 img/s
    ep 65 it 3500/5004 loss 1.270 2263 img/s
    ep 65 it 4000/5004 loss 1.371 2267 img/s
    ep 65 it 4500/5004 loss 1.359 2272 img/s
    ep 65 it 5000/5004 loss 1.362 2272 img/s
  epoch  65/90  lr 0.0010  loss 1.406  top1 68.42  top5 88.53  (564s, 2272 img/s)
    ep 66 it 0/5004 loss 1.372 175 img/s
    ep 66 it 500/5004 loss 1.290 1383 img/s
    ep 66 it 1000/5004 loss 1.243 1525 img/s
    ep 66 it 1500/5004 loss 1.164 1666 img/s
    ep 66 it 2000/5004 loss 1.363 1776 img/s
    ep 66 it 2500/5004 loss 1.339 1854 img/s
    ep 66 it 3000/5004 loss 1.494 1914 img/s
    ep 66 it 3500/5004 loss 1.465 1955 img/s
    ep 66 it 4000/5004 loss 1.579 1990 img/s
    ep 66 it 4500/5004 loss 1.617 2018 img/s
    ep 66 it 5000/5004 loss 1.319 2041 img/s
  epoch  66/90  lr 0.0010  loss 1.400  top1 68.31  top5 88.65  (628s, 2041 img/s)
    ep 67 it 0/5004 loss 1.440 347 img/s
    ep 67 it 500/5004 loss 1.539 2249 img/s
    ep 67 it 1000/5004 loss 1.557 2343 img/s
    ep 67 it 1500/5004 loss 1.368 2310 img/s
    ep 67 it 2000/5004 loss 1.390 2292 img/s
    ep 67 it 2500/5004 loss 1.319 2292 img/s
    ep 67 it 3000/5004 loss 1.552 2295 img/s
    ep 67 it 3500/5004 loss 1.164 2294 img/s
    ep 67 it 4000/5004 loss 1.517 2296 img/s
    ep 67 it 4500/5004 loss 1.536 2288 img/s
    ep 67 it 5000/5004 loss 1.350 2292 img/s
  epoch  67/90  lr 0.0010  loss 1.394  top1 68.44  top5 88.61  (559s, 2292 img/s)
    ep 68 it 0/5004 loss 1.400 182 img/s
    ep 68 it 500/5004 loss 1.440 1647 img/s
    ep 68 it 1000/5004 loss 1.409 1803 img/s
    ep 68 it 1500/5004 loss 1.311 1896 img/s
    ep 68 it 2000/5004 loss 1.389 1973 img/s
    ep 68 it 2500/5004 loss 1.419 2033 img/s
    ep 68 it 3000/5004 loss 1.374 2066 img/s
    ep 68 it 3500/5004 loss 1.410 2098 img/s
    ep 68 it 4000/5004 loss 1.563 2121 img/s
    ep 68 it 4500/5004 loss 1.409 2140 img/s
    ep 68 it 5000/5004 loss 1.728 2154 img/s
  epoch  68/90  lr 0.0010  loss 1.386  top1 68.46  top5 88.71  (595s, 2154 img/s)
    ep 69 it 0/5004 loss 1.251 278 img/s
    ep 69 it 500/5004 loss 1.146 2277 img/s
    ep 69 it 1000/5004 loss 1.330 2307 img/s
    ep 69 it 1500/5004 loss 1.330 2330 img/s
    ep 69 it 2000/5004 loss 1.214 2313 img/s
    ep 69 it 2500/5004 loss 1.397 2306 img/s
    ep 69 it 3000/5004 loss 1.440 2304 img/s
    ep 69 it 3500/5004 loss 1.220 2303 img/s
    ep 69 it 4000/5004 loss 1.337 2302 img/s
    ep 69 it 4500/5004 loss 1.515 2297 img/s
    ep 69 it 5000/5004 loss 1.348 2296 img/s
  epoch  69/90  lr 0.0010  loss 1.382  top1 68.59  top5 88.71  (558s, 2296 img/s)
    ep 70 it 0/5004 loss 1.256 249 img/s
    ep 70 it 500/5004 loss 1.617 2259 img/s
    ep 70 it 1000/5004 loss 1.335 2292 img/s
    ep 70 it 1500/5004 loss 1.506 2303 img/s
    ep 70 it 2000/5004 loss 1.532 2306 img/s
    ep 70 it 2500/5004 loss 1.431 2304 img/s
    ep 70 it 3000/5004 loss 1.565 2308 img/s
    ep 70 it 3500/5004 loss 1.340 2306 img/s
    ep 70 it 4000/5004 loss 1.338 2302 img/s
    ep 70 it 4500/5004 loss 1.439 2298 img/s
    ep 70 it 5000/5004 loss 1.238 2296 img/s
  epoch  70/90  lr 0.0010  loss 1.377  top1 68.51  top5 88.72  (558s, 2297 img/s)
    ep 71 it 0/5004 loss 1.272 159 img/s
    ep 71 it 500/5004 loss 1.348 1431 img/s
    ep 71 it 1000/5004 loss 1.226 1610 img/s
    ep 71 it 1500/5004 loss 1.333 1755 img/s
    ep 71 it 2000/5004 loss 1.194 1865 img/s
    ep 71 it 2500/5004 loss 1.292 1931 img/s
    ep 71 it 3000/5004 loss 1.340 1983 img/s
    ep 71 it 3500/5004 loss 1.468 2013 img/s
    ep 71 it 4000/5004 loss 1.387 2044 img/s
    ep 71 it 4500/5004 loss 1.460 2070 img/s
    ep 71 it 5000/5004 loss 1.374 2090 img/s
  epoch  71/90  lr 0.0010  loss 1.372  top1 68.66  top5 88.73  (613s, 2090 img/s)
    ep 72 it 0/5004 loss 1.469 289 img/s
    ep 72 it 500/5004 loss 1.278 2258 img/s
    ep 72 it 1000/5004 loss 1.436 2314 img/s
    ep 72 it 1500/5004 loss 1.276 2289 img/s
    ep 72 it 2000/5004 loss 1.508 2319 img/s
    ep 72 it 2500/5004 loss 1.303 2308 img/s
    ep 72 it 3000/5004 loss 1.471 2310 img/s
    ep 72 it 3500/5004 loss 1.204 2311 img/s
    ep 72 it 4000/5004 loss 1.515 2309 img/s
    ep 72 it 4500/5004 loss 1.586 2315 img/s
    ep 72 it 5000/5004 loss 1.490 2319 img/s
  epoch  72/90  lr 0.0010  loss 1.367  top1 68.59  top5 88.66  (552s, 2319 img/s)
    ep 73 it 0/5004 loss 1.304 145 img/s
    ep 73 it 500/5004 loss 1.218 1271 img/s
    ep 73 it 1000/5004 loss 1.294 1450 img/s
    ep 73 it 1500/5004 loss 1.632 1608 img/s
    ep 73 it 2000/5004 loss 1.336 1734 img/s
    ep 73 it 2500/5004 loss 1.389 1832 img/s
    ep 73 it 3000/5004 loss 1.210 1886 img/s
    ep 73 it 3500/5004 loss 1.246 1932 img/s
    ep 73 it 4000/5004 loss 1.464 1964 img/s
    ep 73 it 4500/5004 loss 1.220 1994 img/s
    ep 73 it 5000/5004 loss 1.420 2019 img/s
  epoch  73/90  lr 0.0010  loss 1.365  top1 68.64  top5 88.76  (634s, 2019 img/s)
    ep 74 it 0/5004 loss 1.368 231 img/s
    ep 74 it 500/5004 loss 1.532 2314 img/s
    ep 74 it 1000/5004 loss 1.361 2342 img/s
    ep 74 it 1500/5004 loss 1.298 2339 img/s
    ep 74 it 2000/5004 loss 1.381 2324 img/s
    ep 74 it 2500/5004 loss 1.360 2319 img/s
    ep 74 it 3000/5004 loss 1.521 2328 img/s
    ep 74 it 3500/5004 loss 1.311 2325 img/s
    ep 74 it 4000/5004 loss 1.432 2321 img/s
    ep 74 it 4500/5004 loss 1.479 2316 img/s
    ep 74 it 5000/5004 loss 1.276 2315 img/s
  epoch  74/90  lr 0.0010  loss 1.363  top1 68.66  top5 88.76  (553s, 2315 img/s)
    ep 75 it 0/5004 loss 1.162 169 img/s
    ep 75 it 500/5004 loss 1.139 1417 img/s
    ep 75 it 1000/5004 loss 1.485 1606 img/s
    ep 75 it 1500/5004 loss 1.544 1760 img/s
    ep 75 it 2000/5004 loss 1.119 1869 img/s
    ep 75 it 2500/5004 loss 1.564 1948 img/s
    ep 75 it 3000/5004 loss 1.608 2005 img/s
    ep 75 it 3500/5004 loss 1.430 2041 img/s
    ep 75 it 4000/5004 loss 1.421 2068 img/s
    ep 75 it 4500/5004 loss 1.279 2084 img/s
    ep 75 it 5000/5004 loss 1.324 2102 img/s
  epoch  75/90  lr 0.0010  loss 1.358  top1 68.77  top5 88.81  (609s, 2102 img/s)
    ep 76 it 0/5004 loss 1.323 248 img/s
    ep 76 it 500/5004 loss 1.455 2254 img/s
    ep 76 it 1000/5004 loss 1.295 2247 img/s
    ep 76 it 1500/5004 loss 1.428 2276 img/s
    ep 76 it 2000/5004 loss 1.378 2280 img/s
    ep 76 it 2500/5004 loss 1.326 2285 img/s
    ep 76 it 3000/5004 loss 1.303 2282 img/s
    ep 76 it 3500/5004 loss 1.373 2288 img/s
    ep 76 it 4000/5004 loss 1.495 2287 img/s
    ep 76 it 4500/5004 loss 1.396 2290 img/s
    ep 76 it 5000/5004 loss 1.448 2289 img/s
  epoch  76/90  lr 0.0010  loss 1.355  top1 68.69  top5 88.76  (560s, 2289 img/s)
    ep 77 it 0/5004 loss 1.301 207 img/s
    ep 77 it 500/5004 loss 1.231 2195 img/s
    ep 77 it 1000/5004 loss 1.676 2238 img/s
    ep 77 it 1500/5004 loss 1.336 2263 img/s
    ep 77 it 2000/5004 loss 1.288 2266 img/s
    ep 77 it 2500/5004 loss 1.458 2279 img/s
    ep 77 it 3000/5004 loss 1.386 2283 img/s
    ep 77 it 3500/5004 loss 1.479 2287 img/s
    ep 77 it 4000/5004 loss 1.360 2296 img/s
    ep 77 it 4500/5004 loss 1.389 2296 img/s
    ep 77 it 5000/5004 loss 1.382 2294 img/s
  epoch  77/90  lr 0.0010  loss 1.351  top1 68.80  top5 88.81  (558s, 2295 img/s)
    ep 78 it 0/5004 loss 1.275 290 img/s
    ep 78 it 500/5004 loss 1.458 2222 img/s
    ep 78 it 1000/5004 loss 1.094 2258 img/s
    ep 78 it 1500/5004 loss 1.234 2272 img/s
    ep 78 it 2000/5004 loss 1.353 2277 img/s
    ep 78 it 2500/5004 loss 1.323 2268 img/s
    ep 78 it 3000/5004 loss 1.552 2272 img/s
    ep 78 it 3500/5004 loss 1.448 2280 img/s
    ep 78 it 4000/5004 loss 1.204 2261 img/s
    ep 78 it 4500/5004 loss 1.244 2115 img/s
    ep 78 it 5000/5004 loss 1.441 2076 img/s
  epoch  78/90  lr 0.0010  loss 1.348  top1 68.70  top5 88.87  (617s, 2076 img/s)
    ep 79 it 0/5004 loss 1.389 247 img/s
    ep 79 it 500/5004 loss 1.310 2228 img/s
    ep 79 it 1000/5004 loss 1.492 2288 img/s
    ep 79 it 1500/5004 loss 1.442 2305 img/s
    ep 79 it 2000/5004 loss 1.333 2309 img/s
    ep 79 it 2500/5004 loss 1.445 2310 img/s
    ep 79 it 3000/5004 loss 1.665 2312 img/s
    ep 79 it 3500/5004 loss 1.367 2315 img/s
    ep 79 it 4000/5004 loss 1.266 2324 img/s
    ep 79 it 4500/5004 loss 1.374 2331 img/s
    ep 79 it 5000/5004 loss 1.279 2326 img/s
  epoch  79/90  lr 0.0010  loss 1.347  top1 68.74  top5 88.78  (551s, 2326 img/s)
    ep 80 it 0/5004 loss 1.222 290 img/s
    ep 80 it 500/5004 loss 1.440 2262 img/s
    ep 80 it 1000/5004 loss 1.329 2293 img/s
    ep 80 it 1500/5004 loss 1.450 2294 img/s
    ep 80 it 2000/5004 loss 1.474 2298 img/s
    ep 80 it 2500/5004 loss 1.251 2308 img/s
    ep 80 it 3000/5004 loss 1.474 2306 img/s
    ep 80 it 3500/5004 loss 1.560 2315 img/s
    ep 80 it 4000/5004 loss 1.258 2322 img/s
    ep 80 it 4500/5004 loss 1.395 2316 img/s
    ep 80 it 5000/5004 loss 1.318 2222 img/s
  epoch  80/90  lr 0.0010  loss 1.342  top1 68.83  top5 88.69  (577s, 2221 img/s)
    ep 81 it 0/5004 loss 1.209 201 img/s
    ep 81 it 500/5004 loss 1.296 1778 img/s
    ep 81 it 1000/5004 loss 1.412 1921 img/s
    ep 81 it 1500/5004 loss 1.469 2043 img/s
    ep 81 it 2000/5004 loss 1.514 2115 img/s
    ep 81 it 2500/5004 loss 1.484 2153 img/s
    ep 81 it 3000/5004 loss 1.366 2175 img/s
    ep 81 it 3500/5004 loss 1.311 2187 img/s
    ep 81 it 4000/5004 loss 1.397 2204 img/s
    ep 81 it 4500/5004 loss 1.293 2216 img/s
    ep 81 it 5000/5004 loss 1.355 2230 img/s
  epoch  81/90  lr 0.0010  loss 1.339  top1 68.88  top5 88.94  (574s, 2230 img/s)
    ep 82 it 0/5004 loss 1.349 405 img/s
    ep 82 it 500/5004 loss 1.362 2264 img/s
    ep 82 it 1000/5004 loss 1.270 2264 img/s
    ep 82 it 1500/5004 loss 1.023 2276 img/s
    ep 82 it 2000/5004 loss 1.335 2288 img/s
    ep 82 it 2500/5004 loss 1.150 2293 img/s
    ep 82 it 3000/5004 loss 1.239 2293 img/s
    ep 82 it 3500/5004 loss 1.392 2296 img/s
    ep 82 it 4000/5004 loss 1.228 2293 img/s
    ep 82 it 4500/5004 loss 1.495 2298 img/s
    ep 82 it 5000/5004 loss 1.251 2299 img/s
  epoch  82/90  lr 0.0010  loss 1.338  top1 68.80  top5 88.86  (557s, 2299 img/s)
    ep 83 it 0/5004 loss 1.266 182 img/s
    ep 83 it 500/5004 loss 1.239 1424 img/s
    ep 83 it 1000/5004 loss 1.214 1599 img/s
    ep 83 it 1500/5004 loss 1.261 1734 img/s
    ep 83 it 2000/5004 loss 1.282 1842 img/s
    ep 83 it 2500/5004 loss 1.199 1923 img/s
    ep 83 it 3000/5004 loss 1.328 1979 img/s
    ep 83 it 3500/5004 loss 1.545 2016 img/s
    ep 83 it 4000/5004 loss 1.288 2046 img/s
    ep 83 it 4500/5004 loss 1.167 2066 img/s
    ep 83 it 5000/5004 loss 1.368 2089 img/s
  epoch  83/90  lr 0.0010  loss 1.337  top1 68.78  top5 88.79  (613s, 2089 img/s)
    ep 84 it 0/5004 loss 1.515 328 img/s
    ep 84 it 500/5004 loss 1.413 2252 img/s
    ep 84 it 1000/5004 loss 1.307 2269 img/s
    ep 84 it 1500/5004 loss 1.134 2265 img/s
    ep 84 it 2000/5004 loss 1.073 2259 img/s
    ep 84 it 2500/5004 loss 1.157 2260 img/s
    ep 84 it 3000/5004 loss 1.199 2254 img/s
    ep 84 it 3500/5004 loss 1.503 2260 img/s
    ep 84 it 4000/5004 loss 1.408 2267 img/s
    ep 84 it 4500/5004 loss 1.352 2268 img/s
    ep 84 it 5000/5004 loss 1.378 2265 img/s
  epoch  84/90  lr 0.0010  loss 1.335  top1 68.77  top5 88.79  (566s, 2265 img/s)
    ep 85 it 0/5004 loss 1.181 179 img/s
    ep 85 it 500/5004 loss 1.265 1309 img/s
    ep 85 it 1000/5004 loss 1.342 1461 img/s
    ep 85 it 1500/5004 loss 1.314 1604 img/s
    ep 85 it 2000/5004 loss 1.252 1723 img/s
    ep 85 it 2500/5004 loss 1.350 1817 img/s
    ep 85 it 3000/5004 loss 1.420 1882 img/s
    ep 85 it 3500/5004 loss 1.355 1941 img/s
    ep 85 it 4000/5004 loss 1.379 1979 img/s
    ep 85 it 4500/5004 loss 1.200 2004 img/s
    ep 85 it 5000/5004 loss 1.285 2025 img/s
  epoch  85/90  lr 0.0010  loss 1.332  top1 68.78  top5 88.77  (632s, 2026 img/s)
    ep 86 it 0/5004 loss 1.338 380 img/s
    ep 86 it 500/5004 loss 1.332 2256 img/s
    ep 86 it 1000/5004 loss 1.124 2288 img/s
    ep 86 it 1500/5004 loss 1.404 2307 img/s
    ep 86 it 2000/5004 loss 1.239 2317 img/s
    ep 86 it 2500/5004 loss 1.290 2310 img/s
    ep 86 it 3000/5004 loss 1.291 2305 img/s
    ep 86 it 3500/5004 loss 1.349 2311 img/s
    ep 86 it 4000/5004 loss 1.409 2310 img/s
    ep 86 it 4500/5004 loss 1.312 2302 img/s
    ep 86 it 5000/5004 loss 1.496 2302 img/s
  epoch  86/90  lr 0.0010  loss 1.330  top1 68.61  top5 88.77  (556s, 2302 img/s)
    ep 87 it 0/5004 loss 1.206 217 img/s
    ep 87 it 500/5004 loss 1.276 1698 img/s
    ep 87 it 1000/5004 loss 1.627 1841 img/s
    ep 87 it 1500/5004 loss 1.361 1926 img/s
    ep 87 it 2000/5004 loss 1.203 2003 img/s
    ep 87 it 2500/5004 loss 1.141 2058 img/s
    ep 87 it 3000/5004 loss 1.230 2091 img/s
    ep 87 it 3500/5004 loss 1.428 2113 img/s
    ep 87 it 4000/5004 loss 1.404 2133 img/s
    ep 87 it 4500/5004 loss 1.367 2154 img/s
    ep 87 it 5000/5004 loss 1.361 2165 img/s
  epoch  87/90  lr 0.0010  loss 1.329  top1 68.64  top5 88.77  (592s, 2165 img/s)
    ep 88 it 0/5004 loss 1.244 286 img/s
    ep 88 it 500/5004 loss 1.444 2311 img/s
    ep 88 it 1000/5004 loss 1.277 2303 img/s
    ep 88 it 1500/5004 loss 1.336 2305 img/s
    ep 88 it 2000/5004 loss 1.247 2320 img/s
    ep 88 it 2500/5004 loss 1.298 2325 img/s
    ep 88 it 3000/5004 loss 1.200 2319 img/s
    ep 88 it 3500/5004 loss 1.221 2322 img/s
    ep 88 it 4000/5004 loss 1.320 2317 img/s
    ep 88 it 4500/5004 loss 1.302 2314 img/s
    ep 88 it 5000/5004 loss 1.413 2309 img/s
  epoch  88/90  lr 0.0010  loss 1.326  top1 68.67  top5 88.72  (555s, 2309 img/s)
    ep 89 it 0/5004 loss 1.416 297 img/s
    ep 89 it 500/5004 loss 1.138 1982 img/s
    ep 89 it 1000/5004 loss 1.284 2097 img/s
    ep 89 it 1500/5004 loss 1.419 2167 img/s
    ep 89 it 2000/5004 loss 1.273 2186 img/s
    ep 89 it 2500/5004 loss 1.240 2199 img/s
    ep 89 it 3000/5004 loss 1.356 2211 img/s
    ep 89 it 3500/5004 loss 1.668 2218 img/s
    ep 89 it 4000/5004 loss 1.124 2220 img/s
    ep 89 it 4500/5004 loss 1.295 2216 img/s
    ep 89 it 5000/5004 loss 1.335 2221 img/s
  epoch  89/90  lr 0.0010  loss 1.324  top1 68.70  top5 88.80  (577s, 2221 img/s)
    ep 90 it 0/5004 loss 1.217 303 img/s
    ep 90 it 500/5004 loss 1.410 2162 img/s
    ep 90 it 1000/5004 loss 1.425 2228 img/s
    ep 90 it 1500/5004 loss 1.165 2263 img/s
    ep 90 it 2000/5004 loss 1.285 2282 img/s
    ep 90 it 2500/5004 loss 1.215 2280 img/s
    ep 90 it 3000/5004 loss 1.200 2278 img/s
    ep 90 it 3500/5004 loss 1.326 2282 img/s
    ep 90 it 4000/5004 loss 1.214 2280 img/s
    ep 90 it 4500/5004 loss 1.483 2283 img/s
    ep 90 it 5000/5004 loss 1.274 2283 img/s
  epoch  90/90  lr 0.0010  loss 1.320  top1 68.82  top5 88.73  (561s, 2283 img/s)
done {"final_top1": 68.822, "final_top5": 88.726, "params": 11594456, "train_hours": 14.55311874959204}
