widths [64, 64, 64, 64, 127, 127, 127, 254, 254, 254, 508, 508, 508]  params 11,514,717  MACs@224 1.795 G  classes 1000  train batches/epoch 5004  device cuda
    ep 1 it 0/5004 loss 7.030 20 img/s
    ep 1 it 500/5004 loss 6.213 1248 img/s
    ep 1 it 1000/5004 loss 5.337 1425 img/s
    ep 1 it 1500/5004 loss 5.183 1571 img/s
    ep 1 it 2000/5004 loss 5.142 1695 img/s
    ep 1 it 2500/5004 loss 4.750 1785 img/s
    ep 1 it 3000/5004 loss 4.572 1850 img/s
    ep 1 it 3500/5004 loss 4.503 1899 img/s
    ep 1 it 4000/5004 loss 4.372 1938 img/s
    ep 1 it 4500/5004 loss 4.193 1970 img/s
    ep 1 it 5000/5004 loss 4.209 1996 img/s
  epoch   1/90  lr 0.1000  loss 4.922  top1 20.16  top5 43.07  (642s, 1996 img/s)
    ep 2 it 0/5004 loss 3.813 297 img/s
    ep 2 it 500/5004 loss 3.888 2163 img/s
    ep 2 it 1000/5004 loss 3.877 2174 img/s
    ep 2 it 1500/5004 loss 3.556 2206 img/s
    ep 2 it 2000/5004 loss 3.396 2221 img/s
    ep 2 it 2500/5004 loss 3.574 2230 img/s
    ep 2 it 3000/5004 loss 3.661 2236 img/s
    ep 2 it 3500/5004 loss 3.724 2240 img/s
    ep 2 it 4000/5004 loss 3.342 2243 img/s
    ep 2 it 4500/5004 loss 3.523 2245 img/s
    ep 2 it 5000/5004 loss 3.525 2246 img/s
  epoch   2/90  lr 0.1000  loss 3.541  top1 33.53  top5 59.85  (570s, 2246 img/s)
    ep 3 it 0/5004 loss 3.247 340 img/s
    ep 3 it 500/5004 loss 3.271 2135 img/s
    ep 3 it 1000/5004 loss 3.269 2196 img/s
    ep 3 it 1500/5004 loss 3.469 2218 img/s
    ep 3 it 2000/5004 loss 3.139 2230 img/s
    ep 3 it 2500/5004 loss 3.030 2237 img/s
    ep 3 it 3000/5004 loss 3.112 2241 img/s
    ep 3 it 3500/5004 loss 3.247 2245 img/s
    ep 3 it 4000/5004 loss 3.079 2248 img/s
    ep 3 it 4500/5004 loss 3.129 2249 img/s
    ep 3 it 5000/5004 loss 3.285 2251 img/s
  epoch   3/90  lr 0.1000  loss 3.126  top1 34.72  top5 61.10  (569s, 2251 img/s)
    ep 4 it 0/5004 loss 3.086 172 img/s
    ep 4 it 500/5004 loss 2.925 1330 img/s
    ep 4 it 1000/5004 loss 2.994 1504 img/s
    ep 4 it 1500/5004 loss 2.994 1650 img/s
    ep 4 it 2000/5004 loss 3.019 1767 img/s
    ep 4 it 2500/5004 loss 3.305 1850 img/s
    ep 4 it 3000/5004 loss 3.011 1908 img/s
    ep 4 it 3500/5004 loss 2.892 1952 img/s
    ep 4 it 4000/5004 loss 3.026 1987 img/s
    ep 4 it 4500/5004 loss 2.867 2015 img/s
    ep 4 it 5000/5004 loss 3.195 2038 img/s
  epoch   4/90  lr 0.1000  loss 2.936  top1 38.71  top5 65.07  (629s, 2038 img/s)
    ep 5 it 0/5004 loss 2.692 401 img/s
    ep 5 it 500/5004 loss 2.864 2200 img/s
    ep 5 it 1000/5004 loss 3.069 2223 img/s
    ep 5 it 1500/5004 loss 2.571 2238 img/s
    ep 5 it 2000/5004 loss 2.786 2246 img/s
    ep 5 it 2500/5004 loss 3.025 2251 img/s
    ep 5 it 3000/5004 loss 2.728 2254 img/s
    ep 5 it 3500/5004 loss 2.717 2256 img/s
    ep 5 it 4000/5004 loss 2.957 2257 img/s
    ep 5 it 4500/5004 loss 2.546 2258 img/s
    ep 5 it 5000/5004 loss 2.661 2259 img/s
  epoch   5/90  lr 0.1000  loss 2.826  top1 42.49  top5 69.50  (567s, 2259 img/s)
    ep 6 it 0/5004 loss 2.797 235 img/s
    ep 6 it 500/5004 loss 2.946 1635 img/s
    ep 6 it 1000/5004 loss 2.803 1796 img/s
    ep 6 it 1500/5004 loss 2.599 1916 img/s
    ep 6 it 2000/5004 loss 2.751 1992 img/s
    ep 6 it 2500/5004 loss 2.834 2042 img/s
    ep 6 it 3000/5004 loss 2.918 2076 img/s
    ep 6 it 3500/5004 loss 2.726 2102 img/s
    ep 6 it 4000/5004 loss 2.662 2122 img/s
    ep 6 it 4500/5004 loss 2.727 2138 img/s
    ep 6 it 5000/5004 loss 2.344 2150 img/s
  epoch   6/90  lr 0.1000  loss 2.759  top1 41.31  top5 68.53  (596s, 2150 img/s)
    ep 7 it 0/5004 loss 2.508 372 img/s
    ep 7 it 500/5004 loss 2.470 2170 img/s
    ep 7 it 1000/5004 loss 2.714 2216 img/s
    ep 7 it 1500/5004 loss 2.593 2233 img/s
    ep 7 it 2000/5004 loss 2.737 2243 img/s
    ep 7 it 2500/5004 loss 2.795 2249 img/s
    ep 7 it 3000/5004 loss 2.467 2253 img/s
    ep 7 it 3500/5004 loss 2.885 2255 img/s
    ep 7 it 4000/5004 loss 2.910 2257 img/s
    ep 7 it 4500/5004 loss 2.644 2259 img/s
    ep 7 it 5000/5004 loss 2.786 2259 img/s
  epoch   7/90  lr 0.1000  loss 2.708  top1 43.44  top5 70.31  (567s, 2259 img/s)
    ep 8 it 0/5004 loss 2.550 210 img/s
    ep 8 it 500/5004 loss 2.520 1639 img/s
    ep 8 it 1000/5004 loss 2.476 1803 img/s
    ep 8 it 1500/5004 loss 2.852 1924 img/s
    ep 8 it 2000/5004 loss 2.868 2000 img/s
    ep 8 it 2500/5004 loss 2.693 2048 img/s
    ep 8 it 3000/5004 loss 2.860 2082 img/s
    ep 8 it 3500/5004 loss 2.756 2106 img/s
    ep 8 it 4000/5004 loss 2.692 2125 img/s
    ep 8 it 4500/5004 loss 2.712 2140 img/s
    ep 8 it 5000/5004 loss 2.665 2153 img/s
  epoch   8/90  lr 0.1000  loss 2.671  top1 43.84  top5 70.65  (595s, 2153 img/s)
    ep 9 it 0/5004 loss 2.518 302 img/s
    ep 9 it 500/5004 loss 2.430 2137 img/s
    ep 9 it 1000/5004 loss 2.738 2202 img/s
    ep 9 it 1500/5004 loss 2.991 2224 img/s
    ep 9 it 2000/5004 loss 2.773 2235 img/s
    ep 9 it 2500/5004 loss 2.743 2243 img/s
    ep 9 it 3000/5004 loss 2.699 2247 img/s
    ep 9 it 3500/5004 loss 2.773 2251 img/s
    ep 9 it 4000/5004 loss 2.536 2253 img/s
    ep 9 it 4500/5004 loss 2.739 2256 img/s
    ep 9 it 5000/5004 loss 2.792 2257 img/s
  epoch   9/90  lr 0.1000  loss 2.643  top1 45.42  top5 72.20  (568s, 2257 img/s)
    ep 10 it 0/5004 loss 2.556 233 img/s
    ep 10 it 500/5004 loss 2.861 1528 img/s
    ep 10 it 1000/5004 loss 2.584 1706 img/s
    ep 10 it 1500/5004 loss 2.458 1831 img/s
    ep 10 it 2000/5004 loss 2.738 1922 img/s
    ep 10 it 2500/5004 loss 2.386 1982 img/s
    ep 10 it 3000/5004 loss 2.767 2025 img/s
    ep 10 it 3500/5004 loss 2.500 2056 img/s
    ep 10 it 4000/5004 loss 2.538 2080 img/s
    ep 10 it 4500/5004 loss 2.752 2099 img/s
    ep 10 it 5000/5004 loss 2.750 2117 img/s
  epoch  10/90  lr 0.1000  loss 2.621  top1 45.06  top5 72.07  (605s, 2117 img/s)
    ep 11 it 0/5004 loss 2.546 293 img/s
    ep 11 it 500/5004 loss 2.679 2195 img/s
    ep 11 it 1000/5004 loss 2.729 2229 img/s
    ep 11 it 1500/5004 loss 2.478 2242 img/s
    ep 11 it 2000/5004 loss 2.933 2250 img/s
    ep 11 it 2500/5004 loss 2.734 2254 img/s
    ep 11 it 3000/5004 loss 2.539 2257 img/s
    ep 11 it 3500/5004 loss 2.753 2259 img/s
    ep 11 it 4000/5004 loss 2.651 2260 img/s
    ep 11 it 4500/5004 loss 2.843 2261 img/s
    ep 11 it 5000/5004 loss 2.703 2262 img/s
  epoch  11/90  lr 0.1000  loss 2.602  top1 46.64  top5 73.46  (566s, 2262 img/s)
    ep 12 it 0/5004 loss 2.649 251 img/s
    ep 12 it 500/5004 loss 2.669 1766 img/s
    ep 12 it 1000/5004 loss 2.493 1919 img/s
    ep 12 it 1500/5004 loss 2.400 2011 img/s
    ep 12 it 2000/5004 loss 2.685 2070 img/s
    ep 12 it 2500/5004 loss 2.491 2107 img/s
    ep 12 it 3000/5004 loss 2.486 2131 img/s
    ep 12 it 3500/5004 loss 2.750 2150 img/s
    ep 12 it 4000/5004 loss 2.812 2164 img/s
    ep 12 it 4500/5004 loss 2.562 2174 img/s
    ep 12 it 5000/5004 loss 2.476 2183 img/s
  epoch  12/90  lr 0.1000  loss 2.588  top1 46.43  top5 73.02  (587s, 2183 img/s)
    ep 13 it 0/5004 loss 2.543 390 img/s
    ep 13 it 500/5004 loss 2.805 2185 img/s
    ep 13 it 1000/5004 loss 2.478 2229 img/s
    ep 13 it 1500/5004 loss 2.705 2243 img/s
    ep 13 it 2000/5004 loss 2.717 2250 img/s
    ep 13 it 2500/5004 loss 2.490 2253 img/s
    ep 13 it 3000/5004 loss 2.475 2256 img/s
    ep 13 it 3500/5004 loss 2.388 2258 img/s
    ep 13 it 4000/5004 loss 2.410 2260 img/s
    ep 13 it 4500/5004 loss 2.507 2261 img/s
    ep 13 it 5000/5004 loss 2.486 2262 img/s
  epoch  13/90  lr 0.1000  loss 2.573  top1 45.17  top5 71.76  (566s, 2262 img/s)
    ep 14 it 0/5004 loss 2.687 198 img/s
    ep 14 it 500/5004 loss 2.780 1509 img/s
    ep 14 it 1000/5004 loss 2.332 1671 img/s
    ep 14 it 1500/5004 loss 2.397 1804 img/s
    ep 14 it 2000/5004 loss 2.552 1903 img/s
    ep 14 it 2500/5004 loss 2.771 1967 img/s
    ep 14 it 3000/5004 loss 2.658 2012 img/s
    ep 14 it 3500/5004 loss 2.311 2045 img/s
    ep 14 it 4000/5004 loss 2.619 2071 img/s
    ep 14 it 4500/5004 loss 2.572 2092 img/s
    ep 14 it 5000/5004 loss 2.549 2108 img/s
  epoch  14/90  lr 0.1000  loss 2.560  top1 47.49  top5 73.93  (608s, 2108 img/s)
    ep 15 it 0/5004 loss 2.532 393 img/s
    ep 15 it 500/5004 loss 2.431 2164 img/s
    ep 15 it 1000/5004 loss 2.693 2213 img/s
    ep 15 it 1500/5004 loss 2.668 2230 img/s
    ep 15 it 2000/5004 loss 2.553 2239 img/s
    ep 15 it 2500/5004 loss 2.695 2244 img/s
    ep 15 it 3000/5004 loss 2.298 2248 img/s
    ep 15 it 3500/5004 loss 2.582 2251 img/s
    ep 15 it 4000/5004 loss 2.468 2254 img/s
    ep 15 it 4500/5004 loss 2.622 2256 img/s
    ep 15 it 5000/5004 loss 2.553 2257 img/s
  epoch  15/90  lr 0.1000  loss 2.554  top1 48.25  top5 74.19  (567s, 2258 img/s)
    ep 16 it 0/5004 loss 2.617 179 img/s
    ep 16 it 500/5004 loss 2.622 1385 img/s
    ep 16 it 1000/5004 loss 2.664 1553 img/s
    ep 16 it 1500/5004 loss 2.559 1693 img/s
    ep 16 it 2000/5004 loss 2.374 1804 img/s
    ep 16 it 2500/5004 loss 2.692 1876 img/s
    ep 16 it 3000/5004 loss 2.330 1932 img/s
    ep 16 it 3500/5004 loss 2.574 1974 img/s
    ep 16 it 4000/5004 loss 2.470 2007 img/s
    ep 16 it 4500/5004 loss 2.475 2034 img/s
    ep 16 it 5000/5004 loss 2.647 2055 img/s
  epoch  16/90  lr 0.1000  loss 2.543  top1 44.22  top5 70.75  (623s, 2055 img/s)
    ep 17 it 0/5004 loss 2.341 330 img/s
    ep 17 it 500/5004 loss 2.529 2170 img/s
    ep 17 it 1000/5004 loss 2.506 2215 img/s
    ep 17 it 1500/5004 loss 2.743 2233 img/s
    ep 17 it 2000/5004 loss 2.236 2242 img/s
    ep 17 it 2500/5004 loss 2.476 2248 img/s
    ep 17 it 3000/5004 loss 2.348 2252 img/s
    ep 17 it 3500/5004 loss 2.722 2254 img/s
    ep 17 it 4000/5004 loss 2.412 2257 img/s
    ep 17 it 4500/5004 loss 2.477 2258 img/s
    ep 17 it 5000/5004 loss 2.530 2259 img/s
  epoch  17/90  lr 0.1000  loss 2.536  top1 43.86  top5 70.36  (567s, 2259 img/s)
    ep 18 it 0/5004 loss 2.429 205 img/s
    ep 18 it 500/5004 loss 2.794 1875 img/s
    ep 18 it 1000/5004 loss 2.714 2002 img/s
    ep 18 it 1500/5004 loss 2.594 2069 img/s
    ep 18 it 2000/5004 loss 2.493 2115 img/s
    ep 18 it 2500/5004 loss 2.543 2133 img/s
    ep 18 it 3000/5004 loss 2.447 2154 img/s
    ep 18 it 3500/5004 loss 2.920 2169 img/s
    ep 18 it 4000/5004 loss 2.689 2181 img/s
    ep 18 it 4500/5004 loss 2.413 2189 img/s
    ep 18 it 5000/5004 loss 2.641 2196 img/s
  epoch  18/90  lr 0.1000  loss 2.525  top1 48.42  top5 74.97  (583s, 2196 img/s)
    ep 19 it 0/5004 loss 2.538 310 img/s
    ep 19 it 500/5004 loss 2.569 2160 img/s
    ep 19 it 1000/5004 loss 2.360 2211 img/s
    ep 19 it 1500/5004 loss 2.423 2228 img/s
    ep 19 it 2000/5004 loss 2.426 2238 img/s
    ep 19 it 2500/5004 loss 2.333 2243 img/s
    ep 19 it 3000/5004 loss 2.374 2247 img/s
    ep 19 it 3500/5004 loss 2.417 2250 img/s
    ep 19 it 4000/5004 loss 2.566 2252 img/s
    ep 19 it 4500/5004 loss 2.597 2254 img/s
    ep 19 it 5000/5004 loss 2.416 2256 img/s
  epoch  19/90  lr 0.1000  loss 2.522  top1 46.72  top5 72.52  (568s, 2256 img/s)
    ep 20 it 0/5004 loss 2.844 201 img/s
    ep 20 it 500/5004 loss 2.431 2142 img/s
    ep 20 it 1000/5004 loss 2.595 2183 img/s
    ep 20 it 1500/5004 loss 2.536 2208 img/s
    ep 20 it 2000/5004 loss 2.668 2211 img/s
    ep 20 it 2500/5004 loss 2.481 2209 img/s
    ep 20 it 3000/5004 loss 2.535 2218 img/s
    ep 20 it 3500/5004 loss 2.645 2224 img/s
    ep 20 it 4000/5004 loss 2.652 2229 img/s
    ep 20 it 4500/5004 loss 2.401 2233 img/s
    ep 20 it 5000/5004 loss 2.572 2236 img/s
  epoch  20/90  lr 0.1000  loss 2.513  top1 46.49  top5 73.24  (573s, 2236 img/s)
    ep 21 it 0/5004 loss 2.586 244 img/s
    ep 21 it 500/5004 loss 2.372 2174 img/s
    ep 21 it 1000/5004 loss 2.562 2222 img/s
    ep 21 it 1500/5004 loss 2.774 2237 img/s
    ep 21 it 2000/5004 loss 2.518 2230 img/s
    ep 21 it 2500/5004 loss 2.664 2238 img/s
    ep 21 it 3000/5004 loss 2.393 2243 img/s
    ep 21 it 3500/5004 loss 2.525 2247 img/s
    ep 21 it 4000/5004 loss 2.536 2250 img/s
    ep 21 it 4500/5004 loss 2.424 2252 img/s
    ep 21 it 5000/5004 loss 2.536 2254 img/s
  epoch  21/90  lr 0.1000  loss 2.510  top1 47.83  top5 74.35  (568s, 2254 img/s)
    ep 22 it 0/5004 loss 2.752 163 img/s
    ep 22 it 500/5004 loss 2.331 1414 img/s
    ep 22 it 1000/5004 loss 2.488 1612 img/s
    ep 22 it 1500/5004 loss 2.362 1755 img/s
    ep 22 it 2000/5004 loss 2.516 1858 img/s
    ep 22 it 2500/5004 loss 2.337 1925 img/s
    ep 22 it 3000/5004 loss 2.545 1974 img/s
    ep 22 it 3500/5004 loss 2.499 2011 img/s
    ep 22 it 4000/5004 loss 2.631 2039 img/s
    ep 22 it 4500/5004 loss 2.398 2062 img/s
    ep 22 it 5000/5004 loss 2.473 2080 img/s
  epoch  22/90  lr 0.1000  loss 2.506  top1 45.42  top5 72.07  (616s, 2080 img/s)
    ep 23 it 0/5004 loss 2.516 301 img/s
    ep 23 it 500/5004 loss 2.637 2117 img/s
    ep 23 it 1000/5004 loss 2.412 2188 img/s
    ep 23 it 1500/5004 loss 2.259 2215 img/s
    ep 23 it 2000/5004 loss 2.676 2229 img/s
    ep 23 it 2500/5004 loss 2.732 2237 img/s
    ep 23 it 3000/5004 loss 2.512 2242 img/s
    ep 23 it 3500/5004 loss 2.550 2246 img/s
    ep 23 it 4000/5004 loss 2.475 2250 img/s
    ep 23 it 4500/5004 loss 2.323 2252 img/s
    ep 23 it 5000/5004 loss 2.492 2253 img/s
  epoch  23/90  lr 0.1000  loss 2.500  top1 48.34  top5 75.01  (568s, 2253 img/s)
    ep 24 it 0/5004 loss 2.505 213 img/s
    ep 24 it 500/5004 loss 2.463 1771 img/s
    ep 24 it 1000/5004 loss 2.648 1910 img/s
    ep 24 it 1500/5004 loss 2.239 1995 img/s
    ep 24 it 2000/5004 loss 2.506 2052 img/s
    ep 24 it 2500/5004 loss 2.774 2089 img/s
    ep 24 it 3000/5004 loss 2.373 2117 img/s
    ep 24 it 3500/5004 loss 2.346 2137 img/s
    ep 24 it 4000/5004 loss 2.293 2152 img/s
    ep 24 it 4500/5004 loss 2.417 2164 img/s
    ep 24 it 5000/5004 loss 2.466 2173 img/s
  epoch  24/90  lr 0.1000  loss 2.495  top1 48.71  top5 74.91  (589s, 2173 img/s)
    ep 25 it 0/5004 loss 2.361 402 img/s
    ep 25 it 500/5004 loss 2.535 2164 img/s
    ep 25 it 1000/5004 loss 2.359 2200 img/s
    ep 25 it 1500/5004 loss 2.395 2223 img/s
    ep 25 it 2000/5004 loss 2.508 2235 img/s
    ep 25 it 2500/5004 loss 2.276 2242 img/s
    ep 25 it 3000/5004 loss 2.423 2247 img/s
    ep 25 it 3500/5004 loss 2.467 2250 img/s
    ep 25 it 4000/5004 loss 2.338 2252 img/s
    ep 25 it 4500/5004 loss 2.486 2253 img/s
    ep 25 it 5000/5004 loss 2.431 2255 img/s
  epoch  25/90  lr 0.1000  loss 2.491  top1 46.91  top5 73.45  (568s, 2255 img/s)
    ep 26 it 0/5004 loss 2.491 259 img/s
    ep 26 it 500/5004 loss 2.404 2000 img/s
    ep 26 it 1000/5004 loss 2.707 2082 img/s
    ep 26 it 1500/5004 loss 2.312 2139 img/s
    ep 26 it 2000/5004 loss 2.496 2170 img/s
    ep 26 it 2500/5004 loss 2.306 2189 img/s
    ep 26 it 3000/5004 loss 2.576 2202 img/s
    ep 26 it 3500/5004 loss 2.696 2212 img/s
    ep 26 it 4000/5004 loss 2.323 2219 img/s
    ep 26 it 4500/5004 loss 2.571 2225 img/s
    ep 26 it 5000/5004 loss 2.407 2229 img/s
  epoch  26/90  lr 0.1000  loss 2.487  top1 49.19  top5 75.05  (575s, 2229 img/s)
    ep 27 it 0/5004 loss 2.023 233 img/s
    ep 27 it 500/5004 loss 2.466 2118 img/s
    ep 27 it 1000/5004 loss 2.379 2190 img/s
    ep 27 it 1500/5004 loss 2.631 2217 img/s
    ep 27 it 2000/5004 loss 2.672 2230 img/s
    ep 27 it 2500/5004 loss 2.201 2238 img/s
    ep 27 it 3000/5004 loss 2.622 2243 img/s
    ep 27 it 3500/5004 loss 2.414 2247 img/s
    ep 27 it 4000/5004 loss 2.221 2249 img/s
    ep 27 it 4500/5004 loss 2.674 2251 img/s
    ep 27 it 5000/5004 loss 2.388 2252 img/s
  epoch  27/90  lr 0.1000  loss 2.487  top1 48.42  top5 74.53  (569s, 2253 img/s)
    ep 28 it 0/5004 loss 2.259 157 img/s
    ep 28 it 500/5004 loss 2.470 1408 img/s
    ep 28 it 1000/5004 loss 2.361 1597 img/s
    ep 28 it 1500/5004 loss 2.432 1738 img/s
    ep 28 it 2000/5004 loss 2.532 1839 img/s
    ep 28 it 2500/5004 loss 2.749 1911 img/s
    ep 28 it 3000/5004 loss 2.423 1963 img/s
    ep 28 it 3500/5004 loss 2.451 2002 img/s
    ep 28 it 4000/5004 loss 2.220 2032 img/s
    ep 28 it 4500/5004 loss 2.472 2056 img/s
    ep 28 it 5000/5004 loss 2.501 2074 img/s
  epoch  28/90  lr 0.1000  loss 2.479  top1 48.58  top5 74.56  (618s, 2074 img/s)
    ep 29 it 0/5004 loss 2.317 376 img/s
    ep 29 it 500/5004 loss 2.315 2136 img/s
    ep 29 it 1000/5004 loss 2.551 2175 img/s
    ep 29 it 1500/5004 loss 2.123 2205 img/s
    ep 29 it 2000/5004 loss 2.642 2213 img/s
    ep 29 it 2500/5004 loss 2.503 2217 img/s
    ep 29 it 3000/5004 loss 2.326 2226 img/s
    ep 29 it 3500/5004 loss 2.478 2232 img/s
    ep 29 it 4000/5004 loss 2.392 2236 img/s
    ep 29 it 4500/5004 loss 2.626 2240 img/s
    ep 29 it 5000/5004 loss 2.450 2242 img/s
  epoch  29/90  lr 0.1000  loss 2.478  top1 49.71  top5 75.45  (571s, 2242 img/s)
    ep 30 it 0/5004 loss 2.075 267 img/s
    ep 30 it 500/5004 loss 2.493 2174 img/s
    ep 30 it 1000/5004 loss 2.163 2206 img/s
    ep 30 it 1500/5004 loss 2.427 2211 img/s
    ep 30 it 2000/5004 loss 2.421 2221 img/s
    ep 30 it 2500/5004 loss 2.424 2220 img/s
    ep 30 it 3000/5004 loss 2.503 2229 img/s
    ep 30 it 3500/5004 loss 2.549 2235 img/s
    ep 30 it 4000/5004 loss 2.495 2239 img/s
    ep 30 it 4500/5004 loss 2.379 2242 img/s
    ep 30 it 5000/5004 loss 2.513 2244 img/s
  epoch  30/90  lr 0.1000  loss 2.475  top1 49.15  top5 75.55  (571s, 2244 img/s)
    ep 31 it 0/5004 loss 2.676 244 img/s
    ep 31 it 500/5004 loss 2.037 1810 img/s
    ep 31 it 1000/5004 loss 1.781 1964 img/s
    ep 31 it 1500/5004 loss 1.743 2042 img/s
    ep 31 it 2000/5004 loss 1.848 2088 img/s
    ep 31 it 2500/5004 loss 2.111 2120 img/s
    ep 31 it 3000/5004 loss 1.862 2143 img/s
    ep 31 it 3500/5004 loss 1.935 2160 img/s
    ep 31 it 4000/5004 loss 1.874 2173 img/s
    ep 31 it 4500/5004 loss 1.835 2183 img/s
    ep 31 it 5000/5004 loss 1.905 2190 img/s
  epoch  31/90  lr 0.0100  loss 1.958  top1 61.93  top5 84.59  (585s, 2190 img/s)
    ep 32 it 0/5004 loss 1.909 159 img/s
    ep 32 it 500/5004 loss 1.980 1362 img/s
    ep 32 it 1000/5004 loss 1.994 1545 img/s
    ep 32 it 1500/5004 loss 1.852 1698 img/s
    ep 32 it 2000/5004 loss 1.862 1806 img/s
    ep 32 it 2500/5004 loss 1.814 1880 img/s
    ep 32 it 3000/5004 loss 1.934 1932 img/s
    ep 32 it 3500/5004 loss 1.838 1966 img/s
    ep 32 it 4000/5004 loss 2.014 2000 img/s
    ep 32 it 4500/5004 loss 1.907 2027 img/s
    ep 32 it 5000/5004 loss 1.689 2049 img/s
  epoch  32/90  lr 0.0100  loss 1.836  top1 63.09  top5 85.14  (625s, 2049 img/s)
    ep 33 it 0/5004 loss 1.899 222 img/s
    ep 33 it 500/5004 loss 1.918 2159 img/s
    ep 33 it 1000/5004 loss 1.670 2213 img/s
    ep 33 it 1500/5004 loss 1.595 2233 img/s
    ep 33 it 2000/5004 loss 1.892 2240 img/s
    ep 33 it 2500/5004 loss 1.868 2245 img/s
    ep 33 it 3000/5004 loss 1.874 2248 img/s
    ep 33 it 3500/5004 loss 1.719 2251 img/s
    ep 33 it 4000/5004 loss 1.586 2253 img/s
    ep 33 it 4500/5004 loss 1.605 2254 img/s
    ep 33 it 5000/5004 loss 1.757 2255 img/s
  epoch  33/90  lr 0.0100  loss 1.789  top1 63.34  top5 85.32  (568s, 2255 img/s)
    ep 34 it 0/5004 loss 1.782 198 img/s
    ep 34 it 500/5004 loss 1.738 1681 img/s
    ep 34 it 1000/5004 loss 1.825 1839 img/s
    ep 34 it 1500/5004 loss 1.819 1953 img/s
    ep 34 it 2000/5004 loss 1.599 2018 img/s
    ep 34 it 2500/5004 loss 1.743 2064 img/s
    ep 34 it 3000/5004 loss 1.729 2096 img/s
    ep 34 it 3500/5004 loss 1.747 2119 img/s
    ep 34 it 4000/5004 loss 1.959 2137 img/s
    ep 34 it 4500/5004 loss 1.639 2151 img/s
    ep 34 it 5000/5004 loss 1.917 2162 img/s
  epoch  34/90  lr 0.0100  loss 1.763  top1 63.56  top5 85.53  (592s, 2162 img/s)
    ep 35 it 0/5004 loss 1.890 361 img/s
    ep 35 it 500/5004 loss 1.736 2182 img/s
    ep 35 it 1000/5004 loss 1.833 2226 img/s
    ep 35 it 1500/5004 loss 1.839 2241 img/s
    ep 35 it 2000/5004 loss 1.697 2248 img/s
    ep 35 it 2500/5004 loss 1.923 2253 img/s
    ep 35 it 3000/5004 loss 1.648 2256 img/s
    ep 35 it 3500/5004 loss 1.886 2259 img/s
    ep 35 it 4000/5004 loss 1.772 2260 img/s
    ep 35 it 4500/5004 loss 1.586 2261 img/s
    ep 35 it 5000/5004 loss 1.768 2262 img/s
  epoch  35/90  lr 0.0100  loss 1.742  top1 63.65  top5 85.50  (566s, 2262 img/s)
    ep 36 it 0/5004 loss 1.752 167 img/s
    ep 36 it 500/5004 loss 1.703 1674 img/s
    ep 36 it 1000/5004 loss 1.486 1833 img/s
    ep 36 it 1500/5004 loss 1.811 1949 img/s
    ep 36 it 2000/5004 loss 1.550 2018 img/s
    ep 36 it 2500/5004 loss 1.681 2059 img/s
    ep 36 it 3000/5004 loss 1.939 2091 img/s
    ep 36 it 3500/5004 loss 1.727 2115 img/s
    ep 36 it 4000/5004 loss 1.474 2133 img/s
    ep 36 it 4500/5004 loss 1.683 2147 img/s
    ep 36 it 5000/5004 loss 1.731 2158 img/s
  epoch  36/90  lr 0.0100  loss 1.733  top1 64.20  top5 85.91  (594s, 2158 img/s)
    ep 37 it 0/5004 loss 1.674 315 img/s
    ep 37 it 500/5004 loss 1.846 2136 img/s
    ep 37 it 1000/5004 loss 1.789 2174 img/s
    ep 37 it 1500/5004 loss 1.605 2198 img/s
    ep 37 it 2000/5004 loss 1.689 2216 img/s
    ep 37 it 2500/5004 loss 1.590 2227 img/s
    ep 37 it 3000/5004 loss 1.723 2234 img/s
    ep 37 it 3500/5004 loss 1.649 2239 img/s
    ep 37 it 4000/5004 loss 1.647 2243 img/s
    ep 37 it 4500/5004 loss 1.736 2246 img/s
    ep 37 it 5000/5004 loss 1.852 2248 img/s
  epoch  37/90  lr 0.0100  loss 1.723  top1 64.22  top5 86.03  (570s, 2248 img/s)
    ep 38 it 0/5004 loss 1.712 147 img/s
    ep 38 it 500/5004 loss 1.731 1312 img/s
    ep 38 it 1000/5004 loss 1.632 1520 img/s
    ep 38 it 1500/5004 loss 1.623 1688 img/s
    ep 38 it 2000/5004 loss 1.670 1800 img/s
    ep 38 it 2500/5004 loss 1.819 1868 img/s
    ep 38 it 3000/5004 loss 1.692 1922 img/s
    ep 38 it 3500/5004 loss 1.572 1965 img/s
    ep 38 it 4000/5004 loss 1.865 1998 img/s
    ep 38 it 4500/5004 loss 1.527 2025 img/s
    ep 38 it 5000/5004 loss 1.869 2046 img/s
  epoch  38/90  lr 0.0100  loss 1.717  top1 63.37  top5 85.50  (626s, 2046 img/s)
    ep 39 it 0/5004 loss 1.889 227 img/s
    ep 39 it 500/5004 loss 1.852 2126 img/s
    ep 39 it 1000/5004 loss 1.788 2158 img/s
    ep 39 it 1500/5004 loss 2.035 2194 img/s
    ep 39 it 2000/5004 loss 1.745 2213 img/s
    ep 39 it 2500/5004 loss 1.754 2225 img/s
    ep 39 it 3000/5004 loss 1.577 2232 img/s
    ep 39 it 3500/5004 loss 1.587 2238 img/s
    ep 39 it 4000/5004 loss 1.654 2242 img/s
    ep 39 it 4500/5004 loss 1.671 2245 img/s
    ep 39 it 5000/5004 loss 1.570 2247 img/s
  epoch  39/90  lr 0.0100  loss 1.715  top1 63.65  top5 85.74  (570s, 2248 img/s)
    ep 40 it 0/5004 loss 1.921 151 img/s
    ep 40 it 500/5004 loss 1.595 1296 img/s
    ep 40 it 1000/5004 loss 1.614 1496 img/s
    ep 40 it 1500/5004 loss 1.466 1652 img/s
    ep 40 it 2000/5004 loss 1.563 1773 img/s
    ep 40 it 2500/5004 loss 1.652 1853 img/s
    ep 40 it 3000/5004 loss 1.770 1911 img/s
    ep 40 it 3500/5004 loss 1.534 1955 img/s
    ep 40 it 4000/5004 loss 1.730 1989 img/s
    ep 40 it 4500/5004 loss 1.445 2017 img/s
    ep 40 it 5000/5004 loss 1.771 2040 img/s
  epoch  40/90  lr 0.0100  loss 1.714  top1 62.90  top5 85.08  (628s, 2040 img/s)
    ep 41 it 0/5004 loss 1.774 292 img/s
    ep 41 it 500/5004 loss 1.613 2168 img/s
    ep 41 it 1000/5004 loss 1.715 2193 img/s
    ep 41 it 1500/5004 loss 1.729 2213 img/s
    ep 41 it 2000/5004 loss 1.744 2219 img/s
    ep 41 it 2500/5004 loss 1.504 2230 img/s
    ep 41 it 3000/5004 loss 1.880 2237 img/s
    ep 41 it 3500/5004 loss 1.944 2241 img/s
    ep 41 it 4000/5004 loss 1.476 2244 img/s
    ep 41 it 4500/5004 loss 1.596 2247 img/s
    ep 41 it 5000/5004 loss 1.850 2249 img/s
  epoch  41/90  lr 0.0100  loss 1.713  top1 63.50  top5 85.58  (570s, 2249 img/s)
    ep 42 it 0/5004 loss 1.764 224 img/s
    ep 42 it 500/5004 loss 1.739 1923 img/s
    ep 42 it 1000/5004 loss 1.804 2024 img/s
    ep 42 it 1500/5004 loss 1.607 2091 img/s
    ep 42 it 2000/5004 loss 1.905 2133 img/s
    ep 42 it 2500/5004 loss 1.912 2155 img/s
    ep 42 it 3000/5004 loss 1.498 2172 img/s
    ep 42 it 3500/5004 loss 1.772 2170 img/s
    ep 42 it 4000/5004 loss 1.618 2180 img/s
    ep 42 it 4500/5004 loss 1.683 2187 img/s
    ep 42 it 5000/5004 loss 1.814 2194 img/s
  epoch  42/90  lr 0.0100  loss 1.714  top1 63.88  top5 85.82  (584s, 2194 img/s)
    ep 43 it 0/5004 loss 1.467 258 img/s
    ep 43 it 500/5004 loss 1.619 1955 img/s
    ep 43 it 1000/5004 loss 1.682 2071 img/s
    ep 43 it 1500/5004 loss 1.806 2127 img/s
    ep 43 it 2000/5004 loss 1.903 2155 img/s
    ep 43 it 2500/5004 loss 1.565 2166 img/s
    ep 43 it 3000/5004 loss 1.585 2183 img/s
    ep 43 it 3500/5004 loss 1.808 2195 img/s
    ep 43 it 4000/5004 loss 1.752 2204 img/s
    ep 43 it 4500/5004 loss 1.867 2211 img/s
    ep 43 it 5000/5004 loss 1.749 2217 img/s
  epoch  43/90  lr 0.0100  loss 1.712  top1 63.37  top5 85.57  (578s, 2217 img/s)
    ep 44 it 0/5004 loss 1.531 154 img/s
    ep 44 it 500/5004 loss 1.639 1159 img/s
    ep 44 it 1000/5004 loss 1.558 1336 img/s
    ep 44 it 1500/5004 loss 1.670 1501 img/s
    ep 44 it 2000/5004 loss 1.961 1633 img/s
    ep 44 it 2500/5004 loss 1.777 1730 img/s
    ep 44 it 3000/5004 loss 1.623 1801 img/s
    ep 44 it 3500/5004 loss 1.834 1856 img/s
    ep 44 it 4000/5004 loss 1.811 1900 img/s
    ep 44 it 4500/5004 loss 1.913 1935 img/s
    ep 44 it 5000/5004 loss 1.920 1964 img/s
  epoch  44/90  lr 0.0100  loss 1.711  top1 62.46  top5 84.85  (652s, 1964 img/s)
    ep 45 it 0/5004 loss 1.786 366 img/s
    ep 45 it 500/5004 loss 1.677 2169 img/s
    ep 45 it 1000/5004 loss 2.036 2216 img/s
    ep 45 it 1500/5004 loss 1.775 2232 img/s
    ep 45 it 2000/5004 loss 1.841 2240 img/s
    ep 45 it 2500/5004 loss 1.601 2245 img/s
    ep 45 it 3000/5004 loss 1.968 2248 img/s
    ep 45 it 3500/5004 loss 1.680 2251 img/s
    ep 45 it 4000/5004 loss 1.550 2252 img/s
    ep 45 it 4500/5004 loss 1.440 2254 img/s
    ep 45 it 5000/5004 loss 1.782 2255 img/s
  epoch  45/90  lr 0.0100  loss 1.714  top1 63.14  top5 85.36  (568s, 2255 img/s)
    ep 46 it 0/5004 loss 1.949 131 img/s
    ep 46 it 500/5004 loss 1.684 1128 img/s
    ep 46 it 1000/5004 loss 1.826 1315 img/s
    ep 46 it 1500/5004 loss 1.635 1472 img/s
    ep 46 it 2000/5004 loss 1.801 1600 img/s
    ep 46 it 2500/5004 loss 1.602 1700 img/s
    ep 46 it 3000/5004 loss 1.365 1774 img/s
    ep 46 it 3500/5004 loss 1.713 1831 img/s
    ep 46 it 4000/5004 loss 1.897 1876 img/s
    ep 46 it 4500/5004 loss 1.767 1913 img/s
    ep 46 it 5000/5004 loss 1.836 1944 img/s
  epoch  46/90  lr 0.0100  loss 1.714  top1 63.77  top5 85.44  (659s, 1945 img/s)
    ep 47 it 0/5004 loss 1.718 279 img/s
    ep 47 it 500/5004 loss 1.756 2173 img/s
    ep 47 it 1000/5004 loss 1.701 2189 img/s
    ep 47 it 1500/5004 loss 1.641 2203 img/s
    ep 47 it 2000/5004 loss 1.535 2209 img/s
    ep 47 it 2500/5004 loss 1.694 2215 img/s
    ep 47 it 3000/5004 loss 1.757 2223 img/s
    ep 47 it 3500/5004 loss 1.674 2229 img/s
    ep 47 it 4000/5004 loss 1.532 2233 img/s
    ep 47 it 4500/5004 loss 1.949 2237 img/s
    ep 47 it 5000/5004 loss 2.023 2240 img/s
  epoch  47/90  lr 0.0100  loss 1.715  top1 63.32  top5 85.56  (572s, 2239 img/s)
    ep 48 it 0/5004 loss 1.881 285 img/s
    ep 48 it 500/5004 loss 1.763 2119 img/s
    ep 48 it 1000/5004 loss 1.756 2180 img/s
    ep 48 it 1500/5004 loss 1.737 2185 img/s
    ep 48 it 2000/5004 loss 1.891 2204 img/s
    ep 48 it 2500/5004 loss 1.746 2207 img/s
    ep 48 it 3000/5004 loss 1.633 2217 img/s
    ep 48 it 3500/5004 loss 1.771 2223 img/s
    ep 48 it 4000/5004 loss 1.581 2228 img/s
    ep 48 it 4500/5004 loss 1.774 2232 img/s
    ep 48 it 5000/5004 loss 1.713 2236 img/s
  epoch  48/90  lr 0.0100  loss 1.712  top1 63.12  top5 85.51  (573s, 2236 img/s)
    ep 49 it 0/5004 loss 1.675 199 img/s
    ep 49 it 500/5004 loss 1.743 1970 img/s
    ep 49 it 1000/5004 loss 1.505 2080 img/s
    ep 49 it 1500/5004 loss 1.501 2132 img/s
    ep 49 it 2000/5004 loss 1.567 2164 img/s
    ep 49 it 2500/5004 loss 1.946 2184 img/s
    ep 49 it 3000/5004 loss 1.821 2198 img/s
    ep 49 it 3500/5004 loss 1.850 2208 img/s
    ep 49 it 4000/5004 loss 1.717 2216 img/s
    ep 49 it 4500/5004 loss 1.583 2221 img/s
    ep 49 it 5000/5004 loss 1.571 2226 img/s
  epoch  49/90  lr 0.0100  loss 1.710  top1 63.47  top5 85.74  (575s, 2226 img/s)
    ep 50 it 0/5004 loss 1.783 135 img/s
    ep 50 it 500/5004 loss 1.716 1262 img/s
    ep 50 it 1000/5004 loss 1.770 1436 img/s
    ep 50 it 1500/5004 loss 1.677 1591 img/s
    ep 50 it 2000/5004 loss 1.915 1714 img/s
    ep 50 it 2500/5004 loss 1.814 1800 img/s
    ep 50 it 3000/5004 loss 1.628 1861 img/s
    ep 50 it 3500/5004 loss 1.598 1910 img/s
    ep 50 it 4000/5004 loss 1.635 1949 img/s
    ep 50 it 4500/5004 loss 1.523 1980 img/s
    ep 50 it 5000/5004 loss 1.784 2006 img/s
  epoch  50/90  lr 0.0100  loss 1.710  top1 62.88  top5 84.88  (639s, 2006 img/s)
    ep 51 it 0/5004 loss 1.662 223 img/s
    ep 51 it 500/5004 loss 1.742 2151 img/s
    ep 51 it 1000/5004 loss 1.529 2210 img/s
    ep 51 it 1500/5004 loss 1.686 2230 img/s
    ep 51 it 2000/5004 loss 1.714 2235 img/s
    ep 51 it 2500/5004 loss 1.745 2233 img/s
    ep 51 it 3000/5004 loss 1.579 2239 img/s
    ep 51 it 3500/5004 loss 1.736 2244 img/s
    ep 51 it 4000/5004 loss 1.909 2247 img/s
    ep 51 it 4500/5004 loss 1.731 2250 img/s
    ep 51 it 5000/5004 loss 1.701 2251 img/s
  epoch  51/90  lr 0.0100  loss 1.710  top1 63.36  top5 85.43  (569s, 2251 img/s)
    ep 52 it 0/5004 loss 1.904 172 img/s
    ep 52 it 500/5004 loss 1.627 1389 img/s
    ep 52 it 1000/5004 loss 1.493 1561 img/s
    ep 52 it 1500/5004 loss 1.669 1693 img/s
    ep 52 it 2000/5004 loss 1.855 1806 img/s
    ep 52 it 2500/5004 loss 1.713 1881 img/s
    ep 52 it 3000/5004 loss 1.621 1932 img/s
    ep 52 it 3500/5004 loss 1.665 1974 img/s
    ep 52 it 4000/5004 loss 1.773 2006 img/s
    ep 52 it 4500/5004 loss 1.836 2032 img/s
    ep 52 it 5000/5004 loss 1.840 2054 img/s
  epoch  52/90  lr 0.0100  loss 1.709  top1 62.92  top5 85.20  (624s, 2054 img/s)
    ep 53 it 0/5004 loss 1.663 238 img/s
    ep 53 it 500/5004 loss 1.781 2084 img/s
    ep 53 it 1000/5004 loss 1.681 2149 img/s
    ep 53 it 1500/5004 loss 1.988 2175 img/s
    ep 53 it 2000/5004 loss 1.384 2198 img/s
    ep 53 it 2500/5004 loss 1.711 2213 img/s
    ep 53 it 3000/5004 loss 1.720 2222 img/s
    ep 53 it 3500/5004 loss 1.795 2229 img/s
    ep 53 it 4000/5004 loss 1.614 2234 img/s
    ep 53 it 4500/5004 loss 2.012 2238 img/s
    ep 53 it 5000/5004 loss 1.678 2241 img/s
  epoch  53/90  lr 0.0100  loss 1.705  top1 63.68  top5 85.62  (572s, 2241 img/s)
    ep 54 it 0/5004 loss 1.554 159 img/s
    ep 54 it 500/5004 loss 1.791 1174 img/s
    ep 54 it 1000/5004 loss 1.663 1343 img/s
    ep 54 it 1500/5004 loss 1.751 1508 img/s
    ep 54 it 2000/5004 loss 1.653 1636 img/s
    ep 54 it 2500/5004 loss 1.734 1730 img/s
    ep 54 it 3000/5004 loss 1.847 1801 img/s
    ep 54 it 3500/5004 loss 1.708 1855 img/s
    ep 54 it 4000/5004 loss 1.428 1898 img/s
    ep 54 it 4500/5004 loss 1.784 1933 img/s
    ep 54 it 5000/5004 loss 1.791 1963 img/s
  epoch  54/90  lr 0.0100  loss 1.701  top1 63.45  top5 85.47  (652s, 1964 img/s)
    ep 55 it 0/5004 loss 1.880 272 img/s
    ep 55 it 500/5004 loss 1.875 2138 img/s
    ep 55 it 1000/5004 loss 1.568 2192 img/s
    ep 55 it 1500/5004 loss 1.576 2218 img/s
    ep 55 it 2000/5004 loss 1.759 2231 img/s
    ep 55 it 2500/5004 loss 1.759 2238 img/s
    ep 55 it 3000/5004 loss 1.716 2244 img/s
    ep 55 it 3500/5004 loss 1.798 2248 img/s
    ep 55 it 4000/5004 loss 1.786 2250 img/s
    ep 55 it 4500/5004 loss 1.712 2252 img/s
    ep 55 it 5000/5004 loss 1.760 2256 img/s
  epoch  55/90  lr 0.0100  loss 1.700  top1 63.10  top5 85.31  (568s, 2256 img/s)
    ep 56 it 0/5004 loss 1.581 185 img/s
    ep 56 it 500/5004 loss 1.539 1403 img/s
    ep 56 it 1000/5004 loss 1.638 1586 img/s
    ep 56 it 1500/5004 loss 1.740 1731 img/s
    ep 56 it 2000/5004 loss 1.721 1840 img/s
    ep 56 it 2500/5004 loss 1.984 1913 img/s
    ep 56 it 3000/5004 loss 1.701 1963 img/s
    ep 56 it 3500/5004 loss 1.687 1996 img/s
    ep 56 it 4000/5004 loss 1.539 2027 img/s
    ep 56 it 4500/5004 loss 1.721 2051 img/s
    ep 56 it 5000/5004 loss 1.791 2072 img/s
  epoch  56/90  lr 0.0100  loss 1.701  top1 63.62  top5 85.52  (618s, 2072 img/s)
    ep 57 it 0/5004 loss 1.311 282 img/s
    ep 57 it 500/5004 loss 1.500 1976 img/s
    ep 57 it 1000/5004 loss 1.431 2090 img/s
    ep 57 it 1500/5004 loss 1.636 2125 img/s
    ep 57 it 2000/5004 loss 1.793 2159 img/s
    ep 57 it 2500/5004 loss 1.872 2181 img/s
    ep 57 it 3000/5004 loss 1.606 2195 img/s
    ep 57 it 3500/5004 loss 1.889 2206 img/s
    ep 57 it 4000/5004 loss 1.720 2214 img/s
    ep 57 it 4500/5004 loss 1.689 2220 img/s
    ep 57 it 5000/5004 loss 1.735 2226 img/s
  epoch  57/90  lr 0.0100  loss 1.695  top1 63.93  top5 85.88  (575s, 2226 img/s)
    ep 58 it 0/5004 loss 1.452 144 img/s
    ep 58 it 500/5004 loss 1.688 1232 img/s
    ep 58 it 1000/5004 loss 1.810 1435 img/s
    ep 58 it 1500/5004 loss 1.578 1590 img/s
    ep 58 it 2000/5004 loss 1.616 1712 img/s
    ep 58 it 2500/5004 loss 1.911 1800 img/s
    ep 58 it 3000/5004 loss 1.722 1864 img/s
    ep 58 it 3500/5004 loss 1.830 1912 img/s
    ep 58 it 4000/5004 loss 1.821 1950 img/s
    ep 58 it 4500/5004 loss 1.824 1980 img/s
    ep 58 it 5000/5004 loss 1.882 2007 img/s
  epoch  58/90  lr 0.0100  loss 1.695  top1 63.44  top5 85.57  (638s, 2007 img/s)
    ep 59 it 0/5004 loss 1.523 306 img/s
    ep 59 it 500/5004 loss 1.556 2125 img/s
    ep 59 it 1000/5004 loss 1.379 2187 img/s
    ep 59 it 1500/5004 loss 1.440 2213 img/s
    ep 59 it 2000/5004 loss 1.547 2226 img/s
    ep 59 it 2500/5004 loss 1.752 2234 img/s
    ep 59 it 3000/5004 loss 1.641 2239 img/s
    ep 59 it 3500/5004 loss 1.494 2243 img/s
    ep 59 it 4000/5004 loss 1.656 2246 img/s
    ep 59 it 4500/5004 loss 1.756 2249 img/s
    ep 59 it 5000/5004 loss 1.807 2251 img/s
  epoch  59/90  lr 0.0100  loss 1.696  top1 63.02  top5 85.25  (569s, 2252 img/s)
    ep 60 it 0/5004 loss 1.473 278 img/s
    ep 60 it 500/5004 loss 1.513 2119 img/s
    ep 60 it 1000/5004 loss 1.751 2169 img/s
    ep 60 it 1500/5004 loss 1.623 2196 img/s
    ep 60 it 2000/5004 loss 1.659 2213 img/s
    ep 60 it 2500/5004 loss 1.916 2224 img/s
    ep 60 it 3000/5004 loss 1.702 2231 img/s
    ep 60 it 3500/5004 loss 1.695 2237 img/s
    ep 60 it 4000/5004 loss 1.775 2241 img/s
    ep 60 it 4500/5004 loss 1.538 2244 img/s
    ep 60 it 5000/5004 loss 1.623 2248 img/s
  epoch  60/90  lr 0.0100  loss 1.692  top1 63.77  top5 85.64  (570s, 2249 img/s)
    ep 61 it 0/5004 loss 1.783 233 img/s
    ep 61 it 500/5004 loss 1.850 2089 img/s
    ep 61 it 1000/5004 loss 1.444 2165 img/s
    ep 61 it 1500/5004 loss 1.340 2193 img/s
    ep 61 it 2000/5004 loss 1.681 2211 img/s
    ep 61 it 2500/5004 loss 1.354 2223 img/s
    ep 61 it 3000/5004 loss 1.452 2230 img/s
    ep 61 it 3500/5004 loss 1.343 2236 img/s
    ep 61 it 4000/5004 loss 1.382 2239 img/s
    ep 61 it 4500/5004 loss 1.491 2242 img/s
    ep 61 it 5000/5004 loss 1.162 2245 img/s
  epoch  61/90  lr 0.0010  loss 1.503  top1 67.55  top5 88.01  (571s, 2245 img/s)
    ep 62 it 0/5004 loss 1.308 156 img/s
    ep 62 it 500/5004 loss 1.206 1236 img/s
    ep 62 it 1000/5004 loss 1.523 1416 img/s
    ep 62 it 1500/5004 loss 1.527 1573 img/s
    ep 62 it 2000/5004 loss 1.263 1699 img/s
    ep 62 it 2500/5004 loss 1.694 1789 img/s
    ep 62 it 3000/5004 loss 1.501 1854 img/s
    ep 62 it 3500/5004 loss 1.254 1904 img/s
    ep 62 it 4000/5004 loss 1.425 1943 img/s
    ep 62 it 4500/5004 loss 1.466 1975 img/s
    ep 62 it 5000/5004 loss 1.634 2002 img/s
  epoch  62/90  lr 0.0010  loss 1.456  top1 67.91  top5 88.17  (640s, 2003 img/s)
    ep 63 it 0/5004 loss 1.134 383 img/s
    ep 63 it 500/5004 loss 1.345 2118 img/s
    ep 63 it 1000/5004 loss 1.577 2192 img/s
    ep 63 it 1500/5004 loss 1.404 2218 img/s
    ep 63 it 2000/5004 loss 1.546 2231 img/s
    ep 63 it 2500/5004 loss 1.358 2239 img/s
    ep 63 it 3000/5004 loss 1.398 2245 img/s
    ep 63 it 3500/5004 loss 1.477 2248 img/s
    ep 63 it 4000/5004 loss 1.516 2251 img/s
    ep 63 it 4500/5004 loss 1.367 2253 img/s
    ep 63 it 5000/5004 loss 1.401 2255 img/s
  epoch  63/90  lr 0.0010  loss 1.440  top1 68.16  top5 88.23  (568s, 2255 img/s)
    ep 64 it 0/5004 loss 1.443 160 img/s
    ep 64 it 500/5004 loss 1.140 1412 img/s
    ep 64 it 1000/5004 loss 1.276 1586 img/s
    ep 64 it 1500/5004 loss 1.363 1733 img/s
    ep 64 it 2000/5004 loss 1.368 1841 img/s
    ep 64 it 2500/5004 loss 1.311 1912 img/s
    ep 64 it 3000/5004 loss 1.659 1963 img/s
    ep 64 it 3500/5004 loss 1.702 2001 img/s
    ep 64 it 4000/5004 loss 1.247 2031 img/s
    ep 64 it 4500/5004 loss 1.429 2054 img/s
    ep 64 it 5000/5004 loss 1.392 2075 img/s
  epoch  64/90  lr 0.0010  loss 1.425  top1 68.10  top5 88.35  (617s, 2076 img/s)
    ep 65 it 0/5004 loss 1.490 233 img/s
    ep 65 it 500/5004 loss 1.504 2135 img/s
    ep 65 it 1000/5004 loss 1.460 2199 img/s
    ep 65 it 1500/5004 loss 1.477 2223 img/s
    ep 65 it 2000/5004 loss 1.412 2235 img/s
    ep 65 it 2500/5004 loss 1.485 2241 img/s
    ep 65 it 3000/5004 loss 1.580 2246 img/s
    ep 65 it 3500/5004 loss 1.315 2250 img/s
    ep 65 it 4000/5004 loss 1.492 2252 img/s
    ep 65 it 4500/5004 loss 1.381 2254 img/s
    ep 65 it 5000/5004 loss 1.370 2256 img/s
  epoch  65/90  lr 0.0010  loss 1.416  top1 68.19  top5 88.49  (568s, 2256 img/s)
    ep 66 it 0/5004 loss 1.402 317 img/s
    ep 66 it 500/5004 loss 1.298 2042 img/s
    ep 66 it 1000/5004 loss 1.256 2118 img/s
    ep 66 it 1500/5004 loss 1.175 2165 img/s
    ep 66 it 2000/5004 loss 1.320 2186 img/s
    ep 66 it 2500/5004 loss 1.411 2191 img/s
    ep 66 it 3000/5004 loss 1.498 2202 img/s
    ep 66 it 3500/5004 loss 1.449 2211 img/s
    ep 66 it 4000/5004 loss 1.645 2217 img/s
    ep 66 it 4500/5004 loss 1.598 2223 img/s
    ep 66 it 5000/5004 loss 1.259 2228 img/s
  epoch  66/90  lr 0.0010  loss 1.408  top1 68.27  top5 88.47  (575s, 2229 img/s)
    ep 67 it 0/5004 loss 1.579 278 img/s
    ep 67 it 500/5004 loss 1.551 2047 img/s
    ep 67 it 1000/5004 loss 1.606 2128 img/s
    ep 67 it 1500/5004 loss 1.339 2159 img/s
    ep 67 it 2000/5004 loss 1.350 2186 img/s
    ep 67 it 2500/5004 loss 1.325 2202 img/s
    ep 67 it 3000/5004 loss 1.472 2214 img/s
    ep 67 it 3500/5004 loss 1.261 2222 img/s
    ep 67 it 4000/5004 loss 1.558 2228 img/s
    ep 67 it 4500/5004 loss 1.584 2232 img/s
    ep 67 it 5000/5004 loss 1.321 2237 img/s
  epoch  67/90  lr 0.0010  loss 1.403  top1 68.32  top5 88.58  (573s, 2237 img/s)
    ep 68 it 0/5004 loss 1.423 175 img/s
    ep 68 it 500/5004 loss 1.395 1206 img/s
    ep 68 it 1000/5004 loss 1.467 1392 img/s
    ep 68 it 1500/5004 loss 1.368 1555 img/s
    ep 68 it 2000/5004 loss 1.383 1681 img/s
    ep 68 it 2500/5004 loss 1.379 1773 img/s
    ep 68 it 3000/5004 loss 1.355 1839 img/s
    ep 68 it 3500/5004 loss 1.531 1890 img/s
    ep 68 it 4000/5004 loss 1.575 1930 img/s
    ep 68 it 4500/5004 loss 1.482 1963 img/s
    ep 68 it 5000/5004 loss 1.789 1989 img/s
  epoch  68/90  lr 0.0010  loss 1.395  top1 68.20  top5 88.44  (644s, 1989 img/s)
    ep 69 it 0/5004 loss 1.216 259 img/s
    ep 69 it 500/5004 loss 1.240 2195 img/s
    ep 69 it 1000/5004 loss 1.305 2233 img/s
    ep 69 it 1500/5004 loss 1.298 2244 img/s
    ep 69 it 2000/5004 loss 1.200 2250 img/s
    ep 69 it 2500/5004 loss 1.373 2255 img/s
    ep 69 it 3000/5004 loss 1.447 2256 img/s
    ep 69 it 3500/5004 loss 1.180 2258 img/s
    ep 69 it 4000/5004 loss 1.334 2260 img/s
    ep 69 it 4500/5004 loss 1.481 2261 img/s
    ep 69 it 5000/5004 loss 1.454 2262 img/s
  epoch  69/90  lr 0.0010  loss 1.388  top1 68.36  top5 88.54  (566s, 2262 img/s)
    ep 70 it 0/5004 loss 1.310 148 img/s
    ep 70 it 500/5004 loss 1.617 1400 img/s
    ep 70 it 1000/5004 loss 1.424 1587 img/s
    ep 70 it 1500/5004 loss 1.433 1734 img/s
    ep 70 it 2000/5004 loss 1.451 1842 img/s
    ep 70 it 2500/5004 loss 1.370 1914 img/s
    ep 70 it 3000/5004 loss 1.619 1964 img/s
    ep 70 it 3500/5004 loss 1.303 2002 img/s
    ep 70 it 4000/5004 loss 1.353 2032 img/s
    ep 70 it 4500/5004 loss 1.273 2056 img/s
    ep 70 it 5000/5004 loss 1.290 2076 img/s
  epoch  70/90  lr 0.0010  loss 1.386  top1 68.36  top5 88.55  (617s, 2077 img/s)
    ep 71 it 0/5004 loss 1.263 351 img/s
    ep 71 it 500/5004 loss 1.369 2138 img/s
    ep 71 it 1000/5004 loss 1.268 2200 img/s
    ep 71 it 1500/5004 loss 1.272 2222 img/s
    ep 71 it 2000/5004 loss 1.103 2234 img/s
    ep 71 it 2500/5004 loss 1.292 2241 img/s
    ep 71 it 3000/5004 loss 1.382 2246 img/s
    ep 71 it 3500/5004 loss 1.527 2250 img/s
    ep 71 it 4000/5004 loss 1.323 2253 img/s
    ep 71 it 4500/5004 loss 1.501 2255 img/s
    ep 71 it 5000/5004 loss 1.393 2256 img/s
  epoch  71/90  lr 0.0010  loss 1.379  top1 68.56  top5 88.65  (568s, 2256 img/s)
    ep 72 it 0/5004 loss 1.462 173 img/s
    ep 72 it 500/5004 loss 1.273 1392 img/s
    ep 72 it 1000/5004 loss 1.413 1559 img/s
    ep 72 it 1500/5004 loss 1.279 1702 img/s
    ep 72 it 2000/5004 loss 1.494 1803 img/s
    ep 72 it 2500/5004 loss 1.205 1879 img/s
    ep 72 it 3000/5004 loss 1.500 1930 img/s
    ep 72 it 3500/5004 loss 1.226 1966 img/s
    ep 72 it 4000/5004 loss 1.477 2000 img/s
    ep 72 it 4500/5004 loss 1.558 2027 img/s
    ep 72 it 5000/5004 loss 1.465 2051 img/s
  epoch  72/90  lr 0.0010  loss 1.376  top1 68.61  top5 88.62  (625s, 2051 img/s)
    ep 73 it 0/5004 loss 1.346 367 img/s
    ep 73 it 500/5004 loss 1.181 2147 img/s
    ep 73 it 1000/5004 loss 1.311 2208 img/s
    ep 73 it 1500/5004 loss 1.602 2228 img/s
    ep 73 it 2000/5004 loss 1.327 2237 img/s
    ep 73 it 2500/5004 loss 1.485 2243 img/s
    ep 73 it 3000/5004 loss 1.268 2248 img/s
    ep 73 it 3500/5004 loss 1.246 2251 img/s
    ep 73 it 4000/5004 loss 1.489 2253 img/s
    ep 73 it 4500/5004 loss 1.345 2255 img/s
    ep 73 it 5000/5004 loss 1.441 2256 img/s
  epoch  73/90  lr 0.0010  loss 1.374  top1 68.65  top5 88.67  (568s, 2257 img/s)
    ep 74 it 0/5004 loss 1.453 153 img/s
    ep 74 it 500/5004 loss 1.502 1356 img/s
    ep 74 it 1000/5004 loss 1.307 1540 img/s
    ep 74 it 1500/5004 loss 1.286 1686 img/s
    ep 74 it 2000/5004 loss 1.375 1794 img/s
    ep 74 it 2500/5004 loss 1.331 1869 img/s
    ep 74 it 3000/5004 loss 1.556 1926 img/s
    ep 74 it 3500/5004 loss 1.349 1969 img/s
    ep 74 it 4000/5004 loss 1.419 2002 img/s
    ep 74 it 4500/5004 loss 1.436 2029 img/s
    ep 74 it 5000/5004 loss 1.201 2051 img/s
  epoch  74/90  lr 0.0010  loss 1.370  top1 68.47  top5 88.61  (625s, 2051 img/s)
    ep 75 it 0/5004 loss 1.252 282 img/s
    ep 75 it 500/5004 loss 1.138 2129 img/s
    ep 75 it 1000/5004 loss 1.518 2198 img/s
    ep 75 it 1500/5004 loss 1.504 2222 img/s
    ep 75 it 2000/5004 loss 1.114 2234 img/s
    ep 75 it 2500/5004 loss 1.618 2242 img/s
    ep 75 it 3000/5004 loss 1.624 2247 img/s
    ep 75 it 3500/5004 loss 1.430 2250 img/s
    ep 75 it 4000/5004 loss 1.462 2253 img/s
    ep 75 it 4500/5004 loss 1.325 2255 img/s
    ep 75 it 5000/5004 loss 1.264 2257 img/s
  epoch  75/90  lr 0.0010  loss 1.366  top1 68.69  top5 88.58  (568s, 2257 img/s)
    ep 76 it 0/5004 loss 1.302 112 img/s
    ep 76 it 500/5004 loss 1.497 1255 img/s
    ep 76 it 1000/5004 loss 1.261 1446 img/s
    ep 76 it 1500/5004 loss 1.439 1602 img/s
    ep 76 it 2000/5004 loss 1.325 1721 img/s
    ep 76 it 2500/5004 loss 1.361 1808 img/s
    ep 76 it 3000/5004 loss 1.424 1871 img/s
    ep 76 it 3500/5004 loss 1.367 1919 img/s
    ep 76 it 4000/5004 loss 1.506 1956 img/s
    ep 76 it 4500/5004 loss 1.456 1986 img/s
    ep 76 it 5000/5004 loss 1.459 2010 img/s
  epoch  76/90  lr 0.0010  loss 1.364  top1 68.44  top5 88.62  (637s, 2010 img/s)
    ep 77 it 0/5004 loss 1.297 321 img/s
    ep 77 it 500/5004 loss 1.318 2165 img/s
    ep 77 it 1000/5004 loss 1.632 2217 img/s
    ep 77 it 1500/5004 loss 1.364 2235 img/s
    ep 77 it 2000/5004 loss 1.293 2242 img/s
    ep 77 it 2500/5004 loss 1.522 2248 img/s
    ep 77 it 3000/5004 loss 1.339 2252 img/s
    ep 77 it 3500/5004 loss 1.411 2254 img/s
    ep 77 it 4000/5004 loss 1.360 2256 img/s
    ep 77 it 4500/5004 loss 1.323 2258 img/s
    ep 77 it 5000/5004 loss 1.390 2259 img/s
  epoch  77/90  lr 0.0010  loss 1.359  top1 68.58  top5 88.74  (567s, 2260 img/s)
    ep 78 it 0/5004 loss 1.251 162 img/s
    ep 78 it 500/5004 loss 1.483 1370 img/s
    ep 78 it 1000/5004 loss 1.136 1545 img/s
    ep 78 it 1500/5004 loss 1.189 1696 img/s
    ep 78 it 2000/5004 loss 1.313 1806 img/s
    ep 78 it 2500/5004 loss 1.272 1879 img/s
    ep 78 it 3000/5004 loss 1.577 1934 img/s
    ep 78 it 3500/5004 loss 1.480 1975 img/s
    ep 78 it 4000/5004 loss 1.212 2007 img/s
    ep 78 it 4500/5004 loss 1.209 2033 img/s
    ep 78 it 5000/5004 loss 1.426 2055 img/s
  epoch  78/90  lr 0.0010  loss 1.356  top1 68.79  top5 88.75  (623s, 2055 img/s)
    ep 79 it 0/5004 loss 1.333 273 img/s
    ep 79 it 500/5004 loss 1.388 2123 img/s
    ep 79 it 1000/5004 loss 1.567 2171 img/s
    ep 79 it 1500/5004 loss 1.465 2182 img/s
    ep 79 it 2000/5004 loss 1.289 2189 img/s
    ep 79 it 2500/5004 loss 1.607 2198 img/s
    ep 79 it 3000/5004 loss 1.712 2197 img/s
    ep 79 it 3500/5004 loss 1.347 2197 img/s
    ep 79 it 4000/5004 loss 1.288 2206 img/s
    ep 79 it 4500/5004 loss 1.477 2212 img/s
    ep 79 it 5000/5004 loss 1.323 2222 img/s
  epoch  79/90  lr 0.0010  loss 1.356  top1 68.63  top5 88.79  (576s, 2222 img/s)
    ep 80 it 0/5004 loss 1.199 218 img/s
    ep 80 it 500/5004 loss 1.459 2164 img/s
    ep 80 it 1000/5004 loss 1.328 2213 img/s
    ep 80 it 1500/5004 loss 1.472 2230 img/s
    ep 80 it 2000/5004 loss 1.425 2240 img/s
    ep 80 it 2500/5004 loss 1.275 2246 img/s
    ep 80 it 3000/5004 loss 1.485 2250 img/s
    ep 80 it 3500/5004 loss 1.463 2253 img/s
    ep 80 it 4000/5004 loss 1.325 2255 img/s
    ep 80 it 4500/5004 loss 1.417 2256 img/s
    ep 80 it 5000/5004 loss 1.312 2261 img/s
  epoch  80/90  lr 0.0010  loss 1.350  top1 68.64  top5 88.67  (567s, 2261 img/s)
    ep 81 it 0/5004 loss 1.262 166 img/s
    ep 81 it 500/5004 loss 1.323 1355 img/s
    ep 81 it 1000/5004 loss 1.390 1545 img/s
    ep 81 it 1500/5004 loss 1.494 1697 img/s
    ep 81 it 2000/5004 loss 1.574 1807 img/s
    ep 81 it 2500/5004 loss 1.473 1883 img/s
    ep 81 it 3000/5004 loss 1.347 1937 img/s
    ep 81 it 3500/5004 loss 1.369 1978 img/s
    ep 81 it 4000/5004 loss 1.442 2010 img/s
    ep 81 it 4500/5004 loss 1.320 2036 img/s
    ep 81 it 5000/5004 loss 1.346 2061 img/s
  epoch  81/90  lr 0.0010  loss 1.347  top1 68.81  top5 88.83  (622s, 2061 img/s)
    ep 82 it 0/5004 loss 1.369 225 img/s
    ep 82 it 500/5004 loss 1.463 2154 img/s
    ep 82 it 1000/5004 loss 1.359 2211 img/s
    ep 82 it 1500/5004 loss 1.065 2230 img/s
    ep 82 it 2000/5004 loss 1.324 2238 img/s
    ep 82 it 2500/5004 loss 1.190 2244 img/s
    ep 82 it 3000/5004 loss 1.229 2247 img/s
    ep 82 it 3500/5004 loss 1.365 2250 img/s
    ep 82 it 4000/5004 loss 1.221 2252 img/s
    ep 82 it 4500/5004 loss 1.559 2254 img/s
    ep 82 it 5000/5004 loss 1.287 2258 img/s
  epoch  82/90  lr 0.0010  loss 1.346  top1 68.76  top5 88.83  (567s, 2258 img/s)
    ep 83 it 0/5004 loss 1.256 172 img/s
    ep 83 it 500/5004 loss 1.254 1462 img/s
    ep 83 it 1000/5004 loss 1.192 1651 img/s
    ep 83 it 1500/5004 loss 1.305 1795 img/s
    ep 83 it 2000/5004 loss 1.308 1890 img/s
    ep 83 it 2500/5004 loss 1.219 1955 img/s
    ep 83 it 3000/5004 loss 1.401 2001 img/s
    ep 83 it 3500/5004 loss 1.538 2035 img/s
    ep 83 it 4000/5004 loss 1.360 2062 img/s
    ep 83 it 4500/5004 loss 1.123 2083 img/s
    ep 83 it 5000/5004 loss 1.425 2101 img/s
  epoch  83/90  lr 0.0010  loss 1.346  top1 68.71  top5 88.73  (610s, 2101 img/s)
    ep 84 it 0/5004 loss 1.484 225 img/s
    ep 84 it 500/5004 loss 1.381 2191 img/s
    ep 84 it 1000/5004 loss 1.266 2226 img/s
    ep 84 it 1500/5004 loss 1.216 2239 img/s
    ep 84 it 2000/5004 loss 1.027 2246 img/s
    ep 84 it 2500/5004 loss 1.188 2249 img/s
    ep 84 it 3000/5004 loss 1.186 2252 img/s
    ep 84 it 3500/5004 loss 1.496 2254 img/s
    ep 84 it 4000/5004 loss 1.467 2256 img/s
    ep 84 it 4500/5004 loss 1.415 2258 img/s
    ep 84 it 5000/5004 loss 1.317 2259 img/s
  epoch  84/90  lr 0.0010  loss 1.343  top1 68.58  top5 88.66  (567s, 2259 img/s)
    ep 85 it 0/5004 loss 1.250 170 img/s
    ep 85 it 500/5004 loss 1.274 1435 img/s
    ep 85 it 1000/5004 loss 1.325 1618 img/s
    ep 85 it 1500/5004 loss 1.360 1762 img/s
    ep 85 it 2000/5004 loss 1.286 1866 img/s
    ep 85 it 2500/5004 loss 1.413 1935 img/s
    ep 85 it 3000/5004 loss 1.315 1983 img/s
    ep 85 it 3500/5004 loss 1.370 2020 img/s
    ep 85 it 4000/5004 loss 1.393 2048 img/s
    ep 85 it 4500/5004 loss 1.225 2071 img/s
    ep 85 it 5000/5004 loss 1.300 2089 img/s
  epoch  85/90  lr 0.0010  loss 1.339  top1 68.61  top5 88.64  (613s, 2089 img/s)
    ep 86 it 0/5004 loss 1.291 262 img/s
    ep 86 it 500/5004 loss 1.306 2156 img/s
    ep 86 it 1000/5004 loss 1.090 2189 img/s
    ep 86 it 1500/5004 loss 1.394 2201 img/s
    ep 86 it 2000/5004 loss 1.245 2218 img/s
    ep 86 it 2500/5004 loss 1.317 2228 img/s
    ep 86 it 3000/5004 loss 1.302 2234 img/s
    ep 86 it 3500/5004 loss 1.353 2240 img/s
    ep 86 it 4000/5004 loss 1.492 2243 img/s
    ep 86 it 4500/5004 loss 1.328 2247 img/s
    ep 86 it 5000/5004 loss 1.562 2249 img/s
  epoch  86/90  lr 0.0010  loss 1.339  top1 68.75  top5 88.75  (569s, 2250 img/s)
    ep 87 it 0/5004 loss 1.206 165 img/s
    ep 87 it 500/5004 loss 1.217 1411 img/s
    ep 87 it 1000/5004 loss 1.583 1587 img/s
    ep 87 it 1500/5004 loss 1.360 1735 img/s
    ep 87 it 2000/5004 loss 1.223 1836 img/s
    ep 87 it 2500/5004 loss 1.087 1904 img/s
    ep 87 it 3000/5004 loss 1.338 1956 img/s
    ep 87 it 3500/5004 loss 1.460 1996 img/s
    ep 87 it 4000/5004 loss 1.402 2027 img/s
    ep 87 it 4500/5004 loss 1.370 2051 img/s
    ep 87 it 5000/5004 loss 1.335 2070 img/s
  epoch  87/90  lr 0.0010  loss 1.338  top1 68.72  top5 88.74  (619s, 2071 img/s)
    ep 88 it 0/5004 loss 1.382 373 img/s
    ep 88 it 500/5004 loss 1.485 2094 img/s
    ep 88 it 1000/5004 loss 1.308 2177 img/s
    ep 88 it 1500/5004 loss 1.418 2207 img/s
    ep 88 it 2000/5004 loss 1.328 2223 img/s
    ep 88 it 2500/5004 loss 1.289 2232 img/s
    ep 88 it 3000/5004 loss 1.270 2239 img/s
    ep 88 it 3500/5004 loss 1.343 2244 img/s
    ep 88 it 4000/5004 loss 1.327 2246 img/s
    ep 88 it 4500/5004 loss 1.348 2249 img/s
    ep 88 it 5000/5004 loss 1.401 2252 img/s
  epoch  88/90  lr 0.0010  loss 1.335  top1 68.62  top5 88.62  (569s, 2252 img/s)
    ep 89 it 0/5004 loss 1.431 219 img/s
    ep 89 it 500/5004 loss 1.125 1864 img/s
    ep 89 it 1000/5004 loss 1.268 1987 img/s
    ep 89 it 1500/5004 loss 1.404 2072 img/s
    ep 89 it 2000/5004 loss 1.172 2117 img/s
    ep 89 it 2500/5004 loss 1.378 2145 img/s
    ep 89 it 3000/5004 loss 1.346 2164 img/s
    ep 89 it 3500/5004 loss 1.741 2178 img/s
    ep 89 it 4000/5004 loss 1.187 2188 img/s
    ep 89 it 4500/5004 loss 1.282 2197 img/s
    ep 89 it 5000/5004 loss 1.313 2203 img/s
  epoch  89/90  lr 0.0010  loss 1.331  top1 68.81  top5 88.70  (581s, 2204 img/s)
    ep 90 it 0/5004 loss 1.259 236 img/s
    ep 90 it 500/5004 loss 1.471 2030 img/s
    ep 90 it 1000/5004 loss 1.380 2112 img/s
    ep 90 it 1500/5004 loss 1.187 2151 img/s
    ep 90 it 2000/5004 loss 1.343 2173 img/s
    ep 90 it 2500/5004 loss 1.198 2187 img/s
    ep 90 it 3000/5004 loss 1.246 2195 img/s
    ep 90 it 3500/5004 loss 1.340 2205 img/s
    ep 90 it 4000/5004 loss 1.174 2212 img/s
    ep 90 it 4500/5004 loss 1.541 2218 img/s
    ep 90 it 5000/5004 loss 1.258 2225 img/s
  epoch  90/90  lr 0.0010  loss 1.330  top1 68.58  top5 88.70  (576s, 2226 img/s)
done {"final_top1": 68.584, "final_top5": 88.7, "params": 11514717, "train_hours": 14.758764973613951}
