widths [64, 64, 64, 64, 128, 128, 128, 256, 256, 256, 512, 512, 512]  params 11,689,512  MACs@224 1.814 G  classes 1000  train batches/epoch 5004  device cuda
    ep 1 it 0/5004 loss 7.125 14 img/s
    ep 1 it 500/5004 loss 6.193 961 img/s
    ep 1 it 1000/5004 loss 5.377 1028 img/s
    ep 1 it 1500/5004 loss 5.230 1054 img/s
    ep 1 it 2000/5004 loss 5.150 1086 img/s
    ep 1 it 2500/5004 loss 4.717 1182 img/s
    ep 1 it 3000/5004 loss 4.573 1177 img/s
    ep 1 it 3500/5004 loss 4.489 1166 img/s
    ep 1 it 4000/5004 loss 4.309 1158 img/s
    ep 1 it 4500/5004 loss 4.248 1153 img/s
    ep 1 it 5000/5004 loss 4.215 1150 img/s
  epoch   1/90  lr 0.1000  loss 4.934  top1 19.29  top5 41.63  (1114s, 1150 img/s)
    ep 2 it 0/5004 loss 3.781 216 img/s
    ep 2 it 500/5004 loss 3.877 1096 img/s
    ep 2 it 1000/5004 loss 3.967 1100 img/s
    ep 2 it 1500/5004 loss 3.618 1102 img/s
    ep 2 it 2000/5004 loss 3.358 1103 img/s
    ep 2 it 2500/5004 loss 3.534 1103 img/s
    ep 2 it 3000/5004 loss 3.685 1104 img/s
    ep 2 it 3500/5004 loss 3.849 1104 img/s
    ep 2 it 4000/5004 loss 3.387 1105 img/s
    ep 2 it 4500/5004 loss 3.485 1121 img/s
    ep 2 it 5000/5004 loss 3.547 1138 img/s
  epoch   2/90  lr 0.1000  loss 3.553  top1 31.79  top5 57.15  (1125s, 1138 img/s)
    ep 3 it 0/5004 loss 3.256 177 img/s
    ep 3 it 500/5004 loss 3.354 1145 img/s
    ep 3 it 1000/5004 loss 3.332 1151 img/s
    ep 3 it 1500/5004 loss 3.441 1150 img/s
    ep 3 it 2000/5004 loss 3.153 1149 img/s
    ep 3 it 2500/5004 loss 3.006 1149 img/s
    ep 3 it 3000/5004 loss 3.156 1149 img/s
    ep 3 it 3500/5004 loss 3.216 1149 img/s
    ep 3 it 4000/5004 loss 3.041 1149 img/s
    ep 3 it 4500/5004 loss 3.006 1149 img/s
    ep 3 it 5000/5004 loss 3.234 1149 img/s
  epoch   3/90  lr 0.1000  loss 3.132  top1 34.23  top5 59.91  (1115s, 1149 img/s)
    ep 4 it 0/5004 loss 3.134 178 img/s
    ep 4 it 500/5004 loss 2.923 1138 img/s
    ep 4 it 1000/5004 loss 2.911 1143 img/s
    ep 4 it 1500/5004 loss 3.005 1146 img/s
    ep 4 it 2000/5004 loss 3.064 1147 img/s
    ep 4 it 2500/5004 loss 3.363 1209 img/s
    ep 4 it 3000/5004 loss 3.002 1308 img/s
    ep 4 it 3500/5004 loss 2.880 1396 img/s
    ep 4 it 4000/5004 loss 3.021 1469 img/s
    ep 4 it 4500/5004 loss 2.882 1532 img/s
    ep 4 it 5000/5004 loss 3.170 1585 img/s
  epoch   4/90  lr 0.1000  loss 2.937  top1 39.56  top5 65.89  (808s, 1586 img/s)
    ep 5 it 0/5004 loss 2.736 247 img/s
    ep 5 it 500/5004 loss 2.812 2132 img/s
    ep 5 it 1000/5004 loss 3.038 2194 img/s
    ep 5 it 1500/5004 loss 2.531 2234 img/s
    ep 5 it 2000/5004 loss 2.821 2255 img/s
    ep 5 it 2500/5004 loss 2.963 2261 img/s
    ep 5 it 3000/5004 loss 2.771 2261 img/s
    ep 5 it 3500/5004 loss 2.743 2273 img/s
    ep 5 it 4000/5004 loss 2.967 2277 img/s
    ep 5 it 4500/5004 loss 2.403 2278 img/s
    ep 5 it 5000/5004 loss 2.642 2290 img/s
  epoch   5/90  lr 0.1000  loss 2.823  top1 42.72  top5 69.31  (559s, 2291 img/s)
    ep 6 it 0/5004 loss 2.742 152 img/s
    ep 6 it 500/5004 loss 2.970 1337 img/s
    ep 6 it 1000/5004 loss 2.716 1500 img/s
    ep 6 it 1500/5004 loss 2.586 1647 img/s
    ep 6 it 2000/5004 loss 2.791 1765 img/s
    ep 6 it 2500/5004 loss 2.879 1855 img/s
    ep 6 it 3000/5004 loss 2.895 1921 img/s
    ep 6 it 3500/5004 loss 2.685 1963 img/s
    ep 6 it 4000/5004 loss 2.701 1998 img/s
    ep 6 it 4500/5004 loss 2.616 2030 img/s
    ep 6 it 5000/5004 loss 2.315 2062 img/s
  epoch   6/90  lr 0.1000  loss 2.753  top1 41.70  top5 68.53  (621s, 2062 img/s)
    ep 7 it 0/5004 loss 2.603 221 img/s
    ep 7 it 500/5004 loss 2.460 2151 img/s
    ep 7 it 1000/5004 loss 2.755 2232 img/s
    ep 7 it 1500/5004 loss 2.570 2256 img/s
    ep 7 it 2000/5004 loss 2.841 2267 img/s
    ep 7 it 2500/5004 loss 2.962 2270 img/s
    ep 7 it 3000/5004 loss 2.452 2271 img/s
    ep 7 it 3500/5004 loss 2.858 2274 img/s
    ep 7 it 4000/5004 loss 2.879 2272 img/s
    ep 7 it 4500/5004 loss 2.600 2278 img/s
    ep 7 it 5000/5004 loss 2.767 2286 img/s
  epoch   7/90  lr 0.1000  loss 2.703  top1 44.79  top5 71.82  (560s, 2286 img/s)
    ep 8 it 0/5004 loss 2.530 171 img/s
    ep 8 it 500/5004 loss 2.533 1372 img/s
    ep 8 it 1000/5004 loss 2.511 1545 img/s
    ep 8 it 1500/5004 loss 2.845 1686 img/s
    ep 8 it 2000/5004 loss 2.898 1803 img/s
    ep 8 it 2500/5004 loss 2.588 1889 img/s
    ep 8 it 3000/5004 loss 2.800 1952 img/s
    ep 8 it 3500/5004 loss 2.778 1998 img/s
    ep 8 it 4000/5004 loss 2.665 2033 img/s
    ep 8 it 4500/5004 loss 2.722 2055 img/s
    ep 8 it 5000/5004 loss 2.688 2087 img/s
  epoch   8/90  lr 0.1000  loss 2.666  top1 45.23  top5 71.86  (614s, 2087 img/s)
    ep 9 it 0/5004 loss 2.447 329 img/s
    ep 9 it 500/5004 loss 2.468 2256 img/s
    ep 9 it 1000/5004 loss 2.769 2295 img/s
    ep 9 it 1500/5004 loss 2.960 2291 img/s
    ep 9 it 2000/5004 loss 2.677 2311 img/s
    ep 9 it 2500/5004 loss 2.651 2313 img/s
    ep 9 it 3000/5004 loss 2.675 2314 img/s
    ep 9 it 3500/5004 loss 2.775 2310 img/s
    ep 9 it 4000/5004 loss 2.437 2311 img/s
    ep 9 it 4500/5004 loss 2.779 2309 img/s
    ep 9 it 5000/5004 loss 2.806 2305 img/s
  epoch   9/90  lr 0.1000  loss 2.639  top1 45.20  top5 71.88  (556s, 2305 img/s)
    ep 10 it 0/5004 loss 2.550 167 img/s
    ep 10 it 500/5004 loss 2.951 1353 img/s
    ep 10 it 1000/5004 loss 2.518 1519 img/s
    ep 10 it 1500/5004 loss 2.418 1669 img/s
    ep 10 it 2000/5004 loss 2.805 1787 img/s
    ep 10 it 2500/5004 loss 2.451 1881 img/s
    ep 10 it 3000/5004 loss 2.875 1942 img/s
    ep 10 it 3500/5004 loss 2.487 1987 img/s
    ep 10 it 4000/5004 loss 2.584 2020 img/s
    ep 10 it 4500/5004 loss 2.796 2049 img/s
    ep 10 it 5000/5004 loss 2.848 2077 img/s
  epoch  10/90  lr 0.1000  loss 2.615  top1 46.28  top5 72.77  (617s, 2077 img/s)
    ep 11 it 0/5004 loss 2.428 287 img/s
    ep 11 it 500/5004 loss 2.657 2168 img/s
    ep 11 it 1000/5004 loss 2.645 2236 img/s
    ep 11 it 1500/5004 loss 2.479 2256 img/s
    ep 11 it 2000/5004 loss 2.931 2258 img/s
    ep 11 it 2500/5004 loss 2.697 2267 img/s
    ep 11 it 3000/5004 loss 2.633 2274 img/s
    ep 11 it 3500/5004 loss 2.728 2276 img/s
    ep 11 it 4000/5004 loss 2.607 2276 img/s
    ep 11 it 4500/5004 loss 2.944 2282 img/s
    ep 11 it 5000/5004 loss 2.742 2286 img/s
  epoch  11/90  lr 0.1000  loss 2.597  top1 44.12  top5 70.88  (560s, 2286 img/s)
    ep 12 it 0/5004 loss 2.497 156 img/s
    ep 12 it 500/5004 loss 2.605 1376 img/s
    ep 12 it 1000/5004 loss 2.404 1543 img/s
    ep 12 it 1500/5004 loss 2.404 1695 img/s
    ep 12 it 2000/5004 loss 2.776 1807 img/s
    ep 12 it 2500/5004 loss 2.512 1887 img/s
    ep 12 it 3000/5004 loss 2.473 1959 img/s
    ep 12 it 3500/5004 loss 2.709 2002 img/s
    ep 12 it 4000/5004 loss 2.769 2034 img/s
    ep 12 it 4500/5004 loss 2.601 2063 img/s
    ep 12 it 5000/5004 loss 2.525 2092 img/s
  epoch  12/90  lr 0.1000  loss 2.583  top1 46.96  top5 72.90  (612s, 2092 img/s)
    ep 13 it 0/5004 loss 2.616 225 img/s
    ep 13 it 500/5004 loss 2.789 2183 img/s
    ep 13 it 1000/5004 loss 2.495 2262 img/s
    ep 13 it 1500/5004 loss 2.625 2274 img/s
    ep 13 it 2000/5004 loss 2.695 2278 img/s
    ep 13 it 2500/5004 loss 2.485 2289 img/s
    ep 13 it 3000/5004 loss 2.427 2291 img/s
    ep 13 it 3500/5004 loss 2.395 2301 img/s
    ep 13 it 4000/5004 loss 2.425 2299 img/s
    ep 13 it 4500/5004 loss 2.532 2299 img/s
    ep 13 it 5000/5004 loss 2.534 2298 img/s
  epoch  13/90  lr 0.1000  loss 2.570  top1 47.14  top5 73.43  (557s, 2299 img/s)
    ep 14 it 0/5004 loss 2.693 172 img/s
    ep 14 it 500/5004 loss 2.778 1385 img/s
    ep 14 it 1000/5004 loss 2.283 1570 img/s
    ep 14 it 1500/5004 loss 2.485 1708 img/s
    ep 14 it 2000/5004 loss 2.457 1826 img/s
    ep 14 it 2500/5004 loss 2.694 1908 img/s
    ep 14 it 3000/5004 loss 2.710 1962 img/s
    ep 14 it 3500/5004 loss 2.300 2009 img/s
    ep 14 it 4000/5004 loss 2.683 2042 img/s
    ep 14 it 4500/5004 loss 2.527 2068 img/s
    ep 14 it 5000/5004 loss 2.452 2091 img/s
  epoch  14/90  lr 0.1000  loss 2.556  top1 48.13  top5 74.22  (613s, 2091 img/s)
    ep 15 it 0/5004 loss 2.511 422 img/s
    ep 15 it 500/5004 loss 2.451 2214 img/s
    ep 15 it 1000/5004 loss 2.616 2254 img/s
    ep 15 it 1500/5004 loss 2.695 2270 img/s
    ep 15 it 2000/5004 loss 2.503 2274 img/s
    ep 15 it 2500/5004 loss 2.725 2281 img/s
    ep 15 it 3000/5004 loss 2.399 2283 img/s
    ep 15 it 3500/5004 loss 2.592 2278 img/s
    ep 15 it 4000/5004 loss 2.471 2283 img/s
    ep 15 it 4500/5004 loss 2.718 2281 img/s
    ep 15 it 5000/5004 loss 2.429 2287 img/s
  epoch  15/90  lr 0.1000  loss 2.549  top1 46.61  top5 73.06  (560s, 2287 img/s)
    ep 16 it 0/5004 loss 2.684 161 img/s
    ep 16 it 500/5004 loss 2.600 1360 img/s
    ep 16 it 1000/5004 loss 2.648 1540 img/s
    ep 16 it 1500/5004 loss 2.569 1683 img/s
    ep 16 it 2000/5004 loss 2.379 1807 img/s
    ep 16 it 2500/5004 loss 2.726 1905 img/s
    ep 16 it 3000/5004 loss 2.290 1966 img/s
    ep 16 it 3500/5004 loss 2.508 2008 img/s
    ep 16 it 4000/5004 loss 2.357 2051 img/s
    ep 16 it 4500/5004 loss 2.642 2072 img/s
    ep 16 it 5000/5004 loss 2.677 2097 img/s
  epoch  16/90  lr 0.1000  loss 2.538  top1 45.94  top5 72.43  (611s, 2098 img/s)
    ep 17 it 0/5004 loss 2.393 231 img/s
    ep 17 it 500/5004 loss 2.484 2216 img/s
    ep 17 it 1000/5004 loss 2.451 2268 img/s
    ep 17 it 1500/5004 loss 2.719 2279 img/s
    ep 17 it 2000/5004 loss 2.434 2289 img/s
    ep 17 it 2500/5004 loss 2.399 2289 img/s
    ep 17 it 3000/5004 loss 2.293 2289 img/s
    ep 17 it 3500/5004 loss 2.643 2294 img/s
    ep 17 it 4000/5004 loss 2.304 2304 img/s
    ep 17 it 4500/5004 loss 2.442 2303 img/s
    ep 17 it 5000/5004 loss 2.378 2306 img/s
  epoch  17/90  lr 0.1000  loss 2.532  top1 47.43  top5 74.06  (556s, 2306 img/s)
    ep 18 it 0/5004 loss 2.371 135 img/s
    ep 18 it 500/5004 loss 2.709 1362 img/s
    ep 18 it 1000/5004 loss 2.757 1540 img/s
    ep 18 it 1500/5004 loss 2.619 1684 img/s
    ep 18 it 2000/5004 loss 2.523 1809 img/s
    ep 18 it 2500/5004 loss 2.468 1893 img/s
    ep 18 it 3000/5004 loss 2.399 1956 img/s
    ep 18 it 3500/5004 loss 2.916 2000 img/s
    ep 18 it 4000/5004 loss 2.726 2037 img/s
    ep 18 it 4500/5004 loss 2.270 2067 img/s
    ep 18 it 5000/5004 loss 2.713 2087 img/s
  epoch  18/90  lr 0.1000  loss 2.523  top1 48.90  top5 75.29  (614s, 2088 img/s)
    ep 19 it 0/5004 loss 2.637 286 img/s
    ep 19 it 500/5004 loss 2.547 2201 img/s
    ep 19 it 1000/5004 loss 2.411 2258 img/s
    ep 19 it 1500/5004 loss 2.435 2280 img/s
    ep 19 it 2000/5004 loss 2.495 2289 img/s
    ep 19 it 2500/5004 loss 2.376 2313 img/s
    ep 19 it 3000/5004 loss 2.424 2308 img/s
    ep 19 it 3500/5004 loss 2.424 2297 img/s
    ep 19 it 4000/5004 loss 2.575 2289 img/s
    ep 19 it 4500/5004 loss 2.555 2298 img/s
    ep 19 it 5000/5004 loss 2.485 2297 img/s
  epoch  19/90  lr 0.1000  loss 2.518  top1 46.63  top5 72.58  (558s, 2297 img/s)
    ep 20 it 0/5004 loss 2.854 195 img/s
    ep 20 it 500/5004 loss 2.464 1344 img/s
    ep 20 it 1000/5004 loss 2.579 1519 img/s
    ep 20 it 1500/5004 loss 2.531 1658 img/s
    ep 20 it 2000/5004 loss 2.602 1775 img/s
    ep 20 it 2500/5004 loss 2.478 1867 img/s
    ep 20 it 3000/5004 loss 2.599 1935 img/s
    ep 20 it 3500/5004 loss 2.642 1982 img/s
    ep 20 it 4000/5004 loss 2.699 2020 img/s
    ep 20 it 4500/5004 loss 2.452 2046 img/s
    ep 20 it 5000/5004 loss 2.497 2070 img/s
  epoch  20/90  lr 0.1000  loss 2.509  top1 47.90  top5 74.19  (619s, 2071 img/s)
    ep 21 it 0/5004 loss 2.566 360 img/s
    ep 21 it 500/5004 loss 2.411 2178 img/s
    ep 21 it 1000/5004 loss 2.524 2276 img/s
    ep 21 it 1500/5004 loss 2.777 2297 img/s
    ep 21 it 2000/5004 loss 2.500 2303 img/s
    ep 21 it 2500/5004 loss 2.663 2297 img/s
    ep 21 it 3000/5004 loss 2.453 2293 img/s
    ep 21 it 3500/5004 loss 2.588 2293 img/s
    ep 21 it 4000/5004 loss 2.493 2290 img/s
    ep 21 it 4500/5004 loss 2.494 2294 img/s
    ep 21 it 5000/5004 loss 2.674 2298 img/s
  epoch  21/90  lr 0.1000  loss 2.506  top1 47.78  top5 73.83  (557s, 2299 img/s)
    ep 22 it 0/5004 loss 2.775 183 img/s
    ep 22 it 500/5004 loss 2.406 1484 img/s
    ep 22 it 1000/5004 loss 2.371 1658 img/s
    ep 22 it 1500/5004 loss 2.364 1797 img/s
    ep 22 it 2000/5004 loss 2.600 1903 img/s
    ep 22 it 2500/5004 loss 2.270 1969 img/s
    ep 22 it 3000/5004 loss 2.579 2027 img/s
    ep 22 it 3500/5004 loss 2.587 2064 img/s
    ep 22 it 4000/5004 loss 2.628 2093 img/s
    ep 22 it 4500/5004 loss 2.504 2115 img/s
    ep 22 it 5000/5004 loss 2.411 2137 img/s
  epoch  22/90  lr 0.1000  loss 2.501  top1 47.04  top5 73.27  (599s, 2138 img/s)
    ep 23 it 0/5004 loss 2.490 225 img/s
    ep 23 it 500/5004 loss 2.643 2198 img/s
    ep 23 it 1000/5004 loss 2.287 2247 img/s
    ep 23 it 1500/5004 loss 2.260 2261 img/s
    ep 23 it 2000/5004 loss 2.796 2261 img/s
    ep 23 it 2500/5004 loss 2.704 2266 img/s
    ep 23 it 3000/5004 loss 2.599 2267 img/s
    ep 23 it 3500/5004 loss 2.496 2264 img/s
    ep 23 it 4000/5004 loss 2.465 2260 img/s
    ep 23 it 4500/5004 loss 2.370 2260 img/s
    ep 23 it 5000/5004 loss 2.585 2268 img/s
  epoch  23/90  lr 0.1000  loss 2.496  top1 47.52  top5 74.32  (565s, 2268 img/s)
    ep 24 it 0/5004 loss 2.616 237 img/s
    ep 24 it 500/5004 loss 2.542 2245 img/s
    ep 24 it 1000/5004 loss 2.539 2278 img/s
    ep 24 it 1500/5004 loss 2.224 2295 img/s
    ep 24 it 2000/5004 loss 2.537 2310 img/s
    ep 24 it 2500/5004 loss 2.715 2311 img/s
    ep 24 it 3000/5004 loss 2.397 2309 img/s
    ep 24 it 3500/5004 loss 2.475 2297 img/s
    ep 24 it 4000/5004 loss 2.323 2293 img/s
    ep 24 it 4500/5004 loss 2.322 2291 img/s
    ep 24 it 5000/5004 loss 2.476 2298 img/s
  epoch  24/90  lr 0.1000  loss 2.492  top1 49.68  top5 75.54  (557s, 2298 img/s)
    ep 25 it 0/5004 loss 2.258 244 img/s
    ep 25 it 500/5004 loss 2.373 2194 img/s
    ep 25 it 1000/5004 loss 2.319 2242 img/s
    ep 25 it 1500/5004 loss 2.449 2247 img/s
    ep 25 it 2000/5004 loss 2.604 2248 img/s
    ep 25 it 2500/5004 loss 2.340 2256 img/s
    ep 25 it 3000/5004 loss 2.326 2259 img/s
    ep 25 it 3500/5004 loss 2.534 2259 img/s
    ep 25 it 4000/5004 loss 2.280 2260 img/s
    ep 25 it 4500/5004 loss 2.456 2269 img/s
    ep 25 it 5000/5004 loss 2.346 2271 img/s
  epoch  25/90  lr 0.1000  loss 2.489  top1 48.41  top5 74.57  (564s, 2272 img/s)
    ep 26 it 0/5004 loss 2.539 237 img/s
    ep 26 it 500/5004 loss 2.311 2175 img/s
    ep 26 it 1000/5004 loss 2.715 2242 img/s
    ep 26 it 1500/5004 loss 2.266 2277 img/s
    ep 26 it 2000/5004 loss 2.462 2292 img/s
    ep 26 it 2500/5004 loss 2.297 2281 img/s
    ep 26 it 3000/5004 loss 2.565 2278 img/s
    ep 26 it 3500/5004 loss 2.618 2285 img/s
    ep 26 it 4000/5004 loss 2.369 2282 img/s
    ep 26 it 4500/5004 loss 2.560 2283 img/s
    ep 26 it 5000/5004 loss 2.401 2191 img/s
  epoch  26/90  lr 0.1000  loss 2.482  top1 47.83  top5 74.11  (584s, 2192 img/s)
    ep 27 it 0/5004 loss 2.034 247 img/s
    ep 27 it 500/5004 loss 2.382 1751 img/s
    ep 27 it 1000/5004 loss 2.361 1911 img/s
    ep 27 it 1500/5004 loss 2.567 2031 img/s
    ep 27 it 2000/5004 loss 2.582 2097 img/s
    ep 27 it 2500/5004 loss 2.274 2143 img/s
    ep 27 it 3000/5004 loss 2.612 2164 img/s
    ep 27 it 3500/5004 loss 2.388 2181 img/s
    ep 27 it 4000/5004 loss 2.209 2197 img/s
    ep 27 it 4500/5004 loss 2.576 2211 img/s
    ep 27 it 5000/5004 loss 2.332 2226 img/s
  epoch  27/90  lr 0.1000  loss 2.483  top1 45.32  top5 71.88  (575s, 2226 img/s)
    ep 28 it 0/5004 loss 2.262 213 img/s
    ep 28 it 500/5004 loss 2.555 2295 img/s
    ep 28 it 1000/5004 loss 2.332 2295 img/s
    ep 28 it 1500/5004 loss 2.505 2284 img/s
    ep 28 it 2000/5004 loss 2.561 2276 img/s
    ep 28 it 2500/5004 loss 2.676 2277 img/s
    ep 28 it 3000/5004 loss 2.378 2275 img/s
    ep 28 it 3500/5004 loss 2.392 2276 img/s
    ep 28 it 4000/5004 loss 2.235 2281 img/s
    ep 28 it 4500/5004 loss 2.495 2279 img/s
    ep 28 it 5000/5004 loss 2.466 2233 img/s
  epoch  28/90  lr 0.1000  loss 2.477  top1 48.51  top5 74.56  (574s, 2233 img/s)
    ep 29 it 0/5004 loss 2.391 272 img/s
    ep 29 it 500/5004 loss 2.337 1925 img/s
    ep 29 it 1000/5004 loss 2.559 2056 img/s
    ep 29 it 1500/5004 loss 2.126 2130 img/s
    ep 29 it 2000/5004 loss 2.655 2183 img/s
    ep 29 it 2500/5004 loss 2.368 2211 img/s
    ep 29 it 3000/5004 loss 2.367 2226 img/s
    ep 29 it 3500/5004 loss 2.469 2242 img/s
    ep 29 it 4000/5004 loss 2.208 2249 img/s
    ep 29 it 4500/5004 loss 2.640 2255 img/s
    ep 29 it 5000/5004 loss 2.338 2269 img/s
  epoch  29/90  lr 0.1000  loss 2.475  top1 45.70  top5 71.57  (565s, 2269 img/s)
    ep 30 it 0/5004 loss 2.213 323 img/s
    ep 30 it 500/5004 loss 2.508 2238 img/s
    ep 30 it 1000/5004 loss 2.135 2250 img/s
    ep 30 it 1500/5004 loss 2.402 2261 img/s
    ep 30 it 2000/5004 loss 2.426 2275 img/s
    ep 30 it 2500/5004 loss 2.531 2274 img/s
    ep 30 it 3000/5004 loss 2.367 2271 img/s
    ep 30 it 3500/5004 loss 2.686 2282 img/s
    ep 30 it 4000/5004 loss 2.480 2290 img/s
    ep 30 it 4500/5004 loss 2.429 2294 img/s
    ep 30 it 5000/5004 loss 2.604 2298 img/s
  epoch  30/90  lr 0.1000  loss 2.472  top1 47.60  top5 73.81  (557s, 2298 img/s)
    ep 31 it 0/5004 loss 2.607 234 img/s
    ep 31 it 500/5004 loss 1.950 1849 img/s
    ep 31 it 1000/5004 loss 1.714 1992 img/s
    ep 31 it 1500/5004 loss 1.661 2088 img/s
    ep 31 it 2000/5004 loss 1.825 2152 img/s
    ep 31 it 2500/5004 loss 2.076 2179 img/s
    ep 31 it 3000/5004 loss 1.900 2198 img/s
    ep 31 it 3500/5004 loss 1.952 2221 img/s
    ep 31 it 4000/5004 loss 1.880 2235 img/s
    ep 31 it 4500/5004 loss 1.775 2241 img/s
    ep 31 it 5000/5004 loss 1.862 2250 img/s
  epoch  31/90  lr 0.0100  loss 1.954  top1 61.81  top5 84.36  (569s, 2250 img/s)
    ep 32 it 0/5004 loss 1.876 187 img/s
    ep 32 it 500/5004 loss 2.007 1403 img/s
    ep 32 it 1000/5004 loss 1.962 1599 img/s
    ep 32 it 1500/5004 loss 1.783 1749 img/s
    ep 32 it 2000/5004 loss 1.862 1855 img/s
    ep 32 it 2500/5004 loss 1.825 1932 img/s
    ep 32 it 3000/5004 loss 1.888 1989 img/s
    ep 32 it 3500/5004 loss 1.730 2030 img/s
    ep 32 it 4000/5004 loss 1.988 2060 img/s
    ep 32 it 4500/5004 loss 1.884 2083 img/s
    ep 32 it 5000/5004 loss 1.708 2108 img/s
  epoch  32/90  lr 0.0100  loss 1.833  top1 62.88  top5 85.02  (608s, 2108 img/s)
    ep 33 it 0/5004 loss 2.034 241 img/s
    ep 33 it 500/5004 loss 1.967 2219 img/s
    ep 33 it 1000/5004 loss 1.768 2248 img/s
    ep 33 it 1500/5004 loss 1.695 2277 img/s
    ep 33 it 2000/5004 loss 1.830 2278 img/s
    ep 33 it 2500/5004 loss 1.899 2288 img/s
    ep 33 it 3000/5004 loss 1.813 2297 img/s
    ep 33 it 3500/5004 loss 1.776 2293 img/s
    ep 33 it 4000/5004 loss 1.632 2294 img/s
    ep 33 it 4500/5004 loss 1.644 2286 img/s
    ep 33 it 5000/5004 loss 1.766 2288 img/s
  epoch  33/90  lr 0.0100  loss 1.787  top1 63.00  top5 85.17  (560s, 2288 img/s)
    ep 34 it 0/5004 loss 1.789 215 img/s
    ep 34 it 500/5004 loss 1.796 2235 img/s
    ep 34 it 1000/5004 loss 1.839 2270 img/s
    ep 34 it 1500/5004 loss 1.865 2283 img/s
    ep 34 it 2000/5004 loss 1.605 2276 img/s
    ep 34 it 2500/5004 loss 1.706 2272 img/s
    ep 34 it 3000/5004 loss 1.756 2277 img/s
    ep 34 it 3500/5004 loss 1.808 2274 img/s
    ep 34 it 4000/5004 loss 1.949 2274 img/s
    ep 34 it 4500/5004 loss 1.637 2275 img/s
    ep 34 it 5000/5004 loss 1.803 2272 img/s
  epoch  34/90  lr 0.0100  loss 1.760  top1 63.79  top5 85.56  (564s, 2272 img/s)
    ep 35 it 0/5004 loss 1.920 230 img/s
    ep 35 it 500/5004 loss 1.721 2225 img/s
    ep 35 it 1000/5004 loss 1.752 2255 img/s
    ep 35 it 1500/5004 loss 1.822 2276 img/s
    ep 35 it 2000/5004 loss 1.729 2264 img/s
    ep 35 it 2500/5004 loss 1.892 2263 img/s
    ep 35 it 3000/5004 loss 1.623 2270 img/s
    ep 35 it 3500/5004 loss 1.800 2269 img/s
    ep 35 it 4000/5004 loss 1.855 2269 img/s
    ep 35 it 4500/5004 loss 1.705 2221 img/s
    ep 35 it 5000/5004 loss 1.762 2108 img/s
  epoch  35/90  lr 0.0100  loss 1.738  top1 63.69  top5 85.59  (608s, 2108 img/s)
    ep 36 it 0/5004 loss 1.743 281 img/s
    ep 36 it 500/5004 loss 1.635 1936 img/s
    ep 36 it 1000/5004 loss 1.414 2075 img/s
    ep 36 it 1500/5004 loss 1.769 2157 img/s
    ep 36 it 2000/5004 loss 1.483 2201 img/s
    ep 36 it 2500/5004 loss 1.686 2219 img/s
    ep 36 it 3000/5004 loss 1.906 2231 img/s
    ep 36 it 3500/5004 loss 1.664 2241 img/s
    ep 36 it 4000/5004 loss 1.502 2248 img/s
    ep 36 it 4500/5004 loss 1.732 2256 img/s
    ep 36 it 5000/5004 loss 1.647 2255 img/s
  epoch  36/90  lr 0.0100  loss 1.731  top1 63.46  top5 85.48  (568s, 2256 img/s)
    ep 37 it 0/5004 loss 1.759 245 img/s
    ep 37 it 500/5004 loss 1.854 2185 img/s
    ep 37 it 1000/5004 loss 1.809 2240 img/s
    ep 37 it 1500/5004 loss 1.668 2262 img/s
    ep 37 it 2000/5004 loss 1.634 2262 img/s
    ep 37 it 2500/5004 loss 1.542 2268 img/s
    ep 37 it 3000/5004 loss 1.716 2279 img/s
    ep 37 it 3500/5004 loss 1.624 2273 img/s
    ep 37 it 4000/5004 loss 1.606 2274 img/s
    ep 37 it 4500/5004 loss 1.749 2178 img/s
    ep 37 it 5000/5004 loss 1.878 2052 img/s
  epoch  37/90  lr 0.0100  loss 1.722  top1 64.06  top5 85.74  (624s, 2052 img/s)
    ep 38 it 0/5004 loss 1.741 272 img/s
    ep 38 it 500/5004 loss 1.678 1872 img/s
    ep 38 it 1000/5004 loss 1.607 2013 img/s
    ep 38 it 1500/5004 loss 1.613 2105 img/s
    ep 38 it 2000/5004 loss 1.623 2150 img/s
    ep 38 it 2500/5004 loss 1.867 2193 img/s
    ep 38 it 3000/5004 loss 1.682 2221 img/s
    ep 38 it 3500/5004 loss 1.548 2239 img/s
    ep 38 it 4000/5004 loss 1.796 2250 img/s
    ep 38 it 4500/5004 loss 1.560 2268 img/s
    ep 38 it 5000/5004 loss 1.852 2270 img/s
  epoch  38/90  lr 0.0100  loss 1.715  top1 63.38  top5 85.31  (564s, 2270 img/s)
    ep 39 it 0/5004 loss 1.971 213 img/s
    ep 39 it 500/5004 loss 1.836 2250 img/s
    ep 39 it 1000/5004 loss 1.737 2285 img/s
    ep 39 it 1500/5004 loss 1.877 2318 img/s
    ep 39 it 2000/5004 loss 1.639 2315 img/s
    ep 39 it 2500/5004 loss 1.904 2327 img/s
    ep 39 it 3000/5004 loss 1.615 2325 img/s
    ep 39 it 3500/5004 loss 1.569 2323 img/s
    ep 39 it 4000/5004 loss 1.576 2327 img/s
    ep 39 it 4500/5004 loss 1.795 2330 img/s
    ep 39 it 5000/5004 loss 1.628 2178 img/s
  epoch  39/90  lr 0.0100  loss 1.711  top1 63.73  top5 85.72  (588s, 2179 img/s)
    ep 40 it 0/5004 loss 1.910 190 img/s
    ep 40 it 500/5004 loss 1.613 1674 img/s
    ep 40 it 1000/5004 loss 1.606 1841 img/s
    ep 40 it 1500/5004 loss 1.476 1962 img/s
    ep 40 it 2000/5004 loss 1.566 2050 img/s
    ep 40 it 2500/5004 loss 1.650 2099 img/s
    ep 40 it 3000/5004 loss 1.685 2137 img/s
    ep 40 it 3500/5004 loss 1.625 2163 img/s
    ep 40 it 4000/5004 loss 1.759 2185 img/s
    ep 40 it 4500/5004 loss 1.448 2200 img/s
    ep 40 it 5000/5004 loss 1.828 2213 img/s
  epoch  40/90  lr 0.0100  loss 1.711  top1 63.78  top5 85.69  (579s, 2214 img/s)
    ep 41 it 0/5004 loss 1.745 312 img/s
    ep 41 it 500/5004 loss 1.680 2285 img/s
    ep 41 it 1000/5004 loss 1.718 2285 img/s
    ep 41 it 1500/5004 loss 1.704 2286 img/s
    ep 41 it 2000/5004 loss 1.731 2295 img/s
    ep 41 it 2500/5004 loss 1.431 2304 img/s
    ep 41 it 3000/5004 loss 1.848 2309 img/s
    ep 41 it 3500/5004 loss 2.046 2313 img/s
    ep 41 it 4000/5004 loss 1.428 2307 img/s
    ep 41 it 4500/5004 loss 1.560 2307 img/s
    ep 41 it 5000/5004 loss 1.867 2204 img/s
  epoch  41/90  lr 0.0100  loss 1.710  top1 63.81  top5 85.89  (581s, 2204 img/s)
    ep 42 it 0/5004 loss 1.694 181 img/s
    ep 42 it 500/5004 loss 1.757 1476 img/s
    ep 42 it 1000/5004 loss 1.678 1651 img/s
    ep 42 it 1500/5004 loss 1.621 1795 img/s
    ep 42 it 2000/5004 loss 1.872 1891 img/s
    ep 42 it 2500/5004 loss 1.813 1963 img/s
    ep 42 it 3000/5004 loss 1.506 2016 img/s
    ep 42 it 3500/5004 loss 1.780 2053 img/s
    ep 42 it 4000/5004 loss 1.588 2081 img/s
    ep 42 it 4500/5004 loss 1.626 2106 img/s
    ep 42 it 5000/5004 loss 1.811 2131 img/s
  epoch  42/90  lr 0.0100  loss 1.712  top1 63.39  top5 85.24  (601s, 2132 img/s)
    ep 43 it 0/5004 loss 1.545 277 img/s
    ep 43 it 500/5004 loss 1.535 2180 img/s
    ep 43 it 1000/5004 loss 1.667 2237 img/s
    ep 43 it 1500/5004 loss 1.793 2254 img/s
    ep 43 it 2000/5004 loss 1.923 2257 img/s
    ep 43 it 2500/5004 loss 1.532 2261 img/s
    ep 43 it 3000/5004 loss 1.510 2265 img/s
    ep 43 it 3500/5004 loss 1.848 2256 img/s
    ep 43 it 4000/5004 loss 1.648 2263 img/s
    ep 43 it 4500/5004 loss 1.862 2264 img/s
    ep 43 it 5000/5004 loss 1.703 2173 img/s
  epoch  43/90  lr 0.0100  loss 1.710  top1 63.76  top5 85.68  (589s, 2173 img/s)
    ep 44 it 0/5004 loss 1.582 179 img/s
    ep 44 it 500/5004 loss 1.642 1468 img/s
    ep 44 it 1000/5004 loss 1.508 1654 img/s
    ep 44 it 1500/5004 loss 1.717 1794 img/s
    ep 44 it 2000/5004 loss 1.932 1893 img/s
    ep 44 it 2500/5004 loss 1.833 1970 img/s
    ep 44 it 3000/5004 loss 1.686 2023 img/s
    ep 44 it 3500/5004 loss 1.802 2064 img/s
    ep 44 it 4000/5004 loss 1.847 2099 img/s
    ep 44 it 4500/5004 loss 1.887 2126 img/s
    ep 44 it 5000/5004 loss 1.747 2147 img/s
  epoch  44/90  lr 0.0100  loss 1.709  top1 63.54  top5 85.69  (597s, 2147 img/s)
    ep 45 it 0/5004 loss 1.684 228 img/s
    ep 45 it 500/5004 loss 1.789 2207 img/s
    ep 45 it 1000/5004 loss 1.910 2266 img/s
    ep 45 it 1500/5004 loss 1.769 2281 img/s
    ep 45 it 2000/5004 loss 1.780 2279 img/s
    ep 45 it 2500/5004 loss 1.617 2299 img/s
    ep 45 it 3000/5004 loss 2.004 2309 img/s
    ep 45 it 3500/5004 loss 1.736 2306 img/s
    ep 45 it 4000/5004 loss 1.516 2297 img/s
    ep 45 it 4500/5004 loss 1.467 2292 img/s
    ep 45 it 5000/5004 loss 1.799 2227 img/s
  epoch  45/90  lr 0.0100  loss 1.711  top1 63.69  top5 85.59  (575s, 2228 img/s)
    ep 46 it 0/5004 loss 1.893 212 img/s
    ep 46 it 500/5004 loss 1.683 1458 img/s
    ep 46 it 1000/5004 loss 1.826 1646 img/s
    ep 46 it 1500/5004 loss 1.655 1786 img/s
    ep 46 it 2000/5004 loss 1.827 1883 img/s
    ep 46 it 2500/5004 loss 1.570 1956 img/s
    ep 46 it 3000/5004 loss 1.453 2002 img/s
    ep 46 it 3500/5004 loss 1.711 2039 img/s
    ep 46 it 4000/5004 loss 1.830 2062 img/s
    ep 46 it 4500/5004 loss 1.840 2084 img/s
    ep 46 it 5000/5004 loss 1.830 2103 img/s
  epoch  46/90  lr 0.0100  loss 1.713  top1 63.39  top5 85.41  (609s, 2104 img/s)
    ep 47 it 0/5004 loss 1.760 242 img/s
    ep 47 it 500/5004 loss 1.706 2243 img/s
    ep 47 it 1000/5004 loss 1.725 2243 img/s
    ep 47 it 1500/5004 loss 1.593 2265 img/s
    ep 47 it 2000/5004 loss 1.695 2270 img/s
    ep 47 it 2500/5004 loss 1.778 2267 img/s
    ep 47 it 3000/5004 loss 1.767 2271 img/s
    ep 47 it 3500/5004 loss 1.653 2277 img/s
    ep 47 it 4000/5004 loss 1.479 2280 img/s
    ep 47 it 4500/5004 loss 1.854 2277 img/s
    ep 47 it 5000/5004 loss 1.957 2281 img/s
  epoch  47/90  lr 0.0100  loss 1.711  top1 63.17  top5 85.23  (562s, 2281 img/s)
    ep 48 it 0/5004 loss 1.860 147 img/s
    ep 48 it 500/5004 loss 1.787 1263 img/s
    ep 48 it 1000/5004 loss 1.859 1428 img/s
    ep 48 it 1500/5004 loss 1.774 1582 img/s
    ep 48 it 2000/5004 loss 1.852 1708 img/s
    ep 48 it 2500/5004 loss 1.752 1803 img/s
    ep 48 it 3000/5004 loss 1.682 1875 img/s
    ep 48 it 3500/5004 loss 1.788 1924 img/s
    ep 48 it 4000/5004 loss 1.541 1966 img/s
    ep 48 it 4500/5004 loss 1.785 1997 img/s
    ep 48 it 5000/5004 loss 1.751 2029 img/s
  epoch  48/90  lr 0.0100  loss 1.708  top1 63.09  top5 85.14  (631s, 2029 img/s)
    ep 49 it 0/5004 loss 1.645 295 img/s
    ep 49 it 500/5004 loss 1.684 2247 img/s
    ep 49 it 1000/5004 loss 1.554 2279 img/s
    ep 49 it 1500/5004 loss 1.407 2273 img/s
    ep 49 it 2000/5004 loss 1.563 2270 img/s
    ep 49 it 2500/5004 loss 1.918 2282 img/s
    ep 49 it 3000/5004 loss 1.835 2288 img/s
    ep 49 it 3500/5004 loss 1.831 2296 img/s
    ep 49 it 4000/5004 loss 1.668 2301 img/s
    ep 49 it 4500/5004 loss 1.680 2311 img/s
    ep 49 it 5000/5004 loss 1.705 2250 img/s
  epoch  49/90  lr 0.0100  loss 1.708  top1 63.50  top5 85.44  (569s, 2250 img/s)
    ep 50 it 0/5004 loss 1.767 177 img/s
    ep 50 it 500/5004 loss 1.826 1597 img/s
    ep 50 it 1000/5004 loss 1.702 1762 img/s
    ep 50 it 1500/5004 loss 1.806 1891 img/s
    ep 50 it 2000/5004 loss 1.982 1985 img/s
    ep 50 it 2500/5004 loss 1.703 2049 img/s
    ep 50 it 3000/5004 loss 1.659 2098 img/s
    ep 50 it 3500/5004 loss 1.656 2126 img/s
    ep 50 it 4000/5004 loss 1.611 2151 img/s
    ep 50 it 4500/5004 loss 1.478 2168 img/s
    ep 50 it 5000/5004 loss 1.710 2190 img/s
  epoch  50/90  lr 0.0100  loss 1.707  top1 62.68  top5 84.97  (585s, 2190 img/s)
    ep 51 it 0/5004 loss 1.562 280 img/s
    ep 51 it 500/5004 loss 1.642 2188 img/s
    ep 51 it 1000/5004 loss 1.542 2252 img/s
    ep 51 it 1500/5004 loss 1.743 2283 img/s
    ep 51 it 2000/5004 loss 1.667 2282 img/s
    ep 51 it 2500/5004 loss 1.677 2295 img/s
    ep 51 it 3000/5004 loss 1.684 2295 img/s
    ep 51 it 3500/5004 loss 1.650 2293 img/s
    ep 51 it 4000/5004 loss 1.854 2294 img/s
    ep 51 it 4500/5004 loss 1.764 2293 img/s
    ep 51 it 5000/5004 loss 1.555 2284 img/s
  epoch  51/90  lr 0.0100  loss 1.707  top1 63.22  top5 85.34  (561s, 2285 img/s)
    ep 52 it 0/5004 loss 1.822 164 img/s
    ep 52 it 500/5004 loss 1.711 1445 img/s
    ep 52 it 1000/5004 loss 1.496 1622 img/s
    ep 52 it 1500/5004 loss 1.639 1760 img/s
    ep 52 it 2000/5004 loss 1.883 1869 img/s
    ep 52 it 2500/5004 loss 1.724 1942 img/s
    ep 52 it 3000/5004 loss 1.636 1996 img/s
    ep 52 it 3500/5004 loss 1.736 2038 img/s
    ep 52 it 4000/5004 loss 1.863 2079 img/s
    ep 52 it 4500/5004 loss 1.868 2095 img/s
    ep 52 it 5000/5004 loss 1.900 2122 img/s
  epoch  52/90  lr 0.0100  loss 1.706  top1 62.98  top5 85.26  (604s, 2122 img/s)
    ep 53 it 0/5004 loss 1.725 237 img/s
    ep 53 it 500/5004 loss 1.715 2210 img/s
    ep 53 it 1000/5004 loss 1.677 2278 img/s
    ep 53 it 1500/5004 loss 1.942 2271 img/s
    ep 53 it 2000/5004 loss 1.410 2279 img/s
    ep 53 it 2500/5004 loss 1.657 2278 img/s
    ep 53 it 3000/5004 loss 1.709 2274 img/s
    ep 53 it 3500/5004 loss 1.710 2275 img/s
    ep 53 it 4000/5004 loss 1.661 2283 img/s
    ep 53 it 4500/5004 loss 1.961 2278 img/s
    ep 53 it 5000/5004 loss 1.668 2285 img/s
  epoch  53/90  lr 0.0100  loss 1.702  top1 63.24  top5 85.35  (561s, 2285 img/s)
    ep 54 it 0/5004 loss 1.569 156 img/s
    ep 54 it 500/5004 loss 1.815 1428 img/s
    ep 54 it 1000/5004 loss 1.609 1594 img/s
    ep 54 it 1500/5004 loss 1.730 1735 img/s
    ep 54 it 2000/5004 loss 1.667 1843 img/s
    ep 54 it 2500/5004 loss 1.631 1918 img/s
    ep 54 it 3000/5004 loss 1.925 1966 img/s
    ep 54 it 3500/5004 loss 1.701 2002 img/s
    ep 54 it 4000/5004 loss 1.455 2032 img/s
    ep 54 it 4500/5004 loss 1.830 2057 img/s
    ep 54 it 5000/5004 loss 1.716 2088 img/s
  epoch  54/90  lr 0.0100  loss 1.699  top1 63.18  top5 85.39  (613s, 2088 img/s)
    ep 55 it 0/5004 loss 1.894 298 img/s
    ep 55 it 500/5004 loss 1.845 2174 img/s
    ep 55 it 1000/5004 loss 1.667 2209 img/s
    ep 55 it 1500/5004 loss 1.617 2230 img/s
    ep 55 it 2000/5004 loss 1.650 2250 img/s
    ep 55 it 2500/5004 loss 1.750 2258 img/s
    ep 55 it 3000/5004 loss 1.748 2267 img/s
    ep 55 it 3500/5004 loss 1.739 2277 img/s
    ep 55 it 4000/5004 loss 1.759 2281 img/s
    ep 55 it 4500/5004 loss 1.654 2282 img/s
    ep 55 it 5000/5004 loss 1.786 2292 img/s
  epoch  55/90  lr 0.0100  loss 1.699  top1 63.11  top5 85.47  (559s, 2293 img/s)
    ep 56 it 0/5004 loss 1.555 196 img/s
    ep 56 it 500/5004 loss 1.534 1792 img/s
    ep 56 it 1000/5004 loss 1.577 1932 img/s
    ep 56 it 1500/5004 loss 1.775 2035 img/s
    ep 56 it 2000/5004 loss 1.644 2100 img/s
    ep 56 it 2500/5004 loss 1.890 2143 img/s
    ep 56 it 3000/5004 loss 1.737 2170 img/s
    ep 56 it 3500/5004 loss 1.779 2196 img/s
    ep 56 it 4000/5004 loss 1.592 2210 img/s
    ep 56 it 4500/5004 loss 1.649 2227 img/s
    ep 56 it 5000/5004 loss 1.802 2246 img/s
  epoch  56/90  lr 0.0100  loss 1.698  top1 63.43  top5 85.30  (570s, 2246 img/s)
    ep 57 it 0/5004 loss 1.402 310 img/s
    ep 57 it 500/5004 loss 1.565 2259 img/s
    ep 57 it 1000/5004 loss 1.438 2303 img/s
    ep 57 it 1500/5004 loss 1.618 2305 img/s
    ep 57 it 2000/5004 loss 1.788 2312 img/s
    ep 57 it 2500/5004 loss 1.848 2302 img/s
    ep 57 it 3000/5004 loss 1.611 2311 img/s
    ep 57 it 3500/5004 loss 1.897 2314 img/s
    ep 57 it 4000/5004 loss 1.726 2309 img/s
    ep 57 it 4500/5004 loss 1.740 2310 img/s
    ep 57 it 5000/5004 loss 1.700 2304 img/s
  epoch  57/90  lr 0.0100  loss 1.694  top1 63.15  top5 84.97  (556s, 2304 img/s)
    ep 58 it 0/5004 loss 1.453 240 img/s
    ep 58 it 500/5004 loss 1.614 1845 img/s
    ep 58 it 1000/5004 loss 1.827 1963 img/s
    ep 58 it 1500/5004 loss 1.647 2055 img/s
    ep 58 it 2000/5004 loss 1.654 2132 img/s
    ep 58 it 2500/5004 loss 1.927 2174 img/s
    ep 58 it 3000/5004 loss 1.720 2204 img/s
    ep 58 it 3500/5004 loss 1.732 2219 img/s
    ep 58 it 4000/5004 loss 1.854 2230 img/s
    ep 58 it 4500/5004 loss 1.774 2241 img/s
    ep 58 it 5000/5004 loss 1.880 2257 img/s
  epoch  58/90  lr 0.0100  loss 1.692  top1 63.15  top5 85.73  (567s, 2258 img/s)
    ep 59 it 0/5004 loss 1.539 246 img/s
    ep 59 it 500/5004 loss 1.520 2245 img/s
    ep 59 it 1000/5004 loss 1.421 2275 img/s
    ep 59 it 1500/5004 loss 1.463 2295 img/s
    ep 59 it 2000/5004 loss 1.575 2308 img/s
    ep 59 it 2500/5004 loss 1.741 2321 img/s
    ep 59 it 3000/5004 loss 1.634 2319 img/s
    ep 59 it 3500/5004 loss 1.531 2325 img/s
    ep 59 it 4000/5004 loss 1.701 2327 img/s
    ep 59 it 4500/5004 loss 1.713 2328 img/s
    ep 59 it 5000/5004 loss 1.752 2334 img/s
  epoch  59/90  lr 0.0100  loss 1.693  top1 63.17  top5 85.47  (549s, 2335 img/s)
    ep 60 it 0/5004 loss 1.494 252 img/s
    ep 60 it 500/5004 loss 1.470 2237 img/s
    ep 60 it 1000/5004 loss 1.752 2289 img/s
    ep 60 it 1500/5004 loss 1.620 2299 img/s
    ep 60 it 2000/5004 loss 1.671 2303 img/s
    ep 60 it 2500/5004 loss 1.863 2317 img/s
    ep 60 it 3000/5004 loss 1.630 2321 img/s
    ep 60 it 3500/5004 loss 1.654 2328 img/s
    ep 60 it 4000/5004 loss 1.770 2326 img/s
    ep 60 it 4500/5004 loss 1.565 2325 img/s
    ep 60 it 5000/5004 loss 1.710 2336 img/s
  epoch  60/90  lr 0.0100  loss 1.690  top1 63.28  top5 85.39  (548s, 2336 img/s)
    ep 61 it 0/5004 loss 1.785 297 img/s
    ep 61 it 500/5004 loss 1.778 2242 img/s
    ep 61 it 1000/5004 loss 1.342 2277 img/s
    ep 61 it 1500/5004 loss 1.333 2274 img/s
    ep 61 it 2000/5004 loss 1.698 2289 img/s
    ep 61 it 2500/5004 loss 1.407 2297 img/s
    ep 61 it 3000/5004 loss 1.476 2289 img/s
    ep 61 it 3500/5004 loss 1.395 2297 img/s
    ep 61 it 4000/5004 loss 1.411 2296 img/s
    ep 61 it 4500/5004 loss 1.411 2297 img/s
    ep 61 it 5000/5004 loss 1.203 2237 img/s
  epoch  61/90  lr 0.0010  loss 1.502  top1 67.54  top5 87.88  (572s, 2238 img/s)
    ep 62 it 0/5004 loss 1.284 180 img/s
    ep 62 it 500/5004 loss 1.251 1481 img/s
    ep 62 it 1000/5004 loss 1.465 1673 img/s
    ep 62 it 1500/5004 loss 1.584 1818 img/s
    ep 62 it 2000/5004 loss 1.284 1918 img/s
    ep 62 it 2500/5004 loss 1.641 1997 img/s
    ep 62 it 3000/5004 loss 1.564 2054 img/s
    ep 62 it 3500/5004 loss 1.221 2095 img/s
    ep 62 it 4000/5004 loss 1.442 2125 img/s
    ep 62 it 4500/5004 loss 1.462 2142 img/s
    ep 62 it 5000/5004 loss 1.613 2164 img/s
  epoch  62/90  lr 0.0010  loss 1.453  top1 67.82  top5 88.18  (592s, 2165 img/s)
    ep 63 it 0/5004 loss 1.158 227 img/s
    ep 63 it 500/5004 loss 1.315 2221 img/s
    ep 63 it 1000/5004 loss 1.503 2297 img/s
    ep 63 it 1500/5004 loss 1.445 2291 img/s
    ep 63 it 2000/5004 loss 1.499 2297 img/s
    ep 63 it 2500/5004 loss 1.300 2297 img/s
    ep 63 it 3000/5004 loss 1.359 2302 img/s
    ep 63 it 3500/5004 loss 1.496 2300 img/s
    ep 63 it 4000/5004 loss 1.529 2302 img/s
    ep 63 it 4500/5004 loss 1.326 2307 img/s
    ep 63 it 5000/5004 loss 1.402 2300 img/s
  epoch  63/90  lr 0.0010  loss 1.437  top1 67.92  top5 88.19  (557s, 2299 img/s)
    ep 64 it 0/5004 loss 1.443 173 img/s
    ep 64 it 500/5004 loss 1.165 1461 img/s
    ep 64 it 1000/5004 loss 1.265 1643 img/s
    ep 64 it 1500/5004 loss 1.347 1788 img/s
    ep 64 it 2000/5004 loss 1.322 1894 img/s
    ep 64 it 2500/5004 loss 1.270 1971 img/s
    ep 64 it 3000/5004 loss 1.646 2026 img/s
    ep 64 it 3500/5004 loss 1.672 2070 img/s
    ep 64 it 4000/5004 loss 1.361 2097 img/s
    ep 64 it 4500/5004 loss 1.394 2125 img/s
    ep 64 it 5000/5004 loss 1.360 2142 img/s
  epoch  64/90  lr 0.0010  loss 1.423  top1 68.11  top5 88.25  (598s, 2142 img/s)
    ep 65 it 0/5004 loss 1.418 236 img/s
    ep 65 it 500/5004 loss 1.453 2219 img/s
    ep 65 it 1000/5004 loss 1.462 2286 img/s
    ep 65 it 1500/5004 loss 1.475 2307 img/s
    ep 65 it 2000/5004 loss 1.395 2313 img/s
    ep 65 it 2500/5004 loss 1.468 2326 img/s
    ep 65 it 3000/5004 loss 1.508 2338 img/s
    ep 65 it 3500/5004 loss 1.227 2331 img/s
    ep 65 it 4000/5004 loss 1.415 2327 img/s
    ep 65 it 4500/5004 loss 1.420 2326 img/s
    ep 65 it 5000/5004 loss 1.406 2321 img/s
  epoch  65/90  lr 0.0010  loss 1.413  top1 68.21  top5 88.31  (552s, 2322 img/s)
    ep 66 it 0/5004 loss 1.329 157 img/s
    ep 66 it 500/5004 loss 1.199 1444 img/s
    ep 66 it 1000/5004 loss 1.296 1621 img/s
    ep 66 it 1500/5004 loss 1.153 1759 img/s
    ep 66 it 2000/5004 loss 1.297 1866 img/s
    ep 66 it 2500/5004 loss 1.381 1951 img/s
    ep 66 it 3000/5004 loss 1.461 2012 img/s
    ep 66 it 3500/5004 loss 1.470 2052 img/s
    ep 66 it 4000/5004 loss 1.582 2078 img/s
    ep 66 it 4500/5004 loss 1.709 2100 img/s
    ep 66 it 5000/5004 loss 1.239 2122 img/s
  epoch  66/90  lr 0.0010  loss 1.406  top1 68.25  top5 88.45  (604s, 2122 img/s)
    ep 67 it 0/5004 loss 1.573 259 img/s
    ep 67 it 500/5004 loss 1.604 2242 img/s
    ep 67 it 1000/5004 loss 1.581 2275 img/s
    ep 67 it 1500/5004 loss 1.391 2281 img/s
    ep 67 it 2000/5004 loss 1.431 2293 img/s
    ep 67 it 2500/5004 loss 1.327 2297 img/s
    ep 67 it 3000/5004 loss 1.447 2297 img/s
    ep 67 it 3500/5004 loss 1.192 2309 img/s
    ep 67 it 4000/5004 loss 1.629 2312 img/s
    ep 67 it 4500/5004 loss 1.564 2308 img/s
    ep 67 it 5000/5004 loss 1.360 2319 img/s
  epoch  67/90  lr 0.0010  loss 1.400  top1 68.35  top5 88.44  (552s, 2320 img/s)
    ep 68 it 0/5004 loss 1.413 159 img/s
    ep 68 it 500/5004 loss 1.404 1476 img/s
    ep 68 it 1000/5004 loss 1.398 1658 img/s
    ep 68 it 1500/5004 loss 1.357 1803 img/s
    ep 68 it 2000/5004 loss 1.369 1903 img/s
    ep 68 it 2500/5004 loss 1.443 1983 img/s
    ep 68 it 3000/5004 loss 1.370 2034 img/s
    ep 68 it 3500/5004 loss 1.446 2075 img/s
    ep 68 it 4000/5004 loss 1.507 2105 img/s
    ep 68 it 4500/5004 loss 1.380 2134 img/s
    ep 68 it 5000/5004 loss 1.699 2151 img/s
  epoch  68/90  lr 0.0010  loss 1.393  top1 68.33  top5 88.52  (596s, 2151 img/s)
    ep 69 it 0/5004 loss 1.255 253 img/s
    ep 69 it 500/5004 loss 1.206 2186 img/s
    ep 69 it 1000/5004 loss 1.374 2216 img/s
    ep 69 it 1500/5004 loss 1.340 2259 img/s
    ep 69 it 2000/5004 loss 1.246 2283 img/s
    ep 69 it 2500/5004 loss 1.423 2303 img/s
    ep 69 it 3000/5004 loss 1.539 2308 img/s
    ep 69 it 3500/5004 loss 1.251 2318 img/s
    ep 69 it 4000/5004 loss 1.376 2319 img/s
    ep 69 it 4500/5004 loss 1.560 2319 img/s
    ep 69 it 5000/5004 loss 1.439 2321 img/s
  epoch  69/90  lr 0.0010  loss 1.387  top1 68.37  top5 88.50  (552s, 2321 img/s)
    ep 70 it 0/5004 loss 1.299 152 img/s
    ep 70 it 500/5004 loss 1.594 1350 img/s
    ep 70 it 1000/5004 loss 1.382 1531 img/s
    ep 70 it 1500/5004 loss 1.524 1680 img/s
    ep 70 it 2000/5004 loss 1.520 1794 img/s
    ep 70 it 2500/5004 loss 1.394 1885 img/s
    ep 70 it 3000/5004 loss 1.557 1948 img/s
    ep 70 it 3500/5004 loss 1.292 1996 img/s
    ep 70 it 4000/5004 loss 1.393 2044 img/s
    ep 70 it 4500/5004 loss 1.326 2080 img/s
    ep 70 it 5000/5004 loss 1.267 2104 img/s
  epoch  70/90  lr 0.0010  loss 1.383  top1 68.42  top5 88.54  (609s, 2105 img/s)
    ep 71 it 0/5004 loss 1.237 222 img/s
    ep 71 it 500/5004 loss 1.329 2232 img/s
    ep 71 it 1000/5004 loss 1.322 2293 img/s
    ep 71 it 1500/5004 loss 1.283 2289 img/s
    ep 71 it 2000/5004 loss 1.103 2295 img/s
    ep 71 it 2500/5004 loss 1.296 2314 img/s
    ep 71 it 3000/5004 loss 1.271 2314 img/s
    ep 71 it 3500/5004 loss 1.543 2311 img/s
    ep 71 it 4000/5004 loss 1.411 2314 img/s
    ep 71 it 4500/5004 loss 1.474 2311 img/s
    ep 71 it 5000/5004 loss 1.351 2312 img/s
  epoch  71/90  lr 0.0010  loss 1.378  top1 68.49  top5 88.49  (554s, 2312 img/s)
    ep 72 it 0/5004 loss 1.416 143 img/s
    ep 72 it 500/5004 loss 1.232 1324 img/s
    ep 72 it 1000/5004 loss 1.422 1512 img/s
    ep 72 it 1500/5004 loss 1.346 1662 img/s
    ep 72 it 2000/5004 loss 1.455 1793 img/s
    ep 72 it 2500/5004 loss 1.199 1875 img/s
    ep 72 it 3000/5004 loss 1.456 1937 img/s
    ep 72 it 3500/5004 loss 1.248 1981 img/s
    ep 72 it 4000/5004 loss 1.494 2011 img/s
    ep 72 it 4500/5004 loss 1.540 2044 img/s
    ep 72 it 5000/5004 loss 1.480 2072 img/s
  epoch  72/90  lr 0.0010  loss 1.374  top1 68.50  top5 88.48  (618s, 2073 img/s)
    ep 73 it 0/5004 loss 1.363 271 img/s
    ep 73 it 500/5004 loss 1.260 2210 img/s
    ep 73 it 1000/5004 loss 1.296 2269 img/s
    ep 73 it 1500/5004 loss 1.626 2305 img/s
    ep 73 it 2000/5004 loss 1.305 2317 img/s
    ep 73 it 2500/5004 loss 1.440 2316 img/s
    ep 73 it 3000/5004 loss 1.238 2321 img/s
    ep 73 it 3500/5004 loss 1.279 2323 img/s
    ep 73 it 4000/5004 loss 1.493 2317 img/s
    ep 73 it 4500/5004 loss 1.282 2314 img/s
    ep 73 it 5000/5004 loss 1.409 2317 img/s
  epoch  73/90  lr 0.0010  loss 1.371  top1 68.59  top5 88.62  (553s, 2317 img/s)
    ep 74 it 0/5004 loss 1.339 169 img/s
    ep 74 it 500/5004 loss 1.511 1348 img/s
    ep 74 it 1000/5004 loss 1.350 1528 img/s
    ep 74 it 1500/5004 loss 1.300 1686 img/s
    ep 74 it 2000/5004 loss 1.393 1804 img/s
    ep 74 it 2500/5004 loss 1.282 1889 img/s
    ep 74 it 3000/5004 loss 1.575 1947 img/s
    ep 74 it 3500/5004 loss 1.301 1989 img/s
    ep 74 it 4000/5004 loss 1.351 2027 img/s
    ep 74 it 4500/5004 loss 1.520 2059 img/s
    ep 74 it 5000/5004 loss 1.302 2089 img/s
  epoch  74/90  lr 0.0010  loss 1.368  top1 68.57  top5 88.56  (613s, 2090 img/s)
    ep 75 it 0/5004 loss 1.101 416 img/s
    ep 75 it 500/5004 loss 1.171 2184 img/s
    ep 75 it 1000/5004 loss 1.504 2251 img/s
    ep 75 it 1500/5004 loss 1.538 2285 img/s
    ep 75 it 2000/5004 loss 1.122 2288 img/s
    ep 75 it 2500/5004 loss 1.601 2295 img/s
    ep 75 it 3000/5004 loss 1.661 2301 img/s
    ep 75 it 3500/5004 loss 1.408 2309 img/s
    ep 75 it 4000/5004 loss 1.389 2311 img/s
    ep 75 it 4500/5004 loss 1.311 2320 img/s
    ep 75 it 5000/5004 loss 1.384 2317 img/s
  epoch  75/90  lr 0.0010  loss 1.362  top1 68.52  top5 88.46  (553s, 2317 img/s)
    ep 76 it 0/5004 loss 1.296 233 img/s
    ep 76 it 500/5004 loss 1.490 1714 img/s
    ep 76 it 1000/5004 loss 1.327 1873 img/s
    ep 76 it 1500/5004 loss 1.360 1997 img/s
    ep 76 it 2000/5004 loss 1.390 2074 img/s
    ep 76 it 2500/5004 loss 1.343 2128 img/s
    ep 76 it 3000/5004 loss 1.428 2159 img/s
    ep 76 it 3500/5004 loss 1.402 2180 img/s
    ep 76 it 4000/5004 loss 1.470 2197 img/s
    ep 76 it 4500/5004 loss 1.364 2206 img/s
    ep 76 it 5000/5004 loss 1.480 2224 img/s
  epoch  76/90  lr 0.0010  loss 1.362  top1 68.64  top5 88.47  (576s, 2224 img/s)
    ep 77 it 0/5004 loss 1.269 233 img/s
    ep 77 it 500/5004 loss 1.255 2229 img/s
    ep 77 it 1000/5004 loss 1.778 2265 img/s
    ep 77 it 1500/5004 loss 1.328 2290 img/s
    ep 77 it 2000/5004 loss 1.326 2272 img/s
    ep 77 it 2500/5004 loss 1.468 2288 img/s
    ep 77 it 3000/5004 loss 1.329 2293 img/s
    ep 77 it 3500/5004 loss 1.463 2295 img/s
    ep 77 it 4000/5004 loss 1.308 2296 img/s
    ep 77 it 4500/5004 loss 1.383 2297 img/s
    ep 77 it 5000/5004 loss 1.434 2302 img/s
  epoch  77/90  lr 0.0010  loss 1.356  top1 68.67  top5 88.68  (556s, 2302 img/s)
    ep 78 it 0/5004 loss 1.252 164 img/s
    ep 78 it 500/5004 loss 1.415 1411 img/s
    ep 78 it 1000/5004 loss 1.103 1594 img/s
    ep 78 it 1500/5004 loss 1.213 1736 img/s
    ep 78 it 2000/5004 loss 1.385 1843 img/s
    ep 78 it 2500/5004 loss 1.363 1932 img/s
    ep 78 it 3000/5004 loss 1.561 1986 img/s
    ep 78 it 3500/5004 loss 1.461 2026 img/s
    ep 78 it 4000/5004 loss 1.170 2068 img/s
    ep 78 it 4500/5004 loss 1.230 2090 img/s
    ep 78 it 5000/5004 loss 1.380 2113 img/s
  epoch  78/90  lr 0.0010  loss 1.354  top1 68.70  top5 88.51  (606s, 2113 img/s)
    ep 79 it 0/5004 loss 1.371 296 img/s
    ep 79 it 500/5004 loss 1.312 2214 img/s
    ep 79 it 1000/5004 loss 1.493 2306 img/s
    ep 79 it 1500/5004 loss 1.502 2314 img/s
    ep 79 it 2000/5004 loss 1.232 2299 img/s
    ep 79 it 2500/5004 loss 1.556 2306 img/s
    ep 79 it 3000/5004 loss 1.668 2304 img/s
    ep 79 it 3500/5004 loss 1.393 2303 img/s
    ep 79 it 4000/5004 loss 1.300 2300 img/s
    ep 79 it 4500/5004 loss 1.449 2301 img/s
    ep 79 it 5000/5004 loss 1.304 2306 img/s
  epoch  79/90  lr 0.0010  loss 1.353  top1 68.74  top5 88.61  (555s, 2307 img/s)
    ep 80 it 0/5004 loss 1.258 173 img/s
    ep 80 it 500/5004 loss 1.511 1643 img/s
    ep 80 it 1000/5004 loss 1.359 1806 img/s
    ep 80 it 1500/5004 loss 1.487 1917 img/s
    ep 80 it 2000/5004 loss 1.459 2018 img/s
    ep 80 it 2500/5004 loss 1.278 2082 img/s
    ep 80 it 3000/5004 loss 1.569 2121 img/s
    ep 80 it 3500/5004 loss 1.529 2147 img/s
    ep 80 it 4000/5004 loss 1.253 2168 img/s
    ep 80 it 4500/5004 loss 1.447 2186 img/s
    ep 80 it 5000/5004 loss 1.331 2195 img/s
  epoch  80/90  lr 0.0010  loss 1.347  top1 68.60  top5 88.67  (583s, 2196 img/s)
    ep 81 it 0/5004 loss 1.326 243 img/s
    ep 81 it 500/5004 loss 1.264 2229 img/s
    ep 81 it 1000/5004 loss 1.388 2243 img/s
    ep 81 it 1500/5004 loss 1.428 2252 img/s
    ep 81 it 2000/5004 loss 1.577 2265 img/s
    ep 81 it 2500/5004 loss 1.381 2275 img/s
    ep 81 it 3000/5004 loss 1.399 2279 img/s
    ep 81 it 3500/5004 loss 1.342 2280 img/s
    ep 81 it 4000/5004 loss 1.419 2285 img/s
    ep 81 it 4500/5004 loss 1.384 2288 img/s
    ep 81 it 5000/5004 loss 1.340 2294 img/s
  epoch  81/90  lr 0.0010  loss 1.345  top1 68.76  top5 88.67  (558s, 2294 img/s)
    ep 82 it 0/5004 loss 1.295 162 img/s
    ep 82 it 500/5004 loss 1.364 1452 img/s
    ep 82 it 1000/5004 loss 1.285 1630 img/s
    ep 82 it 1500/5004 loss 1.059 1768 img/s
    ep 82 it 2000/5004 loss 1.375 1883 img/s
    ep 82 it 2500/5004 loss 1.257 1963 img/s
    ep 82 it 3000/5004 loss 1.191 2006 img/s
    ep 82 it 3500/5004 loss 1.322 2050 img/s
    ep 82 it 4000/5004 loss 1.198 2085 img/s
    ep 82 it 4500/5004 loss 1.571 2112 img/s
    ep 82 it 5000/5004 loss 1.320 2131 img/s
  epoch  82/90  lr 0.0010  loss 1.344  top1 68.77  top5 88.70  (601s, 2131 img/s)
    ep 83 it 0/5004 loss 1.282 263 img/s
    ep 83 it 500/5004 loss 1.269 2198 img/s
    ep 83 it 1000/5004 loss 1.206 2234 img/s
    ep 83 it 1500/5004 loss 1.278 2262 img/s
    ep 83 it 2000/5004 loss 1.295 2269 img/s
    ep 83 it 2500/5004 loss 1.284 2270 img/s
    ep 83 it 3000/5004 loss 1.416 2276 img/s
    ep 83 it 3500/5004 loss 1.460 2275 img/s
    ep 83 it 4000/5004 loss 1.389 2277 img/s
    ep 83 it 4500/5004 loss 1.110 2280 img/s
    ep 83 it 5000/5004 loss 1.473 2272 img/s
  epoch  83/90  lr 0.0010  loss 1.343  top1 68.62  top5 88.76  (564s, 2272 img/s)
    ep 84 it 0/5004 loss 1.473 235 img/s
    ep 84 it 500/5004 loss 1.376 2165 img/s
    ep 84 it 1000/5004 loss 1.255 2227 img/s
    ep 84 it 1500/5004 loss 1.215 2244 img/s
    ep 84 it 2000/5004 loss 1.116 2257 img/s
    ep 84 it 2500/5004 loss 1.141 2268 img/s
    ep 84 it 3000/5004 loss 1.146 2273 img/s
    ep 84 it 3500/5004 loss 1.601 2285 img/s
    ep 84 it 4000/5004 loss 1.472 2290 img/s
    ep 84 it 4500/5004 loss 1.338 2289 img/s
    ep 84 it 5000/5004 loss 1.349 2293 img/s
  epoch  84/90  lr 0.0010  loss 1.340  top1 68.66  top5 88.62  (559s, 2293 img/s)
    ep 85 it 0/5004 loss 1.220 152 img/s
    ep 85 it 500/5004 loss 1.340 1339 img/s
    ep 85 it 1000/5004 loss 1.284 1526 img/s
    ep 85 it 1500/5004 loss 1.348 1682 img/s
    ep 85 it 2000/5004 loss 1.314 1798 img/s
    ep 85 it 2500/5004 loss 1.381 1883 img/s
    ep 85 it 3000/5004 loss 1.420 1943 img/s
    ep 85 it 3500/5004 loss 1.383 1989 img/s
    ep 85 it 4000/5004 loss 1.385 2025 img/s
    ep 85 it 4500/5004 loss 1.265 2051 img/s
    ep 85 it 5000/5004 loss 1.362 2070 img/s
  epoch  85/90  lr 0.0010  loss 1.337  top1 68.66  top5 88.65  (619s, 2070 img/s)
    ep 86 it 0/5004 loss 1.371 295 img/s
    ep 86 it 500/5004 loss 1.334 2193 img/s
    ep 86 it 1000/5004 loss 1.107 2224 img/s
    ep 86 it 1500/5004 loss 1.405 2244 img/s
    ep 86 it 2000/5004 loss 1.201 2241 img/s
    ep 86 it 2500/5004 loss 1.283 2261 img/s
    ep 86 it 3000/5004 loss 1.362 2262 img/s
    ep 86 it 3500/5004 loss 1.344 2270 img/s
    ep 86 it 4000/5004 loss 1.391 2273 img/s
    ep 86 it 4500/5004 loss 1.311 2269 img/s
    ep 86 it 5000/5004 loss 1.535 2275 img/s
  epoch  86/90  lr 0.0010  loss 1.336  top1 68.66  top5 88.64  (563s, 2276 img/s)
    ep 87 it 0/5004 loss 1.125 164 img/s
    ep 87 it 500/5004 loss 1.244 1349 img/s
    ep 87 it 1000/5004 loss 1.531 1539 img/s
    ep 87 it 1500/5004 loss 1.400 1695 img/s
    ep 87 it 2000/5004 loss 1.245 1808 img/s
    ep 87 it 2500/5004 loss 1.088 1893 img/s
    ep 87 it 3000/5004 loss 1.391 1955 img/s
    ep 87 it 3500/5004 loss 1.412 2000 img/s
    ep 87 it 4000/5004 loss 1.365 2033 img/s
    ep 87 it 4500/5004 loss 1.422 2064 img/s
    ep 87 it 5000/5004 loss 1.303 2086 img/s
  epoch  87/90  lr 0.0010  loss 1.336  top1 68.72  top5 88.63  (614s, 2086 img/s)
    ep 88 it 0/5004 loss 1.317 208 img/s
    ep 88 it 500/5004 loss 1.372 2237 img/s
    ep 88 it 1000/5004 loss 1.251 2283 img/s
    ep 88 it 1500/5004 loss 1.434 2273 img/s
    ep 88 it 2000/5004 loss 1.309 2274 img/s
    ep 88 it 2500/5004 loss 1.255 2286 img/s
    ep 88 it 3000/5004 loss 1.211 2292 img/s
    ep 88 it 3500/5004 loss 1.218 2296 img/s
    ep 88 it 4000/5004 loss 1.315 2295 img/s
    ep 88 it 4500/5004 loss 1.331 2291 img/s
    ep 88 it 5000/5004 loss 1.446 2301 img/s
  epoch  88/90  lr 0.0010  loss 1.332  top1 68.51  top5 88.52  (557s, 2301 img/s)
    ep 89 it 0/5004 loss 1.445 178 img/s
    ep 89 it 500/5004 loss 1.199 1696 img/s
    ep 89 it 1000/5004 loss 1.291 1844 img/s
    ep 89 it 1500/5004 loss 1.441 1962 img/s
    ep 89 it 2000/5004 loss 1.227 2043 img/s
    ep 89 it 2500/5004 loss 1.375 2093 img/s
    ep 89 it 3000/5004 loss 1.376 2120 img/s
    ep 89 it 3500/5004 loss 1.623 2138 img/s
    ep 89 it 4000/5004 loss 1.154 2157 img/s
    ep 89 it 4500/5004 loss 1.284 2170 img/s
    ep 89 it 5000/5004 loss 1.353 2186 img/s
  epoch  89/90  lr 0.0010  loss 1.329  top1 68.59  top5 88.64  (586s, 2186 img/s)
    ep 90 it 0/5004 loss 1.168 331 img/s
    ep 90 it 500/5004 loss 1.407 2209 img/s
    ep 90 it 1000/5004 loss 1.464 2240 img/s
    ep 90 it 1500/5004 loss 1.231 2272 img/s
    ep 90 it 2000/5004 loss 1.329 2283 img/s
    ep 90 it 2500/5004 loss 1.183 2287 img/s
    ep 90 it 3000/5004 loss 1.262 2284 img/s
    ep 90 it 3500/5004 loss 1.341 2279 img/s
    ep 90 it 4000/5004 loss 1.194 2276 img/s
    ep 90 it 4500/5004 loss 1.509 2279 img/s
    ep 90 it 5000/5004 loss 1.232 2284 img/s
  epoch  90/90  lr 0.0010  loss 1.328  top1 68.54  top5 88.64  (561s, 2284 img/s)
done {"final_top1": 68.54, "final_top5": 88.64, "params": 11689512, "train_hours": 14.999023096031612}
