widths [64, 64, 64, 64, 127, 127, 127, 254, 254, 254, 508, 508, 508]  params 11,514,717  MACs@224 1.795 G  classes 1000  train batches/epoch 5004  device cuda
    ep 1 it 0/5004 loss 6.992 20 img/s
    ep 1 it 500/5004 loss 6.047 1239 img/s
    ep 1 it 1000/5004 loss 5.713 1415 img/s
    ep 1 it 1500/5004 loss 5.249 1564 img/s
    ep 1 it 2000/5004 loss 5.041 1689 img/s
    ep 1 it 2500/5004 loss 4.817 1779 img/s
    ep 1 it 3000/5004 loss 4.637 1845 img/s
    ep 1 it 3500/5004 loss 4.601 1895 img/s
    ep 1 it 4000/5004 loss 4.255 1934 img/s
    ep 1 it 4500/5004 loss 4.211 1966 img/s
    ep 1 it 5000/5004 loss 3.963 1994 img/s
  epoch   1/90  lr 0.1000  loss 4.935  top1 19.82  top5 42.56  (642s, 1994 img/s)
    ep 2 it 0/5004 loss 3.764 369 img/s
    ep 2 it 500/5004 loss 3.954 2117 img/s
    ep 2 it 1000/5004 loss 3.658 2152 img/s
    ep 2 it 1500/5004 loss 3.399 2191 img/s
    ep 2 it 2000/5004 loss 3.560 2209 img/s
    ep 2 it 2500/5004 loss 3.657 2221 img/s
    ep 2 it 3000/5004 loss 3.347 2227 img/s
    ep 2 it 3500/5004 loss 3.585 2233 img/s
    ep 2 it 4000/5004 loss 3.435 2236 img/s
    ep 2 it 4500/5004 loss 3.080 2239 img/s
    ep 2 it 5000/5004 loss 3.211 2243 img/s
  epoch   2/90  lr 0.1000  loss 3.538  top1 31.96  top5 58.18  (571s, 2244 img/s)
    ep 3 it 0/5004 loss 3.397 302 img/s
    ep 3 it 500/5004 loss 3.357 2137 img/s
    ep 3 it 1000/5004 loss 3.387 2165 img/s
    ep 3 it 1500/5004 loss 3.287 2197 img/s
    ep 3 it 2000/5004 loss 3.212 2214 img/s
    ep 3 it 2500/5004 loss 3.047 2224 img/s
    ep 3 it 3000/5004 loss 3.193 2230 img/s
    ep 3 it 3500/5004 loss 3.246 2236 img/s
    ep 3 it 4000/5004 loss 2.912 2239 img/s
    ep 3 it 4500/5004 loss 3.103 2242 img/s
    ep 3 it 5000/5004 loss 3.036 2247 img/s
  epoch   3/90  lr 0.1000  loss 3.117  top1 38.86  top5 65.99  (570s, 2247 img/s)
    ep 4 it 0/5004 loss 3.086 165 img/s
    ep 4 it 500/5004 loss 2.872 1348 img/s
    ep 4 it 1000/5004 loss 3.056 1509 img/s
    ep 4 it 1500/5004 loss 3.182 1656 img/s
    ep 4 it 2000/5004 loss 2.881 1766 img/s
    ep 4 it 2500/5004 loss 3.069 1844 img/s
    ep 4 it 3000/5004 loss 3.080 1902 img/s
    ep 4 it 3500/5004 loss 2.826 1947 img/s
    ep 4 it 4000/5004 loss 2.536 1982 img/s
    ep 4 it 4500/5004 loss 2.705 2011 img/s
    ep 4 it 5000/5004 loss 2.980 2036 img/s
  epoch   4/90  lr 0.1000  loss 2.928  top1 39.40  top5 65.81  (629s, 2037 img/s)
    ep 5 it 0/5004 loss 2.623 235 img/s
    ep 5 it 500/5004 loss 2.807 2096 img/s
    ep 5 it 1000/5004 loss 2.779 2176 img/s
    ep 5 it 1500/5004 loss 2.873 2205 img/s
    ep 5 it 2000/5004 loss 2.757 2221 img/s
    ep 5 it 2500/5004 loss 2.757 2230 img/s
    ep 5 it 3000/5004 loss 2.790 2237 img/s
    ep 5 it 3500/5004 loss 3.046 2242 img/s
    ep 5 it 4000/5004 loss 2.626 2244 img/s
    ep 5 it 4500/5004 loss 2.667 2247 img/s
    ep 5 it 5000/5004 loss 2.868 2252 img/s
  epoch   5/90  lr 0.1000  loss 2.814  top1 39.77  top5 66.31  (569s, 2253 img/s)
    ep 6 it 0/5004 loss 3.087 171 img/s
    ep 6 it 500/5004 loss 2.640 1637 img/s
    ep 6 it 1000/5004 loss 2.790 1787 img/s
    ep 6 it 1500/5004 loss 3.052 1900 img/s
    ep 6 it 2000/5004 loss 2.711 1978 img/s
    ep 6 it 2500/5004 loss 2.735 2030 img/s
    ep 6 it 3000/5004 loss 2.702 2066 img/s
    ep 6 it 3500/5004 loss 2.790 2093 img/s
    ep 6 it 4000/5004 loss 2.685 2114 img/s
    ep 6 it 4500/5004 loss 2.718 2130 img/s
    ep 6 it 5000/5004 loss 2.861 2145 img/s
  epoch   6/90  lr 0.1000  loss 2.744  top1 42.33  top5 68.77  (597s, 2146 img/s)
    ep 7 it 0/5004 loss 2.894 321 img/s
    ep 7 it 500/5004 loss 2.739 2139 img/s
    ep 7 it 1000/5004 loss 2.420 2201 img/s
    ep 7 it 1500/5004 loss 2.705 2223 img/s
    ep 7 it 2000/5004 loss 2.621 2235 img/s
    ep 7 it 2500/5004 loss 2.666 2242 img/s
    ep 7 it 3000/5004 loss 2.675 2248 img/s
    ep 7 it 3500/5004 loss 2.710 2251 img/s
    ep 7 it 4000/5004 loss 2.493 2254 img/s
    ep 7 it 4500/5004 loss 2.645 2254 img/s
    ep 7 it 5000/5004 loss 2.857 2256 img/s
  epoch   7/90  lr 0.1000  loss 2.697  top1 43.70  top5 70.53  (568s, 2256 img/s)
    ep 8 it 0/5004 loss 2.529 183 img/s
    ep 8 it 500/5004 loss 2.854 1645 img/s
    ep 8 it 1000/5004 loss 2.875 1789 img/s
    ep 8 it 1500/5004 loss 2.809 1906 img/s
    ep 8 it 2000/5004 loss 2.715 1985 img/s
    ep 8 it 2500/5004 loss 2.757 2036 img/s
    ep 8 it 3000/5004 loss 2.665 2072 img/s
    ep 8 it 3500/5004 loss 2.773 2098 img/s
    ep 8 it 4000/5004 loss 2.743 2118 img/s
    ep 8 it 4500/5004 loss 2.734 2134 img/s
    ep 8 it 5000/5004 loss 2.748 2149 img/s
  epoch   8/90  lr 0.1000  loss 2.657  top1 45.60  top5 72.06  (596s, 2149 img/s)
    ep 9 it 0/5004 loss 2.663 288 img/s
    ep 9 it 500/5004 loss 2.568 2179 img/s
    ep 9 it 1000/5004 loss 2.608 2217 img/s
    ep 9 it 1500/5004 loss 2.756 2235 img/s
    ep 9 it 2000/5004 loss 2.564 2244 img/s
    ep 9 it 2500/5004 loss 2.801 2249 img/s
    ep 9 it 3000/5004 loss 2.871 2253 img/s
    ep 9 it 3500/5004 loss 2.716 2256 img/s
    ep 9 it 4000/5004 loss 2.541 2258 img/s
    ep 9 it 4500/5004 loss 2.792 2259 img/s
    ep 9 it 5000/5004 loss 2.566 2260 img/s
  epoch   9/90  lr 0.1000  loss 2.632  top1 45.26  top5 71.70  (567s, 2260 img/s)
    ep 10 it 0/5004 loss 2.661 213 img/s
    ep 10 it 500/5004 loss 2.742 1547 img/s
    ep 10 it 1000/5004 loss 2.664 1719 img/s
    ep 10 it 1500/5004 loss 2.906 1846 img/s
    ep 10 it 2000/5004 loss 2.452 1936 img/s
    ep 10 it 2500/5004 loss 2.615 1994 img/s
    ep 10 it 3000/5004 loss 2.710 2035 img/s
    ep 10 it 3500/5004 loss 2.659 2065 img/s
    ep 10 it 4000/5004 loss 2.627 2088 img/s
    ep 10 it 4500/5004 loss 2.616 2107 img/s
    ep 10 it 5000/5004 loss 2.631 2122 img/s
  epoch  10/90  lr 0.1000  loss 2.611  top1 46.28  top5 72.88  (604s, 2122 img/s)
    ep 11 it 0/5004 loss 2.446 263 img/s
    ep 11 it 500/5004 loss 2.466 2158 img/s
    ep 11 it 1000/5004 loss 2.446 2209 img/s
    ep 11 it 1500/5004 loss 2.508 2229 img/s
    ep 11 it 2000/5004 loss 2.697 2239 img/s
    ep 11 it 2500/5004 loss 2.341 2246 img/s
    ep 11 it 3000/5004 loss 2.385 2250 img/s
    ep 11 it 3500/5004 loss 2.534 2253 img/s
    ep 11 it 4000/5004 loss 2.682 2255 img/s
    ep 11 it 4500/5004 loss 2.676 2257 img/s
    ep 11 it 5000/5004 loss 2.775 2259 img/s
  epoch  11/90  lr 0.1000  loss 2.594  top1 42.80  top5 69.46  (567s, 2260 img/s)
    ep 12 it 0/5004 loss 2.764 223 img/s
    ep 12 it 500/5004 loss 2.455 1766 img/s
    ep 12 it 1000/5004 loss 2.394 1886 img/s
    ep 12 it 1500/5004 loss 2.660 1982 img/s
    ep 12 it 2000/5004 loss 2.411 2047 img/s
    ep 12 it 2500/5004 loss 2.716 2088 img/s
    ep 12 it 3000/5004 loss 2.579 2114 img/s
    ep 12 it 3500/5004 loss 2.712 2134 img/s
    ep 12 it 4000/5004 loss 2.660 2150 img/s
    ep 12 it 4500/5004 loss 2.438 2162 img/s
    ep 12 it 5000/5004 loss 2.796 2175 img/s
  epoch  12/90  lr 0.1000  loss 2.575  top1 43.11  top5 69.45  (589s, 2175 img/s)
    ep 13 it 0/5004 loss 2.549 338 img/s
    ep 13 it 500/5004 loss 2.488 2173 img/s
    ep 13 it 1000/5004 loss 2.268 2222 img/s
    ep 13 it 1500/5004 loss 2.636 2239 img/s
    ep 13 it 2000/5004 loss 2.485 2247 img/s
    ep 13 it 2500/5004 loss 2.710 2252 img/s
    ep 13 it 3000/5004 loss 2.600 2255 img/s
    ep 13 it 3500/5004 loss 2.336 2257 img/s
    ep 13 it 4000/5004 loss 2.286 2259 img/s
    ep 13 it 4500/5004 loss 2.597 2260 img/s
    ep 13 it 5000/5004 loss 2.546 2263 img/s
  epoch  13/90  lr 0.1000  loss 2.566  top1 46.49  top5 72.94  (566s, 2264 img/s)
    ep 14 it 0/5004 loss 2.665 174 img/s
    ep 14 it 500/5004 loss 2.632 1527 img/s
    ep 14 it 1000/5004 loss 2.654 1680 img/s
    ep 14 it 1500/5004 loss 2.296 1805 img/s
    ep 14 it 2000/5004 loss 2.470 1898 img/s
    ep 14 it 2500/5004 loss 2.373 1962 img/s
    ep 14 it 3000/5004 loss 2.657 2008 img/s
    ep 14 it 3500/5004 loss 2.327 2041 img/s
    ep 14 it 4000/5004 loss 2.421 2068 img/s
    ep 14 it 4500/5004 loss 2.530 2089 img/s
    ep 14 it 5000/5004 loss 2.623 2108 img/s
  epoch  14/90  lr 0.1000  loss 2.556  top1 46.61  top5 72.62  (608s, 2108 img/s)
    ep 15 it 0/5004 loss 2.378 239 img/s
    ep 15 it 500/5004 loss 2.412 2184 img/s
    ep 15 it 1000/5004 loss 2.424 2224 img/s
    ep 15 it 1500/5004 loss 2.365 2237 img/s
    ep 15 it 2000/5004 loss 2.398 2244 img/s
    ep 15 it 2500/5004 loss 2.389 2248 img/s
    ep 15 it 3000/5004 loss 2.500 2251 img/s
    ep 15 it 3500/5004 loss 2.527 2254 img/s
    ep 15 it 4000/5004 loss 2.357 2256 img/s
    ep 15 it 4500/5004 loss 2.563 2258 img/s
    ep 15 it 5000/5004 loss 2.537 2259 img/s
  epoch  15/90  lr 0.1000  loss 2.542  top1 47.35  top5 73.85  (567s, 2259 img/s)
    ep 16 it 0/5004 loss 2.380 150 img/s
    ep 16 it 500/5004 loss 2.555 1384 img/s
    ep 16 it 1000/5004 loss 2.305 1550 img/s
    ep 16 it 1500/5004 loss 2.461 1685 img/s
    ep 16 it 2000/5004 loss 2.617 1786 img/s
    ep 16 it 2500/5004 loss 2.444 1857 img/s
    ep 16 it 3000/5004 loss 2.376 1915 img/s
    ep 16 it 3500/5004 loss 2.431 1959 img/s
    ep 16 it 4000/5004 loss 2.694 1994 img/s
    ep 16 it 4500/5004 loss 2.699 2021 img/s
    ep 16 it 5000/5004 loss 2.719 2047 img/s
  epoch  16/90  lr 0.1000  loss 2.535  top1 46.25  top5 72.62  (626s, 2047 img/s)
    ep 17 it 0/5004 loss 2.557 292 img/s
    ep 17 it 500/5004 loss 2.485 2149 img/s
    ep 17 it 1000/5004 loss 2.482 2204 img/s
    ep 17 it 1500/5004 loss 2.658 2225 img/s
    ep 17 it 2000/5004 loss 2.820 2236 img/s
    ep 17 it 2500/5004 loss 2.388 2243 img/s
    ep 17 it 3000/5004 loss 2.541 2248 img/s
    ep 17 it 3500/5004 loss 2.508 2251 img/s
    ep 17 it 4000/5004 loss 2.502 2254 img/s
    ep 17 it 4500/5004 loss 2.510 2256 img/s
    ep 17 it 5000/5004 loss 2.719 2260 img/s
  epoch  17/90  lr 0.1000  loss 2.528  top1 46.89  top5 72.88  (567s, 2260 img/s)
    ep 18 it 0/5004 loss 2.419 196 img/s
    ep 18 it 500/5004 loss 2.554 1859 img/s
    ep 18 it 1000/5004 loss 2.455 1967 img/s
    ep 18 it 1500/5004 loss 2.815 2041 img/s
    ep 18 it 2000/5004 loss 2.569 2089 img/s
    ep 18 it 2500/5004 loss 2.365 2112 img/s
    ep 18 it 3000/5004 loss 2.543 2136 img/s
    ep 18 it 3500/5004 loss 2.833 2154 img/s
    ep 18 it 4000/5004 loss 2.636 2167 img/s
    ep 18 it 4500/5004 loss 2.434 2177 img/s
    ep 18 it 5000/5004 loss 2.572 2193 img/s
  epoch  18/90  lr 0.1000  loss 2.522  top1 47.37  top5 73.88  (584s, 2193 img/s)
    ep 19 it 0/5004 loss 2.612 239 img/s
    ep 19 it 500/5004 loss 2.592 2114 img/s
    ep 19 it 1000/5004 loss 2.278 2186 img/s
    ep 19 it 1500/5004 loss 2.527 2211 img/s
    ep 19 it 2000/5004 loss 2.343 2225 img/s
    ep 19 it 2500/5004 loss 2.413 2233 img/s
    ep 19 it 3000/5004 loss 2.781 2238 img/s
    ep 19 it 3500/5004 loss 2.367 2242 img/s
    ep 19 it 4000/5004 loss 2.810 2246 img/s
    ep 19 it 4500/5004 loss 2.559 2249 img/s
    ep 19 it 5000/5004 loss 2.296 2254 img/s
  epoch  19/90  lr 0.1000  loss 2.514  top1 48.43  top5 74.72  (568s, 2254 img/s)
    ep 20 it 0/5004 loss 2.496 254 img/s
    ep 20 it 500/5004 loss 2.433 2088 img/s
    ep 20 it 1000/5004 loss 2.852 2154 img/s
    ep 20 it 1500/5004 loss 2.443 2163 img/s
    ep 20 it 2000/5004 loss 2.532 2166 img/s
    ep 20 it 2500/5004 loss 2.552 2173 img/s
    ep 20 it 3000/5004 loss 2.370 2188 img/s
    ep 20 it 3500/5004 loss 2.536 2198 img/s
    ep 20 it 4000/5004 loss 2.450 2206 img/s
    ep 20 it 4500/5004 loss 2.665 2213 img/s
    ep 20 it 5000/5004 loss 2.793 2227 img/s
  epoch  20/90  lr 0.1000  loss 2.509  top1 47.53  top5 74.14  (575s, 2227 img/s)
    ep 21 it 0/5004 loss 2.478 284 img/s
    ep 21 it 500/5004 loss 2.438 2057 img/s
    ep 21 it 1000/5004 loss 2.333 2130 img/s
    ep 21 it 1500/5004 loss 2.506 2173 img/s
    ep 21 it 2000/5004 loss 2.720 2180 img/s
    ep 21 it 2500/5004 loss 2.199 2198 img/s
    ep 21 it 3000/5004 loss 2.404 2210 img/s
    ep 21 it 3500/5004 loss 2.382 2218 img/s
    ep 21 it 4000/5004 loss 2.694 2225 img/s
    ep 21 it 4500/5004 loss 2.406 2230 img/s
    ep 21 it 5000/5004 loss 2.218 2241 img/s
  epoch  21/90  lr 0.1000  loss 2.502  top1 45.69  top5 72.31  (572s, 2241 img/s)
    ep 22 it 0/5004 loss 2.358 146 img/s
    ep 22 it 500/5004 loss 2.271 1466 img/s
    ep 22 it 1000/5004 loss 2.512 1638 img/s
    ep 22 it 1500/5004 loss 2.599 1775 img/s
    ep 22 it 2000/5004 loss 2.399 1876 img/s
    ep 22 it 2500/5004 loss 2.646 1941 img/s
    ep 22 it 3000/5004 loss 2.337 1988 img/s
    ep 22 it 3500/5004 loss 2.394 2023 img/s
    ep 22 it 4000/5004 loss 2.339 2051 img/s
    ep 22 it 4500/5004 loss 2.417 2072 img/s
    ep 22 it 5000/5004 loss 2.427 2094 img/s
  epoch  22/90  lr 0.1000  loss 2.501  top1 48.03  top5 74.32  (612s, 2094 img/s)
    ep 23 it 0/5004 loss 2.467 262 img/s
    ep 23 it 500/5004 loss 2.467 2127 img/s
    ep 23 it 1000/5004 loss 2.462 2196 img/s
    ep 23 it 1500/5004 loss 2.434 2220 img/s
    ep 23 it 2000/5004 loss 2.527 2233 img/s
    ep 23 it 2500/5004 loss 2.571 2240 img/s
    ep 23 it 3000/5004 loss 2.711 2245 img/s
    ep 23 it 3500/5004 loss 2.665 2249 img/s
    ep 23 it 4000/5004 loss 2.315 2252 img/s
    ep 23 it 4500/5004 loss 2.438 2254 img/s
    ep 23 it 5000/5004 loss 2.804 2259 img/s
  epoch  23/90  lr 0.1000  loss 2.493  top1 46.97  top5 73.32  (567s, 2259 img/s)
    ep 24 it 0/5004 loss 2.447 210 img/s
    ep 24 it 500/5004 loss 2.303 1779 img/s
    ep 24 it 1000/5004 loss 2.500 1902 img/s
    ep 24 it 1500/5004 loss 2.600 1987 img/s
    ep 24 it 2000/5004 loss 2.679 2046 img/s
    ep 24 it 2500/5004 loss 2.524 2082 img/s
    ep 24 it 3000/5004 loss 2.418 2111 img/s
    ep 24 it 3500/5004 loss 2.442 2131 img/s
    ep 24 it 4000/5004 loss 2.211 2147 img/s
    ep 24 it 4500/5004 loss 2.364 2160 img/s
    ep 24 it 5000/5004 loss 2.297 2173 img/s
  epoch  24/90  lr 0.1000  loss 2.491  top1 46.72  top5 72.89  (589s, 2173 img/s)
    ep 25 it 0/5004 loss 2.572 355 img/s
    ep 25 it 500/5004 loss 2.793 2096 img/s
    ep 25 it 1000/5004 loss 2.623 2169 img/s
    ep 25 it 1500/5004 loss 2.318 2202 img/s
    ep 25 it 2000/5004 loss 2.566 2219 img/s
    ep 25 it 2500/5004 loss 2.526 2229 img/s
    ep 25 it 3000/5004 loss 2.713 2236 img/s
    ep 25 it 3500/5004 loss 2.451 2241 img/s
    ep 25 it 4000/5004 loss 2.609 2244 img/s
    ep 25 it 4500/5004 loss 2.634 2246 img/s
    ep 25 it 5000/5004 loss 2.439 2250 img/s
  epoch  25/90  lr 0.1000  loss 2.485  top1 46.53  top5 73.26  (569s, 2250 img/s)
    ep 26 it 0/5004 loss 2.370 306 img/s
    ep 26 it 500/5004 loss 2.629 1982 img/s
    ep 26 it 1000/5004 loss 2.552 2062 img/s
    ep 26 it 1500/5004 loss 2.620 2125 img/s
    ep 26 it 2000/5004 loss 2.403 2160 img/s
    ep 26 it 2500/5004 loss 2.377 2181 img/s
    ep 26 it 3000/5004 loss 2.480 2195 img/s
    ep 26 it 3500/5004 loss 2.815 2206 img/s
    ep 26 it 4000/5004 loss 2.630 2214 img/s
    ep 26 it 4500/5004 loss 2.475 2220 img/s
    ep 26 it 5000/5004 loss 2.659 2228 img/s
  epoch  26/90  lr 0.1000  loss 2.483  top1 48.90  top5 74.92  (575s, 2228 img/s)
    ep 27 it 0/5004 loss 2.279 276 img/s
    ep 27 it 500/5004 loss 2.431 2133 img/s
    ep 27 it 1000/5004 loss 2.438 2198 img/s
    ep 27 it 1500/5004 loss 2.551 2222 img/s
    ep 27 it 2000/5004 loss 2.350 2234 img/s
    ep 27 it 2500/5004 loss 2.668 2241 img/s
    ep 27 it 3000/5004 loss 2.578 2246 img/s
    ep 27 it 3500/5004 loss 2.406 2249 img/s
    ep 27 it 4000/5004 loss 2.308 2251 img/s
    ep 27 it 4500/5004 loss 2.287 2253 img/s
    ep 27 it 5000/5004 loss 2.426 2254 img/s
  epoch  27/90  lr 0.1000  loss 2.481  top1 46.52  top5 73.42  (568s, 2254 img/s)
    ep 28 it 0/5004 loss 2.199 189 img/s
    ep 28 it 500/5004 loss 2.456 1397 img/s
    ep 28 it 1000/5004 loss 2.421 1592 img/s
    ep 28 it 1500/5004 loss 2.311 1723 img/s
    ep 28 it 2000/5004 loss 2.568 1821 img/s
    ep 28 it 2500/5004 loss 2.604 1896 img/s
    ep 28 it 3000/5004 loss 2.301 1950 img/s
    ep 28 it 3500/5004 loss 2.564 1990 img/s
    ep 28 it 4000/5004 loss 2.484 2021 img/s
    ep 28 it 4500/5004 loss 2.601 2047 img/s
    ep 28 it 5000/5004 loss 2.249 2068 img/s
  epoch  28/90  lr 0.1000  loss 2.478  top1 44.73  top5 71.22  (619s, 2069 img/s)
    ep 29 it 0/5004 loss 2.640 200 img/s
    ep 29 it 500/5004 loss 2.433 2142 img/s
    ep 29 it 1000/5004 loss 2.224 2181 img/s
    ep 29 it 1500/5004 loss 2.560 2209 img/s
    ep 29 it 2000/5004 loss 2.226 2208 img/s
    ep 29 it 2500/5004 loss 2.632 2211 img/s
    ep 29 it 3000/5004 loss 2.456 2218 img/s
    ep 29 it 3500/5004 loss 2.466 2225 img/s
    ep 29 it 4000/5004 loss 2.423 2230 img/s
    ep 29 it 4500/5004 loss 2.541 2234 img/s
    ep 29 it 5000/5004 loss 2.294 2241 img/s
  epoch  29/90  lr 0.1000  loss 2.473  top1 47.36  top5 73.38  (572s, 2241 img/s)
    ep 30 it 0/5004 loss 2.435 321 img/s
    ep 30 it 500/5004 loss 2.265 2104 img/s
    ep 30 it 1000/5004 loss 2.468 2139 img/s
    ep 30 it 1500/5004 loss 2.393 2156 img/s
    ep 30 it 2000/5004 loss 2.510 2179 img/s
    ep 30 it 2500/5004 loss 2.381 2190 img/s
    ep 30 it 3000/5004 loss 2.378 2203 img/s
    ep 30 it 3500/5004 loss 2.339 2212 img/s
    ep 30 it 4000/5004 loss 2.237 2219 img/s
    ep 30 it 4500/5004 loss 2.422 2225 img/s
    ep 30 it 5000/5004 loss 2.560 2236 img/s
  epoch  30/90  lr 0.1000  loss 2.470  top1 49.41  top5 75.28  (573s, 2236 img/s)
    ep 31 it 0/5004 loss 2.483 236 img/s
    ep 31 it 500/5004 loss 1.791 1810 img/s
    ep 31 it 1000/5004 loss 1.952 1967 img/s
    ep 31 it 1500/5004 loss 2.042 2050 img/s
    ep 31 it 2000/5004 loss 1.815 2086 img/s
    ep 31 it 2500/5004 loss 2.078 2119 img/s
    ep 31 it 3000/5004 loss 1.756 2143 img/s
    ep 31 it 3500/5004 loss 2.042 2160 img/s
    ep 31 it 4000/5004 loss 1.969 2172 img/s
    ep 31 it 4500/5004 loss 1.979 2182 img/s
    ep 31 it 5000/5004 loss 1.834 2193 img/s
  epoch  31/90  lr 0.0100  loss 1.950  top1 61.90  top5 84.41  (584s, 2193 img/s)
    ep 32 it 0/5004 loss 1.672 161 img/s
    ep 32 it 500/5004 loss 2.011 1382 img/s
    ep 32 it 1000/5004 loss 2.020 1562 img/s
    ep 32 it 1500/5004 loss 1.821 1705 img/s
    ep 32 it 2000/5004 loss 1.835 1812 img/s
    ep 32 it 2500/5004 loss 1.712 1885 img/s
    ep 32 it 3000/5004 loss 1.866 1931 img/s
    ep 32 it 3500/5004 loss 1.700 1965 img/s
    ep 32 it 4000/5004 loss 1.842 1998 img/s
    ep 32 it 4500/5004 loss 1.916 2025 img/s
    ep 32 it 5000/5004 loss 1.833 2052 img/s
  epoch  32/90  lr 0.0100  loss 1.834  top1 62.91  top5 85.13  (624s, 2052 img/s)
    ep 33 it 0/5004 loss 1.723 321 img/s
    ep 33 it 500/5004 loss 1.695 2116 img/s
    ep 33 it 1000/5004 loss 1.775 2191 img/s
    ep 33 it 1500/5004 loss 1.695 2217 img/s
    ep 33 it 2000/5004 loss 1.664 2229 img/s
    ep 33 it 2500/5004 loss 1.804 2236 img/s
    ep 33 it 3000/5004 loss 1.744 2241 img/s
    ep 33 it 3500/5004 loss 1.708 2244 img/s
    ep 33 it 4000/5004 loss 1.825 2247 img/s
    ep 33 it 4500/5004 loss 1.788 2249 img/s
    ep 33 it 5000/5004 loss 1.985 2256 img/s
  epoch  33/90  lr 0.0100  loss 1.787  top1 63.66  top5 85.41  (568s, 2256 img/s)
    ep 34 it 0/5004 loss 1.752 217 img/s
    ep 34 it 500/5004 loss 1.750 1662 img/s
    ep 34 it 1000/5004 loss 1.897 1814 img/s
    ep 34 it 1500/5004 loss 1.841 1934 img/s
    ep 34 it 2000/5004 loss 1.684 1999 img/s
    ep 34 it 2500/5004 loss 1.629 2048 img/s
    ep 34 it 3000/5004 loss 1.822 2082 img/s
    ep 34 it 3500/5004 loss 1.781 2107 img/s
    ep 34 it 4000/5004 loss 1.959 2126 img/s
    ep 34 it 4500/5004 loss 1.899 2142 img/s
    ep 34 it 5000/5004 loss 2.056 2157 img/s
  epoch  34/90  lr 0.0100  loss 1.759  top1 63.71  top5 85.77  (594s, 2158 img/s)
    ep 35 it 0/5004 loss 1.738 321 img/s
    ep 35 it 500/5004 loss 1.611 2167 img/s
    ep 35 it 1000/5004 loss 1.649 2218 img/s
    ep 35 it 1500/5004 loss 1.830 2235 img/s
    ep 35 it 2000/5004 loss 1.812 2244 img/s
    ep 35 it 2500/5004 loss 1.913 2250 img/s
    ep 35 it 3000/5004 loss 1.582 2253 img/s
    ep 35 it 3500/5004 loss 1.557 2256 img/s
    ep 35 it 4000/5004 loss 1.724 2258 img/s
    ep 35 it 4500/5004 loss 1.798 2260 img/s
    ep 35 it 5000/5004 loss 1.531 2263 img/s
  epoch  35/90  lr 0.0100  loss 1.740  top1 64.02  top5 85.91  (566s, 2263 img/s)
    ep 36 it 0/5004 loss 1.791 180 img/s
    ep 36 it 500/5004 loss 1.879 1668 img/s
    ep 36 it 1000/5004 loss 1.683 1829 img/s
    ep 36 it 1500/5004 loss 1.540 1928 img/s
    ep 36 it 2000/5004 loss 1.729 1991 img/s
    ep 36 it 2500/5004 loss 1.558 2037 img/s
    ep 36 it 3000/5004 loss 1.505 2073 img/s
    ep 36 it 3500/5004 loss 1.470 2099 img/s
    ep 36 it 4000/5004 loss 1.769 2119 img/s
    ep 36 it 4500/5004 loss 1.643 2134 img/s
    ep 36 it 5000/5004 loss 1.676 2152 img/s
  epoch  36/90  lr 0.0100  loss 1.729  top1 64.10  top5 85.73  (595s, 2152 img/s)
    ep 37 it 0/5004 loss 1.722 304 img/s
    ep 37 it 500/5004 loss 1.863 2165 img/s
    ep 37 it 1000/5004 loss 1.593 2175 img/s
    ep 37 it 1500/5004 loss 1.613 2200 img/s
    ep 37 it 2000/5004 loss 1.795 2218 img/s
    ep 37 it 2500/5004 loss 1.839 2228 img/s
    ep 37 it 3000/5004 loss 1.606 2235 img/s
    ep 37 it 3500/5004 loss 1.744 2240 img/s
    ep 37 it 4000/5004 loss 1.746 2244 img/s
    ep 37 it 4500/5004 loss 1.676 2247 img/s
    ep 37 it 5000/5004 loss 1.912 2252 img/s
  epoch  37/90  lr 0.0100  loss 1.719  top1 63.87  top5 85.82  (569s, 2252 img/s)
    ep 38 it 0/5004 loss 1.475 133 img/s
    ep 38 it 500/5004 loss 1.608 1309 img/s
    ep 38 it 1000/5004 loss 1.630 1513 img/s
    ep 38 it 1500/5004 loss 1.611 1670 img/s
    ep 38 it 2000/5004 loss 1.696 1784 img/s
    ep 38 it 2500/5004 loss 1.716 1862 img/s
    ep 38 it 3000/5004 loss 1.676 1916 img/s
    ep 38 it 3500/5004 loss 1.789 1959 img/s
    ep 38 it 4000/5004 loss 1.897 1993 img/s
    ep 38 it 4500/5004 loss 1.991 2020 img/s
    ep 38 it 5000/5004 loss 1.558 2043 img/s
  epoch  38/90  lr 0.0100  loss 1.713  top1 63.66  top5 85.41  (627s, 2044 img/s)
    ep 39 it 0/5004 loss 1.752 377 img/s
    ep 39 it 500/5004 loss 1.546 2089 img/s
    ep 39 it 1000/5004 loss 1.509 2158 img/s
    ep 39 it 1500/5004 loss 1.761 2195 img/s
    ep 39 it 2000/5004 loss 1.849 2213 img/s
    ep 39 it 2500/5004 loss 1.535 2225 img/s
    ep 39 it 3000/5004 loss 1.627 2232 img/s
    ep 39 it 3500/5004 loss 1.697 2238 img/s
    ep 39 it 4000/5004 loss 1.648 2242 img/s
    ep 39 it 4500/5004 loss 1.717 2245 img/s
    ep 39 it 5000/5004 loss 1.813 2248 img/s
  epoch  39/90  lr 0.0100  loss 1.710  top1 63.80  top5 85.58  (570s, 2248 img/s)
    ep 40 it 0/5004 loss 1.749 149 img/s
    ep 40 it 500/5004 loss 1.516 1286 img/s
    ep 40 it 1000/5004 loss 1.748 1484 img/s
    ep 40 it 1500/5004 loss 1.664 1639 img/s
    ep 40 it 2000/5004 loss 1.580 1749 img/s
    ep 40 it 2500/5004 loss 1.975 1832 img/s
    ep 40 it 3000/5004 loss 1.707 1892 img/s
    ep 40 it 3500/5004 loss 1.548 1938 img/s
    ep 40 it 4000/5004 loss 1.586 1974 img/s
    ep 40 it 4500/5004 loss 1.769 2003 img/s
    ep 40 it 5000/5004 loss 1.714 2029 img/s
  epoch  40/90  lr 0.0100  loss 1.709  top1 64.17  top5 86.00  (631s, 2030 img/s)
    ep 41 it 0/5004 loss 1.549 226 img/s
    ep 41 it 500/5004 loss 1.826 2132 img/s
    ep 41 it 1000/5004 loss 1.981 2164 img/s
    ep 41 it 1500/5004 loss 1.405 2176 img/s
    ep 41 it 2000/5004 loss 1.609 2191 img/s
    ep 41 it 2500/5004 loss 1.808 2207 img/s
    ep 41 it 3000/5004 loss 1.900 2218 img/s
    ep 41 it 3500/5004 loss 1.791 2224 img/s
    ep 41 it 4000/5004 loss 1.790 2229 img/s
    ep 41 it 4500/5004 loss 1.724 2233 img/s
    ep 41 it 5000/5004 loss 1.885 2243 img/s
  epoch  41/90  lr 0.0100  loss 1.707  top1 64.02  top5 85.72  (571s, 2244 img/s)
    ep 42 it 0/5004 loss 2.023 272 img/s
    ep 42 it 500/5004 loss 1.635 1936 img/s
    ep 42 it 1000/5004 loss 1.805 2029 img/s
    ep 42 it 1500/5004 loss 1.443 2082 img/s
    ep 42 it 2000/5004 loss 1.492 2114 img/s
    ep 42 it 2500/5004 loss 1.747 2142 img/s
    ep 42 it 3000/5004 loss 1.652 2161 img/s
    ep 42 it 3500/5004 loss 1.734 2187 img/s
    ep 42 it 4000/5004 loss 1.928 2194 img/s
    ep 42 it 4500/5004 loss 1.685 2200 img/s
    ep 42 it 5000/5004 loss 1.798 2206 img/s
  epoch  42/90  lr 0.0100  loss 1.710  top1 63.87  top5 85.76  (581s, 2206 img/s)
    ep 43 it 0/5004 loss 1.681 256 img/s
    ep 43 it 500/5004 loss 1.574 1935 img/s
    ep 43 it 1000/5004 loss 1.755 2039 img/s
    ep 43 it 1500/5004 loss 1.534 2083 img/s
    ep 43 it 2000/5004 loss 1.544 2105 img/s
    ep 43 it 2500/5004 loss 1.575 2116 img/s
    ep 43 it 3000/5004 loss 1.821 2140 img/s
    ep 43 it 3500/5004 loss 1.832 2158 img/s
    ep 43 it 4000/5004 loss 1.628 2171 img/s
    ep 43 it 4500/5004 loss 1.700 2182 img/s
    ep 43 it 5000/5004 loss 1.788 2198 img/s
  epoch  43/90  lr 0.0100  loss 1.710  top1 63.58  top5 85.66  (583s, 2198 img/s)
    ep 44 it 0/5004 loss 1.821 136 img/s
    ep 44 it 500/5004 loss 1.837 1163 img/s
    ep 44 it 1000/5004 loss 1.926 1343 img/s
    ep 44 it 1500/5004 loss 1.797 1498 img/s
    ep 44 it 2000/5004 loss 1.812 1631 img/s
    ep 44 it 2500/5004 loss 1.833 1728 img/s
    ep 44 it 3000/5004 loss 1.651 1800 img/s
    ep 44 it 3500/5004 loss 1.509 1855 img/s
    ep 44 it 4000/5004 loss 1.900 1898 img/s
    ep 44 it 4500/5004 loss 1.715 1934 img/s
    ep 44 it 5000/5004 loss 1.580 1964 img/s
  epoch  44/90  lr 0.0100  loss 1.707  top1 63.79  top5 85.78  (652s, 1964 img/s)
    ep 45 it 0/5004 loss 1.628 235 img/s
    ep 45 it 500/5004 loss 1.597 2189 img/s
    ep 45 it 1000/5004 loss 1.541 2226 img/s
    ep 45 it 1500/5004 loss 1.851 2239 img/s
    ep 45 it 2000/5004 loss 1.705 2245 img/s
    ep 45 it 2500/5004 loss 2.060 2249 img/s
    ep 45 it 3000/5004 loss 1.649 2252 img/s
    ep 45 it 3500/5004 loss 1.840 2254 img/s
    ep 45 it 4000/5004 loss 1.490 2255 img/s
    ep 45 it 4500/5004 loss 1.548 2256 img/s
    ep 45 it 5000/5004 loss 1.751 2257 img/s
  epoch  45/90  lr 0.0100  loss 1.708  top1 63.88  top5 85.52  (568s, 2257 img/s)
    ep 46 it 0/5004 loss 1.720 117 img/s
    ep 46 it 500/5004 loss 1.725 1122 img/s
    ep 46 it 1000/5004 loss 1.696 1312 img/s
    ep 46 it 1500/5004 loss 1.797 1475 img/s
    ep 46 it 2000/5004 loss 1.578 1606 img/s
    ep 46 it 2500/5004 loss 1.630 1705 img/s
    ep 46 it 3000/5004 loss 1.682 1779 img/s
    ep 46 it 3500/5004 loss 1.641 1835 img/s
    ep 46 it 4000/5004 loss 1.830 1880 img/s
    ep 46 it 4500/5004 loss 1.606 1917 img/s
    ep 46 it 5000/5004 loss 1.779 1947 img/s
  epoch  46/90  lr 0.0100  loss 1.710  top1 63.41  top5 85.34  (658s, 1947 img/s)
    ep 47 it 0/5004 loss 1.619 383 img/s
    ep 47 it 500/5004 loss 1.696 2124 img/s
    ep 47 it 1000/5004 loss 1.725 2155 img/s
    ep 47 it 1500/5004 loss 1.946 2177 img/s
    ep 47 it 2000/5004 loss 1.745 2168 img/s
    ep 47 it 2500/5004 loss 1.496 2175 img/s
    ep 47 it 3000/5004 loss 1.783 2190 img/s
    ep 47 it 3500/5004 loss 1.763 2200 img/s
    ep 47 it 4000/5004 loss 1.743 2208 img/s
    ep 47 it 4500/5004 loss 1.692 2214 img/s
    ep 47 it 5000/5004 loss 1.847 2224 img/s
  epoch  47/90  lr 0.0100  loss 1.709  top1 64.23  top5 85.75  (576s, 2224 img/s)
    ep 48 it 0/5004 loss 1.783 295 img/s
    ep 48 it 500/5004 loss 1.821 2140 img/s
    ep 48 it 1000/5004 loss 1.868 2180 img/s
    ep 48 it 1500/5004 loss 1.590 2177 img/s
    ep 48 it 2000/5004 loss 1.862 2195 img/s
    ep 48 it 2500/5004 loss 1.687 2195 img/s
    ep 48 it 3000/5004 loss 1.436 2206 img/s
    ep 48 it 3500/5004 loss 1.746 2214 img/s
    ep 48 it 4000/5004 loss 1.845 2220 img/s
    ep 48 it 4500/5004 loss 1.496 2225 img/s
    ep 48 it 5000/5004 loss 1.468 2235 img/s
  epoch  48/90  lr 0.0100  loss 1.710  top1 63.71  top5 85.67  (573s, 2235 img/s)
    ep 49 it 0/5004 loss 1.768 234 img/s
    ep 49 it 500/5004 loss 1.671 1965 img/s
    ep 49 it 1000/5004 loss 1.599 2049 img/s
    ep 49 it 1500/5004 loss 1.714 2104 img/s
    ep 49 it 2000/5004 loss 1.797 2142 img/s
    ep 49 it 2500/5004 loss 1.740 2166 img/s
    ep 49 it 3000/5004 loss 1.534 2183 img/s
    ep 49 it 3500/5004 loss 1.729 2195 img/s
    ep 49 it 4000/5004 loss 1.618 2204 img/s
    ep 49 it 4500/5004 loss 1.929 2211 img/s
    ep 49 it 5000/5004 loss 1.806 2222 img/s
  epoch  49/90  lr 0.0100  loss 1.709  top1 63.36  top5 85.33  (576s, 2222 img/s)
    ep 50 it 0/5004 loss 1.825 154 img/s
    ep 50 it 500/5004 loss 1.750 1268 img/s
    ep 50 it 1000/5004 loss 1.756 1450 img/s
    ep 50 it 1500/5004 loss 1.843 1596 img/s
    ep 50 it 2000/5004 loss 1.679 1714 img/s
    ep 50 it 2500/5004 loss 1.908 1796 img/s
    ep 50 it 3000/5004 loss 1.562 1855 img/s
    ep 50 it 3500/5004 loss 1.493 1905 img/s
    ep 50 it 4000/5004 loss 1.719 1943 img/s
    ep 50 it 4500/5004 loss 1.644 1975 img/s
    ep 50 it 5000/5004 loss 1.712 2006 img/s
  epoch  50/90  lr 0.0100  loss 1.708  top1 63.86  top5 85.69  (639s, 2006 img/s)
    ep 51 it 0/5004 loss 1.703 363 img/s
    ep 51 it 500/5004 loss 1.700 2139 img/s
    ep 51 it 1000/5004 loss 1.545 2203 img/s
    ep 51 it 1500/5004 loss 1.631 2226 img/s
    ep 51 it 2000/5004 loss 1.661 2223 img/s
    ep 51 it 2500/5004 loss 1.807 2219 img/s
    ep 51 it 3000/5004 loss 1.853 2227 img/s
    ep 51 it 3500/5004 loss 1.748 2233 img/s
    ep 51 it 4000/5004 loss 1.472 2238 img/s
    ep 51 it 4500/5004 loss 1.589 2241 img/s
    ep 51 it 5000/5004 loss 1.800 2249 img/s
  epoch  51/90  lr 0.0100  loss 1.708  top1 63.54  top5 85.23  (570s, 2249 img/s)
    ep 52 it 0/5004 loss 1.572 191 img/s
    ep 52 it 500/5004 loss 1.793 1407 img/s
    ep 52 it 1000/5004 loss 1.550 1574 img/s
    ep 52 it 1500/5004 loss 1.704 1703 img/s
    ep 52 it 2000/5004 loss 1.750 1807 img/s
    ep 52 it 2500/5004 loss 1.683 1879 img/s
    ep 52 it 3000/5004 loss 1.961 1931 img/s
    ep 52 it 3500/5004 loss 1.703 1973 img/s
    ep 52 it 4000/5004 loss 1.798 2005 img/s
    ep 52 it 4500/5004 loss 1.877 2032 img/s
    ep 52 it 5000/5004 loss 1.586 2056 img/s
  epoch  52/90  lr 0.0100  loss 1.703  top1 63.97  top5 85.92  (623s, 2056 img/s)
    ep 53 it 0/5004 loss 1.535 244 img/s
    ep 53 it 500/5004 loss 1.737 2102 img/s
    ep 53 it 1000/5004 loss 1.718 2159 img/s
    ep 53 it 1500/5004 loss 1.865 2185 img/s
    ep 53 it 2000/5004 loss 1.899 2206 img/s
    ep 53 it 2500/5004 loss 1.733 2219 img/s
    ep 53 it 3000/5004 loss 1.735 2228 img/s
    ep 53 it 3500/5004 loss 1.831 2234 img/s
    ep 53 it 4000/5004 loss 1.675 2238 img/s
    ep 53 it 4500/5004 loss 1.930 2242 img/s
    ep 53 it 5000/5004 loss 1.571 2246 img/s
  epoch  53/90  lr 0.0100  loss 1.704  top1 63.40  top5 85.51  (570s, 2246 img/s)
    ep 54 it 0/5004 loss 1.648 151 img/s
    ep 54 it 500/5004 loss 1.643 1168 img/s
    ep 54 it 1000/5004 loss 1.688 1344 img/s
    ep 54 it 1500/5004 loss 1.957 1510 img/s
    ep 54 it 2000/5004 loss 1.690 1647 img/s
    ep 54 it 2500/5004 loss 1.856 1741 img/s
    ep 54 it 3000/5004 loss 1.809 1811 img/s
    ep 54 it 3500/5004 loss 1.566 1864 img/s
    ep 54 it 4000/5004 loss 1.739 1906 img/s
    ep 54 it 4500/5004 loss 1.769 1941 img/s
    ep 54 it 5000/5004 loss 1.753 1968 img/s
  epoch  54/90  lr 0.0100  loss 1.700  top1 63.21  top5 85.33  (651s, 1969 img/s)
    ep 55 it 0/5004 loss 1.779 496 img/s
    ep 55 it 500/5004 loss 1.824 2200 img/s
    ep 55 it 1000/5004 loss 1.599 2225 img/s
    ep 55 it 1500/5004 loss 1.578 2240 img/s
    ep 55 it 2000/5004 loss 1.804 2248 img/s
    ep 55 it 2500/5004 loss 1.786 2252 img/s
    ep 55 it 3000/5004 loss 1.712 2255 img/s
    ep 55 it 3500/5004 loss 1.774 2258 img/s
    ep 55 it 4000/5004 loss 1.690 2259 img/s
    ep 55 it 4500/5004 loss 1.541 2260 img/s
    ep 55 it 5000/5004 loss 1.595 2260 img/s
  epoch  55/90  lr 0.0100  loss 1.701  top1 63.53  top5 85.55  (567s, 2260 img/s)
    ep 56 it 0/5004 loss 1.593 189 img/s
    ep 56 it 500/5004 loss 1.746 1403 img/s
    ep 56 it 1000/5004 loss 1.873 1588 img/s
    ep 56 it 1500/5004 loss 1.880 1738 img/s
    ep 56 it 2000/5004 loss 1.687 1844 img/s
    ep 56 it 2500/5004 loss 1.800 1916 img/s
    ep 56 it 3000/5004 loss 1.892 1968 img/s
    ep 56 it 3500/5004 loss 1.891 1999 img/s
    ep 56 it 4000/5004 loss 1.663 2029 img/s
    ep 56 it 4500/5004 loss 1.409 2054 img/s
    ep 56 it 5000/5004 loss 1.661 2073 img/s
  epoch  56/90  lr 0.0100  loss 1.696  top1 63.80  top5 85.72  (618s, 2073 img/s)
    ep 57 it 0/5004 loss 1.723 321 img/s
    ep 57 it 500/5004 loss 1.770 1962 img/s
    ep 57 it 1000/5004 loss 1.606 2089 img/s
    ep 57 it 1500/5004 loss 1.672 2135 img/s
    ep 57 it 2000/5004 loss 1.773 2168 img/s
    ep 57 it 2500/5004 loss 1.596 2188 img/s
    ep 57 it 3000/5004 loss 1.688 2201 img/s
    ep 57 it 3500/5004 loss 1.546 2211 img/s
    ep 57 it 4000/5004 loss 1.691 2218 img/s
    ep 57 it 4500/5004 loss 1.567 2224 img/s
    ep 57 it 5000/5004 loss 1.723 2228 img/s
  epoch  57/90  lr 0.0100  loss 1.693  top1 63.40  top5 85.47  (575s, 2228 img/s)
    ep 58 it 0/5004 loss 1.550 156 img/s
    ep 58 it 500/5004 loss 1.642 1233 img/s
    ep 58 it 1000/5004 loss 1.528 1432 img/s
    ep 58 it 1500/5004 loss 1.775 1593 img/s
    ep 58 it 2000/5004 loss 1.846 1718 img/s
    ep 58 it 2500/5004 loss 1.727 1805 img/s
    ep 58 it 3000/5004 loss 1.723 1868 img/s
    ep 58 it 3500/5004 loss 1.705 1916 img/s
    ep 58 it 4000/5004 loss 1.559 1954 img/s
    ep 58 it 4500/5004 loss 1.621 1984 img/s
    ep 58 it 5000/5004 loss 1.774 2009 img/s
  epoch  58/90  lr 0.0100  loss 1.693  top1 63.83  top5 85.84  (638s, 2009 img/s)
    ep 59 it 0/5004 loss 1.676 395 img/s
    ep 59 it 500/5004 loss 1.498 2136 img/s
    ep 59 it 1000/5004 loss 1.504 2191 img/s
    ep 59 it 1500/5004 loss 1.759 2215 img/s
    ep 59 it 2000/5004 loss 1.806 2228 img/s
    ep 59 it 2500/5004 loss 1.585 2235 img/s
    ep 59 it 3000/5004 loss 1.529 2240 img/s
    ep 59 it 3500/5004 loss 1.625 2244 img/s
    ep 59 it 4000/5004 loss 1.961 2247 img/s
    ep 59 it 4500/5004 loss 1.593 2249 img/s
    ep 59 it 5000/5004 loss 1.775 2251 img/s
  epoch  59/90  lr 0.0100  loss 1.691  top1 63.35  top5 85.43  (569s, 2251 img/s)
    ep 60 it 0/5004 loss 1.694 264 img/s
    ep 60 it 500/5004 loss 1.770 2154 img/s
    ep 60 it 1000/5004 loss 1.706 2204 img/s
    ep 60 it 1500/5004 loss 1.669 2221 img/s
    ep 60 it 2000/5004 loss 1.731 2232 img/s
    ep 60 it 2500/5004 loss 1.572 2239 img/s
    ep 60 it 3000/5004 loss 1.788 2243 img/s
    ep 60 it 3500/5004 loss 1.761 2247 img/s
    ep 60 it 4000/5004 loss 1.656 2250 img/s
    ep 60 it 4500/5004 loss 1.751 2253 img/s
    ep 60 it 5000/5004 loss 1.946 2254 img/s
  epoch  60/90  lr 0.0100  loss 1.691  top1 63.80  top5 85.76  (568s, 2254 img/s)
    ep 61 it 0/5004 loss 1.717 290 img/s
    ep 61 it 500/5004 loss 1.697 2091 img/s
    ep 61 it 1000/5004 loss 1.338 2156 img/s
    ep 61 it 1500/5004 loss 1.588 2169 img/s
    ep 61 it 2000/5004 loss 1.672 2193 img/s
    ep 61 it 2500/5004 loss 1.504 2208 img/s
    ep 61 it 3000/5004 loss 1.391 2218 img/s
    ep 61 it 3500/5004 loss 1.668 2225 img/s
    ep 61 it 4000/5004 loss 1.501 2230 img/s
    ep 61 it 4500/5004 loss 1.338 2234 img/s
    ep 61 it 5000/5004 loss 1.514 2239 img/s
  epoch  61/90  lr 0.0010  loss 1.500  top1 67.75  top5 88.19  (572s, 2239 img/s)
    ep 62 it 0/5004 loss 1.612 148 img/s
    ep 62 it 500/5004 loss 1.381 1241 img/s
    ep 62 it 1000/5004 loss 1.522 1429 img/s
    ep 62 it 1500/5004 loss 1.428 1583 img/s
    ep 62 it 2000/5004 loss 1.412 1706 img/s
    ep 62 it 2500/5004 loss 1.468 1794 img/s
    ep 62 it 3000/5004 loss 1.189 1859 img/s
    ep 62 it 3500/5004 loss 1.274 1909 img/s
    ep 62 it 4000/5004 loss 1.421 1948 img/s
    ep 62 it 4500/5004 loss 1.528 1979 img/s
    ep 62 it 5000/5004 loss 1.418 2004 img/s
  epoch  62/90  lr 0.0010  loss 1.455  top1 68.05  top5 88.30  (639s, 2004 img/s)
    ep 63 it 0/5004 loss 1.520 319 img/s
    ep 63 it 500/5004 loss 1.398 2124 img/s
    ep 63 it 1000/5004 loss 1.346 2195 img/s
    ep 63 it 1500/5004 loss 1.412 2220 img/s
    ep 63 it 2000/5004 loss 1.425 2232 img/s
    ep 63 it 2500/5004 loss 1.412 2240 img/s
    ep 63 it 3000/5004 loss 1.331 2246 img/s
    ep 63 it 3500/5004 loss 1.493 2249 img/s
    ep 63 it 4000/5004 loss 1.494 2252 img/s
    ep 63 it 4500/5004 loss 1.598 2254 img/s
    ep 63 it 5000/5004 loss 1.353 2256 img/s
  epoch  63/90  lr 0.0010  loss 1.433  top1 68.22  top5 88.47  (568s, 2256 img/s)
    ep 64 it 0/5004 loss 1.407 145 img/s
    ep 64 it 500/5004 loss 1.353 1412 img/s
    ep 64 it 1000/5004 loss 1.310 1599 img/s
    ep 64 it 1500/5004 loss 1.315 1750 img/s
    ep 64 it 2000/5004 loss 1.623 1856 img/s
    ep 64 it 2500/5004 loss 1.407 1925 img/s
    ep 64 it 3000/5004 loss 1.494 1975 img/s
    ep 64 it 3500/5004 loss 1.487 2011 img/s
    ep 64 it 4000/5004 loss 1.416 2040 img/s
    ep 64 it 4500/5004 loss 1.381 2063 img/s
    ep 64 it 5000/5004 loss 1.593 2081 img/s
  epoch  64/90  lr 0.0010  loss 1.423  top1 68.48  top5 88.44  (616s, 2081 img/s)
    ep 65 it 0/5004 loss 1.451 445 img/s
    ep 65 it 500/5004 loss 1.433 2164 img/s
    ep 65 it 1000/5004 loss 1.227 2180 img/s
    ep 65 it 1500/5004 loss 1.348 2210 img/s
    ep 65 it 2000/5004 loss 1.432 2225 img/s
    ep 65 it 2500/5004 loss 1.429 2233 img/s
    ep 65 it 3000/5004 loss 1.531 2240 img/s
    ep 65 it 3500/5004 loss 1.347 2244 img/s
    ep 65 it 4000/5004 loss 1.332 2248 img/s
    ep 65 it 4500/5004 loss 1.532 2250 img/s
    ep 65 it 5000/5004 loss 1.448 2253 img/s
  epoch  65/90  lr 0.0010  loss 1.415  top1 68.54  top5 88.49  (569s, 2253 img/s)
    ep 66 it 0/5004 loss 1.592 234 img/s
    ep 66 it 500/5004 loss 1.366 2062 img/s
    ep 66 it 1000/5004 loss 1.425 2141 img/s
    ep 66 it 1500/5004 loss 1.305 2181 img/s
    ep 66 it 2000/5004 loss 1.394 2197 img/s
    ep 66 it 2500/5004 loss 1.166 2201 img/s
    ep 66 it 3000/5004 loss 1.320 2211 img/s
    ep 66 it 3500/5004 loss 1.439 2219 img/s
    ep 66 it 4000/5004 loss 1.350 2224 img/s
    ep 66 it 4500/5004 loss 1.774 2229 img/s
    ep 66 it 5000/5004 loss 1.349 2232 img/s
  epoch  66/90  lr 0.0010  loss 1.406  top1 68.48  top5 88.62  (574s, 2232 img/s)
    ep 67 it 0/5004 loss 1.473 279 img/s
    ep 67 it 500/5004 loss 1.435 2033 img/s
    ep 67 it 1000/5004 loss 1.469 2137 img/s
    ep 67 it 1500/5004 loss 1.460 2174 img/s
    ep 67 it 2000/5004 loss 1.408 2198 img/s
    ep 67 it 2500/5004 loss 1.311 2212 img/s
    ep 67 it 3000/5004 loss 1.506 2222 img/s
    ep 67 it 3500/5004 loss 1.473 2228 img/s
    ep 67 it 4000/5004 loss 1.395 2234 img/s
    ep 67 it 4500/5004 loss 1.670 2237 img/s
    ep 67 it 5000/5004 loss 1.505 2240 img/s
  epoch  67/90  lr 0.0010  loss 1.400  top1 68.62  top5 88.53  (572s, 2240 img/s)
    ep 68 it 0/5004 loss 1.341 146 img/s
    ep 68 it 500/5004 loss 1.420 1206 img/s
    ep 68 it 1000/5004 loss 1.384 1393 img/s
    ep 68 it 1500/5004 loss 1.419 1557 img/s
    ep 68 it 2000/5004 loss 1.495 1684 img/s
    ep 68 it 2500/5004 loss 1.293 1775 img/s
    ep 68 it 3000/5004 loss 1.238 1841 img/s
    ep 68 it 3500/5004 loss 1.395 1892 img/s
    ep 68 it 4000/5004 loss 1.412 1932 img/s
    ep 68 it 4500/5004 loss 1.293 1964 img/s
    ep 68 it 5000/5004 loss 1.300 1990 img/s
  epoch  68/90  lr 0.0010  loss 1.392  top1 68.60  top5 88.59  (644s, 1991 img/s)
    ep 69 it 0/5004 loss 1.485 229 img/s
    ep 69 it 500/5004 loss 1.431 2194 img/s
    ep 69 it 1000/5004 loss 1.663 2232 img/s
    ep 69 it 1500/5004 loss 1.276 2243 img/s
    ep 69 it 2000/5004 loss 1.354 2250 img/s
    ep 69 it 2500/5004 loss 1.464 2255 img/s
    ep 69 it 3000/5004 loss 1.347 2256 img/s
    ep 69 it 3500/5004 loss 1.492 2258 img/s
    ep 69 it 4000/5004 loss 1.424 2260 img/s
    ep 69 it 4500/5004 loss 1.389 2261 img/s
    ep 69 it 5000/5004 loss 1.399 2262 img/s
  epoch  69/90  lr 0.0010  loss 1.386  top1 68.86  top5 88.70  (566s, 2262 img/s)
    ep 70 it 0/5004 loss 1.442 167 img/s
    ep 70 it 500/5004 loss 1.305 1408 img/s
    ep 70 it 1000/5004 loss 1.537 1594 img/s
    ep 70 it 1500/5004 loss 1.224 1739 img/s
    ep 70 it 2000/5004 loss 1.305 1845 img/s
    ep 70 it 2500/5004 loss 1.350 1916 img/s
    ep 70 it 3000/5004 loss 1.616 1966 img/s
    ep 70 it 3500/5004 loss 1.328 2004 img/s
    ep 70 it 4000/5004 loss 1.241 2034 img/s
    ep 70 it 4500/5004 loss 1.247 2058 img/s
    ep 70 it 5000/5004 loss 1.270 2078 img/s
  epoch  70/90  lr 0.0010  loss 1.384  top1 68.82  top5 88.73  (617s, 2078 img/s)
    ep 71 it 0/5004 loss 1.555 280 img/s
    ep 71 it 500/5004 loss 1.450 2125 img/s
    ep 71 it 1000/5004 loss 1.506 2193 img/s
    ep 71 it 1500/5004 loss 1.418 2217 img/s
    ep 71 it 2000/5004 loss 1.577 2230 img/s
    ep 71 it 2500/5004 loss 1.312 2238 img/s
    ep 71 it 3000/5004 loss 1.310 2244 img/s
    ep 71 it 3500/5004 loss 1.436 2248 img/s
    ep 71 it 4000/5004 loss 1.524 2251 img/s
    ep 71 it 4500/5004 loss 1.197 2253 img/s
    ep 71 it 5000/5004 loss 1.498 2254 img/s
  epoch  71/90  lr 0.0010  loss 1.377  top1 68.73  top5 88.70  (568s, 2255 img/s)
    ep 72 it 0/5004 loss 1.420 181 img/s
    ep 72 it 500/5004 loss 1.392 1391 img/s
    ep 72 it 1000/5004 loss 1.583 1566 img/s
    ep 72 it 1500/5004 loss 1.282 1706 img/s
    ep 72 it 2000/5004 loss 1.285 1814 img/s
    ep 72 it 2500/5004 loss 1.327 1889 img/s
    ep 72 it 3000/5004 loss 1.517 1943 img/s
    ep 72 it 3500/5004 loss 1.378 1978 img/s
    ep 72 it 4000/5004 loss 1.532 2010 img/s
    ep 72 it 4500/5004 loss 1.363 2036 img/s
    ep 72 it 5000/5004 loss 1.170 2057 img/s
  epoch  72/90  lr 0.0010  loss 1.376  top1 68.86  top5 88.75  (623s, 2057 img/s)
    ep 73 it 0/5004 loss 1.439 335 img/s
    ep 73 it 500/5004 loss 1.343 2172 img/s
    ep 73 it 1000/5004 loss 1.261 2221 img/s
    ep 73 it 1500/5004 loss 1.478 2237 img/s
    ep 73 it 2000/5004 loss 1.366 2245 img/s
    ep 73 it 2500/5004 loss 1.365 2249 img/s
    ep 73 it 3000/5004 loss 1.349 2252 img/s
    ep 73 it 3500/5004 loss 1.448 2255 img/s
    ep 73 it 4000/5004 loss 1.415 2257 img/s
    ep 73 it 4500/5004 loss 1.386 2258 img/s
    ep 73 it 5000/5004 loss 1.336 2259 img/s
  epoch  73/90  lr 0.0010  loss 1.373  top1 68.96  top5 88.77  (567s, 2259 img/s)
    ep 74 it 0/5004 loss 1.325 142 img/s
    ep 74 it 500/5004 loss 1.514 1359 img/s
    ep 74 it 1000/5004 loss 1.514 1540 img/s
    ep 74 it 1500/5004 loss 1.321 1692 img/s
    ep 74 it 2000/5004 loss 1.541 1801 img/s
    ep 74 it 2500/5004 loss 1.340 1870 img/s
    ep 74 it 3000/5004 loss 1.369 1927 img/s
    ep 74 it 3500/5004 loss 1.341 1970 img/s
    ep 74 it 4000/5004 loss 1.397 2003 img/s
    ep 74 it 4500/5004 loss 1.219 2029 img/s
    ep 74 it 5000/5004 loss 1.410 2051 img/s
  epoch  74/90  lr 0.0010  loss 1.369  top1 68.70  top5 88.71  (624s, 2051 img/s)
    ep 75 it 0/5004 loss 1.814 256 img/s
    ep 75 it 500/5004 loss 1.460 2138 img/s
    ep 75 it 1000/5004 loss 1.241 2203 img/s
    ep 75 it 1500/5004 loss 1.249 2225 img/s
    ep 75 it 2000/5004 loss 1.215 2237 img/s
    ep 75 it 2500/5004 loss 1.440 2244 img/s
    ep 75 it 3000/5004 loss 1.376 2248 img/s
    ep 75 it 3500/5004 loss 1.377 2252 img/s
    ep 75 it 4000/5004 loss 1.190 2254 img/s
    ep 75 it 4500/5004 loss 1.414 2256 img/s
    ep 75 it 5000/5004 loss 1.490 2257 img/s
  epoch  75/90  lr 0.0010  loss 1.363  top1 68.70  top5 88.69  (567s, 2257 img/s)
    ep 76 it 0/5004 loss 1.190 112 img/s
    ep 76 it 500/5004 loss 1.321 1263 img/s
    ep 76 it 1000/5004 loss 1.288 1444 img/s
    ep 76 it 1500/5004 loss 1.295 1599 img/s
    ep 76 it 2000/5004 loss 1.315 1722 img/s
    ep 76 it 2500/5004 loss 1.385 1808 img/s
    ep 76 it 3000/5004 loss 1.495 1871 img/s
    ep 76 it 3500/5004 loss 1.563 1919 img/s
    ep 76 it 4000/5004 loss 1.366 1956 img/s
    ep 76 it 4500/5004 loss 1.362 1986 img/s
    ep 76 it 5000/5004 loss 1.189 2010 img/s
  epoch  76/90  lr 0.0010  loss 1.360  top1 68.92  top5 88.83  (637s, 2011 img/s)
    ep 77 it 0/5004 loss 1.191 331 img/s
    ep 77 it 500/5004 loss 1.402 2190 img/s
    ep 77 it 1000/5004 loss 1.415 2230 img/s
    ep 77 it 1500/5004 loss 1.425 2244 img/s
    ep 77 it 2000/5004 loss 1.410 2250 img/s
    ep 77 it 2500/5004 loss 1.412 2254 img/s
    ep 77 it 3000/5004 loss 1.134 2257 img/s
    ep 77 it 3500/5004 loss 1.424 2258 img/s
    ep 77 it 4000/5004 loss 1.315 2260 img/s
    ep 77 it 4500/5004 loss 1.268 2261 img/s
    ep 77 it 5000/5004 loss 1.221 2261 img/s
  epoch  77/90  lr 0.0010  loss 1.356  top1 69.11  top5 88.74  (567s, 2261 img/s)
    ep 78 it 0/5004 loss 1.554 165 img/s
    ep 78 it 500/5004 loss 1.489 1375 img/s
    ep 78 it 1000/5004 loss 1.482 1557 img/s
    ep 78 it 1500/5004 loss 1.403 1701 img/s
    ep 78 it 2000/5004 loss 1.316 1811 img/s
    ep 78 it 2500/5004 loss 1.326 1886 img/s
    ep 78 it 3000/5004 loss 1.204 1940 img/s
    ep 78 it 3500/5004 loss 1.092 1980 img/s
    ep 78 it 4000/5004 loss 1.446 2012 img/s
    ep 78 it 4500/5004 loss 1.330 2037 img/s
    ep 78 it 5000/5004 loss 1.398 2058 img/s
  epoch  78/90  lr 0.0010  loss 1.354  top1 68.98  top5 88.76  (623s, 2058 img/s)
    ep 79 it 0/5004 loss 1.276 407 img/s
    ep 79 it 500/5004 loss 1.273 2220 img/s
    ep 79 it 1000/5004 loss 1.371 2223 img/s
    ep 79 it 1500/5004 loss 1.195 2216 img/s
    ep 79 it 2000/5004 loss 1.304 2218 img/s
    ep 79 it 2500/5004 loss 1.345 2220 img/s
    ep 79 it 3000/5004 loss 1.365 2222 img/s
    ep 79 it 3500/5004 loss 1.380 2220 img/s
    ep 79 it 4000/5004 loss 1.312 2225 img/s
    ep 79 it 4500/5004 loss 1.343 2230 img/s
    ep 79 it 5000/5004 loss 1.379 2233 img/s
  epoch  79/90  lr 0.0010  loss 1.351  top1 69.02  top5 88.66  (574s, 2233 img/s)
    ep 80 it 0/5004 loss 1.450 219 img/s
    ep 80 it 500/5004 loss 1.234 2198 img/s
    ep 80 it 1000/5004 loss 1.552 2230 img/s
    ep 80 it 1500/5004 loss 1.235 2241 img/s
    ep 80 it 2000/5004 loss 1.246 2249 img/s
    ep 80 it 2500/5004 loss 1.238 2253 img/s
    ep 80 it 3000/5004 loss 1.105 2256 img/s
    ep 80 it 3500/5004 loss 1.365 2257 img/s
    ep 80 it 4000/5004 loss 1.291 2258 img/s
    ep 80 it 4500/5004 loss 1.421 2258 img/s
    ep 80 it 5000/5004 loss 1.217 2259 img/s
  epoch  80/90  lr 0.0010  loss 1.348  top1 68.82  top5 88.83  (567s, 2259 img/s)
    ep 81 it 0/5004 loss 1.406 169 img/s
    ep 81 it 500/5004 loss 1.226 1346 img/s
    ep 81 it 1000/5004 loss 1.292 1539 img/s
    ep 81 it 1500/5004 loss 1.241 1689 img/s
    ep 81 it 2000/5004 loss 1.264 1801 img/s
    ep 81 it 2500/5004 loss 1.263 1878 img/s
    ep 81 it 3000/5004 loss 1.282 1933 img/s
    ep 81 it 3500/5004 loss 1.517 1974 img/s
    ep 81 it 4000/5004 loss 1.361 2006 img/s
    ep 81 it 4500/5004 loss 1.121 2033 img/s
    ep 81 it 5000/5004 loss 1.190 2054 img/s
  epoch  81/90  lr 0.0010  loss 1.347  top1 68.89  top5 88.68  (624s, 2054 img/s)
    ep 82 it 0/5004 loss 1.511 409 img/s
    ep 82 it 500/5004 loss 1.433 2193 img/s
    ep 82 it 1000/5004 loss 1.192 2232 img/s
    ep 82 it 1500/5004 loss 1.236 2244 img/s
    ep 82 it 2000/5004 loss 1.221 2250 img/s
    ep 82 it 2500/5004 loss 1.474 2253 img/s
    ep 82 it 3000/5004 loss 1.501 2255 img/s
    ep 82 it 3500/5004 loss 1.378 2256 img/s
    ep 82 it 4000/5004 loss 1.315 2257 img/s
    ep 82 it 4500/5004 loss 1.420 2259 img/s
    ep 82 it 5000/5004 loss 1.520 2260 img/s
  epoch  82/90  lr 0.0010  loss 1.344  top1 68.93  top5 88.74  (567s, 2260 img/s)
    ep 83 it 0/5004 loss 1.169 153 img/s
    ep 83 it 500/5004 loss 1.241 1453 img/s
    ep 83 it 1000/5004 loss 1.376 1627 img/s
    ep 83 it 1500/5004 loss 1.271 1763 img/s
    ep 83 it 2000/5004 loss 1.385 1864 img/s
    ep 83 it 2500/5004 loss 1.354 1932 img/s
    ep 83 it 3000/5004 loss 1.439 1981 img/s
    ep 83 it 3500/5004 loss 1.234 2018 img/s
    ep 83 it 4000/5004 loss 1.307 2046 img/s
    ep 83 it 4500/5004 loss 1.477 2069 img/s
    ep 83 it 5000/5004 loss 1.325 2089 img/s
  epoch  83/90  lr 0.0010  loss 1.342  top1 68.90  top5 88.85  (613s, 2089 img/s)
    ep 84 it 0/5004 loss 1.289 301 img/s
    ep 84 it 500/5004 loss 1.309 2160 img/s
    ep 84 it 1000/5004 loss 1.270 2210 img/s
    ep 84 it 1500/5004 loss 1.089 2228 img/s
    ep 84 it 2000/5004 loss 1.267 2238 img/s
    ep 84 it 2500/5004 loss 1.340 2243 img/s
    ep 84 it 3000/5004 loss 1.295 2247 img/s
    ep 84 it 3500/5004 loss 1.473 2249 img/s
    ep 84 it 4000/5004 loss 1.503 2252 img/s
    ep 84 it 4500/5004 loss 1.412 2254 img/s
    ep 84 it 5000/5004 loss 1.509 2257 img/s
  epoch  84/90  lr 0.0010  loss 1.342  top1 68.91  top5 88.75  (568s, 2257 img/s)
    ep 85 it 0/5004 loss 1.419 165 img/s
    ep 85 it 500/5004 loss 1.216 1432 img/s
    ep 85 it 1000/5004 loss 1.392 1616 img/s
    ep 85 it 1500/5004 loss 1.426 1763 img/s
    ep 85 it 2000/5004 loss 1.378 1867 img/s
    ep 85 it 2500/5004 loss 1.269 1935 img/s
    ep 85 it 3000/5004 loss 1.350 1984 img/s
    ep 85 it 3500/5004 loss 1.345 2020 img/s
    ep 85 it 4000/5004 loss 1.131 2049 img/s
    ep 85 it 4500/5004 loss 1.401 2071 img/s
    ep 85 it 5000/5004 loss 1.626 2091 img/s
  epoch  85/90  lr 0.0010  loss 1.338  top1 69.01  top5 88.73  (613s, 2091 img/s)
    ep 86 it 0/5004 loss 1.391 331 img/s
    ep 86 it 500/5004 loss 1.512 2155 img/s
    ep 86 it 1000/5004 loss 1.445 2207 img/s
    ep 86 it 1500/5004 loss 0.956 2213 img/s
    ep 86 it 2000/5004 loss 1.133 2227 img/s
    ep 86 it 2500/5004 loss 1.467 2236 img/s
    ep 86 it 3000/5004 loss 1.591 2241 img/s
    ep 86 it 3500/5004 loss 1.386 2245 img/s
    ep 86 it 4000/5004 loss 1.290 2248 img/s
    ep 86 it 4500/5004 loss 1.476 2251 img/s
    ep 86 it 5000/5004 loss 1.216 2252 img/s
  epoch  86/90  lr 0.0010  loss 1.336  top1 69.11  top5 88.75  (569s, 2252 img/s)
    ep 87 it 0/5004 loss 1.404 156 img/s
    ep 87 it 500/5004 loss 1.186 1406 img/s
    ep 87 it 1000/5004 loss 1.125 1590 img/s
    ep 87 it 1500/5004 loss 1.431 1742 img/s
    ep 87 it 2000/5004 loss 1.410 1849 img/s
    ep 87 it 2500/5004 loss 1.321 1918 img/s
    ep 87 it 3000/5004 loss 1.444 1969 img/s
    ep 87 it 3500/5004 loss 1.297 2007 img/s
    ep 87 it 4000/5004 loss 1.352 2037 img/s
    ep 87 it 4500/5004 loss 1.421 2060 img/s
    ep 87 it 5000/5004 loss 1.289 2079 img/s
  epoch  87/90  lr 0.0010  loss 1.335  top1 68.82  top5 88.76  (616s, 2079 img/s)
    ep 88 it 0/5004 loss 1.197 244 img/s
    ep 88 it 500/5004 loss 1.343 2155 img/s
    ep 88 it 1000/5004 loss 1.352 2205 img/s
    ep 88 it 1500/5004 loss 1.169 2225 img/s
    ep 88 it 2000/5004 loss 1.161 2237 img/s
    ep 88 it 2500/5004 loss 1.399 2244 img/s
    ep 88 it 3000/5004 loss 1.464 2248 img/s
    ep 88 it 3500/5004 loss 1.240 2252 img/s
    ep 88 it 4000/5004 loss 1.285 2254 img/s
    ep 88 it 4500/5004 loss 1.206 2255 img/s
    ep 88 it 5000/5004 loss 1.327 2256 img/s
  epoch  88/90  lr 0.0010  loss 1.333  top1 68.99  top5 88.76  (568s, 2256 img/s)
    ep 89 it 0/5004 loss 1.396 226 img/s
    ep 89 it 500/5004 loss 1.152 1875 img/s
    ep 89 it 1000/5004 loss 1.466 1997 img/s
    ep 89 it 1500/5004 loss 1.209 2072 img/s
    ep 89 it 2000/5004 loss 1.281 2117 img/s
    ep 89 it 2500/5004 loss 1.197 2144 img/s
    ep 89 it 3000/5004 loss 1.362 2164 img/s
    ep 89 it 3500/5004 loss 1.290 2178 img/s
    ep 89 it 4000/5004 loss 1.413 2188 img/s
    ep 89 it 4500/5004 loss 1.232 2196 img/s
    ep 89 it 5000/5004 loss 1.510 2203 img/s
  epoch  89/90  lr 0.0010  loss 1.329  top1 68.79  top5 88.76  (582s, 2203 img/s)
    ep 90 it 0/5004 loss 1.279 287 img/s
    ep 90 it 500/5004 loss 1.462 2071 img/s
    ep 90 it 1000/5004 loss 1.184 2150 img/s
    ep 90 it 1500/5004 loss 1.576 2185 img/s
    ep 90 it 2000/5004 loss 1.383 2200 img/s
    ep 90 it 2500/5004 loss 1.286 2206 img/s
    ep 90 it 3000/5004 loss 1.489 2213 img/s
    ep 90 it 3500/5004 loss 1.411 2220 img/s
    ep 90 it 4000/5004 loss 1.166 2226 img/s
    ep 90 it 4500/5004 loss 1.298 2230 img/s
    ep 90 it 5000/5004 loss 1.218 2233 img/s
  epoch  90/90  lr 0.0010  loss 1.328  top1 69.09  top5 88.84  (574s, 2233 img/s)
done {"final_top1": 69.088, "final_top5": 88.844, "params": 11514717, "train_hours": 14.761624387833807}
