widths [64, 64, 64, 64, 128, 128, 128, 256, 256, 256, 512, 512, 512]  params 11,689,512  MACs@224 1.814 G  classes 1000  train batches/epoch 5004  device cuda
    ep 1 it 0/5004 loss 7.012 15 img/s
    ep 1 it 500/5004 loss 6.043 962 img/s
    ep 1 it 1000/5004 loss 5.657 1028 img/s
    ep 1 it 1500/5004 loss 5.220 1054 img/s
    ep 1 it 2000/5004 loss 5.048 1086 img/s
    ep 1 it 2500/5004 loss 4.758 1180 img/s
    ep 1 it 3000/5004 loss 4.527 1175 img/s
    ep 1 it 3500/5004 loss 4.542 1165 img/s
    ep 1 it 4000/5004 loss 4.224 1157 img/s
    ep 1 it 4500/5004 loss 4.194 1152 img/s
    ep 1 it 5000/5004 loss 3.915 1149 img/s
  epoch   1/90  lr 0.1000  loss 4.917  top1 21.86  top5 45.63  (1114s, 1150 img/s)
    ep 2 it 0/5004 loss 3.629 198 img/s
    ep 2 it 500/5004 loss 3.752 1095 img/s
    ep 2 it 1000/5004 loss 3.569 1099 img/s
    ep 2 it 1500/5004 loss 3.365 1102 img/s
    ep 2 it 2000/5004 loss 3.637 1103 img/s
    ep 2 it 2500/5004 loss 3.603 1103 img/s
    ep 2 it 3000/5004 loss 3.334 1104 img/s
    ep 2 it 3500/5004 loss 3.473 1104 img/s
    ep 2 it 4000/5004 loss 3.373 1105 img/s
    ep 2 it 4500/5004 loss 3.142 1122 img/s
    ep 2 it 5000/5004 loss 3.248 1139 img/s
  epoch   2/90  lr 0.1000  loss 3.512  top1 31.03  top5 57.04  (1125s, 1139 img/s)
    ep 3 it 0/5004 loss 3.430 188 img/s
    ep 3 it 500/5004 loss 3.370 1147 img/s
    ep 3 it 1000/5004 loss 3.264 1152 img/s
    ep 3 it 1500/5004 loss 3.353 1151 img/s
    ep 3 it 2000/5004 loss 3.132 1150 img/s
    ep 3 it 2500/5004 loss 3.112 1149 img/s
    ep 3 it 3000/5004 loss 3.140 1150 img/s
    ep 3 it 3500/5004 loss 3.227 1149 img/s
    ep 3 it 4000/5004 loss 3.031 1149 img/s
    ep 3 it 4500/5004 loss 3.056 1149 img/s
    ep 3 it 5000/5004 loss 3.059 1149 img/s
  epoch   3/90  lr 0.1000  loss 3.104  top1 39.46  top5 66.27  (1115s, 1149 img/s)
    ep 4 it 0/5004 loss 2.982 243 img/s
    ep 4 it 500/5004 loss 2.847 1143 img/s
    ep 4 it 1000/5004 loss 3.095 1146 img/s
    ep 4 it 1500/5004 loss 3.173 1148 img/s
    ep 4 it 2000/5004 loss 3.019 1148 img/s
    ep 4 it 2500/5004 loss 3.000 1210 img/s
    ep 4 it 3000/5004 loss 3.040 1310 img/s
    ep 4 it 3500/5004 loss 2.862 1395 img/s
    ep 4 it 4000/5004 loss 2.522 1467 img/s
    ep 4 it 4500/5004 loss 2.750 1527 img/s
    ep 4 it 5000/5004 loss 3.047 1584 img/s
  epoch   4/90  lr 0.1000  loss 2.921  top1 38.44  top5 65.27  (809s, 1584 img/s)
    ep 5 it 0/5004 loss 2.677 277 img/s
    ep 5 it 500/5004 loss 2.709 2180 img/s
    ep 5 it 1000/5004 loss 2.879 2222 img/s
    ep 5 it 1500/5004 loss 2.870 2249 img/s
    ep 5 it 2000/5004 loss 2.691 2253 img/s
    ep 5 it 2500/5004 loss 2.738 2258 img/s
    ep 5 it 3000/5004 loss 2.791 2265 img/s
    ep 5 it 3500/5004 loss 3.033 2286 img/s
    ep 5 it 4000/5004 loss 2.657 2288 img/s
    ep 5 it 4500/5004 loss 2.626 2290 img/s
    ep 5 it 5000/5004 loss 2.804 2294 img/s
  epoch   5/90  lr 0.1000  loss 2.810  top1 40.67  top5 67.63  (558s, 2295 img/s)
    ep 6 it 0/5004 loss 2.979 135 img/s
    ep 6 it 500/5004 loss 2.602 1342 img/s
    ep 6 it 1000/5004 loss 2.786 1509 img/s
    ep 6 it 1500/5004 loss 3.115 1653 img/s
    ep 6 it 2000/5004 loss 2.675 1770 img/s
    ep 6 it 2500/5004 loss 2.839 1857 img/s
    ep 6 it 3000/5004 loss 2.697 1924 img/s
    ep 6 it 3500/5004 loss 2.738 1977 img/s
    ep 6 it 4000/5004 loss 2.644 2013 img/s
    ep 6 it 4500/5004 loss 2.615 2040 img/s
    ep 6 it 5000/5004 loss 2.857 2063 img/s
  epoch   6/90  lr 0.1000  loss 2.739  top1 44.24  top5 70.91  (621s, 2063 img/s)
    ep 7 it 0/5004 loss 2.791 294 img/s
    ep 7 it 500/5004 loss 2.684 2230 img/s
    ep 7 it 1000/5004 loss 2.387 2282 img/s
    ep 7 it 1500/5004 loss 2.707 2282 img/s
    ep 7 it 2000/5004 loss 2.608 2278 img/s
    ep 7 it 2500/5004 loss 2.711 2290 img/s
    ep 7 it 3000/5004 loss 2.719 2309 img/s
    ep 7 it 3500/5004 loss 2.644 2312 img/s
    ep 7 it 4000/5004 loss 2.508 2311 img/s
    ep 7 it 4500/5004 loss 2.704 2314 img/s
    ep 7 it 5000/5004 loss 2.948 2311 img/s
  epoch   7/90  lr 0.1000  loss 2.694  top1 45.28  top5 72.14  (554s, 2311 img/s)
    ep 8 it 0/5004 loss 2.423 148 img/s
    ep 8 it 500/5004 loss 2.907 1360 img/s
    ep 8 it 1000/5004 loss 2.807 1514 img/s
    ep 8 it 1500/5004 loss 2.890 1668 img/s
    ep 8 it 2000/5004 loss 2.680 1786 img/s
    ep 8 it 2500/5004 loss 2.810 1877 img/s
    ep 8 it 3000/5004 loss 2.746 1935 img/s
    ep 8 it 3500/5004 loss 2.662 1982 img/s
    ep 8 it 4000/5004 loss 2.744 2019 img/s
    ep 8 it 4500/5004 loss 2.799 2049 img/s
    ep 8 it 5000/5004 loss 2.704 2070 img/s
  epoch   8/90  lr 0.1000  loss 2.655  top1 44.70  top5 71.45  (619s, 2070 img/s)
    ep 9 it 0/5004 loss 2.666 242 img/s
    ep 9 it 500/5004 loss 2.618 2219 img/s
    ep 9 it 1000/5004 loss 2.645 2265 img/s
    ep 9 it 1500/5004 loss 2.812 2286 img/s
    ep 9 it 2000/5004 loss 2.626 2280 img/s
    ep 9 it 2500/5004 loss 2.771 2287 img/s
    ep 9 it 3000/5004 loss 2.833 2288 img/s
    ep 9 it 3500/5004 loss 2.754 2295 img/s
    ep 9 it 4000/5004 loss 2.538 2294 img/s
    ep 9 it 4500/5004 loss 2.765 2296 img/s
    ep 9 it 5000/5004 loss 2.567 2302 img/s
  epoch   9/90  lr 0.1000  loss 2.630  top1 44.33  top5 70.91  (556s, 2303 img/s)
    ep 10 it 0/5004 loss 2.684 157 img/s
    ep 10 it 500/5004 loss 2.704 1352 img/s
    ep 10 it 1000/5004 loss 2.666 1522 img/s
    ep 10 it 1500/5004 loss 2.856 1676 img/s
    ep 10 it 2000/5004 loss 2.432 1794 img/s
    ep 10 it 2500/5004 loss 2.580 1883 img/s
    ep 10 it 3000/5004 loss 2.790 1954 img/s
    ep 10 it 3500/5004 loss 2.706 2005 img/s
    ep 10 it 4000/5004 loss 2.683 2044 img/s
    ep 10 it 4500/5004 loss 2.676 2075 img/s
    ep 10 it 5000/5004 loss 2.643 2096 img/s
  epoch  10/90  lr 0.1000  loss 2.606  top1 45.15  top5 71.58  (611s, 2096 img/s)
    ep 11 it 0/5004 loss 2.403 260 img/s
    ep 11 it 500/5004 loss 2.524 2306 img/s
    ep 11 it 1000/5004 loss 2.380 2298 img/s
    ep 11 it 1500/5004 loss 2.517 2311 img/s
    ep 11 it 2000/5004 loss 2.687 2337 img/s
    ep 11 it 2500/5004 loss 2.412 2341 img/s
    ep 11 it 3000/5004 loss 2.295 2328 img/s
    ep 11 it 3500/5004 loss 2.569 2322 img/s
    ep 11 it 4000/5004 loss 2.746 2321 img/s
    ep 11 it 4500/5004 loss 2.620 2320 img/s
    ep 11 it 5000/5004 loss 2.779 2318 img/s
  epoch  11/90  lr 0.1000  loss 2.590  top1 45.94  top5 72.48  (553s, 2318 img/s)
    ep 12 it 0/5004 loss 2.826 146 img/s
    ep 12 it 500/5004 loss 2.387 1330 img/s
    ep 12 it 1000/5004 loss 2.418 1493 img/s
    ep 12 it 1500/5004 loss 2.779 1645 img/s
    ep 12 it 2000/5004 loss 2.427 1766 img/s
    ep 12 it 2500/5004 loss 2.666 1853 img/s
    ep 12 it 3000/5004 loss 2.529 1916 img/s
    ep 12 it 3500/5004 loss 2.694 1966 img/s
    ep 12 it 4000/5004 loss 2.568 2011 img/s
    ep 12 it 4500/5004 loss 2.493 2041 img/s
    ep 12 it 5000/5004 loss 2.755 2065 img/s
  epoch  12/90  lr 0.1000  loss 2.572  top1 44.87  top5 70.82  (620s, 2066 img/s)
    ep 13 it 0/5004 loss 2.609 265 img/s
    ep 13 it 500/5004 loss 2.422 2253 img/s
    ep 13 it 1000/5004 loss 2.412 2305 img/s
    ep 13 it 1500/5004 loss 2.528 2302 img/s
    ep 13 it 2000/5004 loss 2.611 2297 img/s
    ep 13 it 2500/5004 loss 2.662 2288 img/s
    ep 13 it 3000/5004 loss 2.561 2297 img/s
    ep 13 it 3500/5004 loss 2.333 2298 img/s
    ep 13 it 4000/5004 loss 2.353 2302 img/s
    ep 13 it 4500/5004 loss 2.523 2301 img/s
    ep 13 it 5000/5004 loss 2.556 2305 img/s
  epoch  13/90  lr 0.1000  loss 2.562  top1 45.34  top5 71.91  (556s, 2305 img/s)
    ep 14 it 0/5004 loss 2.579 143 img/s
    ep 14 it 500/5004 loss 2.564 1355 img/s
    ep 14 it 1000/5004 loss 2.673 1529 img/s
    ep 14 it 1500/5004 loss 2.297 1664 img/s
    ep 14 it 2000/5004 loss 2.494 1785 img/s
    ep 14 it 2500/5004 loss 2.420 1872 img/s
    ep 14 it 3000/5004 loss 2.545 1927 img/s
    ep 14 it 3500/5004 loss 2.421 1972 img/s
    ep 14 it 4000/5004 loss 2.577 2014 img/s
    ep 14 it 4500/5004 loss 2.457 2047 img/s
    ep 14 it 5000/5004 loss 2.594 2070 img/s
  epoch  14/90  lr 0.1000  loss 2.553  top1 45.21  top5 71.70  (619s, 2071 img/s)
    ep 15 it 0/5004 loss 2.284 309 img/s
    ep 15 it 500/5004 loss 2.366 2251 img/s
    ep 15 it 1000/5004 loss 2.543 2284 img/s
    ep 15 it 1500/5004 loss 2.482 2279 img/s
    ep 15 it 2000/5004 loss 2.388 2298 img/s
    ep 15 it 2500/5004 loss 2.313 2311 img/s
    ep 15 it 3000/5004 loss 2.505 2320 img/s
    ep 15 it 3500/5004 loss 2.533 2321 img/s
    ep 15 it 4000/5004 loss 2.328 2322 img/s
    ep 15 it 4500/5004 loss 2.552 2320 img/s
    ep 15 it 5000/5004 loss 2.496 2321 img/s
  epoch  15/90  lr 0.1000  loss 2.537  top1 47.66  top5 74.05  (552s, 2321 img/s)
    ep 16 it 0/5004 loss 2.338 140 img/s
    ep 16 it 500/5004 loss 2.531 1317 img/s
    ep 16 it 1000/5004 loss 2.236 1495 img/s
    ep 16 it 1500/5004 loss 2.434 1644 img/s
    ep 16 it 2000/5004 loss 2.682 1761 img/s
    ep 16 it 2500/5004 loss 2.465 1844 img/s
    ep 16 it 3000/5004 loss 2.408 1908 img/s
    ep 16 it 3500/5004 loss 2.420 1958 img/s
    ep 16 it 4000/5004 loss 2.721 1992 img/s
    ep 16 it 4500/5004 loss 2.656 2025 img/s
    ep 16 it 5000/5004 loss 2.744 2049 img/s
  epoch  16/90  lr 0.1000  loss 2.532  top1 48.40  top5 75.12  (625s, 2050 img/s)
    ep 17 it 0/5004 loss 2.584 281 img/s
    ep 17 it 500/5004 loss 2.526 2235 img/s
    ep 17 it 1000/5004 loss 2.480 2280 img/s
    ep 17 it 1500/5004 loss 2.682 2280 img/s
    ep 17 it 2000/5004 loss 2.914 2286 img/s
    ep 17 it 2500/5004 loss 2.407 2297 img/s
    ep 17 it 3000/5004 loss 2.557 2292 img/s
    ep 17 it 3500/5004 loss 2.447 2290 img/s
    ep 17 it 4000/5004 loss 2.589 2292 img/s
    ep 17 it 4500/5004 loss 2.557 2288 img/s
    ep 17 it 5000/5004 loss 2.804 2296 img/s
  epoch  17/90  lr 0.1000  loss 2.523  top1 47.63  top5 73.77  (558s, 2297 img/s)
    ep 18 it 0/5004 loss 2.577 164 img/s
    ep 18 it 500/5004 loss 2.486 1381 img/s
    ep 18 it 1000/5004 loss 2.348 1549 img/s
    ep 18 it 1500/5004 loss 2.821 1698 img/s
    ep 18 it 2000/5004 loss 2.537 1810 img/s
    ep 18 it 2500/5004 loss 2.443 1902 img/s
    ep 18 it 3000/5004 loss 2.461 1956 img/s
    ep 18 it 3500/5004 loss 2.871 2002 img/s
    ep 18 it 4000/5004 loss 2.698 2036 img/s
    ep 18 it 4500/5004 loss 2.465 2064 img/s
    ep 18 it 5000/5004 loss 2.602 2093 img/s
  epoch  18/90  lr 0.1000  loss 2.519  top1 47.73  top5 73.99  (612s, 2093 img/s)
    ep 19 it 0/5004 loss 2.770 310 img/s
    ep 19 it 500/5004 loss 2.577 2223 img/s
    ep 19 it 1000/5004 loss 2.277 2259 img/s
    ep 19 it 1500/5004 loss 2.530 2265 img/s
    ep 19 it 2000/5004 loss 2.386 2278 img/s
    ep 19 it 2500/5004 loss 2.395 2284 img/s
    ep 19 it 3000/5004 loss 2.728 2289 img/s
    ep 19 it 3500/5004 loss 2.356 2287 img/s
    ep 19 it 4000/5004 loss 2.621 2287 img/s
    ep 19 it 4500/5004 loss 2.523 2285 img/s
    ep 19 it 5000/5004 loss 2.382 2296 img/s
  epoch  19/90  lr 0.1000  loss 2.508  top1 48.45  top5 74.43  (558s, 2296 img/s)
    ep 20 it 0/5004 loss 2.458 168 img/s
    ep 20 it 500/5004 loss 2.562 1357 img/s
    ep 20 it 1000/5004 loss 2.733 1520 img/s
    ep 20 it 1500/5004 loss 2.499 1660 img/s
    ep 20 it 2000/5004 loss 2.535 1779 img/s
    ep 20 it 2500/5004 loss 2.585 1866 img/s
    ep 20 it 3000/5004 loss 2.428 1929 img/s
    ep 20 it 3500/5004 loss 2.592 1973 img/s
    ep 20 it 4000/5004 loss 2.477 2017 img/s
    ep 20 it 4500/5004 loss 2.597 2049 img/s
    ep 20 it 5000/5004 loss 2.723 2073 img/s
  epoch  20/90  lr 0.1000  loss 2.506  top1 47.79  top5 73.80  (618s, 2074 img/s)
    ep 21 it 0/5004 loss 2.528 381 img/s
    ep 21 it 500/5004 loss 2.469 2219 img/s
    ep 21 it 1000/5004 loss 2.274 2263 img/s
    ep 21 it 1500/5004 loss 2.457 2313 img/s
    ep 21 it 2000/5004 loss 2.662 2312 img/s
    ep 21 it 2500/5004 loss 2.258 2314 img/s
    ep 21 it 3000/5004 loss 2.469 2319 img/s
    ep 21 it 3500/5004 loss 2.460 2328 img/s
    ep 21 it 4000/5004 loss 2.664 2325 img/s
    ep 21 it 4500/5004 loss 2.317 2320 img/s
    ep 21 it 5000/5004 loss 2.287 2325 img/s
  epoch  21/90  lr 0.1000  loss 2.498  top1 48.67  top5 75.20  (551s, 2325 img/s)
    ep 22 it 0/5004 loss 2.396 167 img/s
    ep 22 it 500/5004 loss 2.228 1469 img/s
    ep 22 it 1000/5004 loss 2.522 1626 img/s
    ep 22 it 1500/5004 loss 2.645 1776 img/s
    ep 22 it 2000/5004 loss 2.482 1889 img/s
    ep 22 it 2500/5004 loss 2.572 1966 img/s
    ep 22 it 3000/5004 loss 2.358 2012 img/s
    ep 22 it 3500/5004 loss 2.433 2054 img/s
    ep 22 it 4000/5004 loss 2.275 2081 img/s
    ep 22 it 4500/5004 loss 2.447 2105 img/s
    ep 22 it 5000/5004 loss 2.413 2129 img/s
  epoch  22/90  lr 0.1000  loss 2.496  top1 45.51  top5 71.74  (602s, 2129 img/s)
    ep 23 it 0/5004 loss 2.538 366 img/s
    ep 23 it 500/5004 loss 2.534 2282 img/s
    ep 23 it 1000/5004 loss 2.550 2292 img/s
    ep 23 it 1500/5004 loss 2.412 2303 img/s
    ep 23 it 2000/5004 loss 2.578 2309 img/s
    ep 23 it 2500/5004 loss 2.699 2314 img/s
    ep 23 it 3000/5004 loss 2.615 2315 img/s
    ep 23 it 3500/5004 loss 2.566 2323 img/s
    ep 23 it 4000/5004 loss 2.334 2326 img/s
    ep 23 it 4500/5004 loss 2.321 2330 img/s
    ep 23 it 5000/5004 loss 2.753 2336 img/s
  epoch  23/90  lr 0.1000  loss 2.490  top1 48.19  top5 74.63  (548s, 2336 img/s)
    ep 24 it 0/5004 loss 2.405 301 img/s
    ep 24 it 500/5004 loss 2.242 2347 img/s
    ep 24 it 1000/5004 loss 2.460 2346 img/s
    ep 24 it 1500/5004 loss 2.577 2330 img/s
    ep 24 it 2000/5004 loss 2.669 2324 img/s
    ep 24 it 2500/5004 loss 2.581 2321 img/s
    ep 24 it 3000/5004 loss 2.299 2324 img/s
    ep 24 it 3500/5004 loss 2.457 2330 img/s
    ep 24 it 4000/5004 loss 2.298 2342 img/s
    ep 24 it 4500/5004 loss 2.356 2336 img/s
    ep 24 it 5000/5004 loss 2.365 2338 img/s
  epoch  24/90  lr 0.1000  loss 2.487  top1 46.71  top5 73.15  (548s, 2338 img/s)
    ep 25 it 0/5004 loss 2.561 338 img/s
    ep 25 it 500/5004 loss 2.715 2291 img/s
    ep 25 it 1000/5004 loss 2.573 2249 img/s
    ep 25 it 1500/5004 loss 2.328 2257 img/s
    ep 25 it 2000/5004 loss 2.607 2282 img/s
    ep 25 it 2500/5004 loss 2.440 2286 img/s
    ep 25 it 3000/5004 loss 2.677 2289 img/s
    ep 25 it 3500/5004 loss 2.441 2304 img/s
    ep 25 it 4000/5004 loss 2.564 2302 img/s
    ep 25 it 4500/5004 loss 2.606 2300 img/s
    ep 25 it 5000/5004 loss 2.544 2303 img/s
  epoch  25/90  lr 0.1000  loss 2.483  top1 47.79  top5 74.40  (556s, 2304 img/s)
    ep 26 it 0/5004 loss 2.461 287 img/s
    ep 26 it 500/5004 loss 2.615 2323 img/s
    ep 26 it 1000/5004 loss 2.452 2308 img/s
    ep 26 it 1500/5004 loss 2.655 2316 img/s
    ep 26 it 2000/5004 loss 2.418 2320 img/s
    ep 26 it 2500/5004 loss 2.397 2321 img/s
    ep 26 it 3000/5004 loss 2.550 2331 img/s
    ep 26 it 3500/5004 loss 2.730 2330 img/s
    ep 26 it 4000/5004 loss 2.468 2328 img/s
    ep 26 it 4500/5004 loss 2.429 2333 img/s
    ep 26 it 5000/5004 loss 2.661 2330 img/s
  epoch  26/90  lr 0.1000  loss 2.479  top1 48.45  top5 74.72  (550s, 2330 img/s)
    ep 27 it 0/5004 loss 2.301 198 img/s
    ep 27 it 500/5004 loss 2.340 1410 img/s
    ep 27 it 1000/5004 loss 2.448 1584 img/s
    ep 27 it 1500/5004 loss 2.569 1727 img/s
    ep 27 it 2000/5004 loss 2.395 1836 img/s
    ep 27 it 2500/5004 loss 2.728 1912 img/s
    ep 27 it 3000/5004 loss 2.500 1975 img/s
    ep 27 it 3500/5004 loss 2.420 2023 img/s
    ep 27 it 4000/5004 loss 2.263 2060 img/s
    ep 27 it 4500/5004 loss 2.246 2086 img/s
    ep 27 it 5000/5004 loss 2.395 2102 img/s
  epoch  27/90  lr 0.1000  loss 2.478  top1 48.28  top5 74.88  (609s, 2102 img/s)
    ep 28 it 0/5004 loss 2.206 346 img/s
    ep 28 it 500/5004 loss 2.464 2269 img/s
    ep 28 it 1000/5004 loss 2.506 2293 img/s
    ep 28 it 1500/5004 loss 2.327 2317 img/s
    ep 28 it 2000/5004 loss 2.663 2308 img/s
    ep 28 it 2500/5004 loss 2.490 2305 img/s
    ep 28 it 3000/5004 loss 2.359 2303 img/s
    ep 28 it 3500/5004 loss 2.617 2312 img/s
    ep 28 it 4000/5004 loss 2.514 2312 img/s
    ep 28 it 4500/5004 loss 2.594 2308 img/s
    ep 28 it 5000/5004 loss 2.281 2310 img/s
  epoch  28/90  lr 0.1000  loss 2.476  top1 47.59  top5 74.14  (554s, 2311 img/s)
    ep 29 it 0/5004 loss 2.608 218 img/s
    ep 29 it 500/5004 loss 2.584 1657 img/s
    ep 29 it 1000/5004 loss 2.287 1799 img/s
    ep 29 it 1500/5004 loss 2.529 1914 img/s
    ep 29 it 2000/5004 loss 2.178 1998 img/s
    ep 29 it 2500/5004 loss 2.527 2054 img/s
    ep 29 it 3000/5004 loss 2.264 2094 img/s
    ep 29 it 3500/5004 loss 2.520 2123 img/s
    ep 29 it 4000/5004 loss 2.447 2147 img/s
    ep 29 it 4500/5004 loss 2.638 2170 img/s
    ep 29 it 5000/5004 loss 2.373 2184 img/s
  epoch  29/90  lr 0.1000  loss 2.470  top1 48.13  top5 74.39  (587s, 2184 img/s)
    ep 30 it 0/5004 loss 2.405 265 img/s
    ep 30 it 500/5004 loss 2.278 2292 img/s
    ep 30 it 1000/5004 loss 2.465 2267 img/s
    ep 30 it 1500/5004 loss 2.389 2288 img/s
    ep 30 it 2000/5004 loss 2.492 2313 img/s
    ep 30 it 2500/5004 loss 2.446 2314 img/s
    ep 30 it 3000/5004 loss 2.375 2327 img/s
    ep 30 it 3500/5004 loss 2.383 2325 img/s
    ep 30 it 4000/5004 loss 2.263 2321 img/s
    ep 30 it 4500/5004 loss 2.458 2324 img/s
    ep 30 it 5000/5004 loss 2.492 2327 img/s
  epoch  30/90  lr 0.1000  loss 2.466  top1 47.75  top5 73.84  (550s, 2327 img/s)
    ep 31 it 0/5004 loss 2.488 366 img/s
    ep 31 it 500/5004 loss 1.796 2030 img/s
    ep 31 it 1000/5004 loss 2.030 2000 img/s
    ep 31 it 1500/5004 loss 2.044 2055 img/s
    ep 31 it 2000/5004 loss 1.852 2112 img/s
    ep 31 it 2500/5004 loss 2.016 2156 img/s
    ep 31 it 3000/5004 loss 1.798 2188 img/s
    ep 31 it 3500/5004 loss 2.133 2211 img/s
    ep 31 it 4000/5004 loss 1.939 2228 img/s
    ep 31 it 4500/5004 loss 1.964 2245 img/s
    ep 31 it 5000/5004 loss 1.832 2255 img/s
  epoch  31/90  lr 0.0100  loss 1.948  top1 62.02  top5 84.48  (568s, 2255 img/s)
    ep 32 it 0/5004 loss 1.711 237 img/s
    ep 32 it 500/5004 loss 2.073 1872 img/s
    ep 32 it 1000/5004 loss 1.968 1657 img/s
    ep 32 it 1500/5004 loss 1.729 1740 img/s
    ep 32 it 2000/5004 loss 1.911 1835 img/s
    ep 32 it 2500/5004 loss 1.698 1913 img/s
    ep 32 it 3000/5004 loss 1.885 1970 img/s
    ep 32 it 3500/5004 loss 1.670 2021 img/s
    ep 32 it 4000/5004 loss 1.819 2051 img/s
    ep 32 it 4500/5004 loss 1.879 2072 img/s
    ep 32 it 5000/5004 loss 1.879 2093 img/s
  epoch  32/90  lr 0.0100  loss 1.831  top1 62.99  top5 85.14  (612s, 2093 img/s)
    ep 33 it 0/5004 loss 1.736 377 img/s
    ep 33 it 500/5004 loss 1.671 2247 img/s
    ep 33 it 1000/5004 loss 1.756 2258 img/s
    ep 33 it 1500/5004 loss 1.649 2291 img/s
    ep 33 it 2000/5004 loss 1.595 2306 img/s
    ep 33 it 2500/5004 loss 1.778 2317 img/s
    ep 33 it 3000/5004 loss 1.757 2318 img/s
    ep 33 it 3500/5004 loss 1.673 2318 img/s
    ep 33 it 4000/5004 loss 1.868 2318 img/s
    ep 33 it 4500/5004 loss 1.762 2320 img/s
    ep 33 it 5000/5004 loss 1.986 2331 img/s
  epoch  33/90  lr 0.0100  loss 1.785  top1 63.51  top5 85.64  (549s, 2331 img/s)
    ep 34 it 0/5004 loss 1.720 243 img/s
    ep 34 it 500/5004 loss 1.707 2289 img/s
    ep 34 it 1000/5004 loss 1.927 2273 img/s
    ep 34 it 1500/5004 loss 1.809 2309 img/s
    ep 34 it 2000/5004 loss 1.709 2315 img/s
    ep 34 it 2500/5004 loss 1.680 2325 img/s
    ep 34 it 3000/5004 loss 1.753 2335 img/s
    ep 34 it 3500/5004 loss 1.753 2335 img/s
    ep 34 it 4000/5004 loss 1.863 2335 img/s
    ep 34 it 4500/5004 loss 1.853 2341 img/s
    ep 34 it 5000/5004 loss 2.104 2344 img/s
  epoch  34/90  lr 0.0100  loss 1.755  top1 63.71  top5 85.76  (547s, 2344 img/s)
    ep 35 it 0/5004 loss 1.815 315 img/s
    ep 35 it 500/5004 loss 1.611 2290 img/s
    ep 35 it 1000/5004 loss 1.752 2296 img/s
    ep 35 it 1500/5004 loss 1.855 2325 img/s
    ep 35 it 2000/5004 loss 1.767 2334 img/s
    ep 35 it 2500/5004 loss 1.820 2326 img/s
    ep 35 it 3000/5004 loss 1.612 2321 img/s
    ep 35 it 3500/5004 loss 1.560 2321 img/s
    ep 35 it 4000/5004 loss 1.681 2322 img/s
    ep 35 it 4500/5004 loss 1.841 2326 img/s
    ep 35 it 5000/5004 loss 1.576 2321 img/s
  epoch  35/90  lr 0.0100  loss 1.737  top1 64.22  top5 86.07  (552s, 2321 img/s)
    ep 36 it 0/5004 loss 1.777 146 img/s
    ep 36 it 500/5004 loss 1.851 1362 img/s
    ep 36 it 1000/5004 loss 1.604 1528 img/s
    ep 36 it 1500/5004 loss 1.566 1676 img/s
    ep 36 it 2000/5004 loss 1.667 1787 img/s
    ep 36 it 2500/5004 loss 1.599 1868 img/s
    ep 36 it 3000/5004 loss 1.478 1932 img/s
    ep 36 it 3500/5004 loss 1.417 1985 img/s
    ep 36 it 4000/5004 loss 1.733 2025 img/s
    ep 36 it 4500/5004 loss 1.690 2057 img/s
    ep 36 it 5000/5004 loss 1.642 2084 img/s
  epoch  36/90  lr 0.0100  loss 1.725  top1 64.17  top5 85.94  (614s, 2085 img/s)
    ep 37 it 0/5004 loss 1.706 326 img/s
    ep 37 it 500/5004 loss 1.932 2300 img/s
    ep 37 it 1000/5004 loss 1.549 2336 img/s
    ep 37 it 1500/5004 loss 1.685 2337 img/s
    ep 37 it 2000/5004 loss 1.721 2314 img/s
    ep 37 it 2500/5004 loss 1.791 2310 img/s
    ep 37 it 3000/5004 loss 1.624 2311 img/s
    ep 37 it 3500/5004 loss 1.842 2319 img/s
    ep 37 it 4000/5004 loss 1.702 2323 img/s
    ep 37 it 4500/5004 loss 1.649 2321 img/s
    ep 37 it 5000/5004 loss 1.871 2325 img/s
  epoch  37/90  lr 0.0100  loss 1.716  top1 64.04  top5 85.79  (551s, 2325 img/s)
    ep 38 it 0/5004 loss 1.505 147 img/s
    ep 38 it 500/5004 loss 1.711 1233 img/s
    ep 38 it 1000/5004 loss 1.666 1387 img/s
    ep 38 it 1500/5004 loss 1.630 1537 img/s
    ep 38 it 2000/5004 loss 1.737 1663 img/s
    ep 38 it 2500/5004 loss 1.731 1765 img/s
    ep 38 it 3000/5004 loss 1.672 1843 img/s
    ep 38 it 3500/5004 loss 1.772 1898 img/s
    ep 38 it 4000/5004 loss 1.887 1944 img/s
    ep 38 it 4500/5004 loss 1.849 1979 img/s
    ep 38 it 5000/5004 loss 1.541 2006 img/s
  epoch  38/90  lr 0.0100  loss 1.711  top1 64.04  top5 85.75  (638s, 2007 img/s)
    ep 39 it 0/5004 loss 1.773 299 img/s
    ep 39 it 500/5004 loss 1.529 2210 img/s
    ep 39 it 1000/5004 loss 1.534 2220 img/s
    ep 39 it 1500/5004 loss 1.872 2240 img/s
    ep 39 it 2000/5004 loss 1.869 2262 img/s
    ep 39 it 2500/5004 loss 1.617 2258 img/s
    ep 39 it 3000/5004 loss 1.562 2255 img/s
    ep 39 it 3500/5004 loss 1.733 2263 img/s
    ep 39 it 4000/5004 loss 1.680 2273 img/s
    ep 39 it 4500/5004 loss 1.707 2278 img/s
    ep 39 it 5000/5004 loss 1.756 2284 img/s
  epoch  39/90  lr 0.0100  loss 1.707  top1 64.16  top5 85.87  (561s, 2285 img/s)
    ep 40 it 0/5004 loss 1.726 153 img/s
    ep 40 it 500/5004 loss 1.527 1289 img/s
    ep 40 it 1000/5004 loss 1.656 1434 img/s
    ep 40 it 1500/5004 loss 1.665 1581 img/s
    ep 40 it 2000/5004 loss 1.667 1700 img/s
    ep 40 it 2500/5004 loss 1.919 1799 img/s
    ep 40 it 3000/5004 loss 1.685 1870 img/s
    ep 40 it 3500/5004 loss 1.578 1917 img/s
    ep 40 it 4000/5004 loss 1.534 1957 img/s
    ep 40 it 4500/5004 loss 1.731 1987 img/s
    ep 40 it 5000/5004 loss 1.760 2016 img/s
  epoch  40/90  lr 0.0100  loss 1.706  top1 64.23  top5 86.07  (635s, 2017 img/s)
    ep 41 it 0/5004 loss 1.460 337 img/s
    ep 41 it 500/5004 loss 1.855 2327 img/s
    ep 41 it 1000/5004 loss 1.953 2343 img/s
    ep 41 it 1500/5004 loss 1.461 2318 img/s
    ep 41 it 2000/5004 loss 1.579 2317 img/s
    ep 41 it 2500/5004 loss 1.894 2303 img/s
    ep 41 it 3000/5004 loss 1.895 2298 img/s
    ep 41 it 3500/5004 loss 1.791 2298 img/s
    ep 41 it 4000/5004 loss 1.782 2298 img/s
    ep 41 it 4500/5004 loss 1.646 2297 img/s
    ep 41 it 5000/5004 loss 1.978 2300 img/s
  epoch  41/90  lr 0.0100  loss 1.704  top1 64.08  top5 85.95  (557s, 2300 img/s)
    ep 42 it 0/5004 loss 1.998 145 img/s
    ep 42 it 500/5004 loss 1.631 1253 img/s
    ep 42 it 1000/5004 loss 1.739 1410 img/s
    ep 42 it 1500/5004 loss 1.547 1563 img/s
    ep 42 it 2000/5004 loss 1.442 1690 img/s
    ep 42 it 2500/5004 loss 1.797 1793 img/s
    ep 42 it 3000/5004 loss 1.669 1861 img/s
    ep 42 it 3500/5004 loss 1.680 1913 img/s
    ep 42 it 4000/5004 loss 1.901 1959 img/s
    ep 42 it 4500/5004 loss 1.661 1995 img/s
    ep 42 it 5000/5004 loss 1.793 2026 img/s
  epoch  42/90  lr 0.0100  loss 1.706  top1 63.45  top5 85.83  (632s, 2027 img/s)
    ep 43 it 0/5004 loss 1.660 298 img/s
    ep 43 it 500/5004 loss 1.562 2284 img/s
    ep 43 it 1000/5004 loss 1.835 2319 img/s
    ep 43 it 1500/5004 loss 1.537 2317 img/s
    ep 43 it 2000/5004 loss 1.574 2309 img/s
    ep 43 it 2500/5004 loss 1.679 2309 img/s
    ep 43 it 3000/5004 loss 1.862 2304 img/s
    ep 43 it 3500/5004 loss 1.772 2315 img/s
    ep 43 it 4000/5004 loss 1.674 2323 img/s
    ep 43 it 4500/5004 loss 1.663 2317 img/s
    ep 43 it 5000/5004 loss 1.779 2317 img/s
  epoch  43/90  lr 0.0100  loss 1.707  top1 63.84  top5 85.88  (553s, 2317 img/s)
    ep 44 it 0/5004 loss 1.832 146 img/s
    ep 44 it 500/5004 loss 1.841 1223 img/s
    ep 44 it 1000/5004 loss 1.917 1393 img/s
    ep 44 it 1500/5004 loss 1.819 1545 img/s
    ep 44 it 2000/5004 loss 1.861 1672 img/s
    ep 44 it 2500/5004 loss 1.778 1767 img/s
    ep 44 it 3000/5004 loss 1.704 1837 img/s
    ep 44 it 3500/5004 loss 1.511 1895 img/s
    ep 44 it 4000/5004 loss 1.903 1941 img/s
    ep 44 it 4500/5004 loss 1.741 1978 img/s
    ep 44 it 5000/5004 loss 1.568 2008 img/s
  epoch  44/90  lr 0.0100  loss 1.706  top1 63.61  top5 85.75  (638s, 2008 img/s)
    ep 45 it 0/5004 loss 1.659 290 img/s
    ep 45 it 500/5004 loss 1.541 2291 img/s
    ep 45 it 1000/5004 loss 1.561 2289 img/s
    ep 45 it 1500/5004 loss 1.833 2292 img/s
    ep 45 it 2000/5004 loss 1.667 2298 img/s
    ep 45 it 2500/5004 loss 2.109 2312 img/s
    ep 45 it 3000/5004 loss 1.665 2305 img/s
    ep 45 it 3500/5004 loss 1.813 2302 img/s
    ep 45 it 4000/5004 loss 1.423 2308 img/s
    ep 45 it 4500/5004 loss 1.532 2314 img/s
    ep 45 it 5000/5004 loss 1.761 2316 img/s
  epoch  45/90  lr 0.0100  loss 1.705  top1 64.02  top5 85.64  (553s, 2316 img/s)
    ep 46 it 0/5004 loss 1.676 145 img/s
    ep 46 it 500/5004 loss 1.755 1318 img/s
    ep 46 it 1000/5004 loss 1.630 1484 img/s
    ep 46 it 1500/5004 loss 1.740 1635 img/s
    ep 46 it 2000/5004 loss 1.543 1757 img/s
    ep 46 it 2500/5004 loss 1.627 1845 img/s
    ep 46 it 3000/5004 loss 1.610 1911 img/s
    ep 46 it 3500/5004 loss 1.638 1962 img/s
    ep 46 it 4000/5004 loss 1.779 2004 img/s
    ep 46 it 4500/5004 loss 1.613 2036 img/s
    ep 46 it 5000/5004 loss 1.789 2063 img/s
  epoch  46/90  lr 0.0100  loss 1.707  top1 63.59  top5 85.48  (621s, 2063 img/s)
    ep 47 it 0/5004 loss 1.693 252 img/s
    ep 47 it 500/5004 loss 1.672 2216 img/s
    ep 47 it 1000/5004 loss 1.729 2274 img/s
    ep 47 it 1500/5004 loss 1.931 2286 img/s
    ep 47 it 2000/5004 loss 1.803 2302 img/s
    ep 47 it 2500/5004 loss 1.565 2307 img/s
    ep 47 it 3000/5004 loss 1.741 2308 img/s
    ep 47 it 3500/5004 loss 1.684 2311 img/s
    ep 47 it 4000/5004 loss 1.758 2311 img/s
    ep 47 it 4500/5004 loss 1.659 2306 img/s
    ep 47 it 5000/5004 loss 1.757 2310 img/s
  epoch  47/90  lr 0.0100  loss 1.707  top1 63.46  top5 85.60  (554s, 2310 img/s)
    ep 48 it 0/5004 loss 1.804 364 img/s
    ep 48 it 500/5004 loss 1.839 1490 img/s
    ep 48 it 1000/5004 loss 1.821 1455 img/s
    ep 48 it 1500/5004 loss 1.662 1562 img/s
    ep 48 it 2000/5004 loss 1.828 1679 img/s
    ep 48 it 2500/5004 loss 1.749 1773 img/s
    ep 48 it 3000/5004 loss 1.480 1839 img/s
    ep 48 it 3500/5004 loss 1.765 1892 img/s
    ep 48 it 4000/5004 loss 1.839 1933 img/s
    ep 48 it 4500/5004 loss 1.539 1976 img/s
    ep 48 it 5000/5004 loss 1.508 2009 img/s
  epoch  48/90  lr 0.0100  loss 1.708  top1 63.91  top5 86.05  (637s, 2010 img/s)
    ep 49 it 0/5004 loss 1.752 303 img/s
    ep 49 it 500/5004 loss 1.642 2253 img/s
    ep 49 it 1000/5004 loss 1.558 2263 img/s
    ep 49 it 1500/5004 loss 1.752 2271 img/s
    ep 49 it 2000/5004 loss 1.731 2308 img/s
    ep 49 it 2500/5004 loss 1.776 2319 img/s
    ep 49 it 3000/5004 loss 1.682 2309 img/s
    ep 49 it 3500/5004 loss 1.622 2311 img/s
    ep 49 it 4000/5004 loss 1.662 2308 img/s
    ep 49 it 4500/5004 loss 1.869 2309 img/s
    ep 49 it 5000/5004 loss 1.788 2312 img/s
  epoch  49/90  lr 0.0100  loss 1.706  top1 63.00  top5 85.20  (554s, 2312 img/s)
    ep 50 it 0/5004 loss 1.785 165 img/s
    ep 50 it 500/5004 loss 1.742 1402 img/s
    ep 50 it 1000/5004 loss 1.737 1570 img/s
    ep 50 it 1500/5004 loss 1.843 1710 img/s
    ep 50 it 2000/5004 loss 1.705 1827 img/s
    ep 50 it 2500/5004 loss 1.867 1906 img/s
    ep 50 it 3000/5004 loss 1.539 1964 img/s
    ep 50 it 3500/5004 loss 1.604 2007 img/s
    ep 50 it 4000/5004 loss 1.698 2042 img/s
    ep 50 it 4500/5004 loss 1.580 2073 img/s
    ep 50 it 5000/5004 loss 1.754 2092 img/s
  epoch  50/90  lr 0.0100  loss 1.705  top1 63.59  top5 85.74  (612s, 2092 img/s)
    ep 51 it 0/5004 loss 1.694 247 img/s
    ep 51 it 500/5004 loss 1.767 2242 img/s
    ep 51 it 1000/5004 loss 1.422 2262 img/s
    ep 51 it 1500/5004 loss 1.747 2275 img/s
    ep 51 it 2000/5004 loss 1.745 2283 img/s
    ep 51 it 2500/5004 loss 1.778 2285 img/s
    ep 51 it 3000/5004 loss 1.848 2277 img/s
    ep 51 it 3500/5004 loss 1.702 2284 img/s
    ep 51 it 4000/5004 loss 1.438 2284 img/s
    ep 51 it 4500/5004 loss 1.635 2290 img/s
    ep 51 it 5000/5004 loss 1.791 2289 img/s
  epoch  51/90  lr 0.0100  loss 1.705  top1 63.67  top5 85.61  (560s, 2289 img/s)
    ep 52 it 0/5004 loss 1.602 158 img/s
    ep 52 it 500/5004 loss 1.718 1381 img/s
    ep 52 it 1000/5004 loss 1.587 1552 img/s
    ep 52 it 1500/5004 loss 1.669 1698 img/s
    ep 52 it 2000/5004 loss 1.789 1807 img/s
    ep 52 it 2500/5004 loss 1.763 1889 img/s
    ep 52 it 3000/5004 loss 2.047 1947 img/s
    ep 52 it 3500/5004 loss 1.653 1989 img/s
    ep 52 it 4000/5004 loss 1.716 2019 img/s
    ep 52 it 4500/5004 loss 1.824 2054 img/s
    ep 52 it 5000/5004 loss 1.548 2082 img/s
  epoch  52/90  lr 0.0100  loss 1.700  top1 63.55  top5 85.68  (615s, 2082 img/s)
    ep 53 it 0/5004 loss 1.535 375 img/s
    ep 53 it 500/5004 loss 1.858 2195 img/s
    ep 53 it 1000/5004 loss 1.718 2244 img/s
    ep 53 it 1500/5004 loss 1.821 2273 img/s
    ep 53 it 2000/5004 loss 1.953 2291 img/s
    ep 53 it 2500/5004 loss 1.687 2294 img/s
    ep 53 it 3000/5004 loss 1.740 2288 img/s
    ep 53 it 3500/5004 loss 1.869 2288 img/s
    ep 53 it 4000/5004 loss 1.635 2288 img/s
    ep 53 it 4500/5004 loss 1.917 2283 img/s
    ep 53 it 5000/5004 loss 1.569 2281 img/s
  epoch  53/90  lr 0.0100  loss 1.702  top1 63.59  top5 85.61  (561s, 2282 img/s)
    ep 54 it 0/5004 loss 1.586 164 img/s
    ep 54 it 500/5004 loss 1.653 1430 img/s
    ep 54 it 1000/5004 loss 1.649 1599 img/s
    ep 54 it 1500/5004 loss 2.025 1741 img/s
    ep 54 it 2000/5004 loss 1.704 1844 img/s
    ep 54 it 2500/5004 loss 1.924 1928 img/s
    ep 54 it 3000/5004 loss 1.859 1979 img/s
    ep 54 it 3500/5004 loss 1.552 2022 img/s
    ep 54 it 4000/5004 loss 1.729 2052 img/s
    ep 54 it 4500/5004 loss 1.802 2075 img/s
    ep 54 it 5000/5004 loss 1.713 2103 img/s
  epoch  54/90  lr 0.0100  loss 1.697  top1 63.48  top5 85.62  (609s, 2104 img/s)
    ep 55 it 0/5004 loss 1.693 357 img/s
    ep 55 it 500/5004 loss 1.777 2231 img/s
    ep 55 it 1000/5004 loss 1.454 2267 img/s
    ep 55 it 1500/5004 loss 1.597 2290 img/s
    ep 55 it 2000/5004 loss 1.762 2302 img/s
    ep 55 it 2500/5004 loss 1.803 2299 img/s
    ep 55 it 3000/5004 loss 1.734 2305 img/s
    ep 55 it 3500/5004 loss 1.818 2314 img/s
    ep 55 it 4000/5004 loss 1.653 2306 img/s
    ep 55 it 4500/5004 loss 1.491 2306 img/s
    ep 55 it 5000/5004 loss 1.613 2306 img/s
  epoch  55/90  lr 0.0100  loss 1.698  top1 63.20  top5 85.35  (555s, 2306 img/s)
    ep 56 it 0/5004 loss 1.596 206 img/s
    ep 56 it 500/5004 loss 1.782 1758 img/s
    ep 56 it 1000/5004 loss 1.939 1900 img/s
    ep 56 it 1500/5004 loss 1.877 2001 img/s
    ep 56 it 2000/5004 loss 1.633 2083 img/s
    ep 56 it 2500/5004 loss 1.883 2138 img/s
    ep 56 it 3000/5004 loss 1.864 2176 img/s
    ep 56 it 3500/5004 loss 1.803 2199 img/s
    ep 56 it 4000/5004 loss 1.671 2219 img/s
    ep 56 it 4500/5004 loss 1.511 2232 img/s
    ep 56 it 5000/5004 loss 1.662 2246 img/s
  epoch  56/90  lr 0.0100  loss 1.693  top1 63.39  top5 85.37  (570s, 2247 img/s)
    ep 57 it 0/5004 loss 1.645 342 img/s
    ep 57 it 500/5004 loss 1.749 2280 img/s
    ep 57 it 1000/5004 loss 1.647 2288 img/s
    ep 57 it 1500/5004 loss 1.630 2327 img/s
    ep 57 it 2000/5004 loss 1.687 2351 img/s
    ep 57 it 2500/5004 loss 1.575 2366 img/s
    ep 57 it 3000/5004 loss 1.782 2363 img/s
    ep 57 it 3500/5004 loss 1.584 2360 img/s
    ep 57 it 4000/5004 loss 1.776 2371 img/s
    ep 57 it 4500/5004 loss 1.633 2366 img/s
    ep 57 it 5000/5004 loss 1.816 2371 img/s
  epoch  57/90  lr 0.0100  loss 1.690  top1 63.18  top5 85.10  (540s, 2372 img/s)
    ep 58 it 0/5004 loss 1.626 295 img/s
    ep 58 it 500/5004 loss 1.607 1749 img/s
    ep 58 it 1000/5004 loss 1.557 1885 img/s
    ep 58 it 1500/5004 loss 1.774 1994 img/s
    ep 58 it 2000/5004 loss 1.754 2076 img/s
    ep 58 it 2500/5004 loss 1.811 2121 img/s
    ep 58 it 3000/5004 loss 1.671 2159 img/s
    ep 58 it 3500/5004 loss 1.755 2197 img/s
    ep 58 it 4000/5004 loss 1.633 2218 img/s
    ep 58 it 4500/5004 loss 1.676 2231 img/s
    ep 58 it 5000/5004 loss 1.761 2240 img/s
  epoch  58/90  lr 0.0100  loss 1.690  top1 63.06  top5 85.51  (572s, 2240 img/s)
    ep 59 it 0/5004 loss 1.527 324 img/s
    ep 59 it 500/5004 loss 1.498 2273 img/s
    ep 59 it 1000/5004 loss 1.459 2316 img/s
    ep 59 it 1500/5004 loss 1.719 2329 img/s
    ep 59 it 2000/5004 loss 1.743 2337 img/s
    ep 59 it 2500/5004 loss 1.631 2334 img/s
    ep 59 it 3000/5004 loss 1.641 2337 img/s
    ep 59 it 3500/5004 loss 1.599 2341 img/s
    ep 59 it 4000/5004 loss 1.933 2336 img/s
    ep 59 it 4500/5004 loss 1.501 2338 img/s
    ep 59 it 5000/5004 loss 1.805 2337 img/s
  epoch  59/90  lr 0.0100  loss 1.687  top1 63.57  top5 85.65  (548s, 2337 img/s)
    ep 60 it 0/5004 loss 1.639 322 img/s
    ep 60 it 500/5004 loss 1.792 2171 img/s
    ep 60 it 1000/5004 loss 1.729 2261 img/s
    ep 60 it 1500/5004 loss 1.604 2295 img/s
    ep 60 it 2000/5004 loss 1.766 2322 img/s
    ep 60 it 2500/5004 loss 1.613 2330 img/s
    ep 60 it 3000/5004 loss 1.765 2332 img/s
    ep 60 it 3500/5004 loss 1.745 2335 img/s
    ep 60 it 4000/5004 loss 1.612 2330 img/s
    ep 60 it 4500/5004 loss 1.644 2333 img/s
    ep 60 it 5000/5004 loss 1.865 2335 img/s
  epoch  60/90  lr 0.0100  loss 1.688  top1 62.44  top5 84.89  (548s, 2336 img/s)
    ep 61 it 0/5004 loss 1.707 240 img/s
    ep 61 it 500/5004 loss 1.779 2224 img/s
    ep 61 it 1000/5004 loss 1.375 2270 img/s
    ep 61 it 1500/5004 loss 1.696 2306 img/s
    ep 61 it 2000/5004 loss 1.725 2305 img/s
    ep 61 it 2500/5004 loss 1.504 2307 img/s
    ep 61 it 3000/5004 loss 1.448 2313 img/s
    ep 61 it 3500/5004 loss 1.677 2316 img/s
    ep 61 it 4000/5004 loss 1.438 2315 img/s
    ep 61 it 4500/5004 loss 1.293 2315 img/s
    ep 61 it 5000/5004 loss 1.461 2318 img/s
  epoch  61/90  lr 0.0010  loss 1.496  top1 67.52  top5 88.07  (553s, 2318 img/s)
    ep 62 it 0/5004 loss 1.603 158 img/s
    ep 62 it 500/5004 loss 1.273 1342 img/s
    ep 62 it 1000/5004 loss 1.399 1515 img/s
    ep 62 it 1500/5004 loss 1.448 1675 img/s
    ep 62 it 2000/5004 loss 1.452 1787 img/s
    ep 62 it 2500/5004 loss 1.474 1873 img/s
    ep 62 it 3000/5004 loss 1.259 1942 img/s
    ep 62 it 3500/5004 loss 1.319 1987 img/s
    ep 62 it 4000/5004 loss 1.402 2024 img/s
    ep 62 it 4500/5004 loss 1.569 2053 img/s
    ep 62 it 5000/5004 loss 1.444 2078 img/s
  epoch  62/90  lr 0.0010  loss 1.453  top1 67.90  top5 88.17  (616s, 2078 img/s)
    ep 63 it 0/5004 loss 1.481 398 img/s
    ep 63 it 500/5004 loss 1.393 2233 img/s
    ep 63 it 1000/5004 loss 1.442 2270 img/s
    ep 63 it 1500/5004 loss 1.408 2300 img/s
    ep 63 it 2000/5004 loss 1.450 2302 img/s
    ep 63 it 2500/5004 loss 1.412 2305 img/s
    ep 63 it 3000/5004 loss 1.372 2308 img/s
    ep 63 it 3500/5004 loss 1.457 2312 img/s
    ep 63 it 4000/5004 loss 1.418 2317 img/s
    ep 63 it 4500/5004 loss 1.583 2320 img/s
    ep 63 it 5000/5004 loss 1.402 2330 img/s
  epoch  63/90  lr 0.0010  loss 1.428  top1 68.02  top5 88.22  (550s, 2330 img/s)
    ep 64 it 0/5004 loss 1.453 142 img/s
    ep 64 it 500/5004 loss 1.333 1374 img/s
    ep 64 it 1000/5004 loss 1.327 1553 img/s
    ep 64 it 1500/5004 loss 1.253 1707 img/s
    ep 64 it 2000/5004 loss 1.516 1820 img/s
    ep 64 it 2500/5004 loss 1.445 1901 img/s
    ep 64 it 3000/5004 loss 1.553 1954 img/s
    ep 64 it 3500/5004 loss 1.396 1999 img/s
    ep 64 it 4000/5004 loss 1.374 2032 img/s
    ep 64 it 4500/5004 loss 1.416 2062 img/s
    ep 64 it 5000/5004 loss 1.596 2085 img/s
  epoch  64/90  lr 0.0010  loss 1.420  top1 68.28  top5 88.57  (614s, 2086 img/s)
    ep 65 it 0/5004 loss 1.518 353 img/s
    ep 65 it 500/5004 loss 1.496 2241 img/s
    ep 65 it 1000/5004 loss 1.309 2269 img/s
    ep 65 it 1500/5004 loss 1.415 2310 img/s
    ep 65 it 2000/5004 loss 1.437 2307 img/s
    ep 65 it 2500/5004 loss 1.458 2313 img/s
    ep 65 it 3000/5004 loss 1.541 2317 img/s
    ep 65 it 3500/5004 loss 1.336 2311 img/s
    ep 65 it 4000/5004 loss 1.298 2317 img/s
    ep 65 it 4500/5004 loss 1.485 2320 img/s
    ep 65 it 5000/5004 loss 1.387 2328 img/s
  epoch  65/90  lr 0.0010  loss 1.410  top1 68.34  top5 88.47  (550s, 2328 img/s)
    ep 66 it 0/5004 loss 1.644 176 img/s
    ep 66 it 500/5004 loss 1.403 1442 img/s
    ep 66 it 1000/5004 loss 1.374 1603 img/s
    ep 66 it 1500/5004 loss 1.252 1745 img/s
    ep 66 it 2000/5004 loss 1.418 1854 img/s
    ep 66 it 2500/5004 loss 1.210 1938 img/s
    ep 66 it 3000/5004 loss 1.336 1993 img/s
    ep 66 it 3500/5004 loss 1.411 2037 img/s
    ep 66 it 4000/5004 loss 1.337 2073 img/s
    ep 66 it 4500/5004 loss 1.766 2104 img/s
    ep 66 it 5000/5004 loss 1.298 2133 img/s
  epoch  66/90  lr 0.0010  loss 1.403  top1 68.28  top5 88.45  (601s, 2133 img/s)
    ep 67 it 0/5004 loss 1.463 353 img/s
    ep 67 it 500/5004 loss 1.480 2230 img/s
    ep 67 it 1000/5004 loss 1.464 2288 img/s
    ep 67 it 1500/5004 loss 1.414 2306 img/s
    ep 67 it 2000/5004 loss 1.388 2313 img/s
    ep 67 it 2500/5004 loss 1.257 2305 img/s
    ep 67 it 3000/5004 loss 1.468 2309 img/s
    ep 67 it 3500/5004 loss 1.504 2307 img/s
    ep 67 it 4000/5004 loss 1.370 2310 img/s
    ep 67 it 4500/5004 loss 1.643 2311 img/s
    ep 67 it 5000/5004 loss 1.472 2305 img/s
  epoch  67/90  lr 0.0010  loss 1.396  top1 68.33  top5 88.56  (556s, 2305 img/s)
    ep 68 it 0/5004 loss 1.302 183 img/s
    ep 68 it 500/5004 loss 1.516 1466 img/s
    ep 68 it 1000/5004 loss 1.360 1645 img/s
    ep 68 it 1500/5004 loss 1.373 1790 img/s
    ep 68 it 2000/5004 loss 1.507 1898 img/s
    ep 68 it 2500/5004 loss 1.385 1971 img/s
    ep 68 it 3000/5004 loss 1.300 2021 img/s
    ep 68 it 3500/5004 loss 1.464 2056 img/s
    ep 68 it 4000/5004 loss 1.364 2083 img/s
    ep 68 it 4500/5004 loss 1.264 2107 img/s
    ep 68 it 5000/5004 loss 1.327 2135 img/s
  epoch  68/90  lr 0.0010  loss 1.389  top1 68.42  top5 88.58  (600s, 2135 img/s)
    ep 69 it 0/5004 loss 1.512 271 img/s
    ep 69 it 500/5004 loss 1.427 2220 img/s
    ep 69 it 1000/5004 loss 1.588 2292 img/s
    ep 69 it 1500/5004 loss 1.351 2302 img/s
    ep 69 it 2000/5004 loss 1.336 2299 img/s
    ep 69 it 2500/5004 loss 1.397 2295 img/s
    ep 69 it 3000/5004 loss 1.335 2286 img/s
    ep 69 it 3500/5004 loss 1.458 2288 img/s
    ep 69 it 4000/5004 loss 1.453 2285 img/s
    ep 69 it 4500/5004 loss 1.423 2291 img/s
    ep 69 it 5000/5004 loss 1.367 2302 img/s
  epoch  69/90  lr 0.0010  loss 1.383  top1 68.78  top5 88.68  (556s, 2302 img/s)
    ep 70 it 0/5004 loss 1.449 185 img/s
    ep 70 it 500/5004 loss 1.290 1374 img/s
    ep 70 it 1000/5004 loss 1.475 1550 img/s
    ep 70 it 1500/5004 loss 1.231 1700 img/s
    ep 70 it 2000/5004 loss 1.216 1815 img/s
    ep 70 it 2500/5004 loss 1.317 1897 img/s
    ep 70 it 3000/5004 loss 1.581 1964 img/s
    ep 70 it 3500/5004 loss 1.376 2011 img/s
    ep 70 it 4000/5004 loss 1.205 2043 img/s
    ep 70 it 4500/5004 loss 1.297 2070 img/s
    ep 70 it 5000/5004 loss 1.280 2102 img/s
  epoch  70/90  lr 0.0010  loss 1.378  top1 68.61  top5 88.71  (609s, 2103 img/s)
    ep 71 it 0/5004 loss 1.469 440 img/s
    ep 71 it 500/5004 loss 1.444 2213 img/s
    ep 71 it 1000/5004 loss 1.418 2256 img/s
    ep 71 it 1500/5004 loss 1.433 2273 img/s
    ep 71 it 2000/5004 loss 1.524 2275 img/s
    ep 71 it 2500/5004 loss 1.264 2280 img/s
    ep 71 it 3000/5004 loss 1.326 2282 img/s
    ep 71 it 3500/5004 loss 1.457 2289 img/s
    ep 71 it 4000/5004 loss 1.593 2289 img/s
    ep 71 it 4500/5004 loss 1.196 2301 img/s
    ep 71 it 5000/5004 loss 1.569 2308 img/s
  epoch  71/90  lr 0.0010  loss 1.374  top1 68.63  top5 88.72  (555s, 2308 img/s)
    ep 72 it 0/5004 loss 1.500 166 img/s
    ep 72 it 500/5004 loss 1.495 1337 img/s
    ep 72 it 1000/5004 loss 1.548 1508 img/s
    ep 72 it 1500/5004 loss 1.311 1670 img/s
    ep 72 it 2000/5004 loss 1.244 1788 img/s
    ep 72 it 2500/5004 loss 1.354 1866 img/s
    ep 72 it 3000/5004 loss 1.475 1937 img/s
    ep 72 it 3500/5004 loss 1.322 1984 img/s
    ep 72 it 4000/5004 loss 1.465 2023 img/s
    ep 72 it 4500/5004 loss 1.319 2053 img/s
    ep 72 it 5000/5004 loss 1.192 2073 img/s
  epoch  72/90  lr 0.0010  loss 1.372  top1 68.55  top5 88.81  (618s, 2074 img/s)
    ep 73 it 0/5004 loss 1.327 291 img/s
    ep 73 it 500/5004 loss 1.263 2172 img/s
    ep 73 it 1000/5004 loss 1.337 2239 img/s
    ep 73 it 1500/5004 loss 1.451 2251 img/s
    ep 73 it 2000/5004 loss 1.301 2260 img/s
    ep 73 it 2500/5004 loss 1.313 2265 img/s
    ep 73 it 3000/5004 loss 1.349 2274 img/s
    ep 73 it 3500/5004 loss 1.397 2290 img/s
    ep 73 it 4000/5004 loss 1.375 2303 img/s
    ep 73 it 4500/5004 loss 1.348 2297 img/s
    ep 73 it 5000/5004 loss 1.340 2299 img/s
  epoch  73/90  lr 0.0010  loss 1.369  top1 68.75  top5 88.76  (557s, 2300 img/s)
    ep 74 it 0/5004 loss 1.229 133 img/s
    ep 74 it 500/5004 loss 1.516 1348 img/s
    ep 74 it 1000/5004 loss 1.516 1531 img/s
    ep 74 it 1500/5004 loss 1.278 1692 img/s
    ep 74 it 2000/5004 loss 1.475 1806 img/s
    ep 74 it 2500/5004 loss 1.373 1893 img/s
    ep 74 it 3000/5004 loss 1.446 1958 img/s
    ep 74 it 3500/5004 loss 1.355 2005 img/s
    ep 74 it 4000/5004 loss 1.359 2040 img/s
    ep 74 it 4500/5004 loss 1.249 2071 img/s
    ep 74 it 5000/5004 loss 1.380 2099 img/s
  epoch  74/90  lr 0.0010  loss 1.365  top1 68.75  top5 88.78  (610s, 2099 img/s)
    ep 75 it 0/5004 loss 1.792 311 img/s
    ep 75 it 500/5004 loss 1.381 2231 img/s
    ep 75 it 1000/5004 loss 1.278 2247 img/s
    ep 75 it 1500/5004 loss 1.221 2262 img/s
    ep 75 it 2000/5004 loss 1.228 2275 img/s
    ep 75 it 2500/5004 loss 1.412 2286 img/s
    ep 75 it 3000/5004 loss 1.423 2292 img/s
    ep 75 it 3500/5004 loss 1.383 2289 img/s
    ep 75 it 4000/5004 loss 1.201 2290 img/s
    ep 75 it 4500/5004 loss 1.464 2292 img/s
    ep 75 it 5000/5004 loss 1.490 2303 img/s
  epoch  75/90  lr 0.0010  loss 1.359  top1 68.53  top5 88.70  (556s, 2303 img/s)
    ep 76 it 0/5004 loss 1.182 241 img/s
    ep 76 it 500/5004 loss 1.392 1720 img/s
    ep 76 it 1000/5004 loss 1.258 1879 img/s
    ep 76 it 1500/5004 loss 1.238 1990 img/s
    ep 76 it 2000/5004 loss 1.322 2055 img/s
    ep 76 it 2500/5004 loss 1.406 2110 img/s
    ep 76 it 3000/5004 loss 1.458 2146 img/s
    ep 76 it 3500/5004 loss 1.609 2168 img/s
    ep 76 it 4000/5004 loss 1.295 2197 img/s
    ep 76 it 4500/5004 loss 1.415 2214 img/s
    ep 76 it 5000/5004 loss 1.210 2227 img/s
  epoch  76/90  lr 0.0010  loss 1.357  top1 68.86  top5 88.78  (575s, 2228 img/s)
    ep 77 it 0/5004 loss 1.201 301 img/s
    ep 77 it 500/5004 loss 1.428 2232 img/s
    ep 77 it 1000/5004 loss 1.430 2294 img/s
    ep 77 it 1500/5004 loss 1.405 2287 img/s
    ep 77 it 2000/5004 loss 1.291 2300 img/s
    ep 77 it 2500/5004 loss 1.455 2300 img/s
    ep 77 it 3000/5004 loss 1.126 2293 img/s
    ep 77 it 3500/5004 loss 1.394 2298 img/s
    ep 77 it 4000/5004 loss 1.258 2304 img/s
    ep 77 it 4500/5004 loss 1.198 2305 img/s
    ep 77 it 5000/5004 loss 1.250 2307 img/s
  epoch  77/90  lr 0.0010  loss 1.353  top1 68.73  top5 88.69  (555s, 2307 img/s)
    ep 78 it 0/5004 loss 1.539 163 img/s
    ep 78 it 500/5004 loss 1.469 1414 img/s
    ep 78 it 1000/5004 loss 1.418 1592 img/s
    ep 78 it 1500/5004 loss 1.411 1731 img/s
    ep 78 it 2000/5004 loss 1.329 1845 img/s
    ep 78 it 2500/5004 loss 1.428 1931 img/s
    ep 78 it 3000/5004 loss 1.237 1991 img/s
    ep 78 it 3500/5004 loss 1.057 2033 img/s
    ep 78 it 4000/5004 loss 1.464 2063 img/s
    ep 78 it 4500/5004 loss 1.326 2091 img/s
    ep 78 it 5000/5004 loss 1.386 2111 img/s
  epoch  78/90  lr 0.0010  loss 1.350  top1 68.80  top5 88.80  (607s, 2111 img/s)
    ep 79 it 0/5004 loss 1.252 312 img/s
    ep 79 it 500/5004 loss 1.362 2228 img/s
    ep 79 it 1000/5004 loss 1.362 2276 img/s
    ep 79 it 1500/5004 loss 1.150 2304 img/s
    ep 79 it 2000/5004 loss 1.274 2315 img/s
    ep 79 it 2500/5004 loss 1.321 2309 img/s
    ep 79 it 3000/5004 loss 1.457 2315 img/s
    ep 79 it 3500/5004 loss 1.334 2322 img/s
    ep 79 it 4000/5004 loss 1.277 2323 img/s
    ep 79 it 4500/5004 loss 1.296 2315 img/s
    ep 79 it 5000/5004 loss 1.290 2314 img/s
  epoch  79/90  lr 0.0010  loss 1.347  top1 68.79  top5 88.72  (554s, 2314 img/s)
    ep 80 it 0/5004 loss 1.364 203 img/s
    ep 80 it 500/5004 loss 1.263 1660 img/s
    ep 80 it 1000/5004 loss 1.543 1820 img/s
    ep 80 it 1500/5004 loss 1.225 1938 img/s
    ep 80 it 2000/5004 loss 1.236 2013 img/s
    ep 80 it 2500/5004 loss 1.194 2069 img/s
    ep 80 it 3000/5004 loss 1.089 2108 img/s
    ep 80 it 3500/5004 loss 1.400 2133 img/s
    ep 80 it 4000/5004 loss 1.340 2158 img/s
    ep 80 it 4500/5004 loss 1.389 2179 img/s
    ep 80 it 5000/5004 loss 1.245 2192 img/s
  epoch  80/90  lr 0.0010  loss 1.345  top1 68.97  top5 88.79  (584s, 2193 img/s)
    ep 81 it 0/5004 loss 1.477 371 img/s
    ep 81 it 500/5004 loss 1.193 2214 img/s
    ep 81 it 1000/5004 loss 1.342 2235 img/s
    ep 81 it 1500/5004 loss 1.131 2277 img/s
    ep 81 it 2000/5004 loss 1.266 2294 img/s
    ep 81 it 2500/5004 loss 1.289 2296 img/s
    ep 81 it 3000/5004 loss 1.339 2300 img/s
    ep 81 it 3500/5004 loss 1.399 2305 img/s
    ep 81 it 4000/5004 loss 1.328 2307 img/s
    ep 81 it 4500/5004 loss 1.156 2307 img/s
    ep 81 it 5000/5004 loss 1.280 2309 img/s
  epoch  81/90  lr 0.0010  loss 1.344  top1 68.88  top5 88.68  (555s, 2309 img/s)
    ep 82 it 0/5004 loss 1.544 185 img/s
    ep 82 it 500/5004 loss 1.471 1447 img/s
    ep 82 it 1000/5004 loss 1.150 1615 img/s
    ep 82 it 1500/5004 loss 1.316 1758 img/s
    ep 82 it 2000/5004 loss 1.228 1866 img/s
    ep 82 it 2500/5004 loss 1.461 1946 img/s
    ep 82 it 3000/5004 loss 1.493 1997 img/s
    ep 82 it 3500/5004 loss 1.365 2039 img/s
    ep 82 it 4000/5004 loss 1.324 2066 img/s
    ep 82 it 4500/5004 loss 1.453 2088 img/s
    ep 82 it 5000/5004 loss 1.544 2117 img/s
  epoch  82/90  lr 0.0010  loss 1.340  top1 68.91  top5 88.78  (605s, 2117 img/s)
    ep 83 it 0/5004 loss 1.197 267 img/s
    ep 83 it 500/5004 loss 1.266 2250 img/s
    ep 83 it 1000/5004 loss 1.410 2290 img/s
    ep 83 it 1500/5004 loss 1.266 2293 img/s
    ep 83 it 2000/5004 loss 1.415 2289 img/s
    ep 83 it 2500/5004 loss 1.284 2300 img/s
    ep 83 it 3000/5004 loss 1.491 2302 img/s
    ep 83 it 3500/5004 loss 1.237 2308 img/s
    ep 83 it 4000/5004 loss 1.320 2305 img/s
    ep 83 it 4500/5004 loss 1.421 2302 img/s
    ep 83 it 5000/5004 loss 1.335 2281 img/s
  epoch  83/90  lr 0.0010  loss 1.338  top1 69.04  top5 88.87  (562s, 2281 img/s)
    ep 84 it 0/5004 loss 1.341 319 img/s
    ep 84 it 500/5004 loss 1.277 2182 img/s
    ep 84 it 1000/5004 loss 1.231 2212 img/s
    ep 84 it 1500/5004 loss 1.102 2237 img/s
    ep 84 it 2000/5004 loss 1.263 2255 img/s
    ep 84 it 2500/5004 loss 1.261 2270 img/s
    ep 84 it 3000/5004 loss 1.286 2278 img/s
    ep 84 it 3500/5004 loss 1.355 2281 img/s
    ep 84 it 4000/5004 loss 1.517 2275 img/s
    ep 84 it 4500/5004 loss 1.330 2280 img/s
    ep 84 it 5000/5004 loss 1.511 2283 img/s
  epoch  84/90  lr 0.0010  loss 1.338  top1 68.78  top5 88.72  (561s, 2284 img/s)
    ep 85 it 0/5004 loss 1.384 169 img/s
    ep 85 it 500/5004 loss 1.223 1345 img/s
    ep 85 it 1000/5004 loss 1.398 1528 img/s
    ep 85 it 1500/5004 loss 1.346 1677 img/s
    ep 85 it 2000/5004 loss 1.370 1795 img/s
    ep 85 it 2500/5004 loss 1.249 1875 img/s
    ep 85 it 3000/5004 loss 1.378 1933 img/s
    ep 85 it 3500/5004 loss 1.325 1978 img/s
    ep 85 it 4000/5004 loss 1.206 2015 img/s
    ep 85 it 4500/5004 loss 1.338 2046 img/s
    ep 85 it 5000/5004 loss 1.627 2070 img/s
  epoch  85/90  lr 0.0010  loss 1.335  top1 69.00  top5 88.78  (619s, 2070 img/s)
    ep 86 it 0/5004 loss 1.302 400 img/s
    ep 86 it 500/5004 loss 1.458 2172 img/s
    ep 86 it 1000/5004 loss 1.568 2236 img/s
    ep 86 it 1500/5004 loss 0.989 2245 img/s
    ep 86 it 2000/5004 loss 1.060 2270 img/s
    ep 86 it 2500/5004 loss 1.490 2267 img/s
    ep 86 it 3000/5004 loss 1.599 2276 img/s
    ep 86 it 3500/5004 loss 1.372 2279 img/s
    ep 86 it 4000/5004 loss 1.294 2282 img/s
    ep 86 it 4500/5004 loss 1.408 2289 img/s
    ep 86 it 5000/5004 loss 1.219 2292 img/s
  epoch  86/90  lr 0.0010  loss 1.333  top1 68.85  top5 88.79  (559s, 2292 img/s)
    ep 87 it 0/5004 loss 1.375 142 img/s
    ep 87 it 500/5004 loss 1.251 1325 img/s
    ep 87 it 1000/5004 loss 1.139 1513 img/s
    ep 87 it 1500/5004 loss 1.438 1661 img/s
    ep 87 it 2000/5004 loss 1.293 1785 img/s
    ep 87 it 2500/5004 loss 1.303 1877 img/s
    ep 87 it 3000/5004 loss 1.469 1931 img/s
    ep 87 it 3500/5004 loss 1.310 1984 img/s
    ep 87 it 4000/5004 loss 1.420 2022 img/s
    ep 87 it 4500/5004 loss 1.402 2053 img/s
    ep 87 it 5000/5004 loss 1.254 2083 img/s
  epoch  87/90  lr 0.0010  loss 1.330  top1 68.93  top5 88.83  (615s, 2084 img/s)
    ep 88 it 0/5004 loss 1.140 238 img/s
    ep 88 it 500/5004 loss 1.369 2222 img/s
    ep 88 it 1000/5004 loss 1.373 2254 img/s
    ep 88 it 1500/5004 loss 1.096 2262 img/s
    ep 88 it 2000/5004 loss 1.107 2266 img/s
    ep 88 it 2500/5004 loss 1.397 2273 img/s
    ep 88 it 3000/5004 loss 1.489 2274 img/s
    ep 88 it 3500/5004 loss 1.233 2275 img/s
    ep 88 it 4000/5004 loss 1.313 2281 img/s
    ep 88 it 4500/5004 loss 1.260 2291 img/s
    ep 88 it 5000/5004 loss 1.332 2290 img/s
  epoch  88/90  lr 0.0010  loss 1.329  top1 68.96  top5 88.76  (559s, 2291 img/s)
    ep 89 it 0/5004 loss 1.384 200 img/s
    ep 89 it 500/5004 loss 1.168 1663 img/s
    ep 89 it 1000/5004 loss 1.384 1818 img/s
    ep 89 it 1500/5004 loss 1.203 1929 img/s
    ep 89 it 2000/5004 loss 1.286 2013 img/s
    ep 89 it 2500/5004 loss 1.141 2053 img/s
    ep 89 it 3000/5004 loss 1.328 2088 img/s
    ep 89 it 3500/5004 loss 1.271 2119 img/s
    ep 89 it 4000/5004 loss 1.383 2141 img/s
    ep 89 it 4500/5004 loss 1.253 2163 img/s
    ep 89 it 5000/5004 loss 1.521 2181 img/s
  epoch  89/90  lr 0.0010  loss 1.324  top1 68.99  top5 88.83  (587s, 2181 img/s)
    ep 90 it 0/5004 loss 1.244 364 img/s
    ep 90 it 500/5004 loss 1.500 2219 img/s
    ep 90 it 1000/5004 loss 1.212 2272 img/s
    ep 90 it 1500/5004 loss 1.474 2287 img/s
    ep 90 it 2000/5004 loss 1.336 2296 img/s
    ep 90 it 2500/5004 loss 1.394 2298 img/s
    ep 90 it 3000/5004 loss 1.502 2303 img/s
    ep 90 it 3500/5004 loss 1.360 2306 img/s
    ep 90 it 4000/5004 loss 1.176 2303 img/s
    ep 90 it 4500/5004 loss 1.341 2305 img/s
    ep 90 it 5000/5004 loss 1.279 2301 img/s
  epoch  90/90  lr 0.0010  loss 1.323  top1 69.14  top5 88.83  (557s, 2301 img/s)
done {"final_top1": 69.142, "final_top5": 88.83, "params": 11689512, "train_hours": 14.994414195749496}
