schedule: [0, 1, 2, 3, 5, 7, 10, 15, 20, 30, 40, 50, 60, 70, 80, 90, 100]
  [measure] epoch   0  test acc 10.00%  k*(.95)/C median 0.211  rho(depth) -0.85  (95s)
  epoch   1/100  loss 1.417  (49s)
  [measure] epoch   1  test acc 52.11%  k*(.95)/C median 0.633  rho(depth) +0.64  (74s)
  epoch   2/100  loss 0.931  (49s)
  [measure] epoch   2  test acc 63.09%  k*(.95)/C median 0.635  rho(depth) +0.36  (78s)
  epoch   3/100  loss 0.998  (48s)
  [measure] epoch   3  test acc 64.71%  k*(.95)/C median 0.635  rho(depth) +0.07  (71s)
  epoch   4/100  loss 1.042  (48s)
  epoch   5/100  loss 0.702  (49s)
  [measure] epoch   5  test acc 75.15%  k*(.95)/C median 0.609  rho(depth) -0.26  (73s)
  epoch   6/100  loss 0.601  (49s)
  epoch   7/100  loss 0.481  (50s)
  [measure] epoch   7  test acc 79.69%  k*(.95)/C median 0.566  rho(depth) -0.48  (60s)
  epoch   8/100  loss 0.453  (50s)
  epoch   9/100  loss 0.931  (50s)
  epoch  10/100  loss 0.400  (50s)
  [measure] epoch  10  test acc 78.51%  k*(.95)/C median 0.455  rho(depth) -0.46  (51s)
  epoch  11/100  loss 0.585  (48s)
  epoch  12/100  loss 0.267  (46s)
  epoch  13/100  loss 0.420  (50s)
  epoch  14/100  loss 0.545  (50s)
  epoch  15/100  loss 0.316  (50s)
  [measure] epoch  15  test acc 82.75%  k*(.95)/C median 0.324  rho(depth) -0.70  (57s)
  epoch  16/100  loss 0.407  (44s)
  epoch  17/100  loss 0.416  (50s)
  epoch  18/100  loss 0.274  (50s)
  epoch  19/100  loss 0.248  (50s)
  epoch  20/100  loss 0.313  (46s)
  [measure] epoch  20  test acc 82.71%  k*(.95)/C median 0.262  rho(depth) -0.75  (64s)
  epoch  21/100  loss 0.267  (49s)
  epoch  22/100  loss 0.265  (49s)
  epoch  23/100  loss 0.402  (49s)
  epoch  24/100  loss 0.265  (50s)
  epoch  25/100  loss 0.166  (49s)
  epoch  26/100  loss 0.279  (49s)
  epoch  27/100  loss 0.405  (49s)
  epoch  28/100  loss 0.341  (48s)
  epoch  29/100  loss 0.386  (49s)
  epoch  30/100  loss 0.366  (43s)
  [measure] epoch  30  test acc 85.54%  k*(.95)/C median 0.281  rho(depth) -0.69  (59s)
  epoch  31/100  loss 0.291  (48s)
  epoch  32/100  loss 0.185  (49s)
  epoch  33/100  loss 0.203  (49s)
  epoch  34/100  loss 0.333  (49s)
  epoch  35/100  loss 0.265  (49s)
  epoch  36/100  loss 0.316  (49s)
  epoch  37/100  loss 0.226  (49s)
  epoch  38/100  loss 0.297  (49s)
  epoch  39/100  loss 0.163  (49s)
  epoch  40/100  loss 0.258  (42s)
  [measure] epoch  40  test acc 86.51%  k*(.95)/C median 0.279  rho(depth) -0.63  (63s)
  epoch  41/100  loss 0.323  (48s)
  epoch  42/100  loss 0.359  (49s)
  epoch  43/100  loss 0.292  (49s)
  epoch  44/100  loss 0.208  (49s)
  epoch  45/100  loss 0.245  (49s)
  epoch  46/100  loss 0.207  (49s)
  epoch  47/100  loss 0.289  (49s)
  epoch  48/100  loss 0.312  (49s)
  epoch  49/100  loss 0.334  (49s)
  epoch  50/100  loss 0.167  (32s)
  [measure] epoch  50  test acc 87.15%  k*(.95)/C median 0.275  rho(depth) -0.58  (89s)
  epoch  51/100  loss 0.227  (49s)
  epoch  52/100  loss 0.203  (49s)
  epoch  53/100  loss 0.183  (49s)
  epoch  54/100  loss 0.202  (49s)
  epoch  55/100  loss 0.269  (49s)
  epoch  56/100  loss 0.245  (49s)
  epoch  57/100  loss 0.168  (49s)
  epoch  58/100  loss 0.183  (49s)
  epoch  59/100  loss 0.199  (27s)
  epoch  60/100  loss 0.198  (21s)
  [measure] epoch  60  test acc 88.73%  k*(.95)/C median 0.273  rho(depth) -0.56  (121s)
  epoch  61/100  loss 0.187  (48s)
  epoch  62/100  loss 0.124  (48s)
  epoch  63/100  loss 0.174  (48s)
  epoch  64/100  loss 0.273  (48s)
  epoch  65/100  loss 0.199  (49s)
  epoch  66/100  loss 0.161  (49s)
  epoch  67/100  loss 0.127  (49s)
  epoch  68/100  loss 0.341  (43s)
  epoch  69/100  loss 0.092  (23s)
  epoch  70/100  loss 0.168  (19s)
  [measure] epoch  70  test acc 89.68%  k*(.95)/C median 0.273  rho(depth) -0.50  (127s)
  epoch  71/100  loss 0.144  (49s)
  epoch  72/100  loss 0.139  (49s)
  epoch  73/100  loss 0.200  (49s)
  epoch  74/100  loss 0.129  (49s)
  epoch  75/100  loss 0.268  (49s)
  epoch  76/100  loss 0.068  (49s)
  epoch  77/100  loss 0.190  (50s)
  epoch  78/100  loss 0.105  (34s)
  epoch  79/100  loss 0.137  (21s)
  epoch  80/100  loss 0.104  (21s)
  [measure] epoch  80  test acc 91.14%  k*(.95)/C median 0.281  rho(depth) -0.49  (144s)
  epoch  81/100  loss 0.084  (49s)
  epoch  82/100  loss 0.118  (49s)
  epoch  83/100  loss 0.050  (49s)
  epoch  84/100  loss 0.030  (49s)
  epoch  85/100  loss 0.056  (49s)
  epoch  86/100  loss 0.032  (49s)
  epoch  87/100  loss 0.040  (43s)
  epoch  88/100  loss 0.023  (24s)
  epoch  89/100  loss 0.049  (19s)
  epoch  90/100  loss 0.012  (22s)
  [measure] epoch  90  test acc 94.45%  k*(.95)/C median 0.297  rho(depth) -0.44  (143s)
  epoch  91/100  loss 0.004  (49s)
  epoch  92/100  loss 0.001  (49s)
  epoch  93/100  loss 0.003  (49s)
  epoch  94/100  loss 0.002  (49s)
  epoch  95/100  loss 0.001  (49s)
  epoch  96/100  loss 0.001  (47s)
  epoch  97/100  loss 0.000  (30s)
  epoch  98/100  loss 0.002  (21s)
  epoch  99/100  loss 0.000  (21s)
  epoch 100/100  loss 0.016  (19s)
  [measure] epoch 100  test acc 95.55%  k*(.95)/C median 0.305  rho(depth) -0.44  (20s)
done
