schedule: [0, 1, 2, 3, 5, 7, 10, 15, 20, 30, 40, 50, 60, 70, 80, 90, 100]
  [measure] epoch   0  test acc 10.00%  k*(.95)/C median 0.172  rho(depth) -0.85  (96s)
  epoch   1/100  loss 1.424  (50s)
  [measure] epoch   1  test acc 51.34%  k*(.95)/C median 0.625  rho(depth) +0.71  (77s)
  epoch   2/100  loss 0.921  (50s)
  [measure] epoch   2  test acc 62.59%  k*(.95)/C median 0.625  rho(depth) +0.41  (79s)
  epoch   3/100  loss 0.964  (49s)
  [measure] epoch   3  test acc 69.55%  k*(.95)/C median 0.634  rho(depth) +0.14  (72s)
  epoch   4/100  loss 0.808  (48s)
  epoch   5/100  loss 0.533  (50s)
  [measure] epoch   5  test acc 76.40%  k*(.95)/C median 0.595  rho(depth) -0.10  (69s)
  epoch   6/100  loss 0.551  (49s)
  epoch   7/100  loss 0.653  (50s)
  [measure] epoch   7  test acc 80.50%  k*(.95)/C median 0.566  rho(depth) -0.29  (62s)
  epoch   8/100  loss 0.453  (50s)
  epoch   9/100  loss 0.536  (50s)
  epoch  10/100  loss 0.359  (50s)
  [measure] epoch  10  test acc 82.29%  k*(.95)/C median 0.500  rho(depth) -0.44  (52s)
  epoch  11/100  loss 0.447  (48s)
  epoch  12/100  loss 0.326  (45s)
  epoch  13/100  loss 0.368  (50s)
  epoch  14/100  loss 0.192  (50s)
  epoch  15/100  loss 0.264  (50s)
  [measure] epoch  15  test acc 84.72%  k*(.95)/C median 0.344  rho(depth) -0.67  (56s)
  epoch  16/100  loss 0.334  (43s)
  epoch  17/100  loss 0.335  (49s)
  epoch  18/100  loss 0.367  (50s)
  epoch  19/100  loss 0.325  (41s)
  epoch  20/100  loss 0.391  (49s)
  [measure] epoch  20  test acc 84.53%  k*(.95)/C median 0.279  rho(depth) -0.77  (67s)
  epoch  21/100  loss 0.370  (37s)
  epoch  22/100  loss 0.344  (49s)
  epoch  23/100  loss 0.238  (49s)
  epoch  24/100  loss 0.311  (49s)
  epoch  25/100  loss 0.273  (50s)
  epoch  26/100  loss 0.264  (49s)
  epoch  27/100  loss 0.339  (49s)
  epoch  28/100  loss 0.263  (48s)
  epoch  29/100  loss 0.261  (48s)
  epoch  30/100  loss 0.302  (49s)
  [measure] epoch  30  test acc 84.02%  k*(.95)/C median 0.281  rho(depth) -0.70  (62s)
  epoch  31/100  loss 0.294  (33s)
  epoch  32/100  loss 0.323  (49s)
  epoch  33/100  loss 0.317  (49s)
  epoch  34/100  loss 0.211  (49s)
  epoch  35/100  loss 0.280  (49s)
  epoch  36/100  loss 0.329  (49s)
  epoch  37/100  loss 0.332  (49s)
  epoch  38/100  loss 0.318  (49s)
  epoch  39/100  loss 0.226  (49s)
  epoch  40/100  loss 0.200  (49s)
  [measure] epoch  40  test acc 87.50%  k*(.95)/C median 0.273  rho(depth) -0.63  (60s)
  epoch  41/100  loss 0.351  (34s)
  epoch  42/100  loss 0.162  (49s)
  epoch  43/100  loss 0.141  (49s)
  epoch  44/100  loss 0.212  (49s)
  epoch  45/100  loss 0.176  (49s)
  epoch  46/100  loss 0.355  (49s)
  epoch  47/100  loss 0.155  (49s)
  epoch  48/100  loss 0.220  (49s)
  epoch  49/100  loss 0.217  (47s)
  epoch  50/100  loss 0.150  (47s)
  [measure] epoch  50  test acc 88.77%  k*(.95)/C median 0.275  rho(depth) -0.62  (63s)
  epoch  51/100  loss 0.183  (34s)
  epoch  52/100  loss 0.376  (37s)
  epoch  53/100  loss 0.326  (49s)
  epoch  54/100  loss 0.158  (49s)
  epoch  55/100  loss 0.368  (49s)
  epoch  56/100  loss 0.236  (49s)
  epoch  57/100  loss 0.253  (49s)
  epoch  58/100  loss 0.201  (49s)
  epoch  59/100  loss 0.228  (46s)
  epoch  60/100  loss 0.216  (44s)
  [measure] epoch  60  test acc 88.02%  k*(.95)/C median 0.293  rho(depth) -0.54  (83s)
  epoch  61/100  loss 0.254  (34s)
  epoch  62/100  loss 0.283  (34s)
  epoch  63/100  loss 0.213  (37s)
  epoch  64/100  loss 0.151  (49s)
  epoch  65/100  loss 0.169  (49s)
  epoch  66/100  loss 0.163  (49s)
  epoch  67/100  loss 0.204  (49s)
  epoch  68/100  loss 0.133  (49s)
  epoch  69/100  loss 0.096  (49s)
  epoch  70/100  loss 0.165  (49s)
  [measure] epoch  70  test acc 89.27%  k*(.95)/C median 0.281  rho(depth) -0.52  (92s)
  epoch  71/100  loss 0.132  (35s)
  epoch  72/100  loss 0.192  (34s)
  epoch  73/100  loss 0.162  (34s)
  epoch  74/100  loss 0.098  (48s)
  epoch  75/100  loss 0.159  (49s)
  epoch  76/100  loss 0.171  (49s)
  epoch  77/100  loss 0.093  (49s)
  epoch  78/100  loss 0.089  (49s)
  epoch  79/100  loss 0.139  (49s)
  epoch  80/100  loss 0.081  (49s)
  [measure] epoch  80  test acc 92.26%  k*(.95)/C median 0.289  rho(depth) -0.47  (95s)
  epoch  81/100  loss 0.127  (34s)
  epoch  82/100  loss 0.043  (34s)
  epoch  83/100  loss 0.106  (34s)
  epoch  84/100  loss 0.078  (40s)
  epoch  85/100  loss 0.061  (49s)
  epoch  86/100  loss 0.087  (49s)
  epoch  87/100  loss 0.041  (49s)
  epoch  88/100  loss 0.019  (49s)
  epoch  89/100  loss 0.004  (49s)
  epoch  90/100  loss 0.011  (49s)
  [measure] epoch  90  test acc 94.27%  k*(.95)/C median 0.305  rho(depth) -0.46  (92s)
  epoch  91/100  loss 0.005  (36s)
  epoch  92/100  loss 0.007  (34s)
  epoch  93/100  loss 0.001  (34s)
  epoch  94/100  loss 0.001  (34s)
  epoch  95/100  loss 0.002  (47s)
  epoch  96/100  loss 0.002  (49s)
  epoch  97/100  loss 0.001  (49s)
  epoch  98/100  loss 0.002  (49s)
  epoch  99/100  loss 0.002  (49s)
  epoch 100/100  loss 0.001  (48s)
  [measure] epoch 100  test acc 95.47%  k*(.95)/C median 0.312  rho(depth) -0.45  (86s)
done
