resumed from ../results/round3/a2_bottleneck_s1/resume.pt at epoch 1 (next: 2)
schedule: [0, 1, 2, 3, 5, 7, 10, 15, 20, 30, 40, 50, 60, 70, 80, 90, 100]
  epoch   2/100  loss 1.256  (51s)
  [measure] epoch   2  test acc 52.72%  k*(.95)/C median 0.328  rho(depth) +0.29  (414s)
  epoch   3/100  loss 0.971  (46s)
  [measure] epoch   3  test acc 62.69%  k*(.95)/C median 0.289  rho(depth) +0.00  (417s)
  epoch   4/100  loss 1.048  (47s)
  epoch   5/100  loss 0.927  (37s)
  [measure] epoch   5  test acc 68.87%  k*(.95)/C median 0.297  rho(depth) -0.14  (357s)
  epoch   6/100  loss 0.719  (48s)
  epoch   7/100  loss 0.584  (37s)
  [measure] epoch   7  test acc 73.79%  k*(.95)/C median 0.406  rho(depth) +0.21  (361s)
  epoch   8/100  loss 0.637  (40s)
  epoch   9/100  loss 0.424  (37s)
  epoch  10/100  loss 0.385  (36s)
  [measure] epoch  10  test acc 74.68%  k*(.95)/C median 0.344  rho(depth) +0.15  (294s)
  epoch  11/100  loss 0.370  (37s)
  epoch  12/100  loss 0.524  (40s)
  epoch  13/100  loss 0.302  (36s)
  epoch  14/100  loss 0.417  (36s)
  epoch  15/100  loss 0.412  (36s)
  [measure] epoch  15  test acc 81.70%  k*(.95)/C median 0.217  rho(depth) -0.00  (322s)
  epoch  16/100  loss 0.364  (35s)
  epoch  17/100  loss 0.406  (37s)
  epoch  18/100  loss 0.329  (36s)
  epoch  19/100  loss 0.364  (37s)
  epoch  20/100  loss 0.343  (35s)
  [measure] epoch  20  test acc 81.19%  k*(.95)/C median 0.125  rho(depth) -0.22  (283s)
  epoch  21/100  loss 0.259  (38s)
  epoch  22/100  loss 0.307  (52s)
  epoch  23/100  loss 0.379  (46s)
  epoch  24/100  loss 0.402  (39s)
  epoch  25/100  loss 0.346  (38s)
  epoch  26/100  loss 0.145  (37s)
  epoch  27/100  loss 0.337  (36s)
  epoch  28/100  loss 0.299  (36s)
  epoch  29/100  loss 0.402  (35s)
  epoch  30/100  loss 0.290  (36s)
  [measure] epoch  30  test acc 81.36%  k*(.95)/C median 0.088  rho(depth) -0.26  (285s)
  epoch  31/100  loss 0.309  (39s)
  epoch  32/100  loss 0.269  (39s)
  epoch  33/100  loss 0.232  (38s)
  epoch  34/100  loss 0.241  (37s)
  epoch  35/100  loss 0.334  (37s)
  epoch  36/100  loss 0.358  (37s)
  epoch  37/100  loss 0.294  (36s)
  epoch  38/100  loss 0.347  (36s)
  epoch  39/100  loss 0.298  (48s)
  epoch  40/100  loss 0.201  (52s)
  [measure] epoch  40  test acc 84.98%  k*(.95)/C median 0.082  rho(depth) -0.26  (303s)
  epoch  41/100  loss 0.276  (42s)
  epoch  42/100  loss 0.326  (38s)
  epoch  43/100  loss 0.571  (36s)
  epoch  44/100  loss 0.300  (36s)
  epoch  45/100  loss 0.259  (37s)
  epoch  46/100  loss 0.309  (36s)
  epoch  47/100  loss 0.306  (40s)
  epoch  48/100  loss 0.393  (52s)
  epoch  49/100  loss 0.358  (52s)
  epoch  50/100  loss 0.413  (52s)
  [measure] epoch  50  test acc 86.23%  k*(.95)/C median 0.084  rho(depth) -0.25  (291s)
  epoch  51/100  loss 0.214  (41s)
  epoch  52/100  loss 0.241  (37s)
  epoch  53/100  loss 0.198  (36s)
  epoch  54/100  loss 0.239  (36s)
  epoch  55/100  loss 0.332  (36s)
  epoch  56/100  loss 0.217  (37s)
  epoch  57/100  loss 0.273  (48s)
  epoch  58/100  loss 0.194  (52s)
  epoch  59/100  loss 0.139  (52s)
  epoch  60/100  loss 0.285  (51s)
  [measure] epoch  60  test acc 87.35%  k*(.95)/C median 0.086  rho(depth) -0.24  (295s)
  epoch  61/100  loss 0.244  (34s)
  epoch  62/100  loss 0.290  (36s)
  epoch  63/100  loss 0.183  (36s)
  epoch  64/100  loss 0.325  (42s)
  epoch  65/100  loss 0.237  (52s)
  epoch  66/100  loss 0.275  (52s)
  epoch  67/100  loss 0.160  (52s)
  epoch  68/100  loss 0.157  (52s)
  epoch  69/100  loss 0.300  (51s)
  epoch  70/100  loss 0.208  (50s)
  [measure] epoch  70  test acc 87.85%  k*(.95)/C median 0.094  rho(depth) -0.23  (260s)
  epoch  71/100  loss 0.297  (25s)
  epoch  72/100  loss 0.260  (37s)
  epoch  73/100  loss 0.236  (35s)
  epoch  74/100  loss 0.203  (41s)
  epoch  75/100  loss 0.236  (51s)
  epoch  76/100  loss 0.238  (50s)
  epoch  77/100  loss 0.114  (51s)
  epoch  78/100  loss 0.155  (51s)
  epoch  79/100  loss 0.123  (52s)
  epoch  80/100  loss 0.176  (52s)
  [measure] epoch  80  test acc 90.64%  k*(.95)/C median 0.094  rho(depth) -0.21  (297s)
  epoch  81/100  loss 0.083  (27s)
  epoch  82/100  loss 0.097  (32s)
  epoch  83/100  loss 0.103  (36s)
  epoch  84/100  loss 0.042  (44s)
  epoch  85/100  loss 0.085  (52s)
  epoch  86/100  loss 0.144  (52s)
  epoch  87/100  loss 0.073  (52s)
  epoch  88/100  loss 0.098  (52s)
  epoch  89/100  loss 0.026  (52s)
  epoch  90/100  loss 0.013  (52s)
  [measure] epoch  90  test acc 94.33%  k*(.95)/C median 0.094  rho(depth) -0.18  (307s)
  epoch  91/100  loss 0.021  (29s)
  epoch  92/100  loss 0.006  (34s)
  epoch  93/100  loss 0.001  (37s)
  epoch  94/100  loss 0.001  (35s)
  epoch  95/100  loss 0.018  (34s)
  epoch  96/100  loss 0.007  (34s)
  epoch  97/100  loss 0.008  (34s)
  epoch  98/100  loss 0.006  (34s)
  epoch  99/100  loss 0.004  (35s)
  epoch 100/100  loss 0.001  (34s)
  [measure] epoch 100  test acc 95.41%  k*(.95)/C median 0.094  rho(depth) -0.18  (244s)
done
