resumed from ../results/round3/a2_bottleneck_s2/resume.pt at epoch 1 (next: 2)
schedule: [0, 1, 2, 3, 5, 7, 10, 15, 20, 30, 40, 50, 60, 70, 80, 90, 100]
  epoch   2/100  loss 1.387  (51s)
  [measure] epoch   2  test acc 55.29%  k*(.95)/C median 0.297  rho(depth) +0.45  (420s)
  epoch   3/100  loss 0.926  (47s)
  [measure] epoch   3  test acc 60.21%  k*(.95)/C median 0.359  rho(depth) +0.38  (307s)
  epoch   4/100  loss 1.007  (22s)
  epoch   5/100  loss 0.853  (22s)
  [measure] epoch   5  test acc 70.83%  k*(.95)/C median 0.254  rho(depth) -0.25  (403s)
  epoch   6/100  loss 0.577  (23s)
  epoch   7/100  loss 0.554  (20s)
  [measure] epoch   7  test acc 75.35%  k*(.95)/C median 0.138  rho(depth) -0.46  (351s)
  epoch   8/100  loss 0.728  (24s)
  epoch   9/100  loss 0.566  (21s)
  epoch  10/100  loss 0.494  (23s)
  [measure] epoch  10  test acc 76.49%  k*(.95)/C median 0.277  rho(depth) -0.01  (357s)
  epoch  11/100  loss 0.318  (23s)
  epoch  12/100  loss 0.453  (24s)
  epoch  13/100  loss 0.352  (22s)
  epoch  14/100  loss 0.355  (23s)
  epoch  15/100  loss 0.304  (25s)
  [measure] epoch  15  test acc 81.43%  k*(.95)/C median 0.211  rho(depth) +0.01  (290s)
  epoch  16/100  loss 0.436  (37s)
  epoch  17/100  loss 0.348  (28s)
  epoch  18/100  loss 0.304  (29s)
  epoch  19/100  loss 0.400  (23s)
  epoch  20/100  loss 0.375  (23s)
  [measure] epoch  20  test acc 81.11%  k*(.95)/C median 0.125  rho(depth) -0.18  (358s)
  epoch  21/100  loss 0.431  (39s)
  epoch  22/100  loss 0.363  (29s)
  epoch  23/100  loss 0.303  (26s)
  epoch  24/100  loss 0.412  (23s)
  epoch  25/100  loss 0.399  (22s)
  epoch  26/100  loss 0.305  (23s)
  epoch  27/100  loss 0.286  (22s)
  epoch  28/100  loss 0.418  (32s)
  epoch  29/100  loss 0.369  (44s)
  epoch  30/100  loss 0.349  (52s)
  [measure] epoch  30  test acc 76.97%  k*(.95)/C median 0.092  rho(depth) -0.24  (299s)
  epoch  31/100  loss 0.320  (39s)
  epoch  32/100  loss 0.370  (40s)
  epoch  33/100  loss 0.304  (29s)
  epoch  34/100  loss 0.243  (31s)
  epoch  35/100  loss 0.260  (24s)
  epoch  36/100  loss 0.252  (24s)
  epoch  37/100  loss 0.301  (23s)
  epoch  38/100  loss 0.405  (21s)
  epoch  39/100  loss 0.376  (31s)
  epoch  40/100  loss 0.186  (37s)
  [measure] epoch  40  test acc 83.47%  k*(.95)/C median 0.084  rho(depth) -0.23  (274s)
  epoch  41/100  loss 0.265  (52s)
  epoch  42/100  loss 0.397  (50s)
  epoch  43/100  loss 0.225  (39s)
  epoch  44/100  loss 0.269  (38s)
  epoch  45/100  loss 0.210  (33s)
  epoch  46/100  loss 0.256  (32s)
  epoch  47/100  loss 0.279  (24s)
  epoch  48/100  loss 0.250  (22s)
  epoch  49/100  loss 0.217  (21s)
  epoch  50/100  loss 0.280  (23s)
  [measure] epoch  50  test acc 87.84%  k*(.95)/C median 0.088  rho(depth) -0.23  (334s)
  epoch  51/100  loss 0.150  (52s)
  epoch  52/100  loss 0.173  (52s)
  epoch  53/100  loss 0.297  (52s)
  epoch  54/100  loss 0.254  (44s)
  epoch  55/100  loss 0.234  (42s)
  epoch  56/100  loss 0.334  (33s)
  epoch  57/100  loss 0.292  (27s)
  epoch  58/100  loss 0.327  (25s)
  epoch  59/100  loss 0.224  (21s)
  epoch  60/100  loss 0.264  (23s)
  [measure] epoch  60  test acc 86.82%  k*(.95)/C median 0.086  rho(depth) -0.23  (316s)
  epoch  61/100  loss 0.232  (52s)
  epoch  62/100  loss 0.329  (52s)
  epoch  63/100  loss 0.324  (52s)
  epoch  64/100  loss 0.260  (49s)
  epoch  65/100  loss 0.156  (39s)
  epoch  66/100  loss 0.219  (39s)
  epoch  67/100  loss 0.210  (28s)
  epoch  68/100  loss 0.168  (30s)
  epoch  69/100  loss 0.166  (24s)
  epoch  70/100  loss 0.175  (24s)
  [measure] epoch  70  test acc 90.00%  k*(.95)/C median 0.094  rho(depth) -0.21  (231s)
  epoch  71/100  loss 0.174  (50s)
  epoch  72/100  loss 0.287  (52s)
  epoch  73/100  loss 0.200  (52s)
  epoch  74/100  loss 0.174  (52s)
  epoch  75/100  loss 0.148  (51s)
  epoch  76/100  loss 0.126  (50s)
  epoch  77/100  loss 0.163  (44s)
  epoch  78/100  loss 0.204  (39s)
  epoch  79/100  loss 0.078  (36s)
  epoch  80/100  loss 0.234  (28s)
  [measure] epoch  80  test acc 92.11%  k*(.95)/C median 0.094  rho(depth) -0.19  (261s)
  epoch  81/100  loss 0.180  (51s)
  epoch  82/100  loss 0.152  (50s)
  epoch  83/100  loss 0.064  (51s)
  epoch  84/100  loss 0.123  (51s)
  epoch  85/100  loss 0.177  (52s)
  epoch  86/100  loss 0.091  (51s)
  epoch  87/100  loss 0.060  (43s)
  epoch  88/100  loss 0.069  (38s)
  epoch  89/100  loss 0.047  (38s)
  epoch  90/100  loss 0.007  (26s)
  [measure] epoch  90  test acc 94.39%  k*(.95)/C median 0.096  rho(depth) -0.17  (280s)
  epoch  91/100  loss 0.007  (52s)
  epoch  92/100  loss 0.004  (52s)
  epoch  93/100  loss 0.024  (51s)
  epoch  94/100  loss 0.003  (52s)
  epoch  95/100  loss 0.001  (52s)
  epoch  96/100  loss 0.003  (52s)
  epoch  97/100  loss 0.001  (46s)
  epoch  98/100  loss 0.002  (39s)
  epoch  99/100  loss 0.001  (37s)
  epoch 100/100  loss 0.004  (32s)
  [measure] epoch 100  test acc 95.53%  k*(.95)/C median 0.098  rho(depth) -0.17  (282s)
done
