schedule: [0, 1, 2, 3, 5, 7, 10, 15, 20, 30, 40, 50, 60, 70, 80, 90, 100]
  [measure] epoch   0  test acc 10.01%  k*(.95)/C median 0.236  rho(depth) -0.85  (96s)
/usr/local/lib/python3.12/dist-packages/torch/optim/lr_scheduler.py:192: UserWarning: Detected call of `lr_scheduler.step()` before `optimizer.step()`. In PyTorch 1.1.0 and later, you should call them in the opposite order: `optimizer.step()` before `lr_scheduler.step()`.  Failure to do this will result in PyTorch skipping the first value of the learning rate schedule. See more details at https://pytorch.org/docs/stable/optim.html#how-to-adjust-learning-rate
  warnings.warn(
  epoch   1/100  loss 1.393  (50s)
  [measure] epoch   1  test acc 49.26%  k*(.95)/C median 0.648  rho(depth) +0.56  (76s)
  epoch   2/100  loss 1.083  (50s)
  [measure] epoch   2  test acc 60.57%  k*(.95)/C median 0.641  rho(depth) +0.31  (78s)
  epoch   3/100  loss 0.829  (49s)
  [measure] epoch   3  test acc 65.22%  k*(.95)/C median 0.633  rho(depth) -0.02  (71s)
  epoch   4/100  loss 0.647  (49s)
  epoch   5/100  loss 0.713  (50s)
  [measure] epoch   5  test acc 76.67%  k*(.95)/C median 0.625  rho(depth) -0.27  (65s)
  epoch   6/100  loss 0.599  (47s)
  epoch   7/100  loss 0.380  (50s)
  [measure] epoch   7  test acc 76.66%  k*(.95)/C median 0.580  rho(depth) -0.30  (61s)
  epoch   8/100  loss 0.540  (49s)
  epoch   9/100  loss 0.376  (48s)
  epoch  10/100  loss 0.463  (49s)
  [measure] epoch  10  test acc 84.14%  k*(.95)/C median 0.500  rho(depth) -0.46  (55s)
  epoch  11/100  loss 0.382  (48s)
  epoch  12/100  loss 0.386  (48s)
  epoch  13/100  loss 0.497  (48s)
  epoch  14/100  loss 0.449  (49s)
  epoch  15/100  loss 0.319  (49s)
  [measure] epoch  15  test acc 82.18%  k*(.95)/C median 0.350  rho(depth) -0.70  (64s)
  epoch  16/100  loss 0.270  (50s)
  epoch  17/100  loss 0.535  (50s)
  epoch  18/100  loss 0.297  (43s)
  epoch  19/100  loss 0.299  (50s)
  epoch  20/100  loss 0.327  (46s)
  [measure] epoch  20  test acc 86.44%  k*(.95)/C median 0.287  rho(depth) -0.76  (57s)
  epoch  21/100  loss 0.320  (46s)
  epoch  22/100  loss 0.303  (49s)
  epoch  23/100  loss 0.173  (49s)
  epoch  24/100  loss 0.209  (50s)
  epoch  25/100  loss 0.271  (49s)
  epoch  26/100  loss 0.204  (49s)
  epoch  27/100  loss 0.295  (49s)
  epoch  28/100  loss 0.291  (48s)
  epoch  29/100  loss 0.254  (49s)
  epoch  30/100  loss 0.398  (47s)
  [measure] epoch  30  test acc 86.54%  k*(.95)/C median 0.283  rho(depth) -0.70  (58s)
  epoch  31/100  loss 0.208  (45s)
  epoch  32/100  loss 0.293  (49s)
  epoch  33/100  loss 0.323  (49s)
  epoch  34/100  loss 0.378  (49s)
  epoch  35/100  loss 0.146  (49s)
  epoch  36/100  loss 0.255  (49s)
  epoch  37/100  loss 0.286  (49s)
  epoch  38/100  loss 0.292  (49s)
  epoch  39/100  loss 0.224  (49s)
  epoch  40/100  loss 0.270  (45s)
  [measure] epoch  40  test acc 78.51%  k*(.95)/C median 0.285  rho(depth) -0.63  (49s)
  epoch  41/100  loss 0.254  (39s)
  epoch  42/100  loss 0.178  (49s)
  epoch  43/100  loss 0.243  (49s)
  epoch  44/100  loss 0.222  (49s)
  epoch  45/100  loss 0.357  (49s)
  epoch  46/100  loss 0.231  (49s)
  epoch  47/100  loss 0.317  (49s)
  epoch  48/100  loss 0.272  (49s)
  epoch  49/100  loss 0.198  (44s)
  epoch  50/100  loss 0.239  (48s)
  [measure] epoch  50  test acc 86.55%  k*(.95)/C median 0.281  rho(depth) -0.57  (56s)
  epoch  51/100  loss 0.179  (34s)
  epoch  52/100  loss 0.290  (38s)
  epoch  53/100  loss 0.274  (49s)
  epoch  54/100  loss 0.148  (49s)
  epoch  55/100  loss 0.146  (49s)
  epoch  56/100  loss 0.204  (49s)
  epoch  57/100  loss 0.183  (49s)
  epoch  58/100  loss 0.166  (49s)
  epoch  59/100  loss 0.255  (44s)
  epoch  60/100  loss 0.160  (46s)
  [measure] epoch  60  test acc 86.51%  k*(.95)/C median 0.283  rho(depth) -0.54  (82s)
  epoch  61/100  loss 0.146  (34s)
  epoch  62/100  loss 0.202  (34s)
  epoch  63/100  loss 0.181  (37s)
  epoch  64/100  loss 0.146  (49s)
  epoch  65/100  loss 0.146  (49s)
  epoch  66/100  loss 0.183  (49s)
  epoch  67/100  loss 0.289  (49s)
  epoch  68/100  loss 0.232  (49s)
  epoch  69/100  loss 0.142  (49s)
  epoch  70/100  loss 0.116  (49s)
  [measure] epoch  70  test acc 90.31%  k*(.95)/C median 0.285  rho(depth) -0.51  (91s)
  epoch  71/100  loss 0.173  (34s)
  epoch  72/100  loss 0.112  (34s)
  epoch  73/100  loss 0.204  (34s)
  epoch  74/100  loss 0.172  (48s)
  epoch  75/100  loss 0.169  (49s)
  epoch  76/100  loss 0.139  (49s)
  epoch  77/100  loss 0.189  (49s)
  epoch  78/100  loss 0.102  (49s)
  epoch  79/100  loss 0.151  (49s)
  epoch  80/100  loss 0.065  (49s)
  [measure] epoch  80  test acc 92.44%  k*(.95)/C median 0.297  rho(depth) -0.46  (93s)
  epoch  81/100  loss 0.036  (34s)
  epoch  82/100  loss 0.157  (34s)
  epoch  83/100  loss 0.127  (34s)
  epoch  84/100  loss 0.112  (38s)
  epoch  85/100  loss 0.086  (49s)
  epoch  86/100  loss 0.079  (49s)
  epoch  87/100  loss 0.023  (49s)
  epoch  88/100  loss 0.050  (49s)
  epoch  89/100  loss 0.021  (49s)
  epoch  90/100  loss 0.008  (49s)
  [measure] epoch  90  test acc 94.57%  k*(.95)/C median 0.301  rho(depth) -0.44  (90s)
  epoch  91/100  loss 0.031  (37s)
  epoch  92/100  loss 0.002  (34s)
  epoch  93/100  loss 0.009  (34s)
  epoch  94/100  loss 0.001  (34s)
  epoch  95/100  loss 0.001  (44s)
  epoch  96/100  loss 0.001  (49s)
  epoch  97/100  loss 0.002  (49s)
  epoch  98/100  loss 0.001  (49s)
  epoch  99/100  loss 0.001  (49s)
  epoch 100/100  loss 0.001  (49s)
  [measure] epoch 100  test acc 95.33%  k*(.95)/C median 0.305  rho(depth) -0.44  (89s)
done
