resumed from ../results/round3/a2_bottleneck_s0/resume.pt at epoch 1 (next: 2)
schedule: [0, 1, 2, 3, 5, 7, 10, 15, 20, 30, 40, 50, 60, 70, 80, 90, 100]
  epoch   2/100  loss 1.484  (51s)
  [measure] epoch   2  test acc 53.13%  k*(.95)/C median 0.281  rho(depth) +0.33  (431s)
  epoch   3/100  loss 1.293  (48s)
  [measure] epoch   3  test acc 56.44%  k*(.95)/C median 0.156  rho(depth) -0.34  (436s)
  epoch   4/100  loss 0.971  (39s)
  epoch   5/100  loss 0.641  (38s)
  [measure] epoch   5  test acc 71.80%  k*(.95)/C median 0.156  rho(depth) -0.45  (375s)
  epoch   6/100  loss 0.737  (38s)
  epoch   7/100  loss 0.656  (49s)
  [measure] epoch   7  test acc 75.91%  k*(.95)/C median 0.342  rho(depth) -0.06  (358s)
  epoch   8/100  loss 0.436  (37s)
  epoch   9/100  loss 0.590  (37s)
  epoch  10/100  loss 0.412  (40s)
  [measure] epoch  10  test acc 77.66%  k*(.95)/C median 0.346  rho(depth) +0.07  (312s)
  epoch  11/100  loss 0.553  (38s)
  epoch  12/100  loss 0.364  (37s)
  epoch  13/100  loss 0.376  (37s)
  epoch  14/100  loss 0.565  (35s)
  epoch  15/100  loss 0.606  (43s)
  [measure] epoch  15  test acc 84.62%  k*(.95)/C median 0.201  rho(depth) -0.02  (296s)
  epoch  16/100  loss 0.359  (37s)
  epoch  17/100  loss 0.297  (36s)
  epoch  18/100  loss 0.575  (38s)
  epoch  19/100  loss 0.429  (37s)
  epoch  20/100  loss 0.340  (43s)
  [measure] epoch  20  test acc 82.71%  k*(.95)/C median 0.127  rho(depth) -0.19  (271s)
  epoch  21/100  loss 0.423  (52s)
  epoch  22/100  loss 0.348  (46s)
  epoch  23/100  loss 0.239  (39s)
  epoch  24/100  loss 0.259  (38s)
  epoch  25/100  loss 0.289  (38s)
  epoch  26/100  loss 0.321  (37s)
  epoch  27/100  loss 0.261  (37s)
  epoch  28/100  loss 0.343  (35s)
  epoch  29/100  loss 0.311  (38s)
  epoch  30/100  loss 0.320  (41s)
  [measure] epoch  30  test acc 78.70%  k*(.95)/C median 0.090  rho(depth) -0.26  (276s)
  epoch  31/100  loss 0.337  (41s)
  epoch  32/100  loss 0.262  (38s)
  epoch  33/100  loss 0.438  (37s)
  epoch  34/100  loss 0.362  (38s)
  epoch  35/100  loss 0.331  (37s)
  epoch  36/100  loss 0.198  (37s)
  epoch  37/100  loss 0.379  (37s)
  epoch  38/100  loss 0.376  (48s)
  epoch  39/100  loss 0.378  (52s)
  epoch  40/100  loss 0.330  (40s)
  [measure] epoch  40  test acc 83.74%  k*(.95)/C median 0.086  rho(depth) -0.25  (311s)
  epoch  41/100  loss 0.395  (38s)
  epoch  42/100  loss 0.348  (38s)
  epoch  43/100  loss 0.276  (37s)
  epoch  44/100  loss 0.322  (38s)
  epoch  45/100  loss 0.323  (32s)
  epoch  46/100  loss 0.367  (24s)
  epoch  47/100  loss 0.357  (45s)
  epoch  48/100  loss 0.287  (52s)
  epoch  49/100  loss 0.419  (52s)
  epoch  50/100  loss 0.291  (49s)
  [measure] epoch  50  test acc 84.08%  k*(.95)/C median 0.082  rho(depth) -0.24  (311s)
  epoch  51/100  loss 0.255  (37s)
  epoch  52/100  loss 0.255  (37s)
  epoch  53/100  loss 0.357  (37s)
  epoch  54/100  loss 0.246  (37s)
  epoch  55/100  loss 0.288  (37s)
  epoch  56/100  loss 0.183  (47s)
  epoch  57/100  loss 0.253  (52s)
  epoch  58/100  loss 0.247  (52s)
  epoch  59/100  loss 0.236  (51s)
  epoch  60/100  loss 0.240  (41s)
  [measure] epoch  60  test acc 88.20%  k*(.95)/C median 0.086  rho(depth) -0.23  (287s)
  epoch  61/100  loss 0.196  (37s)
  epoch  62/100  loss 0.201  (37s)
  epoch  63/100  loss 0.263  (42s)
  epoch  64/100  loss 0.179  (52s)
  epoch  65/100  loss 0.174  (52s)
  epoch  66/100  loss 0.175  (52s)
  epoch  67/100  loss 0.237  (52s)
  epoch  68/100  loss 0.262  (51s)
  epoch  69/100  loss 0.284  (50s)
  epoch  70/100  loss 0.161  (40s)
  [measure] epoch  70  test acc 87.13%  k*(.95)/C median 0.090  rho(depth) -0.22  (262s)
  epoch  71/100  loss 0.186  (36s)
  epoch  72/100  loss 0.283  (36s)
  epoch  73/100  loss 0.135  (46s)
  epoch  74/100  loss 0.238  (50s)
  epoch  75/100  loss 0.288  (51s)
  epoch  76/100  loss 0.132  (51s)
  epoch  77/100  loss 0.192  (52s)
  epoch  78/100  loss 0.202  (52s)
  epoch  79/100  loss 0.075  (48s)
  epoch  80/100  loss 0.270  (38s)
  [measure] epoch  80  test acc 89.94%  k*(.95)/C median 0.094  rho(depth) -0.21  (282s)
  epoch  81/100  loss 0.072  (37s)
  epoch  82/100  loss 0.087  (38s)
  epoch  83/100  loss 0.123  (52s)
  epoch  84/100  loss 0.103  (52s)
  epoch  85/100  loss 0.048  (52s)
  epoch  86/100  loss 0.057  (52s)
  epoch  87/100  loss 0.054  (52s)
  epoch  88/100  loss 0.038  (52s)
  epoch  89/100  loss 0.015  (47s)
  epoch  90/100  loss 0.019  (38s)
  [measure] epoch  90  test acc 94.14%  k*(.95)/C median 0.096  rho(depth) -0.17  (286s)
  epoch  91/100  loss 0.018  (36s)
  epoch  92/100  loss 0.008  (37s)
  epoch  93/100  loss 0.002  (34s)
  epoch  94/100  loss 0.031  (35s)
  epoch  95/100  loss 0.014  (34s)
  epoch  96/100  loss 0.003  (34s)
  epoch  97/100  loss 0.001  (34s)
  epoch  98/100  loss 0.004  (35s)
  epoch  99/100  loss 0.001  (34s)
  epoch 100/100  loss 0.002  (28s)
  [measure] epoch 100  test acc 95.56%  k*(.95)/C median 0.098  rho(depth) -0.18  (252s)
done
