schedule: [0, 1, 2, 3, 5, 7, 10, 15, 20, 30, 40, 50, 60, 70, 80, 90, 100]
  [measure] epoch   0  test acc 10.00%  k*(.95)/C median 0.292  rho(depth) -0.11  (82s)
/usr/local/lib/python3.12/dist-packages/torch/optim/lr_scheduler.py:192: UserWarning: Detected call of `lr_scheduler.step()` before `optimizer.step()`. In PyTorch 1.1.0 and later, you should call them in the opposite order: `optimizer.step()` before `lr_scheduler.step()`.  Failure to do this will result in PyTorch skipping the first value of the learning rate schedule. See more details at https://pytorch.org/docs/stable/optim.html#how-to-adjust-learning-rate
  warnings.warn(
  epoch   1/100  loss 1.566  (28s)
  [measure] epoch   1  test acc 46.01%  k*(.95)/C median 0.544  rho(depth) +0.29  (76s)
  epoch   2/100  loss 1.242  (22s)
  [measure] epoch   2  test acc 57.57%  k*(.95)/C median 0.510  rho(depth) +0.22  (66s)
  epoch   3/100  loss 0.947  (15s)
  [measure] epoch   3  test acc 64.95%  k*(.95)/C median 0.536  rho(depth) +0.14  (70s)
  epoch   4/100  loss 0.868  (16s)
  epoch   5/100  loss 0.723  (14s)
  [measure] epoch   5  test acc 73.37%  k*(.95)/C median 0.512  rho(depth) +0.09  (72s)
  epoch   6/100  loss 0.740  (22s)
  epoch   7/100  loss 0.491  (14s)
  [measure] epoch   7  test acc 76.84%  k*(.95)/C median 0.491  rho(depth) +0.02  (65s)
  epoch   8/100  loss 0.566  (22s)
  epoch   9/100  loss 0.484  (17s)
  epoch  10/100  loss 0.511  (15s)
  [measure] epoch  10  test acc 81.52%  k*(.95)/C median 0.464  rho(depth) -0.08  (72s)
  epoch  11/100  loss 0.471  (20s)
  epoch  12/100  loss 0.494  (20s)
  epoch  13/100  loss 0.575  (16s)
  epoch  14/100  loss 0.581  (14s)
  epoch  15/100  loss 0.432  (16s)
  [measure] epoch  15  test acc 80.21%  k*(.95)/C median 0.401  rho(depth) -0.15  (81s)
  epoch  16/100  loss 0.408  (17s)
  epoch  17/100  loss 0.743  (20s)
  epoch  18/100  loss 0.471  (20s)
  epoch  19/100  loss 0.424  (25s)
  epoch  20/100  loss 0.455  (15s)
  [measure] epoch  20  test acc 84.29%  k*(.95)/C median 0.345  rho(depth) -0.17  (106s)
  epoch  21/100  loss 0.408  (16s)
  epoch  22/100  loss 0.477  (15s)
  epoch  23/100  loss 0.463  (15s)
  epoch  24/100  loss 0.435  (14s)
  epoch  25/100  loss 0.454  (17s)
  epoch  26/100  loss 0.421  (21s)
  epoch  27/100  loss 0.447  (15s)
  epoch  28/100  loss 0.479  (14s)
  epoch  29/100  loss 0.400  (15s)
  epoch  30/100  loss 0.510  (13s)
  [measure] epoch  30  test acc 78.86%  k*(.95)/C median 0.229  rho(depth) -0.37  (103s)
  epoch  31/100  loss 0.455  (14s)
  epoch  32/100  loss 0.438  (14s)
  epoch  33/100  loss 0.577  (14s)
  epoch  34/100  loss 0.381  (13s)
  epoch  35/100  loss 0.355  (20s)
  epoch  36/100  loss 0.529  (17s)
  epoch  37/100  loss 0.476  (15s)
  epoch  38/100  loss 0.482  (14s)
  epoch  39/100  loss 0.451  (14s)
  epoch  40/100  loss 0.516  (15s)
  [measure] epoch  40  test acc 80.25%  k*(.95)/C median 0.175  rho(depth) -0.46  (86s)
  epoch  41/100  loss 0.535  (15s)
  epoch  42/100  loss 0.643  (13s)
  epoch  43/100  loss 0.585  (14s)
  epoch  44/100  loss 0.413  (13s)
  epoch  45/100  loss 0.466  (14s)
  epoch  46/100  loss 0.578  (20s)
  epoch  47/100  loss 0.398  (18s)
  epoch  48/100  loss 0.554  (15s)
  epoch  49/100  loss 0.350  (15s)
  epoch  50/100  loss 0.343  (13s)
  [measure] epoch  50  test acc 79.76%  k*(.95)/C median 0.152  rho(depth) -0.49  (101s)
  epoch  51/100  loss 0.457  (15s)
  epoch  52/100  loss 0.428  (15s)
  epoch  53/100  loss 0.398  (14s)
  epoch  54/100  loss 0.413  (15s)
  epoch  55/100  loss 0.348  (14s)
  epoch  56/100  loss 0.352  (26s)
  epoch  57/100  loss 0.427  (16s)
  epoch  58/100  loss 0.235  (14s)
  epoch  59/100  loss 0.429  (14s)
  epoch  60/100  loss 0.340  (15s)
  [measure] epoch  60  test acc 81.81%  k*(.95)/C median 0.130  rho(depth) -0.51  (103s)
  epoch  61/100  loss 0.370  (15s)
  epoch  62/100  loss 0.517  (15s)
  epoch  63/100  loss 0.386  (14s)
  epoch  64/100  loss 0.298  (15s)
  epoch  65/100  loss 0.371  (16s)
  epoch  66/100  loss 0.277  (22s)
  epoch  67/100  loss 0.500  (16s)
  epoch  68/100  loss 0.309  (14s)
  epoch  69/100  loss 0.327  (15s)
  epoch  70/100  loss 0.344  (14s)
  [measure] epoch  70  test acc 85.40%  k*(.95)/C median 0.129  rho(depth) -0.49  (99s)
  epoch  71/100  loss 0.509  (15s)
  epoch  72/100  loss 0.324  (14s)
  epoch  73/100  loss 0.411  (13s)
  epoch  74/100  loss 0.406  (14s)
  epoch  75/100  loss 0.272  (19s)
  epoch  76/100  loss 0.304  (21s)
  epoch  77/100  loss 0.291  (14s)
  epoch  78/100  loss 0.223  (15s)
  epoch  79/100  loss 0.455  (14s)
  epoch  80/100  loss 0.298  (14s)
  [measure] epoch  80  test acc 88.39%  k*(.95)/C median 0.136  rho(depth) -0.49  (99s)
  epoch  81/100  loss 0.256  (15s)
  epoch  82/100  loss 0.220  (14s)
  epoch  83/100  loss 0.237  (15s)
  epoch  84/100  loss 0.354  (13s)
  epoch  85/100  loss 0.229  (18s)
  epoch  86/100  loss 0.291  (21s)
  epoch  87/100  loss 0.254  (15s)
  epoch  88/100  loss 0.135  (15s)
  epoch  89/100  loss 0.131  (14s)
  epoch  90/100  loss 0.197  (15s)
  [measure] epoch  90  test acc 91.30%  k*(.95)/C median 0.156  rho(depth) -0.48  (82s)
  epoch  91/100  loss 0.152  (17s)
  epoch  92/100  loss 0.115  (15s)
  epoch  93/100  loss 0.078  (14s)
  epoch  94/100  loss 0.074  (15s)
  epoch  95/100  loss 0.043  (14s)
  epoch  96/100  loss 0.080  (26s)
  epoch  97/100  loss 0.064  (17s)
  epoch  98/100  loss 0.051  (15s)
  epoch  99/100  loss 0.039  (15s)
  epoch 100/100  loss 0.030  (13s)
  [measure] epoch 100  test acc 93.12%  k*(.95)/C median 0.163  rho(depth) -0.48  (46s)
done
