schedule: [0, 1, 2, 3, 5, 7, 10, 15, 20, 30, 40, 50, 60, 70, 80, 90, 100]
  [measure] epoch   0  test acc  9.19%  k*(.95)/C median 0.199  rho(depth) -0.00  (86s)
/usr/local/lib/python3.12/dist-packages/torch/optim/lr_scheduler.py:192: UserWarning: Detected call of `lr_scheduler.step()` before `optimizer.step()`. In PyTorch 1.1.0 and later, you should call them in the opposite order: `optimizer.step()` before `lr_scheduler.step()`.  Failure to do this will result in PyTorch skipping the first value of the learning rate schedule. See more details at https://pytorch.org/docs/stable/optim.html#how-to-adjust-learning-rate
  warnings.warn(
  epoch   1/100  loss 1.562  (25s)
  [measure] epoch   1  test acc 43.69%  k*(.95)/C median 0.534  rho(depth) +0.30  (85s)
  epoch   2/100  loss 1.195  (21s)
  [measure] epoch   2  test acc 50.21%  k*(.95)/C median 0.511  rho(depth) +0.17  (84s)
  epoch   3/100  loss 1.121  (25s)
  [measure] epoch   3  test acc 61.06%  k*(.95)/C median 0.531  rho(depth) +0.13  (91s)
  epoch   4/100  loss 1.100  (19s)
  epoch   5/100  loss 0.776  (13s)
  [measure] epoch   5  test acc 72.91%  k*(.95)/C median 0.511  rho(depth) +0.02  (94s)
  epoch   6/100  loss 0.817  (12s)
  epoch   7/100  loss 0.570  (18s)
  [measure] epoch   7  test acc 79.70%  k*(.95)/C median 0.469  rho(depth) -0.04  (92s)
  epoch   8/100  loss 0.579  (13s)
  epoch   9/100  loss 0.503  (21s)
  epoch  10/100  loss 0.479  (18s)
  [measure] epoch  10  test acc 79.26%  k*(.95)/C median 0.466  rho(depth) -0.11  (97s)
  epoch  11/100  loss 0.544  (14s)
  epoch  12/100  loss 0.395  (14s)
  epoch  13/100  loss 0.513  (14s)
  epoch  14/100  loss 0.529  (18s)
  epoch  15/100  loss 0.533  (18s)
  [measure] epoch  15  test acc 82.38%  k*(.95)/C median 0.382  rho(depth) -0.15  (75s)
  epoch  16/100  loss 0.492  (17s)
  epoch  17/100  loss 0.430  (13s)
  epoch  18/100  loss 0.438  (13s)
  epoch  19/100  loss 0.419  (12s)
  epoch  20/100  loss 0.354  (12s)
  [measure] epoch  20  test acc 77.51%  k*(.95)/C median 0.332  rho(depth) -0.19  (110s)
  epoch  21/100  loss 0.339  (14s)
  epoch  22/100  loss 0.433  (13s)
  epoch  23/100  loss 0.436  (12s)
  epoch  24/100  loss 0.457  (13s)
  epoch  25/100  loss 0.305  (14s)
  epoch  26/100  loss 0.375  (21s)
  epoch  27/100  loss 0.469  (14s)
  epoch  28/100  loss 0.663  (13s)
  epoch  29/100  loss 0.340  (13s)
  epoch  30/100  loss 0.494  (13s)
  [measure] epoch  30  test acc 79.27%  k*(.95)/C median 0.226  rho(depth) -0.34  (87s)
  epoch  31/100  loss 0.495  (18s)
  epoch  32/100  loss 0.402  (15s)
  epoch  33/100  loss 0.370  (13s)
  epoch  34/100  loss 0.539  (14s)
  epoch  35/100  loss 0.502  (13s)
  epoch  36/100  loss 0.396  (13s)
  epoch  37/100  loss 0.462  (21s)
  epoch  38/100  loss 0.595  (13s)
  epoch  39/100  loss 0.242  (13s)
  epoch  40/100  loss 0.365  (12s)
  [measure] epoch  40  test acc 82.52%  k*(.95)/C median 0.173  rho(depth) -0.47  (101s)
  epoch  41/100  loss 0.473  (20s)
  epoch  42/100  loss 0.662  (15s)
  epoch  43/100  loss 0.455  (13s)
  epoch  44/100  loss 0.371  (14s)
  epoch  45/100  loss 0.436  (13s)
  epoch  46/100  loss 0.398  (21s)
  epoch  47/100  loss 0.546  (18s)
  epoch  48/100  loss 0.512  (13s)
  epoch  49/100  loss 0.563  (12s)
  epoch  50/100  loss 0.396  (14s)
  [measure] epoch  50  test acc 82.40%  k*(.95)/C median 0.136  rho(depth) -0.49  (117s)
  epoch  51/100  loss 0.437  (15s)
  epoch  52/100  loss 0.423  (14s)
  epoch  53/100  loss 0.402  (14s)
  epoch  54/100  loss 0.436  (12s)
  epoch  55/100  loss 0.491  (17s)
  epoch  56/100  loss 0.446  (22s)
  epoch  57/100  loss 0.320  (14s)
  epoch  58/100  loss 0.345  (13s)
  epoch  59/100  loss 0.288  (12s)
  epoch  60/100  loss 0.407  (13s)
  [measure] epoch  60  test acc 82.68%  k*(.95)/C median 0.132  rho(depth) -0.49  (111s)
  epoch  61/100  loss 0.479  (14s)
  epoch  62/100  loss 0.355  (14s)
  epoch  63/100  loss 0.496  (13s)
  epoch  64/100  loss 0.374  (14s)
  epoch  65/100  loss 0.454  (12s)
  epoch  66/100  loss 0.426  (22s)
  epoch  67/100  loss 0.325  (14s)
  epoch  68/100  loss 0.521  (13s)
  epoch  69/100  loss 0.327  (13s)
  epoch  70/100  loss 0.446  (13s)
  [measure] epoch  70  test acc 83.39%  k*(.95)/C median 0.125  rho(depth) -0.49  (109s)
  epoch  71/100  loss 0.488  (14s)
  epoch  72/100  loss 0.320  (14s)
  epoch  73/100  loss 0.235  (13s)
  epoch  74/100  loss 0.353  (13s)
  epoch  75/100  loss 0.491  (14s)
  epoch  76/100  loss 0.209  (22s)
  epoch  77/100  loss 0.385  (14s)
  epoch  78/100  loss 0.358  (13s)
  epoch  79/100  loss 0.292  (13s)
  epoch  80/100  loss 0.283  (13s)
  [measure] epoch  80  test acc 88.59%  k*(.95)/C median 0.136  rho(depth) -0.48  (108s)
  epoch  81/100  loss 0.340  (15s)
  epoch  82/100  loss 0.261  (14s)
  epoch  83/100  loss 0.264  (14s)
  epoch  84/100  loss 0.235  (13s)
  epoch  85/100  loss 0.244  (14s)
  epoch  86/100  loss 0.185  (22s)
  epoch  87/100  loss 0.272  (14s)
  epoch  88/100  loss 0.252  (12s)
  epoch  89/100  loss 0.188  (13s)
  epoch  90/100  loss 0.109  (13s)
  [measure] epoch  90  test acc 91.78%  k*(.95)/C median 0.156  rho(depth) -0.47  (115s)
  epoch  91/100  loss 0.136  (17s)
  epoch  92/100  loss 0.092  (14s)
  epoch  93/100  loss 0.102  (14s)
  epoch  94/100  loss 0.076  (13s)
  epoch  95/100  loss 0.081  (19s)
  epoch  96/100  loss 0.036  (17s)
  epoch  97/100  loss 0.063  (11s)
  epoch  98/100  loss 0.100  (12s)
  epoch  99/100  loss 0.061  (10s)
  epoch 100/100  loss 0.073  (9s)
  [measure] epoch 100  test acc 93.06%  k*(.95)/C median 0.161  rho(depth) -0.46  (31s)
done
