schedule: [0, 1, 2, 3, 5, 7, 10, 15, 20, 30, 40, 50, 60, 70, 80, 90, 100]
  [measure] epoch   0  test acc  9.78%  k*(.95)/C median 0.208  rho(depth) -0.22  (86s)
/usr/local/lib/python3.12/dist-packages/torch/optim/lr_scheduler.py:192: UserWarning: Detected call of `lr_scheduler.step()` before `optimizer.step()`. In PyTorch 1.1.0 and later, you should call them in the opposite order: `optimizer.step()` before `lr_scheduler.step()`.  Failure to do this will result in PyTorch skipping the first value of the learning rate schedule. See more details at https://pytorch.org/docs/stable/optim.html#how-to-adjust-learning-rate
  warnings.warn(
  epoch   1/100  loss 1.566  (25s)
  [measure] epoch   1  test acc 45.01%  k*(.95)/C median 0.560  rho(depth) +0.23  (80s)
  epoch   2/100  loss 1.260  (20s)
  [measure] epoch   2  test acc 54.88%  k*(.95)/C median 0.552  rho(depth) +0.12  (71s)
  epoch   3/100  loss 1.188  (16s)
  [measure] epoch   3  test acc 61.19%  k*(.95)/C median 0.545  rho(depth) +0.03  (67s)
  epoch   4/100  loss 0.988  (14s)
  epoch   5/100  loss 0.758  (15s)
  [measure] epoch   5  test acc 72.48%  k*(.95)/C median 0.522  rho(depth) -0.00  (74s)
  epoch   6/100  loss 0.636  (14s)
  epoch   7/100  loss 0.767  (13s)
  [measure] epoch   7  test acc 77.05%  k*(.95)/C median 0.493  rho(depth) -0.07  (67s)
  epoch   8/100  loss 0.712  (19s)
  epoch   9/100  loss 0.607  (16s)
  epoch  10/100  loss 0.451  (14s)
  [measure] epoch  10  test acc 80.42%  k*(.95)/C median 0.453  rho(depth) -0.15  (73s)
  epoch  11/100  loss 0.458  (18s)
  epoch  12/100  loss 0.464  (19s)
  epoch  13/100  loss 0.429  (16s)
  epoch  14/100  loss 0.408  (14s)
  epoch  15/100  loss 0.444  (13s)
  [measure] epoch  15  test acc 81.37%  k*(.95)/C median 0.395  rho(depth) -0.18  (65s)
  epoch  16/100  loss 0.514  (13s)
  epoch  17/100  loss 0.388  (15s)
  epoch  18/100  loss 0.498  (18s)
  epoch  19/100  loss 0.425  (18s)
  epoch  20/100  loss 0.544  (19s)
  [measure] epoch  20  test acc 82.65%  k*(.95)/C median 0.344  rho(depth) -0.17  (67s)
  epoch  21/100  loss 0.535  (14s)
  epoch  22/100  loss 0.358  (12s)
  epoch  23/100  loss 0.434  (14s)
  epoch  24/100  loss 0.440  (13s)
  epoch  25/100  loss 0.379  (22s)
  epoch  26/100  loss 0.382  (15s)
  epoch  27/100  loss 0.481  (13s)
  epoch  28/100  loss 0.437  (13s)
  epoch  29/100  loss 0.465  (12s)
  epoch  30/100  loss 0.419  (13s)
  [measure] epoch  30  test acc 80.51%  k*(.95)/C median 0.226  rho(depth) -0.35  (103s)
  epoch  31/100  loss 0.525  (16s)
  epoch  32/100  loss 0.499  (13s)
  epoch  33/100  loss 0.404  (14s)
  epoch  34/100  loss 0.409  (13s)
  epoch  35/100  loss 0.459  (17s)
  epoch  36/100  loss 0.481  (21s)
  epoch  37/100  loss 0.415  (14s)
  epoch  38/100  loss 0.458  (13s)
  epoch  39/100  loss 0.398  (13s)
  epoch  40/100  loss 0.522  (15s)
  [measure] epoch  40  test acc 82.12%  k*(.95)/C median 0.170  rho(depth) -0.45  (104s)
  epoch  41/100  loss 0.460  (13s)
  epoch  42/100  loss 0.434  (13s)
  epoch  43/100  loss 0.322  (13s)
  epoch  44/100  loss 0.452  (19s)
  epoch  45/100  loss 0.440  (16s)
  epoch  46/100  loss 0.427  (13s)
  epoch  47/100  loss 0.418  (14s)
  epoch  48/100  loss 0.333  (13s)
  epoch  49/100  loss 0.414  (13s)
  epoch  50/100  loss 0.288  (16s)
  [measure] epoch  50  test acc 85.27%  k*(.95)/C median 0.132  rho(depth) -0.49  (99s)
  epoch  51/100  loss 0.340  (14s)
  epoch  52/100  loss 0.498  (13s)
  epoch  53/100  loss 0.441  (14s)
  epoch  54/100  loss 0.427  (14s)
  epoch  55/100  loss 0.585  (24s)
  epoch  56/100  loss 0.425  (13s)
  epoch  57/100  loss 0.483  (14s)
  epoch  58/100  loss 0.391  (13s)
  epoch  59/100  loss 0.419  (14s)
  epoch  60/100  loss 0.397  (13s)
  [measure] epoch  60  test acc 83.76%  k*(.95)/C median 0.127  rho(depth) -0.50  (110s)
  epoch  61/100  loss 0.481  (14s)
  epoch  62/100  loss 0.551  (14s)
  epoch  63/100  loss 0.376  (13s)
  epoch  64/100  loss 0.472  (14s)
  epoch  65/100  loss 0.377  (19s)
  epoch  66/100  loss 0.430  (18s)
  epoch  67/100  loss 0.369  (13s)
  epoch  68/100  loss 0.393  (13s)
  epoch  69/100  loss 0.377  (13s)
  epoch  70/100  loss 0.342  (13s)
  [measure] epoch  70  test acc 80.88%  k*(.95)/C median 0.129  rho(depth) -0.48  (110s)
  epoch  71/100  loss 0.420  (14s)
  epoch  72/100  loss 0.389  (13s)
  epoch  73/100  loss 0.364  (13s)
  epoch  74/100  loss 0.423  (14s)
  epoch  75/100  loss 0.309  (18s)
  epoch  76/100  loss 0.303  (18s)
  epoch  77/100  loss 0.263  (14s)
  epoch  78/100  loss 0.266  (13s)
  epoch  79/100  loss 0.403  (14s)
  epoch  80/100  loss 0.308  (12s)
  [measure] epoch  80  test acc 87.25%  k*(.95)/C median 0.138  rho(depth) -0.49  (111s)
  epoch  81/100  loss 0.295  (14s)
  epoch  82/100  loss 0.117  (14s)
  epoch  83/100  loss 0.370  (13s)
  epoch  84/100  loss 0.282  (14s)
  epoch  85/100  loss 0.278  (20s)
  epoch  86/100  loss 0.178  (15s)
  epoch  87/100  loss 0.154  (13s)
  epoch  88/100  loss 0.156  (14s)
  epoch  89/100  loss 0.136  (12s)
  epoch  90/100  loss 0.153  (13s)
  [measure] epoch  90  test acc 91.76%  k*(.95)/C median 0.147  rho(depth) -0.47  (113s)
  epoch  91/100  loss 0.069  (13s)
  epoch  92/100  loss 0.144  (13s)
  epoch  93/100  loss 0.077  (13s)
  epoch  94/100  loss 0.059  (19s)
  epoch  95/100  loss 0.048  (15s)
  epoch  96/100  loss 0.099  (13s)
  epoch  97/100  loss 0.060  (13s)
  epoch  98/100  loss 0.035  (14s)
  epoch  99/100  loss 0.027  (12s)
  epoch 100/100  loss 0.049  (13s)
  [measure] epoch 100  test acc 93.30%  k*(.95)/C median 0.157  rho(depth) -0.46  (106s)
done
