schedule: [0, 1, 2, 3, 5, 7, 10, 15, 20, 30, 40, 50, 60, 70, 80, 90, 100]
  [measure] epoch   0  test acc 10.00%  k*(.95)/C median 0.172  rho(depth) -0.85  (76s)
  epoch   1/100  loss 2.804  (59s)
  [measure] epoch   1  test acc 49.71%  k*(.95)/C median 0.660  rho(depth) +0.62  (74s)
  epoch   2/100  loss 2.019  (59s)
  [measure] epoch   2  test acc 61.36%  k*(.95)/C median 0.625  rho(depth) +0.28  (74s)
  epoch   3/100  loss 1.861  (59s)
  [measure] epoch   3  test acc 68.60%  k*(.95)/C median 0.646  rho(depth) -0.03  (68s)
  epoch   4/100  loss 1.394  (60s)
  epoch   5/100  loss 0.849  (59s)
  [measure] epoch   5  test acc 78.14%  k*(.95)/C median 0.625  rho(depth) -0.21  (74s)
  epoch   6/100  loss 0.784  (44s)
  epoch   7/100  loss 0.815  (59s)
  [measure] epoch   7  test acc 80.00%  k*(.95)/C median 0.572  rho(depth) -0.34  (79s)
  epoch   8/100  loss 0.609  (30s)
  epoch   9/100  loss 0.557  (59s)
  epoch  10/100  loss 0.433  (59s)
  [measure] epoch  10  test acc 81.78%  k*(.95)/C median 0.500  rho(depth) -0.45  (96s)
  epoch  11/100  loss 0.567  (25s)
  epoch  12/100  loss 0.479  (50s)
  epoch  13/100  loss 1.869  (59s)
  epoch  14/100  loss 1.319  (59s)
  epoch  15/100  loss 1.058  (59s)
  [measure] epoch  15  test acc 73.62%  k*(.95)/C median 0.305  rho(depth) -0.56  (89s)
  epoch  16/100  loss 0.899  (24s)
  epoch  17/100  loss 0.845  (47s)
  epoch  18/100  loss 0.973  (59s)
  epoch  19/100  loss 0.910  (55s)
  epoch  20/100  loss 0.991  (59s)
  [measure] epoch  20  test acc 79.07%  k*(.95)/C median 0.336  rho(depth) -0.57  (102s)
  epoch  21/100  loss 1.009  (44s)
  epoch  22/100  loss 0.916  (59s)
  epoch  23/100  loss 1.012  (59s)
  epoch  24/100  loss 1.026  (59s)
  epoch  25/100  loss 1.055  (60s)
  epoch  26/100  loss 1.035  (59s)
  epoch  27/100  loss 0.960  (60s)
  epoch  28/100  loss 1.033  (60s)
  epoch  29/100  loss 1.056  (59s)
  epoch  30/100  loss 0.991  (60s)
  [measure] epoch  30  test acc 85.61%  k*(.95)/C median 0.359  rho(depth) -0.48  (75s)
  epoch  31/100  loss 1.031  (42s)
  epoch  32/100  loss 1.084  (60s)
  epoch  33/100  loss 1.034  (60s)
  epoch  34/100  loss 0.990  (60s)
  epoch  35/100  loss 1.207  (59s)
  epoch  36/100  loss 1.025  (59s)
  epoch  37/100  loss 1.055  (59s)
  epoch  38/100  loss 1.061  (59s)
  epoch  39/100  loss 0.960  (59s)
  epoch  40/100  loss 1.054  (59s)
  [measure] epoch  40  test acc 84.63%  k*(.95)/C median 0.379  rho(depth) -0.42  (62s)
  epoch  41/100  loss 1.181  (40s)
  epoch  42/100  loss 0.962  (58s)
  epoch  43/100  loss 1.013  (57s)
  epoch  44/100  loss 0.920  (58s)
  epoch  45/100  loss 1.053  (58s)
  epoch  46/100  loss 1.014  (58s)
  epoch  47/100  loss 1.030  (59s)
  epoch  48/100  loss 1.145  (59s)
  epoch  49/100  loss 1.095  (58s)
  epoch  50/100  loss 0.959  (48s)
  [measure] epoch  50  test acc 89.23%  k*(.95)/C median 0.402  rho(depth) -0.39  (59s)
  epoch  51/100  loss 1.001  (40s)
  epoch  52/100  loss 1.072  (52s)
  epoch  53/100  loss 1.007  (58s)
  epoch  54/100  loss 1.024  (59s)
  epoch  55/100  loss 1.121  (58s)
  epoch  56/100  loss 1.089  (59s)
  epoch  57/100  loss 1.158  (59s)
  epoch  58/100  loss 1.058  (59s)
  epoch  59/100  loss 0.980  (59s)
  epoch  60/100  loss 1.067  (54s)
  [measure] epoch  60  test acc 87.06%  k*(.95)/C median 0.398  rho(depth) -0.35  (66s)
  epoch  61/100  loss 1.037  (42s)
  epoch  62/100  loss 1.090  (42s)
  epoch  63/100  loss 1.072  (54s)
  epoch  64/100  loss 1.013  (59s)
  epoch  65/100  loss 0.929  (59s)
  epoch  66/100  loss 1.055  (59s)
  epoch  67/100  loss 0.962  (59s)
  epoch  68/100  loss 1.000  (59s)
  epoch  69/100  loss 0.946  (59s)
  epoch  70/100  loss 0.932  (51s)
  [measure] epoch  70  test acc 89.95%  k*(.95)/C median 0.430  rho(depth) -0.36  (85s)
  epoch  71/100  loss 0.995  (47s)
  epoch  72/100  loss 1.057  (42s)
  epoch  73/100  loss 1.026  (42s)
  epoch  74/100  loss 1.040  (49s)
  epoch  75/100  loss 0.961  (59s)
  epoch  76/100  loss 0.971  (59s)
  epoch  77/100  loss 0.977  (59s)
  epoch  78/100  loss 0.922  (59s)
  epoch  79/100  loss 0.966  (59s)
  epoch  80/100  loss 0.901  (60s)
  [measure] epoch  80  test acc 92.02%  k*(.95)/C median 0.434  rho(depth) -0.33  (86s)
  epoch  81/100  loss 0.932  (59s)
  epoch  82/100  loss 0.925  (44s)
  epoch  83/100  loss 0.967  (42s)
  epoch  84/100  loss 0.934  (42s)
  epoch  85/100  loss 0.911  (53s)
  epoch  86/100  loss 0.930  (59s)
  epoch  87/100  loss 0.925  (59s)
  epoch  88/100  loss 0.920  (59s)
  epoch  89/100  loss 0.919  (59s)
  epoch  90/100  loss 0.922  (59s)
  [measure] epoch  90  test acc 94.68%  k*(.95)/C median 0.469  rho(depth) -0.31  (92s)
  epoch  91/100  loss 0.925  (59s)
  epoch  92/100  loss 0.927  (51s)
  epoch  93/100  loss 0.930  (42s)
  epoch  94/100  loss 0.930  (41s)
  epoch  95/100  loss 0.931  (44s)
  epoch  96/100  loss 0.931  (59s)
  epoch  97/100  loss 0.932  (59s)
  epoch  98/100  loss 0.932  (60s)
  epoch  99/100  loss 0.932  (59s)
  epoch 100/100  loss 0.932  (59s)
  [measure] epoch 100  test acc 95.40%  k*(.95)/C median 0.477  rho(depth) -0.31  (89s)
done
