schedule: [0, 1, 2, 3, 5, 7, 10, 15, 20, 30, 40, 50, 60, 70, 80, 90, 100]
  [measure] epoch   0  test acc 10.00%  k*(.95)/C median 0.211  rho(depth) -0.85  (57s)
  epoch   1/100  loss 2.442  (65s)
  [measure] epoch   1  test acc 49.73%  k*(.95)/C median 0.622  rho(depth) +0.67  (60s)
  epoch   2/100  loss 1.779  (63s)
  [measure] epoch   2  test acc 63.55%  k*(.95)/C median 0.628  rho(depth) +0.29  (58s)
  epoch   3/100  loss 1.683  (59s)
  [measure] epoch   3  test acc 61.87%  k*(.95)/C median 0.634  rho(depth) +0.03  (62s)
  epoch   4/100  loss 1.598  (56s)
  epoch   5/100  loss 1.090  (63s)
  [measure] epoch   5  test acc 74.10%  k*(.95)/C median 0.633  rho(depth) -0.27  (62s)
  epoch   6/100  loss 0.963  (52s)
  epoch   7/100  loss 1.018  (63s)
  [measure] epoch   7  test acc 66.33%  k*(.95)/C median 0.576  rho(depth) -0.51  (63s)
  epoch   8/100  loss 0.605  (47s)
  epoch   9/100  loss 0.603  (56s)
  epoch  10/100  loss 0.590  (63s)
  [measure] epoch  10  test acc 79.34%  k*(.95)/C median 0.531  rho(depth) -0.49  (50s)
  epoch  11/100  loss 0.683  (54s)
  epoch  12/100  loss 0.503  (47s)
  epoch  13/100  loss 2.596  (48s)
  epoch  14/100  loss 4.969  (55s)
  epoch  15/100  loss 0.725  (63s)
  [measure] epoch  15  test acc 84.37%  k*(.95)/C median 0.346  rho(depth) -0.71  (74s)
  epoch  16/100  loss 0.766  (44s)
  epoch  17/100  loss 0.774  (59s)
  epoch  18/100  loss 0.697  (55s)
  epoch  19/100  loss 0.635  (45s)
  epoch  20/100  loss 0.619  (48s)
  [measure] epoch  20  test acc 86.09%  k*(.95)/C median 0.309  rho(depth) -0.72  (59s)
  epoch  21/100  loss 0.615  (57s)
  epoch  22/100  loss 0.735  (46s)
  epoch  23/100  loss 0.780  (52s)
  epoch  24/100  loss 0.730  (59s)
  epoch  25/100  loss 0.692  (45s)
  epoch  26/100  loss 0.641  (47s)
  epoch  27/100  loss 0.700  (62s)
  epoch  28/100  loss 0.773  (62s)
  epoch  29/100  loss 0.796  (63s)
  epoch  30/100  loss 0.712  (63s)
  [measure] epoch  30  test acc 85.28%  k*(.95)/C median 0.311  rho(depth) -0.77  (103s)
  epoch  31/100  loss 0.768  (61s)
  epoch  32/100  loss 0.659  (47s)
  epoch  33/100  loss 0.713  (49s)
  epoch  34/100  loss 0.830  (62s)
  epoch  35/100  loss 0.758  (53s)
  epoch  36/100  loss 0.751  (45s)
  epoch  37/100  loss 0.796  (57s)
  epoch  38/100  loss 0.799  (62s)
  epoch  39/100  loss 0.550  (62s)
  epoch  40/100  loss 0.700  (62s)
  [measure] epoch  40  test acc 88.62%  k*(.95)/C median 0.338  rho(depth) -0.75  (101s)
  epoch  41/100  loss 0.648  (63s)
  epoch  42/100  loss 0.760  (50s)
  epoch  43/100  loss 0.695  (46s)
  epoch  44/100  loss 0.675  (63s)
  epoch  45/100  loss 0.728  (63s)
  epoch  46/100  loss 0.595  (47s)
  epoch  47/100  loss 0.788  (46s)
  epoch  48/100  loss 0.782  (62s)
  epoch  49/100  loss 0.815  (62s)
  epoch  50/100  loss 0.610  (62s)
  [measure] epoch  50  test acc 87.89%  k*(.95)/C median 0.365  rho(depth) -0.75  (102s)
  epoch  51/100  loss 0.739  (63s)
  epoch  52/100  loss 0.644  (52s)
  epoch  53/100  loss 0.588  (46s)
  epoch  54/100  loss 0.701  (61s)
  epoch  55/100  loss 0.634  (62s)
  epoch  56/100  loss 0.684  (56s)
  epoch  57/100  loss 0.561  (45s)
  epoch  58/100  loss 0.534  (53s)
  epoch  59/100  loss 0.556  (62s)
  epoch  60/100  loss 0.694  (62s)
  [measure] epoch  60  test acc 86.80%  k*(.95)/C median 0.373  rho(depth) -0.73  (100s)
  epoch  61/100  loss 0.600  (63s)
  epoch  62/100  loss 0.634  (54s)
  epoch  63/100  loss 0.641  (46s)
  epoch  64/100  loss 0.719  (62s)
  epoch  65/100  loss 0.622  (62s)
  epoch  66/100  loss 0.636  (63s)
  epoch  67/100  loss 0.557  (51s)
  epoch  68/100  loss 0.885  (45s)
  epoch  69/100  loss 0.611  (57s)
  epoch  70/100  loss 0.652  (62s)
  [measure] epoch  70  test acc 90.00%  k*(.95)/C median 0.383  rho(depth) -0.71  (99s)
  epoch  71/100  loss 0.645  (62s)
  epoch  72/100  loss 0.628  (53s)
  epoch  73/100  loss 0.608  (46s)
  epoch  74/100  loss 0.613  (61s)
  epoch  75/100  loss 0.786  (63s)
  epoch  76/100  loss 0.529  (62s)
  epoch  77/100  loss 0.616  (62s)
  epoch  78/100  loss 0.532  (46s)
  epoch  79/100  loss 0.626  (46s)
  epoch  80/100  loss 0.504  (63s)
  [measure] epoch  80  test acc 90.83%  k*(.95)/C median 0.398  rho(depth) -0.71  (104s)
  epoch  81/100  loss 0.557  (63s)
  epoch  82/100  loss 0.554  (52s)
  epoch  83/100  loss 0.475  (46s)
  epoch  84/100  loss 0.479  (58s)
  epoch  85/100  loss 0.503  (63s)
  epoch  86/100  loss 0.506  (62s)
  epoch  87/100  loss 0.462  (63s)
  epoch  88/100  loss 0.463  (51s)
  epoch  89/100  loss 0.454  (45s)
  epoch  90/100  loss 0.459  (57s)
  [measure] epoch  90  test acc 94.52%  k*(.95)/C median 0.461  rho(depth) -0.71  (79s)
  epoch  91/100  loss 0.456  (62s)
  epoch  92/100  loss 0.449  (64s)
  epoch  93/100  loss 0.449  (47s)
  epoch  94/100  loss 0.450  (46s)
  epoch  95/100  loss 0.450  (63s)
  epoch  96/100  loss 0.472  (62s)
  epoch  97/100  loss 0.449  (62s)
  epoch  98/100  loss 0.463  (63s)
  epoch  99/100  loss 0.450  (53s)
  epoch 100/100  loss 0.449  (45s)
  [measure] epoch 100  test acc 95.57%  k*(.95)/C median 0.469  rho(depth) -0.71  (108s)
done
