schedule: [0, 1, 2, 3, 5, 7, 10, 15, 20, 30, 40, 50, 60, 70, 80, 90, 100]
  [measure] epoch   0  test acc 10.01%  k*(.95)/C median 0.236  rho(depth) -0.85  (77s)
/usr/local/lib/python3.12/dist-packages/torch/optim/lr_scheduler.py:192: UserWarning: Detected call of `lr_scheduler.step()` before `optimizer.step()`. In PyTorch 1.1.0 and later, you should call them in the opposite order: `optimizer.step()` before `lr_scheduler.step()`.  Failure to do this will result in PyTorch skipping the first value of the learning rate schedule. See more details at https://pytorch.org/docs/stable/optim.html#how-to-adjust-learning-rate
  warnings.warn(
  epoch   1/100  loss 2.841  (60s)
  [measure] epoch   1  test acc 49.86%  k*(.95)/C median 0.609  rho(depth) +0.73  (74s)
  epoch   2/100  loss 2.234  (60s)
  [measure] epoch   2  test acc 59.92%  k*(.95)/C median 0.630  rho(depth) +0.44  (79s)
  epoch   3/100  loss 1.771  (59s)
  [measure] epoch   3  test acc 65.27%  k*(.95)/C median 0.639  rho(depth) +0.02  (73s)
  epoch   4/100  loss 1.299  (59s)
  epoch   5/100  loss 1.013  (60s)
  [measure] epoch   5  test acc 74.40%  k*(.95)/C median 0.609  rho(depth) -0.25  (80s)
  epoch   6/100  loss 0.897  (60s)
  epoch   7/100  loss 0.506  (54s)
  [measure] epoch   7  test acc 73.88%  k*(.95)/C median 0.578  rho(depth) -0.22  (89s)
  epoch   8/100  loss 0.608  (60s)
  epoch   9/100  loss 0.473  (60s)
  epoch  10/100  loss 0.593  (44s)
  [measure] epoch  10  test acc 80.09%  k*(.95)/C median 0.494  rho(depth) -0.44  (81s)
  epoch  11/100  loss 0.684  (56s)
  epoch  12/100  loss 0.644  (60s)
  epoch  13/100  loss 0.745  (60s)
  epoch  14/100  loss 0.919  (59s)
  epoch  15/100  loss 0.637  (43s)
  [measure] epoch  15  test acc 84.83%  k*(.95)/C median 0.375  rho(depth) -0.59  (65s)
  epoch  16/100  loss 0.751  (48s)
  epoch  17/100  loss 0.957  (59s)
  epoch  18/100  loss 0.840  (55s)
  epoch  19/100  loss 0.894  (60s)
  epoch  20/100  loss 0.867  (44s)
  [measure] epoch  20  test acc 87.96%  k*(.95)/C median 0.361  rho(depth) -0.58  (61s)
  epoch  21/100  loss 0.908  (42s)
  epoch  22/100  loss 0.915  (60s)
  epoch  23/100  loss 0.916  (59s)
  epoch  24/100  loss 0.893  (59s)
  epoch  25/100  loss 1.056  (60s)
  epoch  26/100  loss 0.950  (60s)
  epoch  27/100  loss 1.000  (60s)
  epoch  28/100  loss 1.025  (60s)
  epoch  29/100  loss 0.970  (60s)
  epoch  30/100  loss 1.163  (60s)
  [measure] epoch  30  test acc 84.87%  k*(.95)/C median 0.375  rho(depth) -0.54  (77s)
  epoch  31/100  loss 0.953  (41s)
  epoch  32/100  loss 1.106  (59s)
  epoch  33/100  loss 1.098  (59s)
  epoch  34/100  loss 1.108  (59s)
  epoch  35/100  loss 0.975  (58s)
  epoch  36/100  loss 1.033  (59s)
  epoch  37/100  loss 1.093  (59s)
  epoch  38/100  loss 1.070  (60s)
  epoch  39/100  loss 1.010  (59s)
  epoch  40/100  loss 1.099  (59s)
  [measure] epoch  40  test acc 84.82%  k*(.95)/C median 0.396  rho(depth) -0.49  (64s)
  epoch  41/100  loss 1.098  (40s)
  epoch  42/100  loss 0.974  (38s)
  epoch  43/100  loss 1.118  (58s)
  epoch  44/100  loss 1.087  (58s)
  epoch  45/100  loss 1.073  (58s)
  epoch  46/100  loss 1.178  (58s)
  epoch  47/100  loss 1.019  (59s)
  epoch  48/100  loss 1.104  (59s)
  epoch  49/100  loss 1.036  (59s)
  epoch  50/100  loss 1.006  (58s)
  [measure] epoch  50  test acc 87.11%  k*(.95)/C median 0.420  rho(depth) -0.41  (77s)
  epoch  51/100  loss 0.966  (33s)
  epoch  52/100  loss 1.183  (43s)
  epoch  53/100  loss 1.073  (58s)
  epoch  54/100  loss 1.000  (58s)
  epoch  55/100  loss 0.999  (58s)
  epoch  56/100  loss 1.025  (59s)
  epoch  57/100  loss 1.041  (59s)
  epoch  58/100  loss 0.976  (60s)
  epoch  59/100  loss 1.045  (60s)
  epoch  60/100  loss 0.976  (59s)
  [measure] epoch  60  test acc 86.35%  k*(.95)/C median 0.436  rho(depth) -0.40  (86s)
  epoch  61/100  loss 1.030  (41s)
  epoch  62/100  loss 1.091  (41s)
  epoch  63/100  loss 0.946  (52s)
  epoch  64/100  loss 0.960  (59s)
  epoch  65/100  loss 1.018  (59s)
  epoch  66/100  loss 1.021  (60s)
  epoch  67/100  loss 1.095  (59s)
  epoch  68/100  loss 1.049  (59s)
  epoch  69/100  loss 0.992  (60s)
  epoch  70/100  loss 0.955  (51s)
  [measure] epoch  70  test acc 90.38%  k*(.95)/C median 0.438  rho(depth) -0.35  (87s)
  epoch  71/100  loss 1.018  (47s)
  epoch  72/100  loss 0.933  (42s)
  epoch  73/100  loss 1.028  (41s)
  epoch  74/100  loss 0.981  (48s)
  epoch  75/100  loss 0.960  (60s)
  epoch  76/100  loss 0.920  (60s)
  epoch  77/100  loss 1.022  (60s)
  epoch  78/100  loss 0.938  (59s)
  epoch  79/100  loss 0.983  (60s)
  epoch  80/100  loss 0.905  (60s)
  [measure] epoch  80  test acc 92.07%  k*(.95)/C median 0.473  rho(depth) -0.35  (87s)
  epoch  81/100  loss 0.964  (60s)
  epoch  82/100  loss 1.013  (43s)
  epoch  83/100  loss 0.928  (41s)
  epoch  84/100  loss 0.983  (41s)
  epoch  85/100  loss 0.983  (50s)
  epoch  86/100  loss 0.938  (59s)
  epoch  87/100  loss 0.960  (59s)
  epoch  88/100  loss 0.920  (59s)
  epoch  89/100  loss 0.921  (59s)
  epoch  90/100  loss 0.957  (59s)
  [measure] epoch  90  test acc 94.46%  k*(.95)/C median 0.496  rho(depth) -0.32  (90s)
  epoch  91/100  loss 0.930  (58s)
  epoch  92/100  loss 0.935  (53s)
  epoch  93/100  loss 0.933  (41s)
  epoch  94/100  loss 0.928  (41s)
  epoch  95/100  loss 0.929  (41s)
  epoch  96/100  loss 0.929  (60s)
  epoch  97/100  loss 0.930  (60s)
  epoch  98/100  loss 0.934  (60s)
  epoch  99/100  loss 0.930  (59s)
  epoch 100/100  loss 0.931  (59s)
  [measure] epoch 100  test acc 95.39%  k*(.95)/C median 0.500  rho(depth) -0.32  (91s)
done
