schedule: [0, 1, 2, 3, 5, 7, 10, 15, 20, 30, 40, 50, 60, 70, 80, 90, 100]
  [measure] epoch   0  test acc 10.00%  k*(.95)/C median 0.211  rho(depth) -0.85  (78s)
  epoch   1/100  loss 2.796  (60s)
  [measure] epoch   1  test acc 50.30%  k*(.95)/C median 0.644  rho(depth) +0.66  (75s)
  epoch   2/100  loss 2.078  (60s)
  [measure] epoch   2  test acc 62.80%  k*(.95)/C median 0.630  rho(depth) +0.41  (79s)
  epoch   3/100  loss 1.880  (60s)
  [measure] epoch   3  test acc 62.22%  k*(.95)/C median 0.646  rho(depth) +0.08  (73s)
  epoch   4/100  loss 1.515  (59s)
  epoch   5/100  loss 1.028  (60s)
  [measure] epoch   5  test acc 76.46%  k*(.95)/C median 0.617  rho(depth) -0.27  (83s)
  epoch   6/100  loss 0.872  (60s)
  epoch   7/100  loss 0.672  (53s)
  [measure] epoch   7  test acc 79.01%  k*(.95)/C median 0.578  rho(depth) -0.39  (89s)
  epoch   8/100  loss 0.502  (60s)
  epoch   9/100  loss 0.921  (60s)
  epoch  10/100  loss 0.607  (44s)
  [measure] epoch  10  test acc 81.70%  k*(.95)/C median 0.477  rho(depth) -0.45  (90s)
  epoch  11/100  loss 0.586  (60s)
  epoch  12/100  loss 0.564  (60s)
  epoch  13/100  loss 0.684  (59s)
  epoch  14/100  loss 0.875  (55s)
  epoch  15/100  loss 0.766  (41s)
  [measure] epoch  15  test acc 84.24%  k*(.95)/C median 0.379  rho(depth) -0.65  (85s)
  epoch  16/100  loss 0.800  (59s)
  epoch  17/100  loss 0.746  (59s)
  epoch  18/100  loss 0.797  (60s)
  epoch  19/100  loss 0.843  (46s)
  epoch  20/100  loss 0.839  (38s)
  [measure] epoch  20  test acc 83.96%  k*(.95)/C median 0.359  rho(depth) -0.65  (72s)
  epoch  21/100  loss 0.862  (60s)
  epoch  22/100  loss 0.968  (59s)
  epoch  23/100  loss 0.925  (60s)
  epoch  24/100  loss 1.072  (60s)
  epoch  25/100  loss 0.815  (60s)
  epoch  26/100  loss 0.996  (60s)
  epoch  27/100  loss 1.077  (60s)
  epoch  28/100  loss 1.074  (60s)
  epoch  29/100  loss 1.071  (60s)
  epoch  30/100  loss 1.059  (44s)
  [measure] epoch  30  test acc 84.69%  k*(.95)/C median 0.391  rho(depth) -0.55  (83s)
  epoch  31/100  loss 1.021  (60s)
  epoch  32/100  loss 0.983  (60s)
  epoch  33/100  loss 1.010  (60s)
  epoch  34/100  loss 1.189  (59s)
  epoch  35/100  loss 1.096  (59s)
  epoch  36/100  loss 1.135  (59s)
  epoch  37/100  loss 1.101  (59s)
  epoch  38/100  loss 1.168  (59s)
  epoch  39/100  loss 0.940  (59s)
  epoch  40/100  loss 1.107  (36s)
  [measure] epoch  40  test acc 86.27%  k*(.95)/C median 0.393  rho(depth) -0.49  (76s)
  epoch  41/100  loss 1.098  (52s)
  epoch  42/100  loss 1.115  (58s)
  epoch  43/100  loss 1.097  (58s)
  epoch  44/100  loss 0.985  (58s)
  epoch  45/100  loss 1.032  (59s)
  epoch  46/100  loss 0.997  (59s)
  epoch  47/100  loss 1.134  (59s)
  epoch  48/100  loss 1.074  (58s)
  epoch  49/100  loss 1.236  (54s)
  epoch  50/100  loss 0.998  (37s)
  [measure] epoch  50  test acc 86.01%  k*(.95)/C median 0.420  rho(depth) -0.45  (91s)
  epoch  51/100  loss 1.002  (58s)
  epoch  52/100  loss 1.061  (58s)
  epoch  53/100  loss 0.980  (59s)
  epoch  54/100  loss 1.106  (59s)
  epoch  55/100  loss 1.050  (59s)
  epoch  56/100  loss 1.146  (60s)
  epoch  57/100  loss 0.976  (60s)
  epoch  58/100  loss 0.902  (59s)
  epoch  59/100  loss 0.957  (48s)
  epoch  60/100  loss 1.021  (27s)
  [measure] epoch  60  test acc 84.73%  k*(.95)/C median 0.438  rho(depth) -0.39  (124s)
  epoch  61/100  loss 1.012  (59s)
  epoch  62/100  loss 0.985  (59s)
  epoch  63/100  loss 1.067  (60s)
  epoch  64/100  loss 1.129  (60s)
  epoch  65/100  loss 1.102  (59s)
  epoch  66/100  loss 0.971  (59s)
  epoch  67/100  loss 0.981  (60s)
  epoch  68/100  loss 1.072  (49s)
  epoch  69/100  loss 0.968  (27s)
  epoch  70/100  loss 1.158  (30s)
  [measure] epoch  70  test acc 90.48%  k*(.95)/C median 0.445  rho(depth) -0.37  (152s)
  epoch  71/100  loss 1.005  (60s)
  epoch  72/100  loss 0.963  (60s)
  epoch  73/100  loss 0.923  (60s)
  epoch  74/100  loss 0.964  (59s)
  epoch  75/100  loss 1.097  (60s)
  epoch  76/100  loss 0.930  (59s)
  epoch  77/100  loss 0.967  (53s)
  epoch  78/100  loss 0.945  (27s)
  epoch  79/100  loss 0.953  (25s)
  epoch  80/100  loss 0.946  (58s)
  [measure] epoch  80  test acc 91.40%  k*(.95)/C median 0.473  rho(depth) -0.34  (148s)
  epoch  81/100  loss 0.963  (59s)
  epoch  82/100  loss 0.970  (59s)
  epoch  83/100  loss 0.939  (59s)
  epoch  84/100  loss 0.919  (59s)
  epoch  85/100  loss 0.926  (59s)
  epoch  86/100  loss 0.919  (56s)
  epoch  87/100  loss 0.943  (29s)
  epoch  88/100  loss 0.919  (24s)
  epoch  89/100  loss 0.923  (40s)
  epoch  90/100  loss 0.923  (59s)
  [measure] epoch  90  test acc 94.63%  k*(.95)/C median 0.500  rho(depth) -0.35  (148s)
  epoch  91/100  loss 0.925  (60s)
  epoch  92/100  loss 0.934  (60s)
  epoch  93/100  loss 0.929  (60s)
  epoch  94/100  loss 0.934  (59s)
  epoch  95/100  loss 0.933  (59s)
  epoch  96/100  loss 0.934  (42s)
  epoch  97/100  loss 0.933  (25s)
  epoch  98/100  loss 0.935  (27s)
  epoch  99/100  loss 0.933  (21s)
  epoch 100/100  loss 0.933  (20s)
  [measure] epoch 100  test acc 95.51%  k*(.95)/C median 0.504  rho(depth) -0.33  (26s)
done
