schedule: [0, 1, 2, 3, 5, 7, 10, 15, 20, 30, 40, 50, 60, 70, 80, 90, 100]
  [measure] epoch   0  test acc 10.00%  k*(.95)/C median 0.172  rho(depth) -0.85  (64s)
  epoch   1/100  loss 2.346  (65s)
  [measure] epoch   1  test acc 51.50%  k*(.95)/C median 0.635  rho(depth) +0.68  (68s)
  epoch   2/100  loss 1.763  (64s)
  [measure] epoch   2  test acc 62.81%  k*(.95)/C median 0.656  rho(depth) +0.32  (61s)
  epoch   3/100  loss 1.606  (63s)
  [measure] epoch   3  test acc 67.29%  k*(.95)/C median 0.646  rho(depth) -0.05  (64s)
  epoch   4/100  loss 1.409  (64s)
  epoch   5/100  loss 1.075  (65s)
  [measure] epoch   5  test acc 75.51%  k*(.95)/C median 0.641  rho(depth) -0.28  (68s)
  epoch   6/100  loss 0.927  (64s)
  epoch   7/100  loss 0.907  (64s)
  [measure] epoch   7  test acc 79.02%  k*(.95)/C median 0.609  rho(depth) -0.40  (88s)
  epoch   8/100  loss 0.765  (64s)
  epoch   9/100  loss 0.650  (68s)
  epoch  10/100  loss 0.635  (49s)
  [measure] epoch  10  test acc 79.94%  k*(.95)/C median 0.453  rho(depth) -0.53  (108s)
  epoch  11/100  loss 0.669  (56s)
  epoch  12/100  loss 0.612  (64s)
  epoch  13/100  loss 0.595  (53s)
  epoch  14/100  loss 0.558  (52s)
  epoch  15/100  loss 0.661  (64s)
  [measure] epoch  15  test acc 81.74%  k*(.95)/C median 0.383  rho(depth) -0.71  (115s)
  epoch  16/100  loss 0.700  (48s)
  epoch  17/100  loss 0.636  (54s)
  epoch  18/100  loss 0.791  (52s)
  epoch  19/100  loss 0.718  (46s)
  epoch  20/100  loss 0.737  (61s)
  [measure] epoch  20  test acc 85.46%  k*(.95)/C median 0.311  rho(depth) -0.76  (114s)
  epoch  21/100  loss 0.775  (64s)
  epoch  22/100  loss 0.587  (65s)
  epoch  23/100  loss 0.673  (64s)
  epoch  24/100  loss 0.745  (65s)
  epoch  25/100  loss 0.782  (53s)
  epoch  26/100  loss 0.645  (47s)
  epoch  27/100  loss 0.788  (65s)
  epoch  28/100  loss 0.707  (48s)
  epoch  29/100  loss 0.828  (50s)
  epoch  30/100  loss 0.709  (65s)
  [measure] epoch  30  test acc 85.56%  k*(.95)/C median 0.314  rho(depth) -0.77  (107s)
  epoch  31/100  loss 0.859  (65s)
  epoch  32/100  loss 0.741  (65s)
  epoch  33/100  loss 0.657  (65s)
  epoch  34/100  loss 0.685  (64s)
  epoch  35/100  loss 0.760  (47s)
  epoch  36/100  loss 0.709  (58s)
  epoch  37/100  loss 0.798  (61s)
  epoch  38/100  loss 0.736  (48s)
  epoch  39/100  loss 0.641  (60s)
  epoch  40/100  loss 0.742  (65s)
  [measure] epoch  40  test acc 83.46%  k*(.95)/C median 0.336  rho(depth) -0.75  (109s)
  epoch  41/100  loss 0.694  (65s)
  epoch  42/100  loss 0.685  (64s)
  epoch  43/100  loss 0.630  (65s)
  epoch  44/100  loss 0.658  (52s)
  epoch  45/100  loss 0.687  (49s)
  epoch  46/100  loss 0.709  (65s)
  epoch  47/100  loss 0.666  (53s)
  epoch  48/100  loss 0.677  (49s)
  epoch  49/100  loss 0.631  (65s)
  epoch  50/100  loss 0.677  (64s)
  [measure] epoch  50  test acc 89.52%  k*(.95)/C median 0.363  rho(depth) -0.76  (110s)
  epoch  51/100  loss 0.612  (65s)
  epoch  52/100  loss 0.661  (65s)
  epoch  53/100  loss 0.763  (59s)
  epoch  54/100  loss 0.664  (49s)
  epoch  55/100  loss 0.839  (60s)
  epoch  56/100  loss 0.741  (62s)
  epoch  57/100  loss 0.718  (49s)
  epoch  58/100  loss 0.618  (62s)
  epoch  59/100  loss 0.763  (65s)
  epoch  60/100  loss 0.718  (65s)
  [measure] epoch  60  test acc 87.54%  k*(.95)/C median 0.389  rho(depth) -0.74  (111s)
  epoch  61/100  loss 0.703  (65s)
  epoch  62/100  loss 0.703  (65s)
  epoch  63/100  loss 0.675  (48s)
  epoch  64/100  loss 0.537  (59s)
  epoch  65/100  loss 0.515  (63s)
  epoch  66/100  loss 0.620  (47s)
  epoch  67/100  loss 0.681  (57s)
  epoch  68/100  loss 0.577  (62s)
  epoch  69/100  loss 0.623  (64s)
  epoch  70/100  loss 0.568  (64s)
  [measure] epoch  70  test acc 89.73%  k*(.95)/C median 0.400  rho(depth) -0.74  (109s)
  epoch  71/100  loss 0.572  (64s)
  epoch  72/100  loss 0.526  (52s)
  epoch  73/100  loss 0.634  (47s)
  epoch  74/100  loss 0.595  (63s)
  epoch  75/100  loss 0.555  (55s)
  epoch  76/100  loss 0.598  (46s)
  epoch  77/100  loss 0.589  (57s)
  epoch  78/100  loss 0.517  (64s)
  epoch  79/100  loss 0.632  (64s)
  epoch  80/100  loss 0.488  (64s)
  [measure] epoch  80  test acc 91.34%  k*(.95)/C median 0.441  rho(depth) -0.72  (113s)
  epoch  81/100  loss 0.614  (63s)
  epoch  82/100  loss 0.509  (46s)
  epoch  83/100  loss 0.496  (64s)
  epoch  84/100  loss 0.484  (64s)
  epoch  85/100  loss 0.501  (48s)
  epoch  86/100  loss 0.528  (46s)
  epoch  87/100  loss 0.477  (64s)
  epoch  88/100  loss 0.467  (63s)
  epoch  89/100  loss 0.449  (63s)
  epoch  90/100  loss 0.450  (63s)
  [measure] epoch  90  test acc 93.97%  k*(.95)/C median 0.479  rho(depth) -0.72  (103s)
  epoch  91/100  loss 0.450  (47s)
  epoch  92/100  loss 0.449  (47s)
  epoch  93/100  loss 0.465  (43s)
  epoch  94/100  loss 0.447  (44s)
  epoch  95/100  loss 0.448  (45s)
  epoch  96/100  loss 0.448  (34s)
  epoch  97/100  loss 0.448  (34s)
  epoch  98/100  loss 0.452  (34s)
  epoch  99/100  loss 0.448  (34s)
  epoch 100/100  loss 0.447  (35s)
  [measure] epoch 100  test acc 95.40%  k*(.95)/C median 0.494  rho(depth) -0.72  (21s)
done
