schedule: [0, 1, 2, 3, 5, 7, 10, 15, 20, 30, 40, 50, 60, 70, 80, 90, 100]
  [measure] epoch   0  test acc 10.01%  k*(.95)/C median 0.236  rho(depth) -0.85  (65s)
/usr/local/lib/python3.12/dist-packages/torch/optim/lr_scheduler.py:192: UserWarning: Detected call of `lr_scheduler.step()` before `optimizer.step()`. In PyTorch 1.1.0 and later, you should call them in the opposite order: `optimizer.step()` before `lr_scheduler.step()`.  Failure to do this will result in PyTorch skipping the first value of the learning rate schedule. See more details at https://pytorch.org/docs/stable/optim.html#how-to-adjust-learning-rate
  warnings.warn(
  epoch   1/100  loss 2.359  (64s)
  [measure] epoch   1  test acc 50.44%  k*(.95)/C median 0.583  rho(depth) +0.68  (69s)
  epoch   2/100  loss 1.891  (64s)
  [measure] epoch   2  test acc 62.63%  k*(.95)/C median 0.619  rho(depth) +0.39  (57s)
  epoch   3/100  loss 1.687  (64s)
  [measure] epoch   3  test acc 65.63%  k*(.95)/C median 0.633  rho(depth) -0.03  (59s)
  epoch   4/100  loss 1.206  (63s)
  epoch   5/100  loss 1.148  (62s)
  [measure] epoch   5  test acc 71.52%  k*(.95)/C median 0.648  rho(depth) -0.34  (55s)
  epoch   6/100  loss 1.026  (56s)
  epoch   7/100  loss 0.704  (63s)
  [measure] epoch   7  test acc 70.85%  k*(.95)/C median 0.613  rho(depth) -0.40  (57s)
  epoch   8/100  loss 0.688  (45s)
  epoch   9/100  loss 0.603  (60s)
  epoch  10/100  loss 0.691  (63s)
  [measure] epoch  10  test acc 81.03%  k*(.95)/C median 0.516  rho(depth) -0.56  (63s)
  epoch  11/100  loss 0.687  (54s)
  epoch  12/100  loss 0.585  (45s)
  epoch  13/100  loss 0.702  (58s)
  epoch  14/100  loss 0.819  (63s)
  epoch  15/100  loss 0.604  (53s)
  [measure] epoch  15  test acc 80.05%  k*(.95)/C median 0.389  rho(depth) -0.69  (61s)
  epoch  16/100  loss 0.649  (54s)
  epoch  17/100  loss 0.939  (59s)
  epoch  18/100  loss 0.707  (45s)
  epoch  19/100  loss 0.696  (48s)
  epoch  20/100  loss 0.825  (52s)
  [measure] epoch  20  test acc 86.76%  k*(.95)/C median 0.309  rho(depth) -0.74  (111s)
  epoch  21/100  loss 0.679  (64s)
  epoch  22/100  loss 0.740  (48s)
  epoch  23/100  loss 0.593  (45s)
  epoch  24/100  loss 0.631  (60s)
  epoch  25/100  loss 0.749  (63s)
  epoch  26/100  loss 0.737  (63s)
  epoch  27/100  loss 0.754  (62s)
  epoch  28/100  loss 0.686  (57s)
  epoch  29/100  loss 0.632  (46s)
  epoch  30/100  loss 0.801  (58s)
  [measure] epoch  30  test acc 86.46%  k*(.95)/C median 0.307  rho(depth) -0.77  (107s)
  epoch  31/100  loss 0.730  (62s)
  epoch  32/100  loss 0.711  (55s)
  epoch  33/100  loss 0.720  (46s)
  epoch  34/100  loss 0.754  (56s)
  epoch  35/100  loss 0.728  (63s)
  epoch  36/100  loss 0.745  (63s)
  epoch  37/100  loss 0.803  (63s)
  epoch  38/100  loss 0.765  (55s)
  epoch  39/100  loss 0.717  (46s)
  epoch  40/100  loss 0.814  (62s)
  [measure] epoch  40  test acc 84.43%  k*(.95)/C median 0.338  rho(depth) -0.77  (104s)
  epoch  41/100  loss 0.841  (62s)
  epoch  42/100  loss 0.644  (63s)
  epoch  43/100  loss 0.738  (46s)
  epoch  44/100  loss 0.704  (47s)
  epoch  45/100  loss 0.689  (63s)
  epoch  46/100  loss 0.710  (63s)
  epoch  47/100  loss 0.725  (63s)
  epoch  48/100  loss 0.845  (52s)
  epoch  49/100  loss 0.766  (46s)
  epoch  50/100  loss 0.651  (63s)
  [measure] epoch  50  test acc 86.16%  k*(.95)/C median 0.355  rho(depth) -0.75  (105s)
  epoch  51/100  loss 0.637  (62s)
  epoch  52/100  loss 0.777  (62s)
  epoch  53/100  loss 0.609  (54s)
  epoch  54/100  loss 0.551  (45s)
  epoch  55/100  loss 0.640  (55s)
  epoch  56/100  loss 0.642  (62s)
  epoch  57/100  loss 0.631  (63s)
  epoch  58/100  loss 0.680  (49s)
  epoch  59/100  loss 0.678  (48s)
  epoch  60/100  loss 0.646  (62s)
  [measure] epoch  60  test acc 88.50%  k*(.95)/C median 0.357  rho(depth) -0.73  (95s)
  epoch  61/100  loss 0.666  (63s)
  epoch  62/100  loss 0.770  (63s)
  epoch  63/100  loss 0.632  (62s)
  epoch  64/100  loss 0.650  (51s)
  epoch  65/100  loss 0.632  (45s)
  epoch  66/100  loss 0.586  (60s)
  epoch  67/100  loss 0.627  (62s)
  epoch  68/100  loss 0.645  (50s)
  epoch  69/100  loss 0.528  (48s)
  epoch  70/100  loss 0.523  (62s)
  [measure] epoch  70  test acc 89.74%  k*(.95)/C median 0.404  rho(depth) -0.73  (99s)
  epoch  71/100  loss 0.663  (59s)
  epoch  72/100  loss 0.518  (63s)
  epoch  73/100  loss 0.616  (63s)
  epoch  74/100  loss 0.735  (62s)
  epoch  75/100  loss 0.508  (47s)
  epoch  76/100  loss 0.568  (48s)
  epoch  77/100  loss 0.568  (63s)
  epoch  78/100  loss 0.486  (51s)
  epoch  79/100  loss 0.532  (46s)
  epoch  80/100  loss 0.527  (63s)
  [measure] epoch  80  test acc 91.73%  k*(.95)/C median 0.430  rho(depth) -0.73  (115s)
  epoch  81/100  loss 0.535  (63s)
  epoch  82/100  loss 0.574  (63s)
  epoch  83/100  loss 0.601  (63s)
  epoch  84/100  loss 0.467  (63s)
  epoch  85/100  loss 0.525  (46s)
  epoch  86/100  loss 0.502  (45s)
  epoch  87/100  loss 0.486  (63s)
  epoch  88/100  loss 0.455  (46s)
  epoch  89/100  loss 0.451  (59s)
  epoch  90/100  loss 0.455  (63s)
  [measure] epoch  90  test acc 94.09%  k*(.95)/C median 0.473  rho(depth) -0.73  (111s)
  epoch  91/100  loss 0.473  (63s)
  epoch  92/100  loss 0.449  (64s)
  epoch  93/100  loss 0.478  (63s)
  epoch  94/100  loss 0.468  (63s)
  epoch  95/100  loss 0.448  (53s)
  epoch  96/100  loss 0.447  (47s)
  epoch  97/100  loss 0.451  (50s)
  epoch  98/100  loss 0.448  (46s)
  epoch  99/100  loss 0.448  (45s)
  epoch 100/100  loss 0.448  (43s)
  [measure] epoch 100  test acc 95.37%  k*(.95)/C median 0.492  rho(depth) -0.73  (37s)
done
