schedule: [0, 1, 2, 3, 5, 7, 10, 15, 20, 30, 40, 50, 60, 70, 80, 90, 100]
  [measure] epoch   0  test acc 11.94%  k*(.95)/C median 0.369  rho(depth) -0.41  (18s)
  epoch   1/100  loss 1.421  (17s)
  [measure] epoch   1  test acc 59.56%  k*(.95)/C median 0.457  rho(depth) -0.16  (14s)
  epoch   2/100  loss 1.049  (17s)
  [measure] epoch   2  test acc 68.64%  k*(.95)/C median 0.439  rho(depth) -0.18  (14s)
  epoch   3/100  loss 0.877  (16s)
  [measure] epoch   3  test acc 68.77%  k*(.95)/C median 0.426  rho(depth) -0.16  (16s)
  epoch   4/100  loss 1.098  (14s)
  epoch   5/100  loss 0.754  (16s)
  [measure] epoch   5  test acc 76.33%  k*(.95)/C median 0.387  rho(depth) -0.22  (13s)
  epoch   6/100  loss 0.849  (14s)
  epoch   7/100  loss 0.597  (14s)
  [measure] epoch   7  test acc 75.50%  k*(.95)/C median 0.352  rho(depth) -0.23  (16s)
  epoch   8/100  loss 0.546  (14s)
  epoch   9/100  loss 0.617  (16s)
  epoch  10/100  loss 0.524  (17s)
  [measure] epoch  10  test acc 79.34%  k*(.95)/C median 0.316  rho(depth) -0.50  (18s)
  epoch  11/100  loss 0.769  (16s)
  epoch  12/100  loss 0.476  (16s)
  epoch  13/100  loss 0.682  (13s)
  epoch  14/100  loss 0.657  (16s)
  epoch  15/100  loss 0.696  (17s)
  [measure] epoch  15  test acc 74.52%  k*(.95)/C median 0.215  rho(depth) -0.62  (18s)
  epoch  16/100  loss 0.669  (15s)
  epoch  17/100  loss 0.622  (15s)
  epoch  18/100  loss 0.639  (14s)
  epoch  19/100  loss 0.499  (16s)
  epoch  20/100  loss 0.618  (16s)
  [measure] epoch  20  test acc 77.98%  k*(.95)/C median 0.195  rho(depth) -0.60  (19s)
  epoch  21/100  loss 0.494  (16s)
  epoch  22/100  loss 0.545  (16s)
  epoch  23/100  loss 0.655  (16s)
  epoch  24/100  loss 0.637  (17s)
  epoch  25/100  loss 0.436  (17s)
  epoch  26/100  loss 0.567  (15s)
  epoch  27/100  loss 0.655  (15s)
  epoch  28/100  loss 0.598  (14s)
  epoch  29/100  loss 0.611  (11s)
  epoch  30/100  loss 0.598  (11s)
  [measure] epoch  30  test acc 81.00%  k*(.95)/C median 0.211  rho(depth) -0.62  (6s)
  epoch  31/100  loss 0.643  (17s)
  epoch  32/100  loss 0.353  (17s)
  epoch  33/100  loss 0.411  (17s)
  epoch  34/100  loss 0.637  (17s)
  epoch  35/100  loss 0.607  (17s)
  epoch  36/100  loss 0.664  (17s)
  epoch  37/100  loss 0.578  (16s)
  epoch  38/100  loss 0.591  (15s)
  epoch  39/100  loss 0.344  (14s)
  epoch  40/100  loss 0.521  (11s)
  [measure] epoch  40  test acc 83.59%  k*(.95)/C median 0.242  rho(depth) -0.61  (15s)
  epoch  41/100  loss 0.583  (16s)
  epoch  42/100  loss 0.600  (17s)
  epoch  43/100  loss 0.601  (16s)
  epoch  44/100  loss 0.552  (17s)
  epoch  45/100  loss 0.482  (17s)
  epoch  46/100  loss 0.476  (17s)
  epoch  47/100  loss 0.554  (16s)
  epoch  48/100  loss 0.541  (17s)
  epoch  49/100  loss 0.601  (17s)
  epoch  50/100  loss 0.486  (14s)
  [measure] epoch  50  test acc 85.38%  k*(.95)/C median 0.244  rho(depth) -0.54  (14s)
  epoch  51/100  loss 0.490  (17s)
  epoch  52/100  loss 0.454  (16s)
  epoch  53/100  loss 0.382  (12s)
  epoch  54/100  loss 0.553  (12s)
  epoch  55/100  loss 0.478  (17s)
  epoch  56/100  loss 0.487  (17s)
  epoch  57/100  loss 0.459  (16s)
  epoch  58/100  loss 0.317  (16s)
  epoch  59/100  loss 0.389  (16s)
  epoch  60/100  loss 0.584  (17s)
  [measure] epoch  60  test acc 83.48%  k*(.95)/C median 0.264  rho(depth) -0.58  (13s)
  epoch  61/100  loss 0.462  (15s)
  epoch  62/100  loss 0.493  (15s)
  epoch  63/100  loss 0.494  (17s)
  epoch  64/100  loss 0.417  (16s)
  epoch  65/100  loss 0.462  (17s)
  epoch  66/100  loss 0.451  (17s)
  epoch  67/100  loss 0.395  (17s)
  epoch  68/100  loss 0.664  (17s)
  epoch  69/100  loss 0.287  (17s)
  epoch  70/100  loss 0.427  (16s)
  [measure] epoch  70  test acc 85.93%  k*(.95)/C median 0.270  rho(depth) -0.56  (12s)
  epoch  71/100  loss 0.410  (14s)
  epoch  72/100  loss 0.368  (12s)
  epoch  73/100  loss 0.358  (11s)
  epoch  74/100  loss 0.463  (17s)
  epoch  75/100  loss 0.476  (17s)
  epoch  76/100  loss 0.274  (17s)
  epoch  77/100  loss 0.380  (17s)
  epoch  78/100  loss 0.318  (17s)
  epoch  79/100  loss 0.287  (17s)
  epoch  80/100  loss 0.256  (17s)
  [measure] epoch  80  test acc 87.85%  k*(.95)/C median 0.301  rho(depth) -0.55  (18s)
  epoch  81/100  loss 0.253  (15s)
  epoch  82/100  loss 0.251  (16s)
  epoch  83/100  loss 0.285  (13s)
  epoch  84/100  loss 0.229  (17s)
  epoch  85/100  loss 0.177  (17s)
  epoch  86/100  loss 0.264  (17s)
  epoch  87/100  loss 0.191  (17s)
  epoch  88/100  loss 0.224  (17s)
  epoch  89/100  loss 0.147  (17s)
  epoch  90/100  loss 0.190  (17s)
  [measure] epoch  90  test acc 92.50%  k*(.95)/C median 0.332  rho(depth) -0.55  (17s)
  epoch  91/100  loss 0.116  (16s)
  epoch  92/100  loss 0.111  (15s)
  epoch  93/100  loss 0.125  (17s)
  epoch  94/100  loss 0.111  (16s)
  epoch  95/100  loss 0.116  (16s)
  epoch  96/100  loss 0.123  (16s)
  epoch  97/100  loss 0.107  (17s)
  epoch  98/100  loss 0.111  (17s)
  epoch  99/100  loss 0.107  (17s)
  epoch 100/100  loss 0.107  (16s)
  [measure] epoch 100  test acc 93.66%  k*(.95)/C median 0.342  rho(depth) -0.55  (11s)
done
