schedule: [0, 1, 2, 3, 5, 7, 10, 15, 20, 30, 40, 50, 60, 70, 80, 90, 100]
  [measure] epoch   0  test acc 11.94%  k*(.95)/C median 0.369  rho(depth) -0.41  (25s)
  epoch   1/100  loss 1.118  (12s)
  [measure] epoch   1  test acc 57.51%  k*(.95)/C median 0.459  rho(depth) -0.16  (19s)
  epoch   2/100  loss 0.789  (10s)
  [measure] epoch   2  test acc 67.51%  k*(.95)/C median 0.445  rho(depth) -0.16  (21s)
  epoch   3/100  loss 0.707  (10s)
  [measure] epoch   3  test acc 71.15%  k*(.95)/C median 0.418  rho(depth) -0.15  (18s)
  epoch   4/100  loss 0.814  (11s)
  epoch   5/100  loss 0.628  (9s)
  [measure] epoch   5  test acc 77.96%  k*(.95)/C median 0.363  rho(depth) -0.21  (18s)
  epoch   6/100  loss 0.629  (9s)
  epoch   7/100  loss 0.420  (10s)
  [measure] epoch   7  test acc 79.60%  k*(.95)/C median 0.320  rho(depth) -0.29  (16s)
  epoch   8/100  loss 0.453  (8s)
  epoch   9/100  loss 0.463  (10s)
  epoch  10/100  loss 0.454  (10s)
  [measure] epoch  10  test acc 79.58%  k*(.95)/C median 0.273  rho(depth) -0.51  (21s)
  epoch  11/100  loss 0.523  (9s)
  epoch  12/100  loss 0.329  (11s)
  epoch  13/100  loss 0.514  (12s)
  epoch  14/100  loss 0.517  (11s)
  epoch  15/100  loss 0.404  (10s)
  [measure] epoch  15  test acc 81.17%  k*(.95)/C median 0.180  rho(depth) -0.62  (16s)
  epoch  16/100  loss 0.460  (8s)
  epoch  17/100  loss 0.325  (8s)
  epoch  18/100  loss 0.398  (7s)
  epoch  19/100  loss 0.345  (8s)
  epoch  20/100  loss 0.268  (7s)
  [measure] epoch  20  test acc 76.98%  k*(.95)/C median 0.166  rho(depth) -0.71  (12s)
  epoch  21/100  loss 0.252  (10s)
  epoch  22/100  loss 0.285  (11s)
  epoch  23/100  loss 0.480  (11s)
  epoch  24/100  loss 0.348  (11s)
  epoch  25/100  loss 0.268  (11s)
  epoch  26/100  loss 0.347  (12s)
  epoch  27/100  loss 0.401  (9s)
  epoch  28/100  loss 0.427  (8s)
  epoch  29/100  loss 0.305  (11s)
  epoch  30/100  loss 0.349  (9s)
  [measure] epoch  30  test acc 85.42%  k*(.95)/C median 0.172  rho(depth) -0.66  (21s)
  epoch  31/100  loss 0.372  (11s)
  epoch  32/100  loss 0.278  (12s)
  epoch  33/100  loss 0.224  (12s)
  epoch  34/100  loss 0.415  (11s)
  epoch  35/100  loss 0.365  (12s)
  epoch  36/100  loss 0.330  (12s)
  epoch  37/100  loss 0.334  (10s)
  epoch  38/100  loss 0.261  (8s)
  epoch  39/100  loss 0.139  (11s)
  epoch  40/100  loss 0.381  (6s)
  [measure] epoch  40  test acc 83.88%  k*(.95)/C median 0.182  rho(depth) -0.65  (10s)
  epoch  41/100  loss 0.266  (5s)
  epoch  42/100  loss 0.413  (10s)
  epoch  43/100  loss 0.278  (11s)
  epoch  44/100  loss 0.353  (11s)
  epoch  45/100  loss 0.341  (11s)
  epoch  46/100  loss 0.274  (11s)
  epoch  47/100  loss 0.321  (7s)
  epoch  48/100  loss 0.330  (12s)
  epoch  49/100  loss 0.329  (12s)
  epoch  50/100  loss 0.183  (9s)
  [measure] epoch  50  test acc 82.28%  k*(.95)/C median 0.188  rho(depth) -0.65  (18s)
  epoch  51/100  loss 0.388  (9s)
  epoch  52/100  loss 0.195  (8s)
  epoch  53/100  loss 0.225  (10s)
  epoch  54/100  loss 0.274  (11s)
  epoch  55/100  loss 0.287  (7s)
  epoch  56/100  loss 0.150  (11s)
  epoch  57/100  loss 0.259  (11s)
  epoch  58/100  loss 0.135  (11s)
  epoch  59/100  loss 0.190  (12s)
  epoch  60/100  loss 0.280  (10s)
  [measure] epoch  60  test acc 87.21%  k*(.95)/C median 0.203  rho(depth) -0.64  (20s)
  epoch  61/100  loss 0.224  (12s)
  epoch  62/100  loss 0.305  (12s)
  epoch  63/100  loss 0.246  (12s)
  epoch  64/100  loss 0.199  (11s)
  epoch  65/100  loss 0.197  (12s)
  epoch  66/100  loss 0.169  (12s)
  epoch  67/100  loss 0.218  (12s)
  epoch  68/100  loss 0.364  (11s)
  epoch  69/100  loss 0.139  (12s)
  epoch  70/100  loss 0.271  (8s)
  [measure] epoch  70  test acc 88.25%  k*(.95)/C median 0.215  rho(depth) -0.64  (23s)
  epoch  71/100  loss 0.181  (12s)
  epoch  72/100  loss 0.230  (12s)
  epoch  73/100  loss 0.156  (12s)
  epoch  74/100  loss 0.146  (12s)
  epoch  75/100  loss 0.278  (12s)
  epoch  76/100  loss 0.149  (12s)
  epoch  77/100  loss 0.235  (12s)
  epoch  78/100  loss 0.047  (12s)
  epoch  79/100  loss 0.121  (9s)
  epoch  80/100  loss 0.083  (6s)
  [measure] epoch  80  test acc 89.78%  k*(.95)/C median 0.244  rho(depth) -0.60  (22s)
  epoch  81/100  loss 0.129  (12s)
  epoch  82/100  loss 0.084  (12s)
  epoch  83/100  loss 0.066  (12s)
  epoch  84/100  loss 0.123  (12s)
  epoch  85/100  loss 0.149  (12s)
  epoch  86/100  loss 0.049  (12s)
  epoch  87/100  loss 0.058  (12s)
  epoch  88/100  loss 0.084  (11s)
  epoch  89/100  loss 0.013  (8s)
  epoch  90/100  loss 0.031  (6s)
  [measure] epoch  90  test acc 92.58%  k*(.95)/C median 0.270  rho(depth) -0.59  (12s)
  epoch  91/100  loss 0.007  (8s)
  epoch  92/100  loss 0.003  (8s)
  epoch  93/100  loss 0.002  (8s)
  epoch  94/100  loss 0.002  (8s)
  epoch  95/100  loss 0.007  (6s)
  epoch  96/100  loss 0.007  (5s)
  epoch  97/100  loss 0.005  (4s)
  epoch  98/100  loss 0.003  (5s)
  epoch  99/100  loss 0.003  (4s)
  epoch 100/100  loss 0.004  (5s)
  [measure] epoch 100  test acc 93.74%  k*(.95)/C median 0.275  rho(depth) -0.59  (6s)
done
