schedule: [0, 1, 2, 3, 5, 7, 10, 15, 20, 30, 40, 50, 60, 70, 80, 90, 100]
  [measure] epoch   0  test acc 11.22%  k*(.95)/C median 0.268  rho(depth) -0.59  (27s)
  epoch   1/100  loss 1.661  (16s)
  [measure] epoch   1  test acc 59.09%  k*(.95)/C median 0.473  rho(depth) -0.16  (20s)
  epoch   2/100  loss 1.018  (15s)
  [measure] epoch   2  test acc 69.55%  k*(.95)/C median 0.461  rho(depth) -0.15  (20s)
  epoch   3/100  loss 1.088  (15s)
  [measure] epoch   3  test acc 71.41%  k*(.95)/C median 0.434  rho(depth) -0.21  (21s)
  epoch   4/100  loss 0.971  (15s)
  epoch   5/100  loss 0.690  (15s)
  [measure] epoch   5  test acc 76.41%  k*(.95)/C median 0.371  rho(depth) -0.12  (17s)
  epoch   6/100  loss 0.599  (14s)
  epoch   7/100  loss 0.680  (15s)
  [measure] epoch   7  test acc 80.11%  k*(.95)/C median 0.344  rho(depth) -0.28  (15s)
  epoch   8/100  loss 0.540  (12s)
  epoch   9/100  loss 0.573  (15s)
  epoch  10/100  loss 0.376  (15s)
  [measure] epoch  10  test acc 81.16%  k*(.95)/C median 0.297  rho(depth) -0.56  (20s)
  epoch  11/100  loss 0.528  (11s)
  epoch  12/100  loss 0.403  (14s)
  epoch  13/100  loss 0.505  (15s)
  epoch  14/100  loss 0.360  (15s)
  epoch  15/100  loss 0.513  (15s)
  [measure] epoch  15  test acc 84.06%  k*(.95)/C median 0.264  rho(depth) -0.59  (17s)
  epoch  16/100  loss 0.633  (11s)
  epoch  17/100  loss 0.473  (11s)
  epoch  18/100  loss 0.727  (15s)
  epoch  19/100  loss 0.555  (15s)
  epoch  20/100  loss 0.606  (15s)
  [measure] epoch  20  test acc 80.14%  k*(.95)/C median 0.262  rho(depth) -0.59  (18s)
  epoch  21/100  loss 0.682  (14s)
  epoch  22/100  loss 0.588  (11s)
  epoch  23/100  loss 0.600  (14s)
  epoch  24/100  loss 0.583  (15s)
  epoch  25/100  loss 0.508  (15s)
  epoch  26/100  loss 0.624  (15s)
  epoch  27/100  loss 0.650  (15s)
  epoch  28/100  loss 0.667  (15s)
  epoch  29/100  loss 0.664  (15s)
  epoch  30/100  loss 0.577  (15s)
  [measure] epoch  30  test acc 81.37%  k*(.95)/C median 0.299  rho(depth) -0.57  (17s)
  epoch  31/100  loss 0.893  (14s)
  epoch  32/100  loss 0.703  (10s)
  epoch  33/100  loss 0.579  (13s)
  epoch  34/100  loss 0.493  (15s)
  epoch  35/100  loss 0.672  (15s)
  epoch  36/100  loss 0.654  (15s)
  epoch  37/100  loss 0.649  (15s)
  epoch  38/100  loss 0.626  (13s)
  epoch  39/100  loss 0.621  (10s)
  epoch  40/100  loss 0.646  (12s)
  [measure] epoch  40  test acc 81.37%  k*(.95)/C median 0.326  rho(depth) -0.57  (16s)
  epoch  41/100  loss 0.601  (15s)
  epoch  42/100  loss 0.507  (15s)
  epoch  43/100  loss 0.468  (15s)
  epoch  44/100  loss 0.471  (11s)
  epoch  45/100  loss 0.648  (12s)
  epoch  46/100  loss 0.616  (15s)
  epoch  47/100  loss 0.597  (15s)
  epoch  48/100  loss 0.578  (15s)
  epoch  49/100  loss 0.568  (15s)
  epoch  50/100  loss 0.463  (15s)
  [measure] epoch  50  test acc 85.03%  k*(.95)/C median 0.344  rho(depth) -0.53  (18s)
  epoch  51/100  loss 0.491  (15s)
  epoch  52/100  loss 0.595  (15s)
  epoch  53/100  loss 0.681  (15s)
  epoch  54/100  loss 0.600  (15s)
  epoch  55/100  loss 0.674  (15s)
  epoch  56/100  loss 0.572  (15s)
  epoch  57/100  loss 0.581  (15s)
  epoch  58/100  loss 0.522  (13s)
  epoch  59/100  loss 0.624  (12s)
  epoch  60/100  loss 0.614  (15s)
  [measure] epoch  60  test acc 84.43%  k*(.95)/C median 0.344  rho(depth) -0.53  (24s)
  epoch  61/100  loss 0.704  (12s)
  epoch  62/100  loss 0.581  (11s)
  epoch  63/100  loss 0.607  (15s)
  epoch  64/100  loss 0.532  (15s)
  epoch  65/100  loss 0.551  (10s)
  epoch  66/100  loss 0.513  (9s)
  epoch  67/100  loss 0.555  (15s)
  epoch  68/100  loss 0.527  (15s)
  epoch  69/100  loss 0.504  (15s)
  epoch  70/100  loss 0.545  (15s)
  [measure] epoch  70  test acc 83.74%  k*(.95)/C median 0.359  rho(depth) -0.50  (20s)
  epoch  71/100  loss 0.469  (11s)
  epoch  72/100  loss 0.494  (14s)
  epoch  73/100  loss 0.502  (14s)
  epoch  74/100  loss 0.522  (11s)
  epoch  75/100  loss 0.466  (13s)
  epoch  76/100  loss 0.475  (15s)
  epoch  77/100  loss 0.402  (15s)
  epoch  78/100  loss 0.399  (15s)
  epoch  79/100  loss 0.454  (15s)
  epoch  80/100  loss 0.353  (15s)
  [measure] epoch  80  test acc 89.64%  k*(.95)/C median 0.393  rho(depth) -0.45  (21s)
  epoch  81/100  loss 0.437  (11s)
  epoch  82/100  loss 0.328  (14s)
  epoch  83/100  loss 0.401  (14s)
  epoch  84/100  loss 0.424  (11s)
  epoch  85/100  loss 0.433  (12s)
  epoch  86/100  loss 0.296  (15s)
  epoch  87/100  loss 0.321  (15s)
  epoch  88/100  loss 0.292  (15s)
  epoch  89/100  loss 0.295  (15s)
  epoch  90/100  loss 0.308  (15s)
  [measure] epoch  90  test acc 92.07%  k*(.95)/C median 0.438  rho(depth) -0.42  (23s)
  epoch  91/100  loss 0.292  (11s)
  epoch  92/100  loss 0.289  (13s)
  epoch  93/100  loss 0.253  (15s)
  epoch  94/100  loss 0.254  (11s)
  epoch  95/100  loss 0.264  (11s)
  epoch  96/100  loss 0.255  (10s)
  epoch  97/100  loss 0.252  (10s)
  epoch  98/100  loss 0.252  (10s)
  epoch  99/100  loss 0.254  (7s)
  epoch 100/100  loss 0.251  (6s)
  [measure] epoch 100  test acc 93.74%  k*(.95)/C median 0.453  rho(depth) -0.42  (6s)
done
