schedule: [0, 1, 2, 3, 5, 7, 10, 15, 20, 30, 40, 50, 60, 70, 80, 90, 100]
  [measure] epoch   0  test acc 11.22%  k*(.95)/C median 0.268  rho(depth) -0.59  (25s)
  epoch   1/100  loss 1.274  (12s)
  [measure] epoch   1  test acc 57.79%  k*(.95)/C median 0.475  rho(depth) -0.16  (19s)
  epoch   2/100  loss 0.751  (10s)
  [measure] epoch   2  test acc 70.25%  k*(.95)/C median 0.449  rho(depth) -0.15  (21s)
  epoch   3/100  loss 0.836  (10s)
  [measure] epoch   3  test acc 72.64%  k*(.95)/C median 0.410  rho(depth) -0.21  (20s)
  epoch   4/100  loss 0.807  (11s)
  epoch   5/100  loss 0.548  (9s)
  [measure] epoch   5  test acc 77.16%  k*(.95)/C median 0.344  rho(depth) -0.16  (20s)
  epoch   6/100  loss 0.503  (10s)
  epoch   7/100  loss 0.577  (8s)
  [measure] epoch   7  test acc 78.95%  k*(.95)/C median 0.328  rho(depth) -0.23  (23s)
  epoch   8/100  loss 0.555  (12s)
  epoch   9/100  loss 0.427  (9s)
  epoch  10/100  loss 0.374  (6s)
  [measure] epoch  10  test acc 82.32%  k*(.95)/C median 0.270  rho(depth) -0.56  (19s)
  epoch  11/100  loss 0.442  (11s)
  epoch  12/100  loss 0.370  (11s)
  epoch  13/100  loss 0.441  (12s)
  epoch  14/100  loss 0.291  (10s)
  epoch  15/100  loss 0.339  (6s)
  [measure] epoch  15  test acc 83.56%  k*(.95)/C median 0.174  rho(depth) -0.62  (22s)
  epoch  16/100  loss 0.358  (12s)
  epoch  17/100  loss 0.287  (12s)
  epoch  18/100  loss 0.408  (12s)
  epoch  19/100  loss 0.387  (12s)
  epoch  20/100  loss 0.335  (12s)
  [measure] epoch  20  test acc 80.14%  k*(.95)/C median 0.162  rho(depth) -0.71  (23s)
  epoch  21/100  loss 0.362  (11s)
  epoch  22/100  loss 0.299  (9s)
  epoch  23/100  loss 0.270  (8s)
  epoch  24/100  loss 0.376  (8s)
  epoch  25/100  loss 0.386  (11s)
  epoch  26/100  loss 0.377  (12s)
  epoch  27/100  loss 0.359  (12s)
  epoch  28/100  loss 0.315  (11s)
  epoch  29/100  loss 0.330  (12s)
  epoch  30/100  loss 0.248  (12s)
  [measure] epoch  30  test acc 83.55%  k*(.95)/C median 0.172  rho(depth) -0.66  (24s)
  epoch  31/100  loss 0.417  (9s)
  epoch  32/100  loss 0.404  (5s)
  epoch  33/100  loss 0.295  (8s)
  epoch  34/100  loss 0.252  (8s)
  epoch  35/100  loss 0.243  (8s)
  epoch  36/100  loss 0.304  (4s)
  epoch  37/100  loss 0.418  (4s)
  epoch  38/100  loss 0.348  (4s)
  epoch  39/100  loss 0.256  (6s)
  epoch  40/100  loss 0.369  (7s)
  [measure] epoch  40  test acc 85.22%  k*(.95)/C median 0.180  rho(depth) -0.66  (11s)
  epoch  41/100  loss 0.329  (11s)
  epoch  42/100  loss 0.283  (11s)
  epoch  43/100  loss 0.219  (11s)
  epoch  44/100  loss 0.294  (11s)
  epoch  45/100  loss 0.255  (10s)
  epoch  46/100  loss 0.259  (8s)
  epoch  47/100  loss 0.295  (8s)
  epoch  48/100  loss 0.255  (7s)
  epoch  49/100  loss 0.289  (11s)
  epoch  50/100  loss 0.194  (11s)
  [measure] epoch  50  test acc 85.94%  k*(.95)/C median 0.186  rho(depth) -0.65  (20s)
  epoch  51/100  loss 0.270  (8s)
  epoch  52/100  loss 0.370  (10s)
  epoch  53/100  loss 0.415  (8s)
  epoch  54/100  loss 0.220  (9s)
  epoch  55/100  loss 0.384  (11s)
  epoch  56/100  loss 0.341  (8s)
  epoch  57/100  loss 0.218  (11s)
  epoch  58/100  loss 0.236  (12s)
  epoch  59/100  loss 0.240  (12s)
  epoch  60/100  loss 0.176  (12s)
  [measure] epoch  60  test acc 85.53%  k*(.95)/C median 0.193  rho(depth) -0.64  (21s)
  epoch  61/100  loss 0.298  (8s)
  epoch  62/100  loss 0.346  (11s)
  epoch  63/100  loss 0.268  (12s)
  epoch  64/100  loss 0.200  (12s)
  epoch  65/100  loss 0.240  (12s)
  epoch  66/100  loss 0.239  (12s)
  epoch  67/100  loss 0.193  (12s)
  epoch  68/100  loss 0.260  (12s)
  epoch  69/100  loss 0.191  (12s)
  epoch  70/100  loss 0.207  (12s)
  [measure] epoch  70  test acc 89.08%  k*(.95)/C median 0.209  rho(depth) -0.64  (17s)
  epoch  71/100  loss 0.203  (8s)
  epoch  72/100  loss 0.163  (9s)
  epoch  73/100  loss 0.226  (12s)
  epoch  74/100  loss 0.192  (12s)
  epoch  75/100  loss 0.225  (12s)
  epoch  76/100  loss 0.145  (12s)
  epoch  77/100  loss 0.147  (12s)
  epoch  78/100  loss 0.152  (12s)
  epoch  79/100  loss 0.114  (12s)
  epoch  80/100  loss 0.122  (12s)
  [measure] epoch  80  test acc 89.63%  k*(.95)/C median 0.232  rho(depth) -0.64  (19s)
  epoch  81/100  loss 0.127  (9s)
  epoch  82/100  loss 0.042  (7s)
  epoch  83/100  loss 0.176  (12s)
  epoch  84/100  loss 0.095  (11s)
  epoch  85/100  loss 0.116  (12s)
  epoch  86/100  loss 0.084  (12s)
  epoch  87/100  loss 0.053  (12s)
  epoch  88/100  loss 0.073  (12s)
  epoch  89/100  loss 0.031  (12s)
  epoch  90/100  loss 0.014  (12s)
  [measure] epoch  90  test acc 92.50%  k*(.95)/C median 0.264  rho(depth) -0.60  (17s)
  epoch  91/100  loss 0.034  (6s)
  epoch  92/100  loss 0.014  (5s)
  epoch  93/100  loss 0.006  (6s)
  epoch  94/100  loss 0.004  (8s)
  epoch  95/100  loss 0.005  (6s)
  epoch  96/100  loss 0.002  (4s)
  epoch  97/100  loss 0.003  (4s)
  epoch  98/100  loss 0.004  (5s)
  epoch  99/100  loss 0.001  (7s)
  epoch 100/100  loss 0.002  (8s)
  [measure] epoch 100  test acc 93.74%  k*(.95)/C median 0.270  rho(depth) -0.60  (12s)
done
