schedule: [0, 1, 2, 3, 5, 7, 10, 15, 20, 30, 40, 50, 60, 70, 80, 90, 100]
  [measure] epoch   0  test acc 11.22%  k*(.95)/C median 0.268  rho(depth) -0.59  (17s)
  epoch   1/100  loss 1.508  (17s)
  [measure] epoch   1  test acc 60.33%  k*(.95)/C median 0.469  rho(depth) -0.16  (14s)
  epoch   2/100  loss 0.965  (17s)
  [measure] epoch   2  test acc 67.32%  k*(.95)/C median 0.453  rho(depth) -0.16  (14s)
  epoch   3/100  loss 1.056  (13s)
  [measure] epoch   3  test acc 72.34%  k*(.95)/C median 0.422  rho(depth) -0.21  (9s)
  epoch   4/100  loss 0.926  (15s)
  epoch   5/100  loss 0.738  (15s)
  [measure] epoch   5  test acc 76.62%  k*(.95)/C median 0.383  rho(depth) -0.24  (12s)
  epoch   6/100  loss 0.671  (14s)
  epoch   7/100  loss 0.754  (17s)
  [measure] epoch   7  test acc 80.09%  k*(.95)/C median 0.367  rho(depth) -0.31  (16s)
  epoch   8/100  loss 0.669  (13s)
  epoch   9/100  loss 0.674  (16s)
  epoch  10/100  loss 0.510  (13s)
  [measure] epoch  10  test acc 80.96%  k*(.95)/C median 0.320  rho(depth) -0.49  (9s)
  epoch  11/100  loss 0.648  (14s)
  epoch  12/100  loss 0.578  (15s)
  epoch  13/100  loss 0.535  (17s)
  epoch  14/100  loss 0.432  (16s)
  epoch  15/100  loss 0.458  (14s)
  [measure] epoch  15  test acc 82.42%  k*(.95)/C median 0.205  rho(depth) -0.63  (14s)
  epoch  16/100  loss 0.542  (17s)
  epoch  17/100  loss 0.554  (13s)
  epoch  18/100  loss 0.672  (17s)
  epoch  19/100  loss 0.592  (17s)
  epoch  20/100  loss 0.560  (13s)
  [measure] epoch  20  test acc 76.33%  k*(.95)/C median 0.189  rho(depth) -0.66  (20s)
  epoch  21/100  loss 0.614  (16s)
  epoch  22/100  loss 0.498  (14s)
  epoch  23/100  loss 0.514  (17s)
  epoch  24/100  loss 0.582  (16s)
  epoch  25/100  loss 0.675  (13s)
  epoch  26/100  loss 0.556  (16s)
  epoch  27/100  loss 0.557  (16s)
  epoch  28/100  loss 0.559  (16s)
  epoch  29/100  loss 0.522  (17s)
  epoch  30/100  loss 0.505  (16s)
  [measure] epoch  30  test acc 79.52%  k*(.95)/C median 0.215  rho(depth) -0.64  (19s)
  epoch  31/100  loss 0.821  (16s)
  epoch  32/100  loss 0.507  (12s)
  epoch  33/100  loss 0.523  (12s)
  epoch  34/100  loss 0.478  (15s)
  epoch  35/100  loss 0.529  (17s)
  epoch  36/100  loss 0.627  (17s)
  epoch  37/100  loss 0.638  (16s)
  epoch  38/100  loss 0.742  (16s)
  epoch  39/100  loss 0.442  (16s)
  epoch  40/100  loss 0.571  (17s)
  [measure] epoch  40  test acc 75.77%  k*(.95)/C median 0.232  rho(depth) -0.61  (18s)
  epoch  41/100  loss 0.660  (17s)
  epoch  42/100  loss 0.494  (22s)
  epoch  43/100  loss 0.465  (17s)
  epoch  44/100  loss 0.381  (16s)
  epoch  45/100  loss 0.603  (16s)
  epoch  46/100  loss 0.479  (17s)
  epoch  47/100  loss 0.500  (16s)
  epoch  48/100  loss 0.429  (17s)
  epoch  49/100  loss 0.502  (17s)
  epoch  50/100  loss 0.413  (17s)
  [measure] epoch  50  test acc 80.57%  k*(.95)/C median 0.250  rho(depth) -0.55  (18s)
  epoch  51/100  loss 0.461  (19s)
  epoch  52/100  loss 0.591  (17s)
  epoch  53/100  loss 0.508  (17s)
  epoch  54/100  loss 0.533  (17s)
  epoch  55/100  loss 0.639  (17s)
  epoch  56/100  loss 0.476  (17s)
  epoch  57/100  loss 0.553  (16s)
  epoch  58/100  loss 0.399  (17s)
  epoch  59/100  loss 0.674  (16s)
  epoch  60/100  loss 0.515  (19s)
  [measure] epoch  60  test acc 82.79%  k*(.95)/C median 0.262  rho(depth) -0.55  (17s)
  epoch  61/100  loss 0.492  (16s)
  epoch  62/100  loss 0.461  (17s)
  epoch  63/100  loss 0.499  (16s)
  epoch  64/100  loss 0.448  (17s)
  epoch  65/100  loss 0.475  (17s)
  epoch  66/100  loss 0.469  (17s)
  epoch  67/100  loss 0.380  (17s)
  epoch  68/100  loss 0.448  (16s)
  epoch  69/100  loss 0.341  (19s)
  epoch  70/100  loss 0.330  (14s)
  [measure] epoch  70  test acc 81.41%  k*(.95)/C median 0.281  rho(depth) -0.56  (8s)
  epoch  71/100  loss 0.466  (11s)
  epoch  72/100  loss 0.402  (13s)
  epoch  73/100  loss 0.490  (16s)
  epoch  74/100  loss 0.342  (16s)
  epoch  75/100  loss 0.330  (17s)
  epoch  76/100  loss 0.415  (17s)
  epoch  77/100  loss 0.273  (17s)
  epoch  78/100  loss 0.223  (17s)
  epoch  79/100  loss 0.341  (18s)
  epoch  80/100  loss 0.194  (13s)
  [measure] epoch  80  test acc 88.69%  k*(.95)/C median 0.303  rho(depth) -0.55  (19s)
  epoch  81/100  loss 0.312  (16s)
  epoch  82/100  loss 0.163  (15s)
  epoch  83/100  loss 0.277  (17s)
  epoch  84/100  loss 0.299  (16s)
  epoch  85/100  loss 0.302  (17s)
  epoch  86/100  loss 0.196  (17s)
  epoch  87/100  loss 0.195  (17s)
  epoch  88/100  loss 0.142  (17s)
  epoch  89/100  loss 0.134  (17s)
  epoch  90/100  loss 0.216  (14s)
  [measure] epoch  90  test acc 92.26%  k*(.95)/C median 0.332  rho(depth) -0.55  (18s)
  epoch  91/100  loss 0.137  (15s)
  epoch  92/100  loss 0.132  (12s)
  epoch  93/100  loss 0.121  (12s)
  epoch  94/100  loss 0.108  (17s)
  epoch  95/100  loss 0.124  (16s)
  epoch  96/100  loss 0.108  (17s)
  epoch  97/100  loss 0.106  (17s)
  epoch  98/100  loss 0.112  (17s)
  epoch  99/100  loss 0.106  (17s)
  epoch 100/100  loss 0.108  (17s)
  [measure] epoch 100  test acc 93.64%  k*(.95)/C median 0.340  rho(depth) -0.55  (18s)
done
