schedule: [0, 1, 2, 3, 5, 7, 10, 15, 20, 30, 40, 50, 60, 70, 80, 90, 100]
  [measure] epoch   0  test acc 11.94%  k*(.95)/C median 0.369  rho(depth) -0.41  (26s)
  epoch   1/100  loss 1.619  (16s)
  [measure] epoch   1  test acc 57.95%  k*(.95)/C median 0.477  rho(depth) -0.16  (21s)
  epoch   2/100  loss 1.050  (15s)
  [measure] epoch   2  test acc 67.75%  k*(.95)/C median 0.445  rho(depth) -0.15  (21s)
  epoch   3/100  loss 0.992  (15s)
  [measure] epoch   3  test acc 71.14%  k*(.95)/C median 0.418  rho(depth) -0.16  (22s)
  epoch   4/100  loss 1.025  (15s)
  epoch   5/100  loss 0.766  (15s)
  [measure] epoch   5  test acc 75.59%  k*(.95)/C median 0.371  rho(depth) -0.17  (19s)
  epoch   6/100  loss 0.753  (15s)
  epoch   7/100  loss 0.584  (15s)
  [measure] epoch   7  test acc 77.26%  k*(.95)/C median 0.336  rho(depth) -0.28  (18s)
  epoch   8/100  loss 0.563  (15s)
  epoch   9/100  loss 0.492  (15s)
  epoch  10/100  loss 0.559  (13s)
  [measure] epoch  10  test acc 79.60%  k*(.95)/C median 0.312  rho(depth) -0.54  (25s)
  epoch  11/100  loss 0.631  (15s)
  epoch  12/100  loss 0.392  (15s)
  epoch  13/100  loss 0.593  (15s)
  epoch  14/100  loss 0.611  (16s)
  epoch  15/100  loss 0.560  (8s)
  [measure] epoch  15  test acc 83.17%  k*(.95)/C median 0.262  rho(depth) -0.59  (24s)
  epoch  16/100  loss 0.591  (15s)
  epoch  17/100  loss 0.634  (15s)
  epoch  18/100  loss 0.599  (15s)
  epoch  19/100  loss 0.702  (13s)
  epoch  20/100  loss 0.560  (10s)
  [measure] epoch  20  test acc 79.98%  k*(.95)/C median 0.281  rho(depth) -0.58  (24s)
  epoch  21/100  loss 0.561  (15s)
  epoch  22/100  loss 0.542  (15s)
  epoch  23/100  loss 0.646  (15s)
  epoch  24/100  loss 0.649  (15s)
  epoch  25/100  loss 0.493  (15s)
  epoch  26/100  loss 0.509  (15s)
  epoch  27/100  loss 0.771  (15s)
  epoch  28/100  loss 0.657  (14s)
  epoch  29/100  loss 0.586  (8s)
  epoch  30/100  loss 0.622  (13s)
  [measure] epoch  30  test acc 83.51%  k*(.95)/C median 0.303  rho(depth) -0.56  (22s)
  epoch  31/100  loss 0.718  (15s)
  epoch  32/100  loss 0.537  (15s)
  epoch  33/100  loss 0.519  (15s)
  epoch  34/100  loss 0.747  (15s)
  epoch  35/100  loss 0.699  (15s)
  epoch  36/100  loss 0.693  (13s)
  epoch  37/100  loss 0.715  (8s)
  epoch  38/100  loss 0.777  (14s)
  epoch  39/100  loss 0.511  (15s)
  epoch  40/100  loss 0.599  (15s)
  [measure] epoch  40  test acc 83.50%  k*(.95)/C median 0.338  rho(depth) -0.56  (23s)
  epoch  41/100  loss 0.650  (15s)
  epoch  42/100  loss 0.756  (15s)
  epoch  43/100  loss 0.657  (15s)
  epoch  44/100  loss 0.600  (15s)
  epoch  45/100  loss 0.536  (15s)
  epoch  46/100  loss 0.570  (11s)
  epoch  47/100  loss 0.733  (10s)
  epoch  48/100  loss 0.686  (15s)
  epoch  49/100  loss 0.778  (15s)
  epoch  50/100  loss 0.521  (10s)
  [measure] epoch  50  test acc 86.10%  k*(.95)/C median 0.354  rho(depth) -0.56  (11s)
  epoch  51/100  loss 0.592  (15s)
  epoch  52/100  loss 0.613  (15s)
  epoch  53/100  loss 0.505  (15s)
  epoch  54/100  loss 0.701  (15s)
  epoch  55/100  loss 0.585  (15s)
  epoch  56/100  loss 0.642  (13s)
  epoch  57/100  loss 0.655  (12s)
  epoch  58/100  loss 0.458  (15s)
  epoch  59/100  loss 0.479  (12s)
  epoch  60/100  loss 0.541  (11s)
  [measure] epoch  60  test acc 85.04%  k*(.95)/C median 0.359  rho(depth) -0.52  (24s)
  epoch  61/100  loss 0.547  (15s)
  epoch  62/100  loss 0.498  (15s)
  epoch  63/100  loss 0.655  (9s)
  epoch  64/100  loss 0.502  (10s)
  epoch  65/100  loss 0.521  (10s)
  epoch  66/100  loss 0.501  (15s)
  epoch  67/100  loss 0.417  (15s)
  epoch  68/100  loss 0.615  (15s)
  epoch  69/100  loss 0.508  (15s)
  epoch  70/100  loss 0.519  (12s)
  [measure] epoch  70  test acc 85.91%  k*(.95)/C median 0.375  rho(depth) -0.50  (20s)
  epoch  71/100  loss 0.563  (15s)
  epoch  72/100  loss 0.474  (13s)
  epoch  73/100  loss 0.524  (10s)
  epoch  74/100  loss 0.501  (15s)
  epoch  75/100  loss 0.567  (15s)
  epoch  76/100  loss 0.424  (15s)
  epoch  77/100  loss 0.450  (15s)
  epoch  78/100  loss 0.397  (15s)
  epoch  79/100  loss 0.399  (15s)
  epoch  80/100  loss 0.383  (11s)
  [measure] epoch  80  test acc 89.28%  k*(.95)/C median 0.395  rho(depth) -0.46  (22s)
  epoch  81/100  loss 0.499  (15s)
  epoch  82/100  loss 0.393  (13s)
  epoch  83/100  loss 0.339  (11s)
  epoch  84/100  loss 0.364  (15s)
  epoch  85/100  loss 0.338  (15s)
  epoch  86/100  loss 0.387  (15s)
  epoch  87/100  loss 0.285  (15s)
  epoch  88/100  loss 0.279  (15s)
  epoch  89/100  loss 0.275  (15s)
  epoch  90/100  loss 0.280  (11s)
  [measure] epoch  90  test acc 92.61%  k*(.95)/C median 0.445  rho(depth) -0.42  (24s)
  epoch  91/100  loss 0.270  (15s)
  epoch  92/100  loss 0.256  (13s)
  epoch  93/100  loss 0.251  (10s)
  epoch  94/100  loss 0.249  (10s)
  epoch  95/100  loss 0.250  (9s)
  epoch  96/100  loss 0.253  (10s)
  epoch  97/100  loss 0.252  (10s)
  epoch  98/100  loss 0.262  (5s)
  epoch  99/100  loss 0.250  (6s)
  epoch 100/100  loss 0.252  (6s)
  [measure] epoch 100  test acc 93.87%  k*(.95)/C median 0.461  rho(depth) -0.42  (6s)
done
