schedule: [0, 1, 2, 3, 5, 7, 10, 15, 20, 30, 40, 50, 60, 70, 80, 90, 100]
  [measure] epoch   0  test acc 10.00%  k*(.95)/C median 0.281  rho(depth) -0.59  (26s)
  epoch   1/100  loss 1.585  (15s)
  [measure] epoch   1  test acc 56.44%  k*(.95)/C median 0.473  rho(depth) -0.15  (21s)
  epoch   2/100  loss 1.142  (15s)
  [measure] epoch   2  test acc 65.19%  k*(.95)/C median 0.457  rho(depth) -0.16  (20s)
  epoch   3/100  loss 0.923  (15s)
  [measure] epoch   3  test acc 74.87%  k*(.95)/C median 0.414  rho(depth) -0.15  (19s)
  epoch   4/100  loss 0.754  (15s)
  epoch   5/100  loss 0.759  (15s)
  [measure] epoch   5  test acc 76.58%  k*(.95)/C median 0.371  rho(depth) -0.19  (16s)
  epoch   6/100  loss 0.755  (13s)
  epoch   7/100  loss 0.544  (15s)
  [measure] epoch   7  test acc 79.24%  k*(.95)/C median 0.344  rho(depth) -0.24  (17s)
  epoch   8/100  loss 0.577  (11s)
  epoch   9/100  loss 0.429  (15s)
  epoch  10/100  loss 0.660  (15s)
  [measure] epoch  10  test acc 82.30%  k*(.95)/C median 0.297  rho(depth) -0.55  (20s)
  epoch  11/100  loss 0.461  (11s)
  epoch  12/100  loss 0.531  (13s)
  epoch  13/100  loss 0.660  (15s)
  epoch  14/100  loss 0.658  (15s)
  epoch  15/100  loss 0.490  (15s)
  [measure] epoch  15  test acc 76.99%  k*(.95)/C median 0.250  rho(depth) -0.59  (17s)
  epoch  16/100  loss 0.477  (12s)
  epoch  17/100  loss 0.733  (11s)
  epoch  18/100  loss 0.633  (15s)
  epoch  19/100  loss 0.579  (15s)
  epoch  20/100  loss 0.595  (15s)
  [measure] epoch  20  test acc 82.65%  k*(.95)/C median 0.260  rho(depth) -0.59  (18s)
  epoch  21/100  loss 0.537  (14s)
  epoch  22/100  loss 0.494  (11s)
  epoch  23/100  loss 0.636  (12s)
  epoch  24/100  loss 0.584  (15s)
  epoch  25/100  loss 0.560  (15s)
  epoch  26/100  loss 0.541  (15s)
  epoch  27/100  loss 0.696  (15s)
  epoch  28/100  loss 0.581  (15s)
  epoch  29/100  loss 0.607  (15s)
  epoch  30/100  loss 0.654  (15s)
  [measure] epoch  30  test acc 81.19%  k*(.95)/C median 0.297  rho(depth) -0.57  (18s)
  epoch  31/100  loss 0.731  (14s)
  epoch  32/100  loss 0.712  (12s)
  epoch  33/100  loss 0.615  (11s)
  epoch  34/100  loss 0.582  (15s)
  epoch  35/100  loss 0.491  (15s)
  epoch  36/100  loss 0.632  (15s)
  epoch  37/100  loss 0.630  (15s)
  epoch  38/100  loss 0.670  (14s)
  epoch  39/100  loss 0.570  (10s)
  epoch  40/100  loss 0.660  (11s)
  [measure] epoch  40  test acc 82.74%  k*(.95)/C median 0.330  rho(depth) -0.56  (17s)
  epoch  41/100  loss 0.593  (13s)
  epoch  42/100  loss 0.671  (15s)
  epoch  43/100  loss 0.718  (15s)
  epoch  44/100  loss 0.581  (12s)
  epoch  45/100  loss 0.583  (11s)
  epoch  46/100  loss 0.733  (15s)
  epoch  47/100  loss 0.704  (15s)
  epoch  48/100  loss 0.710  (15s)
  epoch  49/100  loss 0.581  (15s)
  epoch  50/100  loss 0.640  (14s)
  [measure] epoch  50  test acc 83.17%  k*(.95)/C median 0.352  rho(depth) -0.56  (18s)
  epoch  51/100  loss 0.632  (13s)
  epoch  52/100  loss 0.670  (15s)
  epoch  53/100  loss 0.516  (13s)
  epoch  54/100  loss 0.458  (10s)
  epoch  55/100  loss 0.501  (6s)
  epoch  56/100  loss 0.527  (15s)
  epoch  57/100  loss 0.640  (15s)
  epoch  58/100  loss 0.532  (15s)
  epoch  59/100  loss 0.604  (15s)
  epoch  60/100  loss 0.568  (15s)
  [measure] epoch  60  test acc 82.95%  k*(.95)/C median 0.359  rho(depth) -0.52  (22s)
  epoch  61/100  loss 0.451  (15s)
  epoch  62/100  loss 0.638  (13s)
  epoch  63/100  loss 0.618  (11s)
  epoch  64/100  loss 0.620  (12s)
  epoch  65/100  loss 0.578  (11s)
  epoch  66/100  loss 0.454  (14s)
  epoch  67/100  loss 0.498  (15s)
  epoch  68/100  loss 0.543  (9s)
  epoch  69/100  loss 0.458  (8s)
  epoch  70/100  loss 0.505  (9s)
  [measure] epoch  70  test acc 85.44%  k*(.95)/C median 0.359  rho(depth) -0.50  (15s)
  epoch  71/100  loss 0.434  (10s)
  epoch  72/100  loss 0.523  (10s)
  epoch  73/100  loss 0.556  (15s)
  epoch  74/100  loss 0.503  (15s)
  epoch  75/100  loss 0.347  (15s)
  epoch  76/100  loss 0.478  (15s)
  epoch  77/100  loss 0.374  (12s)
  epoch  78/100  loss 0.373  (11s)
  epoch  79/100  loss 0.508  (11s)
  epoch  80/100  loss 0.409  (15s)
  [measure] epoch  80  test acc 88.54%  k*(.95)/C median 0.396  rho(depth) -0.46  (23s)
  epoch  81/100  loss 0.373  (15s)
  epoch  82/100  loss 0.359  (15s)
  epoch  83/100  loss 0.332  (15s)
  epoch  84/100  loss 0.380  (15s)
  epoch  85/100  loss 0.372  (15s)
  epoch  86/100  loss 0.328  (15s)
  epoch  87/100  loss 0.319  (11s)
  epoch  88/100  loss 0.270  (11s)
  epoch  89/100  loss 0.281  (11s)
  epoch  90/100  loss 0.271  (15s)
  [measure] epoch  90  test acc 92.79%  k*(.95)/C median 0.445  rho(depth) -0.42  (22s)
  epoch  91/100  loss 0.275  (15s)
  epoch  92/100  loss 0.272  (15s)
  epoch  93/100  loss 0.250  (15s)
  epoch  94/100  loss 0.262  (15s)
  epoch  95/100  loss 0.253  (15s)
  epoch  96/100  loss 0.251  (14s)
  epoch  97/100  loss 0.252  (11s)
  epoch  98/100  loss 0.252  (12s)
  epoch  99/100  loss 0.254  (12s)
  epoch 100/100  loss 0.251  (15s)
  [measure] epoch 100  test acc 94.14%  k*(.95)/C median 0.461  rho(depth) -0.42  (23s)
done
