schedule: [0, 1, 2, 3, 5, 7, 10, 15, 20, 30, 40, 50, 60, 70, 80, 90, 100]
  [measure] epoch   0  test acc 10.00%  k*(.95)/C median 0.281  rho(depth) -0.59  (23s)
  epoch   1/100  loss 1.204  (11s)
  [measure] epoch   1  test acc 59.18%  k*(.95)/C median 0.465  rho(depth) -0.16  (16s)
  epoch   2/100  loss 0.762  (6s)
  [measure] epoch   2  test acc 66.49%  k*(.95)/C median 0.441  rho(depth) -0.15  (24s)
  epoch   3/100  loss 0.741  (5s)
  [measure] epoch   3  test acc 71.14%  k*(.95)/C median 0.395  rho(depth) -0.22  (22s)
  epoch   4/100  loss 0.656  (6s)
  epoch   5/100  loss 0.563  (10s)
  [measure] epoch   5  test acc 75.88%  k*(.95)/C median 0.344  rho(depth) -0.22  (21s)
  epoch   6/100  loss 0.624  (7s)
  epoch   7/100  loss 0.396  (9s)
  [measure] epoch   7  test acc 77.88%  k*(.95)/C median 0.312  rho(depth) -0.28  (19s)
  epoch   8/100  loss 0.515  (8s)
  epoch   9/100  loss 0.471  (8s)
  epoch  10/100  loss 0.496  (10s)
  [measure] epoch  10  test acc 83.54%  k*(.95)/C median 0.273  rho(depth) -0.56  (20s)
  epoch  11/100  loss 0.409  (9s)
  epoch  12/100  loss 0.435  (9s)
  epoch  13/100  loss 0.484  (11s)
  epoch  14/100  loss 0.515  (12s)
  epoch  15/100  loss 0.292  (12s)
  [measure] epoch  15  test acc 79.67%  k*(.95)/C median 0.174  rho(depth) -0.63  (19s)
  epoch  16/100  loss 0.319  (9s)
  epoch  17/100  loss 0.490  (8s)
  epoch  18/100  loss 0.368  (8s)
  epoch  19/100  loss 0.356  (7s)
  epoch  20/100  loss 0.367  (8s)
  [measure] epoch  20  test acc 84.38%  k*(.95)/C median 0.166  rho(depth) -0.69  (12s)
  epoch  21/100  loss 0.334  (5s)
  epoch  22/100  loss 0.338  (6s)
  epoch  23/100  loss 0.297  (12s)
  epoch  24/100  loss 0.265  (12s)
  epoch  25/100  loss 0.386  (12s)
  epoch  26/100  loss 0.222  (12s)
  epoch  27/100  loss 0.295  (12s)
  epoch  28/100  loss 0.269  (10s)
  epoch  29/100  loss 0.257  (8s)
  epoch  30/100  loss 0.335  (9s)
  [measure] epoch  30  test acc 82.46%  k*(.95)/C median 0.168  rho(depth) -0.67  (21s)
  epoch  31/100  loss 0.286  (8s)
  epoch  32/100  loss 0.375  (10s)
  epoch  33/100  loss 0.315  (11s)
  epoch  34/100  loss 0.250  (11s)
  epoch  35/100  loss 0.212  (11s)
  epoch  36/100  loss 0.228  (12s)
  epoch  37/100  loss 0.383  (12s)
  epoch  38/100  loss 0.359  (11s)
  epoch  39/100  loss 0.314  (9s)
  epoch  40/100  loss 0.369  (9s)
  [measure] epoch  40  test acc 83.71%  k*(.95)/C median 0.180  rho(depth) -0.66  (12s)
  epoch  41/100  loss 0.314  (8s)
  epoch  42/100  loss 0.273  (8s)
  epoch  43/100  loss 0.373  (8s)
  epoch  44/100  loss 0.305  (11s)
  epoch  45/100  loss 0.249  (11s)
  epoch  46/100  loss 0.363  (11s)
  epoch  47/100  loss 0.286  (11s)
  epoch  48/100  loss 0.429  (10s)
  epoch  49/100  loss 0.259  (8s)
  epoch  50/100  loss 0.271  (8s)
  [measure] epoch  50  test acc 86.33%  k*(.95)/C median 0.189  rho(depth) -0.64  (6s)
  epoch  51/100  loss 0.175  (7s)
  epoch  52/100  loss 0.322  (5s)
  epoch  53/100  loss 0.193  (4s)
  epoch  54/100  loss 0.261  (5s)
  epoch  55/100  loss 0.174  (7s)
  epoch  56/100  loss 0.224  (12s)
  epoch  57/100  loss 0.170  (12s)
  epoch  58/100  loss 0.201  (9s)
  epoch  59/100  loss 0.246  (7s)
  epoch  60/100  loss 0.195  (8s)
  [measure] epoch  60  test acc 86.15%  k*(.95)/C median 0.207  rho(depth) -0.64  (24s)
  epoch  61/100  loss 0.323  (11s)
  epoch  62/100  loss 0.328  (9s)
  epoch  63/100  loss 0.238  (6s)
  epoch  64/100  loss 0.118  (5s)
  epoch  65/100  loss 0.228  (5s)
  epoch  66/100  loss 0.203  (8s)
  epoch  67/100  loss 0.283  (11s)
  epoch  68/100  loss 0.278  (12s)
  epoch  69/100  loss 0.197  (12s)
  epoch  70/100  loss 0.239  (12s)
  [measure] epoch  70  test acc 87.52%  k*(.95)/C median 0.219  rho(depth) -0.64  (19s)
  epoch  71/100  loss 0.340  (7s)
  epoch  72/100  loss 0.144  (10s)
  epoch  73/100  loss 0.260  (12s)
  epoch  74/100  loss 0.291  (12s)
  epoch  75/100  loss 0.119  (12s)
  epoch  76/100  loss 0.225  (12s)
  epoch  77/100  loss 0.182  (12s)
  epoch  78/100  loss 0.097  (12s)
  epoch  79/100  loss 0.215  (12s)
  epoch  80/100  loss 0.132  (11s)
  [measure] epoch  80  test acc 90.27%  k*(.95)/C median 0.240  rho(depth) -0.60  (18s)
  epoch  81/100  loss 0.102  (9s)
  epoch  82/100  loss 0.137  (8s)
  epoch  83/100  loss 0.228  (11s)
  epoch  84/100  loss 0.141  (12s)
  epoch  85/100  loss 0.129  (12s)
  epoch  86/100  loss 0.045  (12s)
  epoch  87/100  loss 0.053  (12s)
  epoch  88/100  loss 0.053  (12s)
  epoch  89/100  loss 0.009  (12s)
  epoch  90/100  loss 0.048  (12s)
  [measure] epoch  90  test acc 92.60%  k*(.95)/C median 0.271  rho(depth) -0.59  (18s)
  epoch  91/100  loss 0.037  (10s)
  epoch  92/100  loss 0.033  (9s)
  epoch  93/100  loss 0.006  (10s)
  epoch  94/100  loss 0.003  (11s)
  epoch  95/100  loss 0.010  (12s)
  epoch  96/100  loss 0.001  (12s)
  epoch  97/100  loss 0.001  (12s)
  epoch  98/100  loss 0.008  (12s)
  epoch  99/100  loss 0.017  (12s)
  epoch 100/100  loss 0.006  (12s)
  [measure] epoch 100  test acc 93.83%  k*(.95)/C median 0.273  rho(depth) -0.59  (19s)
done
