schedule: [0, 1, 2, 3, 5, 7, 10, 15, 20, 30, 40, 50, 60, 70, 80, 90, 100]
  [measure] epoch   0  test acc 10.00%  k*(.95)/C median 0.281  rho(depth) -0.59  (18s)
  epoch   1/100  loss 1.351  (17s)
  [measure] epoch   1  test acc 60.44%  k*(.95)/C median 0.473  rho(depth) -0.16  (14s)
  epoch   2/100  loss 1.011  (17s)
  [measure] epoch   2  test acc 66.37%  k*(.95)/C median 0.449  rho(depth) -0.15  (15s)
  epoch   3/100  loss 0.898  (12s)
  [measure] epoch   3  test acc 74.67%  k*(.95)/C median 0.414  rho(depth) -0.21  (8s)
  epoch   4/100  loss 0.842  (16s)
  epoch   5/100  loss 0.860  (17s)
  [measure] epoch   5  test acc 75.53%  k*(.95)/C median 0.379  rho(depth) -0.21  (14s)
  epoch   6/100  loss 0.774  (16s)
  epoch   7/100  loss 0.572  (16s)
  [measure] epoch   7  test acc 78.02%  k*(.95)/C median 0.352  rho(depth) -0.23  (17s)
  epoch   8/100  loss 0.645  (16s)
  epoch   9/100  loss 0.554  (12s)
  epoch  10/100  loss 0.607  (14s)
  [measure] epoch  10  test acc 78.07%  k*(.95)/C median 0.316  rho(depth) -0.50  (18s)
  epoch  11/100  loss 0.549  (16s)
  epoch  12/100  loss 0.503  (17s)
  epoch  13/100  loss 0.627  (13s)
  epoch  14/100  loss 0.746  (17s)
  epoch  15/100  loss 0.451  (15s)
  [measure] epoch  15  test acc 73.38%  k*(.95)/C median 0.199  rho(depth) -0.62  (18s)
  epoch  16/100  loss 0.438  (17s)
  epoch  17/100  loss 0.737  (17s)
  epoch  18/100  loss 0.553  (13s)
  epoch  19/100  loss 0.592  (15s)
  epoch  20/100  loss 0.533  (14s)
  [measure] epoch  20  test acc 82.10%  k*(.95)/C median 0.197  rho(depth) -0.59  (18s)
  epoch  21/100  loss 0.598  (17s)
  epoch  22/100  loss 0.546  (17s)
  epoch  23/100  loss 0.497  (12s)
  epoch  24/100  loss 0.515  (16s)
  epoch  25/100  loss 0.561  (16s)
  epoch  26/100  loss 0.489  (16s)
  epoch  27/100  loss 0.637  (17s)
  epoch  28/100  loss 0.535  (17s)
  epoch  29/100  loss 0.474  (16s)
  epoch  30/100  loss 0.638  (14s)
  [measure] epoch  30  test acc 79.71%  k*(.95)/C median 0.223  rho(depth) -0.57  (17s)
  epoch  31/100  loss 0.715  (17s)
  epoch  32/100  loss 0.522  (17s)
  epoch  33/100  loss 0.621  (17s)
  epoch  34/100  loss 0.550  (17s)
  epoch  35/100  loss 0.439  (17s)
  epoch  36/100  loss 0.563  (17s)
  epoch  37/100  loss 0.531  (16s)
  epoch  38/100  loss 0.591  (14s)
  epoch  39/100  loss 0.571  (14s)
  epoch  40/100  loss 0.639  (11s)
  [measure] epoch  40  test acc 82.06%  k*(.95)/C median 0.238  rho(depth) -0.60  (15s)
  epoch  41/100  loss 0.527  (16s)
  epoch  42/100  loss 0.521  (17s)
  epoch  43/100  loss 0.505  (16s)
  epoch  44/100  loss 0.484  (16s)
  epoch  45/100  loss 0.477  (17s)
  epoch  46/100  loss 0.699  (17s)
  epoch  47/100  loss 0.571  (16s)
  epoch  48/100  loss 0.561  (17s)
  epoch  49/100  loss 0.427  (16s)
  epoch  50/100  loss 0.488  (13s)
  [measure] epoch  50  test acc 80.39%  k*(.95)/C median 0.246  rho(depth) -0.60  (15s)
  epoch  51/100  loss 0.545  (17s)
  epoch  52/100  loss 0.498  (17s)
  epoch  53/100  loss 0.544  (11s)
  epoch  54/100  loss 0.419  (12s)
  epoch  55/100  loss 0.431  (16s)
  epoch  56/100  loss 0.476  (17s)
  epoch  57/100  loss 0.428  (17s)
  epoch  58/100  loss 0.408  (17s)
  epoch  59/100  loss 0.472  (16s)
  epoch  60/100  loss 0.473  (17s)
  [measure] epoch  60  test acc 81.73%  k*(.95)/C median 0.262  rho(depth) -0.60  (16s)
  epoch  61/100  loss 0.344  (15s)
  epoch  62/100  loss 0.502  (17s)
  epoch  63/100  loss 0.483  (16s)
  epoch  64/100  loss 0.388  (16s)
  epoch  65/100  loss 0.457  (17s)
  epoch  66/100  loss 0.392  (17s)
  epoch  67/100  loss 0.539  (17s)
  epoch  68/100  loss 0.395  (17s)
  epoch  69/100  loss 0.450  (16s)
  epoch  70/100  loss 0.373  (17s)
  [measure] epoch  70  test acc 86.67%  k*(.95)/C median 0.279  rho(depth) -0.56  (15s)
  epoch  71/100  loss 0.407  (17s)
  epoch  72/100  loss 0.427  (17s)
  epoch  73/100  loss 0.593  (17s)
  epoch  74/100  loss 0.433  (17s)
  epoch  75/100  loss 0.328  (17s)
  epoch  76/100  loss 0.367  (17s)
  epoch  77/100  loss 0.405  (17s)
  epoch  78/100  loss 0.233  (14s)
  epoch  79/100  loss 0.262  (15s)
  epoch  80/100  loss 0.216  (14s)
  [measure] epoch  80  test acc 88.19%  k*(.95)/C median 0.303  rho(depth) -0.55  (17s)
  epoch  81/100  loss 0.309  (17s)
  epoch  82/100  loss 0.290  (17s)
  epoch  83/100  loss 0.211  (17s)
  epoch  84/100  loss 0.311  (17s)
  epoch  85/100  loss 0.203  (17s)
  epoch  86/100  loss 0.221  (17s)
  epoch  87/100  loss 0.203  (17s)
  epoch  88/100  loss 0.141  (15s)
  epoch  89/100  loss 0.171  (16s)
  epoch  90/100  loss 0.166  (14s)
  [measure] epoch  90  test acc 92.17%  k*(.95)/C median 0.334  rho(depth) -0.55  (10s)
  epoch  91/100  loss 0.127  (12s)
  epoch  92/100  loss 0.140  (12s)
  epoch  93/100  loss 0.110  (17s)
  epoch  94/100  loss 0.113  (17s)
  epoch  95/100  loss 0.133  (17s)
  epoch  96/100  loss 0.107  (17s)
  epoch  97/100  loss 0.115  (17s)
  epoch  98/100  loss 0.114  (17s)
  epoch  99/100  loss 0.131  (17s)
  epoch 100/100  loss 0.121  (17s)
  [measure] epoch 100  test acc 93.90%  k*(.95)/C median 0.340  rho(depth) -0.55  (8s)
done
