class subset: 10 classes, 6400 train / 10000 test images
schedule: [780]
  [measure] epoch   0  test acc 10.00%  k*(.95)/C median 0.281  rho(depth) -0.59  (10s)
  epoch   1/780  loss 1.823  (7s)
  epoch   2/780  loss 1.526  (7s)
  epoch   3/780  loss 1.482  (7s)
  epoch   4/780  loss 1.326  (7s)
  epoch   5/780  loss 1.232  (7s)
  epoch   6/780  loss 1.131  (7s)
  epoch   7/780  loss 1.012  (7s)
  epoch   8/780  loss 0.966  (7s)
  epoch   9/780  loss 1.144  (7s)
  epoch  10/780  loss 0.729  (7s)
  epoch  11/780  loss 0.844  (7s)
  epoch  12/780  loss 0.640  (7s)
  epoch  13/780  loss 0.889  (7s)
  epoch  14/780  loss 0.770  (7s)
  epoch  15/780  loss 0.674  (7s)
  epoch  16/780  loss 0.592  (7s)
  epoch  17/780  loss 0.784  (7s)
  epoch  18/780  loss 0.546  (7s)
  epoch  19/780  loss 0.488  (7s)
  epoch  20/780  loss 0.619  (7s)
  epoch  21/780  loss 0.435  (7s)
  epoch  22/780  loss 0.548  (7s)
  epoch  23/780  loss 0.468  (7s)
  epoch  24/780  loss 0.541  (7s)
  epoch  25/780  loss 0.510  (7s)
  epoch  26/780  loss 0.283  (7s)
  epoch  27/780  loss 0.377  (7s)
  epoch  28/780  loss 0.433  (7s)
  epoch  29/780  loss 0.280  (7s)
  epoch  30/780  loss 0.316  (8s)
  epoch  31/780  loss 0.348  (8s)
  epoch  32/780  loss 0.277  (8s)
  epoch  33/780  loss 0.427  (9s)
  epoch  34/780  loss 0.392  (9s)
  epoch  35/780  loss 0.156  (9s)
  epoch  36/780  loss 0.250  (9s)
  epoch  37/780  loss 0.313  (9s)
  epoch  38/780  loss 0.299  (9s)
  epoch  39/780  loss 0.296  (9s)
  epoch  40/780  loss 0.169  (9s)
  epoch  41/780  loss 0.485  (9s)
  epoch  42/780  loss 0.249  (9s)
  epoch  43/780  loss 0.280  (9s)
  epoch  44/780  loss 0.252  (9s)
  epoch  45/780  loss 0.141  (9s)
  epoch  46/780  loss 0.378  (10s)
  epoch  47/780  loss 0.229  (9s)
  epoch  48/780  loss 0.219  (8s)
  epoch  49/780  loss 0.143  (8s)
  epoch  50/780  loss 0.252  (8s)
  epoch  51/780  loss 0.207  (9s)
  epoch  52/780  loss 0.194  (9s)
  epoch  53/780  loss 0.241  (9s)
  epoch  54/780  loss 0.169  (9s)
  epoch  55/780  loss 0.117  (9s)
  epoch  56/780  loss 0.217  (8s)
  epoch  57/780  loss 0.256  (9s)
  epoch  58/780  loss 0.227  (9s)
  epoch  59/780  loss 0.192  (9s)
  epoch  60/780  loss 0.109  (9s)
  epoch  61/780  loss 0.176  (9s)
  epoch  62/780  loss 0.228  (9s)
  epoch  63/780  loss 0.227  (9s)
  epoch  64/780  loss 0.105  (9s)
  epoch  65/780  loss 0.078  (9s)
  epoch  66/780  loss 0.131  (9s)
  epoch  67/780  loss 0.211  (11s)
  epoch  68/780  loss 0.154  (11s)
  epoch  69/780  loss 0.161  (9s)
  epoch  70/780  loss 0.293  (9s)
  epoch  71/780  loss 0.135  (9s)
  epoch  72/780  loss 0.171  (9s)
  epoch  73/780  loss 0.118  (9s)
  epoch  74/780  loss 0.203  (9s)
  epoch  75/780  loss 0.146  (9s)
  epoch  76/780  loss 0.207  (9s)
  epoch  77/780  loss 0.151  (9s)
  epoch  78/780  loss 0.226  (9s)
  epoch  79/780  loss 0.218  (9s)
  epoch  80/780  loss 0.183  (9s)
  epoch  81/780  loss 0.198  (9s)
  epoch  82/780  loss 0.109  (9s)
  epoch  83/780  loss 0.105  (9s)
  epoch  84/780  loss 0.124  (9s)
  epoch  85/780  loss 0.124  (9s)
  epoch  86/780  loss 0.193  (9s)
  epoch  87/780  loss 0.086  (9s)
  epoch  88/780  loss 0.127  (9s)
  epoch  89/780  loss 0.165  (10s)
  epoch  90/780  loss 0.200  (10s)
  epoch  91/780  loss 0.095  (9s)
  epoch  92/780  loss 0.101  (10s)
  epoch  93/780  loss 0.117  (10s)
  epoch  94/780  loss 0.188  (9s)
  epoch  95/780  loss 0.147  (9s)
  epoch  96/780  loss 0.110  (9s)
  epoch  97/780  loss 0.125  (9s)
  epoch  98/780  loss 0.142  (9s)
  epoch  99/780  loss 0.228  (9s)
  epoch 100/780  loss 0.166  (9s)
  epoch 101/780  loss 0.121  (9s)
  epoch 102/780  loss 0.070  (9s)
  epoch 103/780  loss 0.121  (9s)
  epoch 104/780  loss 0.113  (9s)
  epoch 105/780  loss 0.086  (9s)
  epoch 106/780  loss 0.064  (10s)
  epoch 107/780  loss 0.066  (9s)
  epoch 108/780  loss 0.068  (9s)
  epoch 109/780  loss 0.115  (9s)
  epoch 110/780  loss 0.051  (9s)
  epoch 111/780  loss 0.039  (9s)
  epoch 112/780  loss 0.067  (9s)
  epoch 113/780  loss 0.097  (9s)
  epoch 114/780  loss 0.201  (10s)
  epoch 115/780  loss 0.152  (10s)
  epoch 116/780  loss 0.097  (9s)
  epoch 117/780  loss 0.181  (9s)
  epoch 118/780  loss 0.213  (9s)
  epoch 119/780  loss 0.279  (9s)
  epoch 120/780  loss 0.249  (9s)
  epoch 121/780  loss 0.112  (9s)
  epoch 122/780  loss 0.096  (9s)
  epoch 123/780  loss 0.141  (9s)
  epoch 124/780  loss 0.184  (9s)
  epoch 125/780  loss 0.078  (9s)
  epoch 126/780  loss 0.120  (9s)
  epoch 127/780  loss 0.095  (9s)
  epoch 128/780  loss 0.103  (9s)
  epoch 129/780  loss 0.147  (9s)
  epoch 130/780  loss 0.094  (9s)
  epoch 131/780  loss 0.153  (9s)
  epoch 132/780  loss 0.079  (9s)
  epoch 133/780  loss 0.084  (9s)
  epoch 134/780  loss 0.063  (9s)
  epoch 135/780  loss 0.098  (9s)
  epoch 136/780  loss 0.129  (9s)
  epoch 137/780  loss 0.121  (9s)
  epoch 138/780  loss 0.089  (9s)
  epoch 139/780  loss 0.119  (9s)
  epoch 140/780  loss 0.029  (9s)
  epoch 141/780  loss 0.103  (9s)
  epoch 142/780  loss 0.176  (9s)
  epoch 143/780  loss 0.110  (9s)
  epoch 144/780  loss 0.106  (9s)
  epoch 145/780  loss 0.125  (9s)
  epoch 146/780  loss 0.070  (9s)
  epoch 147/780  loss 0.092  (9s)
  epoch 148/780  loss 0.059  (9s)
  epoch 149/780  loss 0.194  (9s)
  epoch 150/780  loss 0.096  (9s)
  epoch 151/780  loss 0.131  (9s)
  epoch 152/780  loss 0.093  (9s)
  epoch 153/780  loss 0.031  (9s)
  epoch 154/780  loss 0.238  (9s)
  epoch 155/780  loss 0.150  (9s)
  epoch 156/780  loss 0.115  (9s)
  epoch 157/780  loss 0.064  (9s)
  epoch 158/780  loss 0.113  (9s)
  epoch 159/780  loss 0.239  (9s)
  epoch 160/780  loss 0.122  (9s)
  epoch 161/780  loss 0.079  (9s)
  epoch 162/780  loss 0.054  (9s)
  epoch 163/780  loss 0.193  (9s)
  epoch 164/780  loss 0.180  (9s)
  epoch 165/780  loss 0.154  (9s)
  epoch 166/780  loss 0.090  (9s)
  epoch 167/780  loss 0.169  (9s)
  epoch 168/780  loss 0.088  (9s)
  epoch 169/780  loss 0.116  (9s)
  epoch 170/780  loss 0.044  (9s)
  epoch 171/780  loss 0.077  (9s)
  epoch 172/780  loss 0.114  (9s)
  epoch 173/780  loss 0.098  (9s)
  epoch 174/780  loss 0.118  (9s)
  epoch 175/780  loss 0.044  (9s)
  epoch 176/780  loss 0.051  (9s)
  epoch 177/780  loss 0.078  (9s)
  epoch 178/780  loss 0.169  (9s)
  epoch 179/780  loss 0.153  (9s)
  epoch 180/780  loss 0.167  (9s)
  epoch 181/780  loss 0.112  (9s)
  epoch 182/780  loss 0.139  (9s)
  epoch 183/780  loss 0.071  (9s)
  epoch 184/780  loss 0.095  (9s)
  epoch 185/780  loss 0.160  (9s)
  epoch 186/780  loss 0.048  (9s)
  epoch 187/780  loss 0.233  (9s)
  epoch 188/780  loss 0.098  (9s)
  epoch 189/780  loss 0.279  (9s)
  epoch 190/780  loss 0.199  (9s)
  epoch 191/780  loss 0.079  (9s)
  epoch 192/780  loss 0.196  (9s)
  epoch 193/780  loss 0.063  (9s)
  epoch 194/780  loss 0.074  (9s)
  epoch 195/780  loss 0.130  (9s)
  epoch 196/780  loss 0.130  (9s)
  epoch 197/780  loss 0.167  (9s)
  epoch 198/780  loss 0.143  (9s)
  epoch 199/780  loss 0.098  (9s)
  epoch 200/780  loss 0.037  (9s)
  epoch 201/780  loss 0.112  (9s)
  epoch 202/780  loss 0.115  (9s)
  epoch 203/780  loss 0.175  (9s)
  epoch 204/780  loss 0.083  (9s)
  epoch 205/780  loss 0.097  (9s)
  epoch 206/780  loss 0.105  (9s)
  epoch 207/780  loss 0.126  (9s)
  epoch 208/780  loss 0.086  (9s)
  epoch 209/780  loss 0.095  (9s)
  epoch 210/780  loss 0.086  (9s)
  epoch 211/780  loss 0.071  (9s)
  epoch 212/780  loss 0.059  (9s)
  epoch 213/780  loss 0.041  (9s)
  epoch 214/780  loss 0.160  (9s)
  epoch 215/780  loss 0.075  (9s)
  epoch 216/780  loss 0.136  (9s)
  epoch 217/780  loss 0.106  (9s)
  epoch 218/780  loss 0.101  (9s)
  epoch 219/780  loss 0.148  (11s)
  epoch 220/780  loss 0.090  (9s)
  epoch 221/780  loss 0.069  (9s)
  epoch 222/780  loss 0.060  (9s)
  epoch 223/780  loss 0.119  (9s)
  epoch 224/780  loss 0.223  (9s)
  epoch 225/780  loss 0.163  (9s)
  epoch 226/780  loss 0.080  (9s)
  epoch 227/780  loss 0.028  (9s)
  epoch 228/780  loss 0.225  (9s)
  epoch 229/780  loss 0.128  (9s)
  epoch 230/780  loss 0.077  (9s)
  epoch 231/780  loss 0.072  (9s)
  epoch 232/780  loss 0.041  (9s)
  epoch 233/780  loss 0.085  (9s)
  epoch 234/780  loss 0.098  (9s)
  epoch 235/780  loss 0.136  (9s)
  epoch 236/780  loss 0.074  (9s)
  epoch 237/780  loss 0.174  (9s)
  epoch 238/780  loss 0.110  (9s)
  epoch 239/780  loss 0.141  (9s)
  epoch 240/780  loss 0.147  (9s)
  epoch 241/780  loss 0.021  (9s)
  epoch 242/780  loss 0.123  (9s)
  epoch 243/780  loss 0.042  (9s)
  epoch 244/780  loss 0.168  (9s)
  epoch 245/780  loss 0.142  (9s)
  epoch 246/780  loss 0.122  (9s)
  epoch 247/780  loss 0.111  (9s)
  epoch 248/780  loss 0.120  (9s)
  epoch 249/780  loss 0.048  (9s)
  epoch 250/780  loss 0.084  (9s)
  epoch 251/780  loss 0.121  (9s)
  epoch 252/780  loss 0.198  (9s)
  epoch 253/780  loss 0.129  (9s)
  epoch 254/780  loss 0.107  (9s)
  epoch 255/780  loss 0.081  (9s)
  epoch 256/780  loss 0.114  (9s)
  epoch 257/780  loss 0.135  (9s)
  epoch 258/780  loss 0.058  (9s)
  epoch 259/780  loss 0.156  (9s)
  epoch 260/780  loss 0.073  (9s)
  epoch 261/780  loss 0.088  (9s)
  epoch 262/780  loss 0.119  (9s)
  epoch 263/780  loss 0.132  (9s)
  epoch 264/780  loss 0.124  (9s)
  epoch 265/780  loss 0.100  (10s)
  epoch 266/780  loss 0.041  (9s)
  epoch 267/780  loss 0.132  (9s)
  epoch 268/780  loss 0.078  (10s)
  epoch 269/780  loss 0.085  (9s)
  epoch 270/780  loss 0.127  (9s)
  epoch 271/780  loss 0.091  (12s)
  epoch 272/780  loss 0.089  (11s)
  epoch 273/780  loss 0.136  (10s)
  epoch 274/780  loss 0.048  (11s)
  epoch 275/780  loss 0.158  (12s)
  epoch 276/780  loss 0.132  (10s)
  epoch 277/780  loss 0.082  (9s)
  epoch 278/780  loss 0.166  (9s)
  epoch 279/780  loss 0.128  (10s)
  epoch 280/780  loss 0.121  (10s)
  epoch 281/780  loss 0.080  (9s)
  epoch 282/780  loss 0.182  (10s)
  epoch 283/780  loss 0.081  (10s)
  epoch 284/780  loss 0.131  (10s)
  epoch 285/780  loss 0.173  (10s)
  epoch 286/780  loss 0.110  (11s)
  epoch 287/780  loss 0.230  (10s)
  epoch 288/780  loss 0.225  (10s)
  epoch 289/780  loss 0.032  (10s)
  epoch 290/780  loss 0.109  (10s)
  epoch 291/780  loss 0.141  (10s)
  epoch 292/780  loss 0.094  (9s)
  epoch 293/780  loss 0.136  (10s)
  epoch 294/780  loss 0.068  (10s)
  epoch 295/780  loss 0.051  (10s)
  epoch 296/780  loss 0.042  (10s)
  epoch 297/780  loss 0.043  (9s)
  epoch 298/780  loss 0.052  (9s)
  epoch 299/780  loss 0.149  (9s)
  epoch 300/780  loss 0.207  (10s)
  epoch 301/780  loss 0.145  (10s)
  epoch 302/780  loss 0.213  (10s)
  epoch 303/780  loss 0.018  (10s)
  epoch 304/780  loss 0.148  (10s)
  epoch 305/780  loss 0.092  (10s)
  epoch 306/780  loss 0.089  (10s)
  epoch 307/780  loss 0.040  (10s)
  epoch 308/780  loss 0.084  (10s)
  epoch 309/780  loss 0.128  (9s)
  epoch 310/780  loss 0.090  (9s)
  epoch 311/780  loss 0.042  (9s)
  epoch 312/780  loss 0.064  (9s)
  epoch 313/780  loss 0.089  (9s)
  epoch 314/780  loss 0.112  (9s)
  epoch 315/780  loss 0.126  (9s)
  epoch 316/780  loss 0.086  (9s)
  epoch 317/780  loss 0.078  (10s)
  epoch 318/780  loss 0.069  (9s)
  epoch 319/780  loss 0.168  (10s)
  epoch 320/780  loss 0.118  (9s)
  epoch 321/780  loss 0.120  (9s)
  epoch 322/780  loss 0.068  (10s)
  epoch 323/780  loss 0.083  (9s)
  epoch 324/780  loss 0.063  (9s)
  epoch 325/780  loss 0.057  (9s)
  epoch 326/780  loss 0.066  (9s)
  epoch 327/780  loss 0.104  (9s)
  epoch 328/780  loss 0.036  (9s)
  epoch 329/780  loss 0.103  (9s)
  epoch 330/780  loss 0.034  (9s)
  epoch 331/780  loss 0.106  (9s)
  epoch 332/780  loss 0.124  (9s)
  epoch 333/780  loss 0.083  (9s)
  epoch 334/780  loss 0.047  (9s)
  epoch 335/780  loss 0.068  (9s)
  epoch 336/780  loss 0.086  (9s)
  epoch 337/780  loss 0.089  (9s)
  epoch 338/780  loss 0.066  (9s)
  epoch 339/780  loss 0.067  (9s)
  epoch 340/780  loss 0.067  (9s)
  epoch 341/780  loss 0.118  (9s)
  epoch 342/780  loss 0.039  (9s)
  epoch 343/780  loss 0.097  (9s)
  epoch 344/780  loss 0.095  (9s)
  epoch 345/780  loss 0.119  (9s)
  epoch 346/780  loss 0.078  (9s)
  epoch 347/780  loss 0.127  (9s)
  epoch 348/780  loss 0.028  (9s)
  epoch 349/780  loss 0.037  (9s)
  epoch 350/780  loss 0.041  (9s)
  epoch 351/780  loss 0.232  (9s)
  epoch 352/780  loss 0.118  (9s)
  epoch 353/780  loss 0.128  (9s)
  epoch 354/780  loss 0.053  (9s)
  epoch 355/780  loss 0.066  (9s)
  epoch 356/780  loss 0.099  (10s)
  epoch 357/780  loss 0.050  (10s)
  epoch 358/780  loss 0.039  (10s)
  epoch 359/780  loss 0.246  (10s)
  epoch 360/780  loss 0.101  (9s)
  epoch 361/780  loss 0.133  (9s)
  epoch 362/780  loss 0.105  (9s)
  epoch 363/780  loss 0.071  (9s)
  epoch 364/780  loss 0.135  (9s)
  epoch 365/780  loss 0.155  (9s)
  epoch 366/780  loss 0.064  (9s)
  epoch 367/780  loss 0.073  (10s)
  epoch 368/780  loss 0.081  (10s)
  epoch 369/780  loss 0.059  (10s)
  epoch 370/780  loss 0.036  (9s)
  epoch 371/780  loss 0.131  (9s)
  epoch 372/780  loss 0.094  (9s)
  epoch 373/780  loss 0.028  (10s)
  epoch 374/780  loss 0.034  (10s)
  epoch 375/780  loss 0.095  (11s)
  epoch 376/780  loss 0.119  (9s)
  epoch 377/780  loss 0.101  (9s)
  epoch 378/780  loss 0.119  (9s)
  epoch 379/780  loss 0.129  (9s)
  epoch 380/780  loss 0.074  (9s)
  epoch 381/780  loss 0.025  (9s)
  epoch 382/780  loss 0.030  (9s)
  epoch 383/780  loss 0.172  (9s)
  epoch 384/780  loss 0.160  (9s)
  epoch 385/780  loss 0.095  (9s)
  epoch 386/780  loss 0.063  (9s)
  epoch 387/780  loss 0.151  (9s)
  epoch 388/780  loss 0.126  (9s)
  epoch 389/780  loss 0.034  (9s)
  epoch 390/780  loss 0.086  (9s)
  epoch 391/780  loss 0.115  (9s)
  epoch 392/780  loss 0.051  (9s)
  epoch 393/780  loss 0.137  (9s)
  epoch 394/780  loss 0.081  (10s)
  epoch 395/780  loss 0.066  (10s)
  epoch 396/780  loss 0.082  (9s)
  epoch 397/780  loss 0.130  (10s)
  epoch 398/780  loss 0.110  (9s)
  epoch 399/780  loss 0.069  (9s)
  epoch 400/780  loss 0.079  (9s)
  epoch 401/780  loss 0.065  (9s)
  epoch 402/780  loss 0.112  (9s)
  epoch 403/780  loss 0.114  (9s)
  epoch 404/780  loss 0.089  (9s)
  epoch 405/780  loss 0.041  (9s)
  epoch 406/780  loss 0.062  (10s)
  epoch 407/780  loss 0.097  (9s)
  epoch 408/780  loss 0.078  (9s)
  epoch 409/780  loss 0.120  (9s)
  epoch 410/780  loss 0.063  (10s)
  epoch 411/780  loss 0.048  (9s)
  epoch 412/780  loss 0.059  (9s)
  epoch 413/780  loss 0.192  (9s)
  epoch 414/780  loss 0.075  (9s)
  epoch 415/780  loss 0.137  (9s)
  epoch 416/780  loss 0.078  (10s)
  epoch 417/780  loss 0.131  (10s)
  epoch 418/780  loss 0.116  (9s)
  epoch 419/780  loss 0.099  (9s)
  epoch 420/780  loss 0.064  (10s)
  epoch 421/780  loss 0.137  (10s)
  epoch 422/780  loss 0.042  (9s)
  epoch 423/780  loss 0.058  (9s)
  epoch 424/780  loss 0.092  (10s)
  epoch 425/780  loss 0.144  (9s)
  epoch 426/780  loss 0.046  (10s)
  epoch 427/780  loss 0.061  (9s)
  epoch 428/780  loss 0.033  (10s)
  epoch 429/780  loss 0.033  (9s)
  epoch 430/780  loss 0.075  (10s)
  epoch 431/780  loss 0.165  (9s)
  epoch 432/780  loss 0.091  (9s)
  epoch 433/780  loss 0.090  (10s)
  epoch 434/780  loss 0.146  (10s)
  epoch 435/780  loss 0.090  (10s)
  epoch 436/780  loss 0.072  (10s)
  epoch 437/780  loss 0.189  (10s)
  epoch 438/780  loss 0.066  (9s)
  epoch 439/780  loss 0.069  (9s)
  epoch 440/780  loss 0.047  (9s)
  epoch 441/780  loss 0.158  (9s)
  epoch 442/780  loss 0.030  (9s)
  epoch 443/780  loss 0.090  (9s)
  epoch 444/780  loss 0.136  (9s)
  epoch 445/780  loss 0.058  (9s)
  epoch 446/780  loss 0.028  (9s)
  epoch 447/780  loss 0.161  (9s)
  epoch 448/780  loss 0.037  (9s)
  epoch 449/780  loss 0.073  (9s)
  epoch 450/780  loss 0.071  (9s)
  epoch 451/780  loss 0.146  (9s)
  epoch 452/780  loss 0.036  (9s)
  epoch 453/780  loss 0.048  (9s)
  epoch 454/780  loss 0.022  (9s)
  epoch 455/780  loss 0.092  (9s)
  epoch 456/780  loss 0.058  (9s)
  epoch 457/780  loss 0.060  (9s)
  epoch 458/780  loss 0.084  (9s)
  epoch 459/780  loss 0.191  (9s)
  epoch 460/780  loss 0.042  (9s)
  epoch 461/780  loss 0.062  (9s)
  epoch 462/780  loss 0.046  (9s)
  epoch 463/780  loss 0.154  (9s)
  epoch 464/780  loss 0.037  (9s)
  epoch 465/780  loss 0.034  (9s)
  epoch 466/780  loss 0.064  (9s)
  epoch 467/780  loss 0.096  (9s)
  epoch 468/780  loss 0.182  (9s)
  epoch 469/780  loss 0.120  (9s)
  epoch 470/780  loss 0.072  (9s)
  epoch 471/780  loss 0.152  (9s)
  epoch 472/780  loss 0.032  (9s)
  epoch 473/780  loss 0.026  (9s)
  epoch 474/780  loss 0.085  (9s)
  epoch 475/780  loss 0.053  (9s)
  epoch 476/780  loss 0.109  (9s)
  epoch 477/780  loss 0.014  (9s)
  epoch 478/780  loss 0.171  (9s)
  epoch 479/780  loss 0.039  (9s)
  epoch 480/780  loss 0.122  (9s)
  epoch 481/780  loss 0.068  (9s)
  epoch 482/780  loss 0.077  (9s)
  epoch 483/780  loss 0.113  (9s)
  epoch 484/780  loss 0.031  (9s)
  epoch 485/780  loss 0.069  (9s)
  epoch 486/780  loss 0.097  (9s)
  epoch 487/780  loss 0.067  (9s)
  epoch 488/780  loss 0.052  (9s)
  epoch 489/780  loss 0.051  (9s)
  epoch 490/780  loss 0.076  (9s)
  epoch 491/780  loss 0.110  (9s)
  epoch 492/780  loss 0.083  (9s)
  epoch 493/780  loss 0.073  (9s)
  epoch 494/780  loss 0.078  (9s)
  epoch 495/780  loss 0.035  (9s)
  epoch 496/780  loss 0.032  (9s)
  epoch 497/780  loss 0.108  (9s)
  epoch 498/780  loss 0.101  (9s)
  epoch 499/780  loss 0.015  (9s)
  epoch 500/780  loss 0.080  (9s)
  epoch 501/780  loss 0.082  (9s)
  epoch 502/780  loss 0.165  (9s)
  epoch 503/780  loss 0.126  (9s)
  epoch 504/780  loss 0.116  (9s)
  epoch 505/780  loss 0.076  (9s)
  epoch 506/780  loss 0.053  (9s)
  epoch 507/780  loss 0.037  (9s)
  epoch 508/780  loss 0.022  (9s)
  epoch 509/780  loss 0.095  (9s)
  epoch 510/780  loss 0.185  (9s)
  epoch 511/780  loss 0.020  (9s)
  epoch 512/780  loss 0.102  (9s)
  epoch 513/780  loss 0.076  (9s)
  epoch 514/780  loss 0.022  (9s)
  epoch 515/780  loss 0.138  (9s)
  epoch 516/780  loss 0.064  (9s)
  epoch 517/780  loss 0.042  (9s)
  epoch 518/780  loss 0.028  (9s)
  epoch 519/780  loss 0.024  (9s)
  epoch 520/780  loss 0.118  (9s)
  epoch 521/780  loss 0.061  (9s)
  epoch 522/780  loss 0.042  (9s)
  epoch 523/780  loss 0.020  (9s)
  epoch 524/780  loss 0.094  (9s)
  epoch 525/780  loss 0.035  (9s)
  epoch 526/780  loss 0.100  (9s)
  epoch 527/780  loss 0.046  (9s)
  epoch 528/780  loss 0.050  (9s)
  epoch 529/780  loss 0.058  (9s)
  epoch 530/780  loss 0.096  (9s)
  epoch 531/780  loss 0.032  (9s)
  epoch 532/780  loss 0.117  (9s)
  epoch 533/780  loss 0.062  (9s)
  epoch 534/780  loss 0.050  (9s)
  epoch 535/780  loss 0.018  (9s)
  epoch 536/780  loss 0.058  (9s)
  epoch 537/780  loss 0.039  (9s)
  epoch 538/780  loss 0.025  (9s)
  epoch 539/780  loss 0.045  (9s)
  epoch 540/780  loss 0.020  (9s)
  epoch 541/780  loss 0.094  (9s)
  epoch 542/780  loss 0.078  (9s)
  epoch 543/780  loss 0.049  (9s)
  epoch 544/780  loss 0.005  (9s)
  epoch 545/780  loss 0.196  (9s)
  epoch 546/780  loss 0.122  (9s)
  epoch 547/780  loss 0.034  (9s)
  epoch 548/780  loss 0.074  (9s)
  epoch 549/780  loss 0.010  (9s)
  epoch 550/780  loss 0.041  (9s)
  epoch 551/780  loss 0.054  (9s)
  epoch 552/780  loss 0.059  (9s)
  epoch 553/780  loss 0.066  (9s)
  epoch 554/780  loss 0.156  (9s)
  epoch 555/780  loss 0.063  (9s)
  epoch 556/780  loss 0.055  (9s)
  epoch 557/780  loss 0.041  (9s)
  epoch 558/780  loss 0.034  (9s)
  epoch 559/780  loss 0.048  (9s)
  epoch 560/780  loss 0.070  (9s)
  epoch 561/780  loss 0.008  (9s)
  epoch 562/780  loss 0.073  (9s)
  epoch 563/780  loss 0.054  (9s)
  epoch 564/780  loss 0.047  (9s)
  epoch 565/780  loss 0.017  (9s)
  epoch 566/780  loss 0.057  (9s)
  epoch 567/780  loss 0.055  (9s)
  epoch 568/780  loss 0.025  (9s)
  epoch 569/780  loss 0.070  (9s)
  epoch 570/780  loss 0.080  (9s)
  epoch 571/780  loss 0.028  (9s)
  epoch 572/780  loss 0.116  (9s)
  epoch 573/780  loss 0.034  (9s)
  epoch 574/780  loss 0.036  (9s)
  epoch 575/780  loss 0.027  (9s)
  epoch 576/780  loss 0.035  (9s)
  epoch 577/780  loss 0.015  (9s)
  epoch 578/780  loss 0.019  (9s)
  epoch 579/780  loss 0.074  (9s)
  epoch 580/780  loss 0.017  (9s)
  epoch 581/780  loss 0.074  (9s)
  epoch 582/780  loss 0.068  (9s)
  epoch 583/780  loss 0.060  (9s)
  epoch 584/780  loss 0.024  (9s)
  epoch 585/780  loss 0.018  (9s)
  epoch 586/780  loss 0.017  (9s)
  epoch 587/780  loss 0.091  (9s)
  epoch 588/780  loss 0.009  (9s)
  epoch 589/780  loss 0.074  (9s)
  epoch 590/780  loss 0.018  (9s)
  epoch 591/780  loss 0.103  (9s)
  epoch 592/780  loss 0.060  (9s)
  epoch 593/780  loss 0.064  (9s)
  epoch 594/780  loss 0.045  (9s)
  epoch 595/780  loss 0.025  (9s)
  epoch 596/780  loss 0.004  (9s)
  epoch 597/780  loss 0.010  (9s)
  epoch 598/780  loss 0.107  (9s)
  epoch 599/780  loss 0.112  (9s)
  epoch 600/780  loss 0.040  (9s)
  epoch 601/780  loss 0.075  (9s)
  epoch 602/780  loss 0.053  (9s)
  epoch 603/780  loss 0.008  (9s)
  epoch 604/780  loss 0.007  (9s)
  epoch 605/780  loss 0.041  (9s)
  epoch 606/780  loss 0.010  (9s)
  epoch 607/780  loss 0.044  (9s)
  epoch 608/780  loss 0.007  (9s)
  epoch 609/780  loss 0.062  (9s)
  epoch 610/780  loss 0.086  (9s)
  epoch 611/780  loss 0.044  (9s)
  epoch 612/780  loss 0.006  (9s)
  epoch 613/780  loss 0.016  (9s)
  epoch 614/780  loss 0.015  (9s)
  epoch 615/780  loss 0.037  (9s)
  epoch 616/780  loss 0.016  (9s)
  epoch 617/780  loss 0.008  (9s)
  epoch 618/780  loss 0.009  (9s)
  epoch 619/780  loss 0.008  (9s)
  epoch 620/780  loss 0.005  (9s)
  epoch 621/780  loss 0.043  (9s)
  epoch 622/780  loss 0.032  (9s)
  epoch 623/780  loss 0.015  (9s)
  epoch 624/780  loss 0.013  (9s)
  epoch 625/780  loss 0.004  (9s)
  epoch 626/780  loss 0.063  (9s)
  epoch 627/780  loss 0.054  (9s)
  epoch 628/780  loss 0.023  (9s)
  epoch 629/780  loss 0.045  (9s)
  epoch 630/780  loss 0.075  (9s)
  epoch 631/780  loss 0.011  (9s)
  epoch 632/780  loss 0.005  (9s)
  epoch 633/780  loss 0.003  (9s)
  epoch 634/780  loss 0.029  (9s)
  epoch 635/780  loss 0.040  (9s)
  epoch 636/780  loss 0.008  (9s)
  epoch 637/780  loss 0.034  (9s)
  epoch 638/780  loss 0.033  (9s)
  epoch 639/780  loss 0.024  (9s)
  epoch 640/780  loss 0.031  (9s)
  epoch 641/780  loss 0.011  (9s)
  epoch 642/780  loss 0.024  (9s)
  epoch 643/780  loss 0.012  (9s)
  epoch 644/780  loss 0.031  (9s)
  epoch 645/780  loss 0.003  (9s)
  epoch 646/780  loss 0.007  (9s)
  epoch 647/780  loss 0.078  (9s)
  epoch 648/780  loss 0.005  (9s)
  epoch 649/780  loss 0.005  (9s)
  epoch 650/780  loss 0.004  (9s)
  epoch 651/780  loss 0.007  (9s)
  epoch 652/780  loss 0.042  (9s)
  epoch 653/780  loss 0.032  (9s)
  epoch 654/780  loss 0.004  (9s)
  epoch 655/780  loss 0.006  (9s)
  epoch 656/780  loss 0.002  (9s)
  epoch 657/780  loss 0.002  (9s)
  epoch 658/780  loss 0.003  (9s)
  epoch 659/780  loss 0.024  (9s)
  epoch 660/780  loss 0.001  (9s)
  epoch 661/780  loss 0.001  (9s)
  epoch 662/780  loss 0.004  (9s)
  epoch 663/780  loss 0.026  (9s)
  epoch 664/780  loss 0.005  (9s)
  epoch 665/780  loss 0.001  (9s)
  epoch 666/780  loss 0.002  (9s)
  epoch 667/780  loss 0.007  (9s)
  epoch 668/780  loss 0.020  (9s)
  epoch 669/780  loss 0.004  (9s)
  epoch 670/780  loss 0.009  (9s)
  epoch 671/780  loss 0.007  (9s)
  epoch 672/780  loss 0.002  (9s)
  epoch 673/780  loss 0.004  (9s)
  epoch 674/780  loss 0.001  (9s)
  epoch 675/780  loss 0.001  (9s)
  epoch 676/780  loss 0.001  (9s)
  epoch 677/780  loss 0.001  (9s)
  epoch 678/780  loss 0.001  (9s)
  epoch 679/780  loss 0.001  (9s)
  epoch 680/780  loss 0.001  (9s)
  epoch 681/780  loss 0.002  (9s)
  epoch 682/780  loss 0.001  (9s)
  epoch 683/780  loss 0.001  (9s)
  epoch 684/780  loss 0.001  (9s)
  epoch 685/780  loss 0.001  (9s)
  epoch 686/780  loss 0.001  (9s)
  epoch 687/780  loss 0.002  (9s)
  epoch 688/780  loss 0.001  (9s)
  epoch 689/780  loss 0.013  (9s)
  epoch 690/780  loss 0.001  (9s)
  epoch 691/780  loss 0.001  (9s)
  epoch 692/780  loss 0.001  (9s)
  epoch 693/780  loss 0.001  (9s)
  epoch 694/780  loss 0.003  (9s)
  epoch 695/780  loss 0.001  (9s)
  epoch 696/780  loss 0.001  (9s)
  epoch 697/780  loss 0.002  (9s)
  epoch 698/780  loss 0.001  (9s)
  epoch 699/780  loss 0.001  (9s)
  epoch 700/780  loss 0.001  (9s)
  epoch 701/780  loss 0.001  (9s)
  epoch 702/780  loss 0.001  (9s)
  epoch 703/780  loss 0.001  (9s)
  epoch 704/780  loss 0.001  (9s)
  epoch 705/780  loss 0.002  (9s)
  epoch 706/780  loss 0.001  (9s)
  epoch 707/780  loss 0.001  (9s)
  epoch 708/780  loss 0.001  (9s)
  epoch 709/780  loss 0.001  (9s)
  epoch 710/780  loss 0.001  (9s)
  epoch 711/780  loss 0.001  (9s)
  epoch 712/780  loss 0.001  (9s)
  epoch 713/780  loss 0.001  (9s)
  epoch 714/780  loss 0.001  (9s)
  epoch 715/780  loss 0.001  (9s)
  epoch 716/780  loss 0.001  (9s)
  epoch 717/780  loss 0.003  (9s)
  epoch 718/780  loss 0.002  (9s)
  epoch 719/780  loss 0.001  (9s)
  epoch 720/780  loss 0.001  (9s)
  epoch 721/780  loss 0.001  (9s)
  epoch 722/780  loss 0.001  (9s)
  epoch 723/780  loss 0.001  (9s)
  epoch 724/780  loss 0.001  (9s)
  epoch 725/780  loss 0.001  (9s)
  epoch 726/780  loss 0.001  (9s)
  epoch 727/780  loss 0.001  (9s)
  epoch 728/780  loss 0.001  (9s)
  epoch 729/780  loss 0.001  (9s)
  epoch 730/780  loss 0.001  (9s)
  epoch 731/780  loss 0.001  (9s)
  epoch 732/780  loss 0.001  (9s)
  epoch 733/780  loss 0.001  (9s)
  epoch 734/780  loss 0.001  (9s)
  epoch 735/780  loss 0.001  (9s)
  epoch 736/780  loss 0.001  (9s)
  epoch 737/780  loss 0.001  (9s)
  epoch 738/780  loss 0.001  (9s)
  epoch 739/780  loss 0.001  (9s)
  epoch 740/780  loss 0.001  (9s)
  epoch 741/780  loss 0.001  (9s)
  epoch 742/780  loss 0.001  (9s)
  epoch 743/780  loss 0.001  (9s)
  epoch 744/780  loss 0.001  (9s)
  epoch 745/780  loss 0.001  (9s)
  epoch 746/780  loss 0.001  (9s)
  epoch 747/780  loss 0.001  (9s)
  epoch 748/780  loss 0.001  (9s)
  epoch 749/780  loss 0.001  (9s)
  epoch 750/780  loss 0.001  (9s)
  epoch 751/780  loss 0.001  (9s)
  epoch 752/780  loss 0.001  (9s)
  epoch 753/780  loss 0.001  (9s)
  epoch 754/780  loss 0.001  (9s)
  epoch 755/780  loss 0.001  (9s)
  epoch 756/780  loss 0.001  (9s)
  epoch 757/780  loss 0.001  (9s)
  epoch 758/780  loss 0.001  (9s)
  epoch 759/780  loss 0.001  (9s)
  epoch 760/780  loss 0.001  (9s)
  epoch 761/780  loss 0.001  (9s)
  epoch 762/780  loss 0.001  (9s)
  epoch 763/780  loss 0.001  (9s)
  epoch 764/780  loss 0.001  (9s)
  epoch 765/780  loss 0.001  (9s)
  epoch 766/780  loss 0.001  (9s)
  epoch 767/780  loss 0.001  (9s)
  epoch 768/780  loss 0.001  (9s)
  epoch 769/780  loss 0.002  (9s)
  epoch 770/780  loss 0.001  (9s)
  epoch 771/780  loss 0.001  (9s)
  epoch 772/780  loss 0.001  (9s)
  epoch 773/780  loss 0.001  (9s)
  epoch 774/780  loss 0.001  (9s)
  epoch 775/780  loss 0.001  (9s)
  epoch 776/780  loss 0.001  (9s)
  epoch 777/780  loss 0.001  (9s)
  epoch 778/780  loss 0.001  (9s)
  epoch 779/780  loss 0.001  (9s)
  epoch 780/780  loss 0.001  (9s)
  [measure] epoch 780  test acc 83.89%  k*(.95)/C median 0.219  rho(depth) -0.56  (10s)
done
