schedule: [0, 1, 2, 3, 5, 7, 10, 15, 20, 30, 40, 50, 60, 70, 80, 90, 100]
  [measure] epoch   0  test acc  1.02%  k*(.95)/C median 0.267  rho(depth) -0.71  (5s)
  epoch   1/100  loss 3.446  (11s)
  [measure] epoch   1  test acc 20.22%  k*(.95)/C median 0.434  rho(depth) -0.21  (6s)
  epoch   2/100  loss 2.884  (7s)
  [measure] epoch   2  test acc 29.74%  k*(.95)/C median 0.469  rho(depth) -0.41  (4s)
  epoch   3/100  loss 2.900  (10s)
  [measure] epoch   3  test acc 34.74%  k*(.95)/C median 0.465  rho(depth) -0.44  (5s)
  epoch   4/100  loss 2.261  (6s)
  epoch   5/100  loss 2.261  (9s)
  [measure] epoch   5  test acc 40.60%  k*(.95)/C median 0.416  rho(depth) -0.54  (10s)
  epoch   6/100  loss 1.955  (7s)
  epoch   7/100  loss 1.960  (6s)
  [measure] epoch   7  test acc 46.10%  k*(.95)/C median 0.366  rho(depth) -0.72  (17s)
  epoch   8/100  loss 1.774  (7s)
  epoch   9/100  loss 1.797  (5s)
  epoch  10/100  loss 1.536  (4s)
  [measure] epoch  10  test acc 51.22%  k*(.95)/C median 0.288  rho(depth) -0.96  (20s)
  epoch  11/100  loss 1.468  (8s)
  epoch  12/100  loss 1.538  (8s)
  epoch  13/100  loss 1.446  (5s)
  epoch  14/100  loss 1.563  (5s)
  epoch  15/100  loss 1.321  (8s)
  [measure] epoch  15  test acc 52.09%  k*(.95)/C median 0.279  rho(depth) -0.95  (19s)
  epoch  16/100  loss 1.399  (8s)
  epoch  17/100  loss 1.526  (5s)
  epoch  18/100  loss 1.554  (5s)
  epoch  19/100  loss 1.293  (7s)
  epoch  20/100  loss 1.457  (8s)
  [measure] epoch  20  test acc 53.39%  k*(.95)/C median 0.288  rho(depth) -0.84  (19s)
  epoch  21/100  loss 1.311  (8s)
  epoch  22/100  loss 1.248  (8s)
  epoch  23/100  loss 1.231  (8s)
  epoch  24/100  loss 1.162  (8s)
  epoch  25/100  loss 1.307  (8s)
  epoch  26/100  loss 1.281  (7s)
  epoch  27/100  loss 1.382  (5s)
  epoch  28/100  loss 1.184  (7s)
  epoch  29/100  loss 1.085  (6s)
  epoch  30/100  loss 1.254  (11s)
  [measure] epoch  30  test acc 53.13%  k*(.95)/C median 0.292  rho(depth) -0.86  (18s)
  epoch  31/100  loss 1.083  (8s)
  epoch  32/100  loss 1.105  (8s)
  epoch  33/100  loss 1.398  (8s)
  epoch  34/100  loss 1.149  (8s)
  epoch  35/100  loss 1.140  (7s)
  epoch  36/100  loss 1.101  (6s)
  epoch  37/100  loss 1.034  (6s)
  epoch  38/100  loss 1.077  (7s)
  epoch  39/100  loss 1.206  (8s)
  epoch  40/100  loss 1.281  (8s)
  [measure] epoch  40  test acc 56.01%  k*(.95)/C median 0.301  rho(depth) -0.82  (22s)
  epoch  41/100  loss 0.984  (9s)
  epoch  42/100  loss 1.081  (8s)
  epoch  43/100  loss 1.104  (9s)
  epoch  44/100  loss 1.084  (9s)
  epoch  45/100  loss 0.934  (6s)
  epoch  46/100  loss 0.960  (6s)
  epoch  47/100  loss 0.996  (5s)
  epoch  48/100  loss 1.017  (6s)
  epoch  49/100  loss 0.874  (10s)
  epoch  50/100  loss 0.964  (9s)
  [measure] epoch  50  test acc 57.19%  k*(.95)/C median 0.307  rho(depth) -0.85  (19s)
  epoch  51/100  loss 0.911  (11s)
  epoch  52/100  loss 0.876  (7s)
  epoch  53/100  loss 0.843  (11s)
  epoch  54/100  loss 1.177  (10s)
  epoch  55/100  loss 1.014  (3s)
  epoch  56/100  loss 1.086  (3s)
  epoch  57/100  loss 0.917  (4s)
  epoch  58/100  loss 0.997  (12s)
  epoch  59/100  loss 1.009  (7s)
  epoch  60/100  loss 0.976  (7s)
  [measure] epoch  60  test acc 59.45%  k*(.95)/C median 0.317  rho(depth) -0.73  (21s)
  epoch  61/100  loss 0.973  (7s)
  epoch  62/100  loss 0.794  (7s)
  epoch  63/100  loss 0.790  (6s)
  epoch  64/100  loss 0.886  (6s)
  epoch  65/100  loss 0.765  (5s)
  epoch  66/100  loss 0.922  (5s)
  epoch  67/100  loss 0.838  (5s)
  epoch  68/100  loss 0.665  (7s)
  epoch  69/100  loss 0.869  (7s)
  epoch  70/100  loss 0.736  (7s)
  [measure] epoch  70  test acc 61.12%  k*(.95)/C median 0.317  rho(depth) -0.52  (19s)
  epoch  71/100  loss 0.693  (8s)
  epoch  72/100  loss 0.724  (8s)
  epoch  73/100  loss 0.684  (6s)
  epoch  74/100  loss 0.676  (5s)
  epoch  75/100  loss 0.632  (4s)
  epoch  76/100  loss 0.624  (5s)
  epoch  77/100  loss 0.643  (6s)
  epoch  78/100  loss 0.395  (7s)
  epoch  79/100  loss 0.571  (7s)
  epoch  80/100  loss 0.451  (7s)
  [measure] epoch  80  test acc 64.83%  k*(.95)/C median 0.336  rho(depth) -0.26  (17s)
  epoch  81/100  loss 0.382  (7s)
  epoch  82/100  loss 0.341  (6s)
  epoch  83/100  loss 0.314  (6s)
  epoch  84/100  loss 0.172  (6s)
  epoch  85/100  loss 0.160  (6s)
  epoch  86/100  loss 0.178  (6s)
  epoch  87/100  loss 0.148  (6s)
  epoch  88/100  loss 0.058  (7s)
  epoch  89/100  loss 0.069  (7s)
  epoch  90/100  loss 0.018  (7s)
  [measure] epoch  90  test acc 71.69%  k*(.95)/C median 0.353  rho(depth) +0.17  (15s)
  epoch  91/100  loss 0.011  (9s)
  epoch  92/100  loss 0.021  (8s)
  epoch  93/100  loss 0.040  (6s)
  epoch  94/100  loss 0.021  (5s)
  epoch  95/100  loss 0.009  (5s)
  epoch  96/100  loss 0.014  (4s)
  epoch  97/100  loss 0.008  (4s)
  epoch  98/100  loss 0.012  (3s)
  epoch  99/100  loss 0.010  (3s)
  epoch 100/100  loss 0.017  (3s)
  [measure] epoch 100  test acc 72.76%  k*(.95)/C median 0.353  rho(depth) +0.17  (3s)
done
