schedule: [0, 1, 2, 3, 5, 7, 10, 15, 20, 30, 40, 50, 60, 70, 80, 90, 100]
  [measure] epoch   0  test acc  0.97%  k*(.95)/C median 0.382  rho(depth) -0.40  (4s)
  epoch   1/100  loss 3.352  (7s)
  [measure] epoch   1  test acc 20.59%  k*(.95)/C median 0.420  rho(depth) -0.05  (3s)
  epoch   2/100  loss 2.865  (7s)
  [measure] epoch   2  test acc 29.66%  k*(.95)/C median 0.406  rho(depth) -0.11  (4s)
  epoch   3/100  loss 2.637  (7s)
  [measure] epoch   3  test acc 33.48%  k*(.95)/C median 0.402  rho(depth) -0.14  (4s)
  epoch   4/100  loss 2.041  (7s)
  epoch   5/100  loss 2.117  (7s)
  [measure] epoch   5  test acc 43.65%  k*(.95)/C median 0.337  rho(depth) -0.15  (4s)
  epoch   6/100  loss 1.571  (7s)
  epoch   7/100  loss 1.673  (7s)
  [measure] epoch   7  test acc 48.01%  k*(.95)/C median 0.298  rho(depth) -0.20  (3s)
  epoch   8/100  loss 1.642  (7s)
  epoch   9/100  loss 1.803  (9s)
  epoch  10/100  loss 1.697  (8s)
  [measure] epoch  10  test acc 52.49%  k*(.95)/C median 0.271  rho(depth) -0.36  (4s)
  epoch  11/100  loss 1.703  (8s)
  epoch  12/100  loss 1.485  (7s)
  epoch  13/100  loss 1.559  (7s)
  epoch  14/100  loss 1.243  (9s)
  epoch  15/100  loss 1.283  (8s)
  [measure] epoch  15  test acc 54.02%  k*(.95)/C median 0.212  rho(depth) -0.39  (2s)
  epoch  16/100  loss 1.561  (7s)
  epoch  17/100  loss 1.219  (9s)
  epoch  18/100  loss 1.405  (7s)
  epoch  19/100  loss 1.245  (6s)
  epoch  20/100  loss 1.343  (8s)
  [measure] epoch  20  test acc 53.72%  k*(.95)/C median 0.228  rho(depth) -0.34  (2s)
  epoch  21/100  loss 1.350  (7s)
  epoch  22/100  loss 1.211  (7s)
  epoch  23/100  loss 1.108  (7s)
  epoch  24/100  loss 1.391  (7s)
  epoch  25/100  loss 1.291  (7s)
  epoch  26/100  loss 1.315  (7s)
  epoch  27/100  loss 1.062  (7s)
  epoch  28/100  loss 1.134  (7s)
  epoch  29/100  loss 1.095  (7s)
  epoch  30/100  loss 1.190  (7s)
  [measure] epoch  30  test acc 55.72%  k*(.95)/C median 0.248  rho(depth) -0.32  (3s)
  epoch  31/100  loss 1.039  (5s)
  epoch  32/100  loss 1.039  (7s)
  epoch  33/100  loss 0.910  (7s)
  epoch  34/100  loss 1.192  (7s)
  epoch  35/100  loss 0.941  (7s)
  epoch  36/100  loss 1.186  (7s)
  epoch  37/100  loss 1.091  (7s)
  epoch  38/100  loss 1.257  (7s)
  epoch  39/100  loss 1.044  (7s)
  epoch  40/100  loss 0.939  (7s)
  [measure] epoch  40  test acc 55.74%  k*(.95)/C median 0.265  rho(depth) -0.32  (4s)
  epoch  41/100  loss 0.873  (5s)
  epoch  42/100  loss 0.908  (7s)
  epoch  43/100  loss 1.145  (7s)
  epoch  44/100  loss 1.020  (7s)
  epoch  45/100  loss 1.086  (7s)
  epoch  46/100  loss 0.767  (7s)
  epoch  47/100  loss 0.954  (7s)
  epoch  48/100  loss 0.837  (7s)
  epoch  49/100  loss 0.976  (7s)
  epoch  50/100  loss 0.883  (6s)
  [measure] epoch  50  test acc 57.17%  k*(.95)/C median 0.276  rho(depth) -0.15  (4s)
  epoch  51/100  loss 0.948  (5s)
  epoch  52/100  loss 0.903  (5s)
  epoch  53/100  loss 1.129  (7s)
  epoch  54/100  loss 0.850  (7s)
  epoch  55/100  loss 0.892  (7s)
  epoch  56/100  loss 0.840  (7s)
  epoch  57/100  loss 0.936  (7s)
  epoch  58/100  loss 0.941  (7s)
  epoch  59/100  loss 0.867  (7s)
  epoch  60/100  loss 0.817  (7s)
  [measure] epoch  60  test acc 60.73%  k*(.95)/C median 0.276  rho(depth) -0.16  (6s)
  epoch  61/100  loss 1.023  (5s)
  epoch  62/100  loss 0.873  (6s)
  epoch  63/100  loss 0.788  (7s)
  epoch  64/100  loss 0.836  (9s)
  epoch  65/100  loss 0.747  (8s)
  epoch  66/100  loss 0.901  (8s)
  epoch  67/100  loss 0.819  (8s)
  epoch  68/100  loss 0.708  (7s)
  epoch  69/100  loss 0.647  (9s)
  epoch  70/100  loss 0.671  (8s)
  [measure] epoch  70  test acc 63.12%  k*(.95)/C median 0.290  rho(depth) +0.03  (5s)
  epoch  71/100  loss 0.819  (5s)
  epoch  72/100  loss 0.662  (6s)
  epoch  73/100  loss 0.725  (9s)
  epoch  74/100  loss 0.463  (7s)
  epoch  75/100  loss 0.620  (7s)
  epoch  76/100  loss 0.496  (8s)
  epoch  77/100  loss 0.335  (7s)
  epoch  78/100  loss 0.566  (7s)
  epoch  79/100  loss 0.565  (7s)
  epoch  80/100  loss 0.346  (7s)
  [measure] epoch  80  test acc 65.15%  k*(.95)/C median 0.302  rho(depth) +0.34  (6s)
  epoch  81/100  loss 0.408  (5s)
  epoch  82/100  loss 0.339  (5s)
  epoch  83/100  loss 0.178  (7s)
  epoch  84/100  loss 0.316  (7s)
  epoch  85/100  loss 0.216  (7s)
  epoch  86/100  loss 0.153  (7s)
  epoch  87/100  loss 0.150  (7s)
  epoch  88/100  loss 0.078  (7s)
  epoch  89/100  loss 0.032  (7s)
  epoch  90/100  loss 0.064  (7s)
  [measure] epoch  90  test acc 72.18%  k*(.95)/C median 0.310  rho(depth) +0.74  (7s)
  epoch  91/100  loss 0.041  (5s)
  epoch  92/100  loss 0.017  (5s)
  epoch  93/100  loss 0.026  (5s)
  epoch  94/100  loss 0.010  (7s)
  epoch  95/100  loss 0.010  (7s)
  epoch  96/100  loss 0.007  (7s)
  epoch  97/100  loss 0.013  (7s)
  epoch  98/100  loss 0.017  (7s)
  epoch  99/100  loss 0.010  (7s)
  epoch 100/100  loss 0.009  (7s)
  [measure] epoch 100  test acc 73.73%  k*(.95)/C median 0.316  rho(depth) +0.74  (9s)
done
