schedule: [0, 1, 2, 3, 5, 7, 10, 15, 20, 30, 40, 50, 60, 70, 80, 90, 100]
  [measure] epoch   0  test acc  1.01%  k*(.95)/C median 0.306  rho(depth) -0.49  (6s)
  epoch   1/100  loss 3.362  (7s)
  [measure] epoch   1  test acc 20.14%  k*(.95)/C median 0.404  rho(depth) +0.05  (5s)
  epoch   2/100  loss 3.002  (7s)
  [measure] epoch   2  test acc 28.62%  k*(.95)/C median 0.406  rho(depth) -0.11  (5s)
  epoch   3/100  loss 2.659  (7s)
  [measure] epoch   3  test acc 35.04%  k*(.95)/C median 0.400  rho(depth) -0.14  (5s)
  epoch   4/100  loss 2.106  (6s)
  epoch   5/100  loss 2.124  (7s)
  [measure] epoch   5  test acc 44.13%  k*(.95)/C median 0.358  rho(depth) -0.17  (5s)
  epoch   6/100  loss 1.587  (7s)
  epoch   7/100  loss 1.871  (8s)
  [measure] epoch   7  test acc 48.05%  k*(.95)/C median 0.317  rho(depth) -0.21  (6s)
  epoch   8/100  loss 1.491  (6s)
  epoch   9/100  loss 1.925  (7s)
  epoch  10/100  loss 1.783  (7s)
  [measure] epoch  10  test acc 49.30%  k*(.95)/C median 0.281  rho(depth) -0.36  (7s)
  epoch  11/100  loss 1.647  (5s)
  epoch  12/100  loss 1.570  (5s)
  epoch  13/100  loss 1.421  (7s)
  epoch  14/100  loss 1.382  (7s)
  epoch  15/100  loss 1.382  (8s)
  [measure] epoch  15  test acc 52.91%  k*(.95)/C median 0.219  rho(depth) -0.38  (13s)
  epoch  16/100  loss 1.692  (8s)
  epoch  17/100  loss 1.352  (7s)
  epoch  18/100  loss 1.483  (7s)
  epoch  19/100  loss 1.147  (9s)
  epoch  20/100  loss 1.237  (9s)
  [measure] epoch  20  test acc 52.57%  k*(.95)/C median 0.235  rho(depth) -0.35  (12s)
  epoch  21/100  loss 1.339  (8s)
  epoch  22/100  loss 1.135  (6s)
  epoch  23/100  loss 1.121  (5s)
  epoch  24/100  loss 1.277  (11s)
  epoch  25/100  loss 1.318  (8s)
  epoch  26/100  loss 1.242  (8s)
  epoch  27/100  loss 1.188  (12s)
  epoch  28/100  loss 1.284  (8s)
  epoch  29/100  loss 1.204  (6s)
  epoch  30/100  loss 1.301  (11s)
  [measure] epoch  30  test acc 49.89%  k*(.95)/C median 0.248  rho(depth) -0.32  (9s)
  epoch  31/100  loss 1.071  (6s)
  epoch  32/100  loss 1.062  (8s)
  epoch  33/100  loss 0.985  (9s)
  epoch  34/100  loss 1.075  (5s)
  epoch  35/100  loss 0.924  (5s)
  epoch  36/100  loss 1.219  (9s)
  epoch  37/100  loss 0.980  (7s)
  epoch  38/100  loss 1.248  (6s)
  epoch  39/100  loss 0.933  (8s)
  epoch  40/100  loss 1.011  (8s)
  [measure] epoch  40  test acc 54.28%  k*(.95)/C median 0.275  rho(depth) -0.34  (12s)
  epoch  41/100  loss 0.877  (7s)
  epoch  42/100  loss 1.047  (8s)
  epoch  43/100  loss 1.175  (8s)
  epoch  44/100  loss 0.938  (7s)
  epoch  45/100  loss 0.942  (7s)
  epoch  46/100  loss 0.773  (7s)
  epoch  47/100  loss 0.984  (9s)
  epoch  48/100  loss 1.017  (9s)
  epoch  49/100  loss 0.970  (9s)
  epoch  50/100  loss 0.992  (6s)
  [measure] epoch  50  test acc 57.08%  k*(.95)/C median 0.283  rho(depth) -0.19  (13s)
  epoch  51/100  loss 1.029  (7s)
  epoch  52/100  loss 0.826  (8s)
  epoch  53/100  loss 0.989  (8s)
  epoch  54/100  loss 1.002  (8s)
  epoch  55/100  loss 1.065  (7s)
  epoch  56/100  loss 1.026  (7s)
  epoch  57/100  loss 0.966  (7s)
  epoch  58/100  loss 0.908  (9s)
  epoch  59/100  loss 0.886  (8s)
  epoch  60/100  loss 0.792  (8s)
  [measure] epoch  60  test acc 59.51%  k*(.95)/C median 0.292  rho(depth) -0.14  (12s)
  epoch  61/100  loss 0.942  (7s)
  epoch  62/100  loss 0.871  (8s)
  epoch  63/100  loss 0.800  (9s)
  epoch  64/100  loss 0.872  (8s)
  epoch  65/100  loss 0.757  (9s)
  epoch  66/100  loss 0.941  (8s)
  epoch  67/100  loss 0.775  (7s)
  epoch  68/100  loss 0.743  (7s)
  epoch  69/100  loss 0.810  (9s)
  epoch  70/100  loss 0.751  (8s)
  [measure] epoch  70  test acc 61.80%  k*(.95)/C median 0.300  rho(depth) +0.08  (14s)
  epoch  71/100  loss 0.799  (7s)
  epoch  72/100  loss 0.717  (8s)
  epoch  73/100  loss 0.718  (8s)
  epoch  74/100  loss 0.451  (9s)
  epoch  75/100  loss 0.889  (9s)
  epoch  76/100  loss 0.549  (8s)
  epoch  77/100  loss 0.502  (8s)
  epoch  78/100  loss 0.542  (7s)
  epoch  79/100  loss 0.521  (9s)
  epoch  80/100  loss 0.436  (9s)
  [measure] epoch  80  test acc 65.59%  k*(.95)/C median 0.317  rho(depth) +0.39  (17s)
  epoch  81/100  loss 0.285  (5s)
  epoch  82/100  loss 0.342  (6s)
  epoch  83/100  loss 0.154  (12s)
  epoch  84/100  loss 0.358  (9s)
  epoch  85/100  loss 0.148  (9s)
  epoch  86/100  loss 0.193  (8s)
  epoch  87/100  loss 0.108  (7s)
  epoch  88/100  loss 0.049  (9s)
  epoch  89/100  loss 0.136  (7s)
  epoch  90/100  loss 0.022  (7s)
  [measure] epoch  90  test acc 71.97%  k*(.95)/C median 0.331  rho(depth) +0.74  (11s)
  epoch  91/100  loss 0.031  (9s)
  epoch  92/100  loss 0.032  (6s)
  epoch  93/100  loss 0.022  (7s)
  epoch  94/100  loss 0.019  (7s)
  epoch  95/100  loss 0.008  (7s)
  epoch  96/100  loss 0.011  (7s)
  epoch  97/100  loss 0.014  (7s)
  epoch  98/100  loss 0.010  (6s)
  epoch  99/100  loss 0.010  (5s)
  epoch 100/100  loss 0.010  (5s)
  [measure] epoch 100  test acc 73.19%  k*(.95)/C median 0.338  rho(depth) +0.75  (14s)
done
