schedule: [0, 1, 2, 3, 5, 7, 10, 15, 20, 30, 40, 50, 60, 70, 80, 90, 100]
  [measure] epoch   0  test acc  1.01%  k*(.95)/C median 0.277  rho(depth) -0.59  (6s)
  epoch   1/100  loss 3.359  (7s)
  [measure] epoch   1  test acc 20.03%  k*(.95)/C median 0.412  rho(depth) +0.03  (5s)
  epoch   2/100  loss 3.106  (7s)
  [measure] epoch   2  test acc 26.99%  k*(.95)/C median 0.400  rho(depth) -0.11  (4s)
  epoch   3/100  loss 2.297  (7s)
  [measure] epoch   3  test acc 31.17%  k*(.95)/C median 0.383  rho(depth) -0.11  (5s)
  epoch   4/100  loss 2.119  (7s)
  epoch   5/100  loss 1.820  (7s)
  [measure] epoch   5  test acc 42.30%  k*(.95)/C median 0.346  rho(depth) -0.17  (5s)
  epoch   6/100  loss 1.972  (7s)
  epoch   7/100  loss 1.843  (8s)
  [measure] epoch   7  test acc 46.42%  k*(.95)/C median 0.317  rho(depth) -0.21  (5s)
  epoch   8/100  loss 1.466  (6s)
  epoch   9/100  loss 1.774  (7s)
  epoch  10/100  loss 1.479  (6s)
  [measure] epoch  10  test acc 50.63%  k*(.95)/C median 0.279  rho(depth) -0.36  (7s)
  epoch  11/100  loss 1.554  (5s)
  epoch  12/100  loss 1.331  (5s)
  epoch  13/100  loss 1.177  (7s)
  epoch  14/100  loss 1.287  (7s)
  epoch  15/100  loss 1.533  (8s)
  [measure] epoch  15  test acc 52.34%  k*(.95)/C median 0.221  rho(depth) -0.44  (12s)
  epoch  16/100  loss 1.107  (8s)
  epoch  17/100  loss 1.339  (7s)
  epoch  18/100  loss 1.319  (7s)
  epoch  19/100  loss 1.228  (9s)
  epoch  20/100  loss 1.163  (10s)
  [measure] epoch  20  test acc 54.30%  k*(.95)/C median 0.235  rho(depth) -0.36  (11s)
  epoch  21/100  loss 1.443  (8s)
  epoch  22/100  loss 1.109  (6s)
  epoch  23/100  loss 1.353  (5s)
  epoch  24/100  loss 1.305  (11s)
  epoch  25/100  loss 1.512  (8s)
  epoch  26/100  loss 1.433  (8s)
  epoch  27/100  loss 1.182  (12s)
  epoch  28/100  loss 1.129  (9s)
  epoch  29/100  loss 1.018  (6s)
  epoch  30/100  loss 1.089  (11s)
  [measure] epoch  30  test acc 53.39%  k*(.95)/C median 0.250  rho(depth) -0.34  (10s)
  epoch  31/100  loss 1.223  (7s)
  epoch  32/100  loss 1.410  (10s)
  epoch  33/100  loss 1.172  (8s)
  epoch  34/100  loss 1.242  (5s)
  epoch  35/100  loss 0.915  (6s)
  epoch  36/100  loss 1.329  (10s)
  epoch  37/100  loss 1.405  (6s)
  epoch  38/100  loss 1.110  (7s)
  epoch  39/100  loss 1.090  (8s)
  epoch  40/100  loss 0.892  (9s)
  [measure] epoch  40  test acc 55.21%  k*(.95)/C median 0.269  rho(depth) -0.33  (14s)
  epoch  41/100  loss 0.896  (9s)
  epoch  42/100  loss 1.057  (9s)
  epoch  43/100  loss 1.057  (7s)
  epoch  44/100  loss 0.920  (7s)
  epoch  45/100  loss 1.069  (7s)
  epoch  46/100  loss 1.088  (8s)
  epoch  47/100  loss 1.037  (9s)
  epoch  48/100  loss 1.056  (9s)
  epoch  49/100  loss 0.973  (7s)
  epoch  50/100  loss 1.201  (7s)
  [measure] epoch  50  test acc 57.88%  k*(.95)/C median 0.283  rho(depth) -0.27  (13s)
  epoch  51/100  loss 0.990  (8s)
  epoch  52/100  loss 1.090  (8s)
  epoch  53/100  loss 0.873  (8s)
  epoch  54/100  loss 0.744  (7s)
  epoch  55/100  loss 1.091  (7s)
  epoch  56/100  loss 0.919  (7s)
  epoch  57/100  loss 0.708  (8s)
  epoch  58/100  loss 0.956  (9s)
  epoch  59/100  loss 1.057  (8s)
  epoch  60/100  loss 0.977  (8s)
  [measure] epoch  60  test acc 58.24%  k*(.95)/C median 0.285  rho(depth) -0.10  (14s)
  epoch  61/100  loss 1.078  (8s)
  epoch  62/100  loss 0.870  (9s)
  epoch  63/100  loss 0.759  (8s)
  epoch  64/100  loss 0.782  (9s)
  epoch  65/100  loss 0.769  (8s)
  epoch  66/100  loss 0.928  (7s)
  epoch  67/100  loss 0.806  (7s)
  epoch  68/100  loss 0.756  (9s)
  epoch  69/100  loss 0.772  (8s)
  epoch  70/100  loss 0.736  (6s)
  [measure] epoch  70  test acc 63.10%  k*(.95)/C median 0.304  rho(depth) +0.02  (17s)
  epoch  71/100  loss 0.625  (8s)
  epoch  72/100  loss 0.844  (9s)
  epoch  73/100  loss 0.605  (9s)
  epoch  74/100  loss 0.649  (8s)
  epoch  75/100  loss 0.634  (9s)
  epoch  76/100  loss 0.456  (8s)
  epoch  77/100  loss 0.405  (8s)
  epoch  78/100  loss 0.492  (9s)
  epoch  79/100  loss 0.423  (10s)
  epoch  80/100  loss 0.428  (7s)
  [measure] epoch  80  test acc 65.64%  k*(.95)/C median 0.317  rho(depth) +0.32  (13s)
  epoch  81/100  loss 0.381  (7s)
  epoch  82/100  loss 0.270  (12s)
  epoch  83/100  loss 0.332  (10s)
  epoch  84/100  loss 0.280  (7s)
  epoch  85/100  loss 0.119  (7s)
  epoch  86/100  loss 0.098  (7s)
  epoch  87/100  loss 0.112  (9s)
  epoch  88/100  loss 0.085  (8s)
  epoch  89/100  loss 0.107  (8s)
  epoch  90/100  loss 0.092  (4s)
  [measure] epoch  90  test acc 71.66%  k*(.95)/C median 0.333  rho(depth) +0.61  (18s)
  epoch  91/100  loss 0.024  (6s)
  epoch  92/100  loss 0.008  (7s)
  epoch  93/100  loss 0.010  (7s)
  epoch  94/100  loss 0.018  (7s)
  epoch  95/100  loss 0.011  (7s)
  epoch  96/100  loss 0.012  (6s)
  epoch  97/100  loss 0.008  (6s)
  epoch  98/100  loss 0.007  (6s)
  epoch  99/100  loss 0.010  (6s)
  epoch 100/100  loss 0.023  (5s)
  [measure] epoch 100  test acc 73.58%  k*(.95)/C median 0.333  rho(depth) +0.62  (8s)
done
