schedule: [0, 1, 2, 3, 5, 7, 10, 15, 20, 30, 40, 50, 60, 70, 80, 90, 100]
  [measure] epoch   0  test acc  1.04%  k*(.95)/C median 0.323  rho(depth) -0.40  (4s)
  epoch   1/100  loss 3.295  (7s)
  [measure] epoch   1  test acc 20.81%  k*(.95)/C median 0.404  rho(depth) -0.02  (3s)
  epoch   2/100  loss 3.216  (7s)
  [measure] epoch   2  test acc 27.10%  k*(.95)/C median 0.398  rho(depth) -0.10  (3s)
  epoch   3/100  loss 2.339  (7s)
  [measure] epoch   3  test acc 33.27%  k*(.95)/C median 0.386  rho(depth) -0.06  (4s)
  epoch   4/100  loss 2.005  (7s)
  epoch   5/100  loss 1.705  (7s)
  [measure] epoch   5  test acc 43.37%  k*(.95)/C median 0.337  rho(depth) -0.08  (3s)
  epoch   6/100  loss 1.767  (7s)
  epoch   7/100  loss 1.892  (7s)
  [measure] epoch   7  test acc 48.56%  k*(.95)/C median 0.310  rho(depth) -0.18  (4s)
  epoch   8/100  loss 1.561  (7s)
  epoch   9/100  loss 1.710  (9s)
  epoch  10/100  loss 1.427  (8s)
  [measure] epoch  10  test acc 50.32%  k*(.95)/C median 0.269  rho(depth) -0.43  (3s)
  epoch  11/100  loss 1.462  (9s)
  epoch  12/100  loss 1.503  (7s)
  epoch  13/100  loss 1.194  (7s)
  epoch  14/100  loss 1.453  (9s)
  epoch  15/100  loss 1.620  (7s)
  [measure] epoch  15  test acc 50.93%  k*(.95)/C median 0.208  rho(depth) -0.40  (3s)
  epoch  16/100  loss 0.945  (7s)
  epoch  17/100  loss 1.386  (9s)
  epoch  18/100  loss 1.326  (7s)
  epoch  19/100  loss 1.030  (6s)
  epoch  20/100  loss 1.113  (8s)
  [measure] epoch  20  test acc 54.16%  k*(.95)/C median 0.228  rho(depth) -0.32  (3s)
  epoch  21/100  loss 1.356  (7s)
  epoch  22/100  loss 1.360  (7s)
  epoch  23/100  loss 0.917  (7s)
  epoch  24/100  loss 1.190  (7s)
  epoch  25/100  loss 1.373  (7s)
  epoch  26/100  loss 1.367  (7s)
  epoch  27/100  loss 1.152  (7s)
  epoch  28/100  loss 1.138  (7s)
  epoch  29/100  loss 0.998  (7s)
  epoch  30/100  loss 0.947  (6s)
  [measure] epoch  30  test acc 56.04%  k*(.95)/C median 0.248  rho(depth) -0.29  (6s)
  epoch  31/100  loss 1.205  (7s)
  epoch  32/100  loss 1.241  (7s)
  epoch  33/100  loss 1.091  (7s)
  epoch  34/100  loss 1.319  (7s)
  epoch  35/100  loss 0.980  (7s)
  epoch  36/100  loss 1.247  (7s)
  epoch  37/100  loss 1.357  (7s)
  epoch  38/100  loss 1.086  (7s)
  epoch  39/100  loss 0.885  (7s)
  epoch  40/100  loss 0.920  (4s)
  [measure] epoch  40  test acc 54.37%  k*(.95)/C median 0.255  rho(depth) -0.32  (7s)
  epoch  41/100  loss 0.983  (7s)
  epoch  42/100  loss 0.928  (7s)
  epoch  43/100  loss 1.113  (7s)
  epoch  44/100  loss 0.889  (7s)
  epoch  45/100  loss 1.055  (7s)
  epoch  46/100  loss 1.000  (7s)
  epoch  47/100  loss 0.860  (7s)
  epoch  48/100  loss 1.099  (7s)
  epoch  49/100  loss 0.964  (6s)
  epoch  50/100  loss 1.248  (3s)
  [measure] epoch  50  test acc 57.95%  k*(.95)/C median 0.276  rho(depth) -0.26  (10s)
  epoch  51/100  loss 1.065  (7s)
  epoch  52/100  loss 1.117  (7s)
  epoch  53/100  loss 0.954  (7s)
  epoch  54/100  loss 0.737  (7s)
  epoch  55/100  loss 0.917  (7s)
  epoch  56/100  loss 0.932  (7s)
  epoch  57/100  loss 0.734  (7s)
  epoch  58/100  loss 1.130  (7s)
  epoch  59/100  loss 0.763  (4s)
  epoch  60/100  loss 1.078  (3s)
  [measure] epoch  60  test acc 56.13%  k*(.95)/C median 0.276  rho(depth) -0.18  (8s)
  epoch  61/100  loss 0.814  (7s)
  epoch  62/100  loss 0.842  (8s)
  epoch  63/100  loss 0.702  (8s)
  epoch  64/100  loss 0.785  (8s)
  epoch  65/100  loss 0.761  (8s)
  epoch  66/100  loss 0.867  (7s)
  epoch  67/100  loss 0.866  (7s)
  epoch  68/100  loss 0.812  (9s)
  epoch  69/100  loss 0.704  (6s)
  epoch  70/100  loss 0.605  (3s)
  [measure] epoch  70  test acc 61.96%  k*(.95)/C median 0.296  rho(depth) +0.03  (10s)
  epoch  71/100  loss 0.618  (9s)
  epoch  72/100  loss 0.836  (7s)
  epoch  73/100  loss 0.704  (6s)
  epoch  74/100  loss 0.568  (9s)
  epoch  75/100  loss 0.636  (6s)
  epoch  76/100  loss 0.526  (6s)
  epoch  77/100  loss 0.337  (7s)
  epoch  78/100  loss 0.620  (7s)
  epoch  79/100  loss 0.407  (5s)
  epoch  80/100  loss 0.528  (3s)
  [measure] epoch  80  test acc 66.12%  k*(.95)/C median 0.306  rho(depth) +0.38  (12s)
  epoch  81/100  loss 0.403  (7s)
  epoch  82/100  loss 0.206  (7s)
  epoch  83/100  loss 0.273  (7s)
  epoch  84/100  loss 0.217  (7s)
  epoch  85/100  loss 0.143  (7s)
  epoch  86/100  loss 0.104  (7s)
  epoch  87/100  loss 0.112  (7s)
  epoch  88/100  loss 0.051  (7s)
  epoch  89/100  loss 0.039  (3s)
  epoch  90/100  loss 0.035  (3s)
  [measure] epoch  90  test acc 72.24%  k*(.95)/C median 0.312  rho(depth) +0.74  (15s)
  epoch  91/100  loss 0.025  (7s)
  epoch  92/100  loss 0.007  (7s)
  epoch  93/100  loss 0.015  (7s)
  epoch  94/100  loss 0.010  (7s)
  epoch  95/100  loss 0.003  (7s)
  epoch  96/100  loss 0.005  (7s)
  epoch  97/100  loss 0.005  (7s)
  epoch  98/100  loss 0.005  (4s)
  epoch  99/100  loss 0.014  (3s)
  epoch 100/100  loss 0.011  (3s)
  [measure] epoch 100  test acc 73.56%  k*(.95)/C median 0.318  rho(depth) +0.74  (2s)
done
