schedule: [0, 1, 2, 3, 5, 7, 10, 15, 20, 30, 40, 50, 60, 70, 80, 90, 100]
  [measure] epoch   0  test acc  1.06%  k*(.95)/C median 0.293  rho(depth) -0.45  (5s)
  epoch   1/100  loss 3.352  (11s)
  [measure] epoch   1  test acc 20.51%  k*(.95)/C median 0.438  rho(depth) -0.24  (5s)
  epoch   2/100  loss 2.937  (7s)
  [measure] epoch   2  test acc 29.61%  k*(.95)/C median 0.456  rho(depth) -0.40  (4s)
  epoch   3/100  loss 2.591  (10s)
  [measure] epoch   3  test acc 33.29%  k*(.95)/C median 0.455  rho(depth) -0.53  (4s)
  epoch   4/100  loss 2.106  (6s)
  epoch   5/100  loss 2.256  (8s)
  [measure] epoch   5  test acc 40.56%  k*(.95)/C median 0.416  rho(depth) -0.63  (6s)
  epoch   6/100  loss 1.638  (8s)
  epoch   7/100  loss 1.713  (6s)
  [measure] epoch   7  test acc 45.75%  k*(.95)/C median 0.364  rho(depth) -0.71  (10s)
  epoch   8/100  loss 1.761  (6s)
  epoch   9/100  loss 1.785  (7s)
  epoch  10/100  loss 1.755  (7s)
  [measure] epoch  10  test acc 48.82%  k*(.95)/C median 0.283  rho(depth) -0.94  (10s)
  epoch  11/100  loss 1.572  (7s)
  epoch  12/100  loss 1.715  (6s)
  epoch  13/100  loss 1.592  (6s)
  epoch  14/100  loss 1.485  (8s)
  epoch  15/100  loss 1.378  (8s)
  [measure] epoch  15  test acc 52.15%  k*(.95)/C median 0.274  rho(depth) -0.92  (11s)
  epoch  16/100  loss 1.659  (8s)
  epoch  17/100  loss 1.349  (6s)
  epoch  18/100  loss 1.522  (6s)
  epoch  19/100  loss 1.324  (6s)
  epoch  20/100  loss 1.363  (8s)
  [measure] epoch  20  test acc 54.22%  k*(.95)/C median 0.288  rho(depth) -0.86  (12s)
  epoch  21/100  loss 1.260  (8s)
  epoch  22/100  loss 1.145  (7s)
  epoch  23/100  loss 1.064  (6s)
  epoch  24/100  loss 1.336  (6s)
  epoch  25/100  loss 1.232  (7s)
  epoch  26/100  loss 1.349  (8s)
  epoch  27/100  loss 1.355  (8s)
  epoch  28/100  loss 1.280  (8s)
  epoch  29/100  loss 1.081  (8s)
  epoch  30/100  loss 1.235  (8s)
  [measure] epoch  30  test acc 54.92%  k*(.95)/C median 0.292  rho(depth) -0.88  (15s)
  epoch  31/100  loss 1.051  (6s)
  epoch  32/100  loss 1.126  (11s)
  epoch  33/100  loss 1.011  (8s)
  epoch  34/100  loss 1.053  (5s)
  epoch  35/100  loss 0.928  (6s)
  epoch  36/100  loss 1.265  (8s)
  epoch  37/100  loss 1.067  (8s)
  epoch  38/100  loss 1.313  (8s)
  epoch  39/100  loss 1.193  (8s)
  epoch  40/100  loss 1.127  (7s)
  [measure] epoch  40  test acc 55.87%  k*(.95)/C median 0.305  rho(depth) -0.86  (13s)
  epoch  41/100  loss 0.981  (8s)
  epoch  42/100  loss 1.115  (8s)
  epoch  43/100  loss 1.257  (7s)
  epoch  44/100  loss 1.004  (8s)
  epoch  45/100  loss 1.060  (7s)
  epoch  46/100  loss 0.903  (8s)
  epoch  47/100  loss 1.159  (9s)
  epoch  48/100  loss 0.921  (9s)
  epoch  49/100  loss 1.005  (9s)
  epoch  50/100  loss 0.847  (8s)
  [measure] epoch  50  test acc 53.17%  k*(.95)/C median 0.307  rho(depth) -0.85  (13s)
  epoch  51/100  loss 0.975  (6s)
  epoch  52/100  loss 0.802  (8s)
  epoch  53/100  loss 1.121  (11s)
  epoch  54/100  loss 0.863  (6s)
  epoch  55/100  loss 0.968  (6s)
  epoch  56/100  loss 0.973  (9s)
  epoch  57/100  loss 0.912  (11s)
  epoch  58/100  loss 0.974  (7s)
  epoch  59/100  loss 0.813  (11s)
  epoch  60/100  loss 0.714  (10s)
  [measure] epoch  60  test acc 60.87%  k*(.95)/C median 0.317  rho(depth) -0.67  (11s)
  epoch  61/100  loss 0.979  (13s)
  epoch  62/100  loss 0.893  (7s)
  epoch  63/100  loss 0.852  (7s)
  epoch  64/100  loss 1.092  (10s)
  epoch  65/100  loss 0.783  (5s)
  epoch  66/100  loss 0.847  (5s)
  epoch  67/100  loss 0.663  (7s)
  epoch  68/100  loss 0.670  (7s)
  epoch  69/100  loss 0.822  (7s)
  epoch  70/100  loss 0.703  (6s)
  [measure] epoch  70  test acc 58.70%  k*(.95)/C median 0.317  rho(depth) -0.62  (16s)
  epoch  71/100  loss 0.696  (7s)
  epoch  72/100  loss 0.615  (7s)
  epoch  73/100  loss 0.758  (7s)
  epoch  74/100  loss 0.531  (6s)
  epoch  75/100  loss 0.698  (6s)
  epoch  76/100  loss 0.524  (6s)
  epoch  77/100  loss 0.401  (8s)
  epoch  78/100  loss 0.569  (8s)
  epoch  79/100  loss 0.352  (6s)
  epoch  80/100  loss 0.369  (5s)
  [measure] epoch  80  test acc 64.20%  k*(.95)/C median 0.333  rho(depth) -0.24  (16s)
  epoch  81/100  loss 0.367  (7s)
  epoch  82/100  loss 0.383  (7s)
  epoch  83/100  loss 0.252  (7s)
  epoch  84/100  loss 0.239  (6s)
  epoch  85/100  loss 0.260  (6s)
  epoch  86/100  loss 0.218  (6s)
  epoch  87/100  loss 0.096  (7s)
  epoch  88/100  loss 0.065  (6s)
  epoch  89/100  loss 0.053  (6s)
  epoch  90/100  loss 0.031  (5s)
  [measure] epoch  90  test acc 71.27%  k*(.95)/C median 0.353  rho(depth) +0.06  (18s)
  epoch  91/100  loss 0.036  (7s)
  epoch  92/100  loss 0.033  (7s)
  epoch  93/100  loss 0.027  (7s)
  epoch  94/100  loss 0.009  (6s)
  epoch  95/100  loss 0.020  (6s)
  epoch  96/100  loss 0.008  (9s)
  epoch  97/100  loss 0.012  (8s)
  epoch  98/100  loss 0.012  (6s)
  epoch  99/100  loss 0.013  (5s)
  epoch 100/100  loss 0.011  (5s)
  [measure] epoch 100  test acc 72.75%  k*(.95)/C median 0.362  rho(depth) +0.02  (7s)
done
