schedule: [0, 1, 2, 3, 5, 7, 10, 15, 20, 30, 40, 50, 60, 70, 80, 90, 100]
  [measure] epoch   0  test acc  1.06%  k*(.95)/C median 0.306  rho(depth) -0.40  (4s)
/usr/local/lib/python3.12/dist-packages/torch/optim/lr_scheduler.py:192: UserWarning: Detected call of `lr_scheduler.step()` before `optimizer.step()`. In PyTorch 1.1.0 and later, you should call them in the opposite order: `optimizer.step()` before `lr_scheduler.step()`.  Failure to do this will result in PyTorch skipping the first value of the learning rate schedule. See more details at https://pytorch.org/docs/stable/optim.html#how-to-adjust-learning-rate
  warnings.warn(
  epoch   1/100  loss 3.423  (7s)
  [measure] epoch   1  test acc 21.26%  k*(.95)/C median 0.420  rho(depth) -0.05  (3s)
  epoch   2/100  loss 2.878  (7s)
  [measure] epoch   2  test acc 30.47%  k*(.95)/C median 0.412  rho(depth) -0.11  (4s)
  epoch   3/100  loss 2.853  (7s)
  [measure] epoch   3  test acc 35.23%  k*(.95)/C median 0.394  rho(depth) -0.09  (4s)
  epoch   4/100  loss 2.331  (6s)
  epoch   5/100  loss 2.226  (7s)
  [measure] epoch   5  test acc 42.87%  k*(.95)/C median 0.333  rho(depth) -0.08  (4s)
  epoch   6/100  loss 1.893  (7s)
  epoch   7/100  loss 1.972  (7s)
  [measure] epoch   7  test acc 45.09%  k*(.95)/C median 0.312  rho(depth) -0.21  (4s)
  epoch   8/100  loss 1.772  (6s)
  epoch   9/100  loss 1.760  (9s)
  epoch  10/100  loss 1.429  (8s)
  [measure] epoch  10  test acc 48.71%  k*(.95)/C median 0.263  rho(depth) -0.40  (4s)
  epoch  11/100  loss 1.331  (8s)
  epoch  12/100  loss 1.701  (7s)
  epoch  13/100  loss 1.451  (6s)
  epoch  14/100  loss 1.422  (9s)
  epoch  15/100  loss 1.311  (7s)
  [measure] epoch  15  test acc 53.25%  k*(.95)/C median 0.210  rho(depth) -0.38  (3s)
  epoch  16/100  loss 1.531  (6s)
  epoch  17/100  loss 1.354  (9s)
  epoch  18/100  loss 1.561  (8s)
  epoch  19/100  loss 1.364  (6s)
  epoch  20/100  loss 1.259  (8s)
  [measure] epoch  20  test acc 54.81%  k*(.95)/C median 0.228  rho(depth) -0.36  (3s)
  epoch  21/100  loss 1.253  (6s)
  epoch  22/100  loss 1.184  (7s)
  epoch  23/100  loss 1.135  (7s)
  epoch  24/100  loss 1.102  (7s)
  epoch  25/100  loss 1.302  (7s)
  epoch  26/100  loss 1.314  (7s)
  epoch  27/100  loss 1.302  (7s)
  epoch  28/100  loss 0.980  (7s)
  epoch  29/100  loss 0.932  (7s)
  epoch  30/100  loss 1.183  (7s)
  [measure] epoch  30  test acc 55.12%  k*(.95)/C median 0.253  rho(depth) -0.33  (3s)
  epoch  31/100  loss 1.133  (5s)
  epoch  32/100  loss 1.015  (7s)
  epoch  33/100  loss 1.332  (7s)
  epoch  34/100  loss 1.191  (7s)
  epoch  35/100  loss 1.121  (7s)
  epoch  36/100  loss 1.146  (7s)
  epoch  37/100  loss 1.096  (7s)
  epoch  38/100  loss 1.052  (7s)
  epoch  39/100  loss 1.036  (7s)
  epoch  40/100  loss 1.119  (7s)
  [measure] epoch  40  test acc 58.48%  k*(.95)/C median 0.268  rho(depth) -0.24  (4s)
  epoch  41/100  loss 0.988  (5s)
  epoch  42/100  loss 0.970  (7s)
  epoch  43/100  loss 0.887  (7s)
  epoch  44/100  loss 1.196  (6s)
  epoch  45/100  loss 1.157  (6s)
  epoch  46/100  loss 1.049  (7s)
  epoch  47/100  loss 0.906  (7s)
  epoch  48/100  loss 1.113  (7s)
  epoch  49/100  loss 0.870  (7s)
  epoch  50/100  loss 0.802  (7s)
  [measure] epoch  50  test acc 58.07%  k*(.95)/C median 0.276  rho(depth) -0.19  (5s)
  epoch  51/100  loss 0.863  (5s)
  epoch  52/100  loss 0.912  (5s)
  epoch  53/100  loss 0.964  (7s)
  epoch  54/100  loss 1.097  (7s)
  epoch  55/100  loss 0.842  (7s)
  epoch  56/100  loss 1.027  (7s)
  epoch  57/100  loss 0.974  (7s)
  epoch  58/100  loss 0.876  (7s)
  epoch  59/100  loss 1.000  (7s)
  epoch  60/100  loss 0.854  (7s)
  [measure] epoch  60  test acc 57.21%  k*(.95)/C median 0.276  rho(depth) -0.14  (6s)
  epoch  61/100  loss 0.919  (5s)
  epoch  62/100  loss 0.703  (6s)
  epoch  63/100  loss 0.893  (7s)
  epoch  64/100  loss 0.817  (9s)
  epoch  65/100  loss 0.704  (8s)
  epoch  66/100  loss 0.979  (8s)
  epoch  67/100  loss 0.733  (8s)
  epoch  68/100  loss 0.740  (7s)
  epoch  69/100  loss 0.825  (9s)
  epoch  70/100  loss 0.784  (8s)
  [measure] epoch  70  test acc 60.74%  k*(.95)/C median 0.281  rho(depth) +0.10  (5s)
  epoch  71/100  loss 0.781  (5s)
  epoch  72/100  loss 0.692  (7s)
  epoch  73/100  loss 0.694  (9s)
  epoch  74/100  loss 0.628  (7s)
  epoch  75/100  loss 0.639  (8s)
  epoch  76/100  loss 0.430  (8s)
  epoch  77/100  loss 0.504  (7s)
  epoch  78/100  loss 0.423  (7s)
  epoch  79/100  loss 0.532  (7s)
  epoch  80/100  loss 0.414  (7s)
  [measure] epoch  80  test acc 65.11%  k*(.95)/C median 0.298  rho(depth) +0.36  (6s)
  epoch  81/100  loss 0.244  (5s)
  epoch  82/100  loss 0.323  (5s)
  epoch  83/100  loss 0.180  (6s)
  epoch  84/100  loss 0.197  (7s)
  epoch  85/100  loss 0.162  (7s)
  epoch  86/100  loss 0.082  (7s)
  epoch  87/100  loss 0.147  (7s)
  epoch  88/100  loss 0.066  (7s)
  epoch  89/100  loss 0.044  (7s)
  epoch  90/100  loss 0.012  (7s)
  [measure] epoch  90  test acc 71.69%  k*(.95)/C median 0.312  rho(depth) +0.74  (8s)
  epoch  91/100  loss 0.027  (5s)
  epoch  92/100  loss 0.029  (5s)
  epoch  93/100  loss 0.033  (5s)
  epoch  94/100  loss 0.016  (7s)
  epoch  95/100  loss 0.006  (7s)
  epoch  96/100  loss 0.019  (7s)
  epoch  97/100  loss 0.013  (7s)
  epoch  98/100  loss 0.010  (7s)
  epoch  99/100  loss 0.006  (7s)
  epoch 100/100  loss 0.006  (7s)
  [measure] epoch 100  test acc 73.17%  k*(.95)/C median 0.316  rho(depth) +0.76  (8s)
done
