schedule: [0, 1, 2, 3, 5, 7, 10, 15, 20, 30, 40, 50, 60, 70, 80, 90, 100]
  [measure] epoch   0  test acc  1.27%  k*(.95)/C median 0.453  rho(depth) -0.53  (4s)
  epoch   1/100  loss 3.627  (4s)
  [measure] epoch   1  test acc 16.51%  k*(.95)/C median 0.516  rho(depth) -0.23  (2s)
  epoch   2/100  loss 3.188  (3s)
  [measure] epoch   2  test acc 24.05%  k*(.95)/C median 0.580  rho(depth) -0.58  (2s)
  epoch   3/100  loss 3.129  (3s)
  [measure] epoch   3  test acc 29.07%  k*(.95)/C median 0.574  rho(depth) -0.62  (3s)
  epoch   4/100  loss 2.724  (4s)
  epoch   5/100  loss 2.406  (4s)
  [measure] epoch   5  test acc 34.63%  k*(.95)/C median 0.556  rho(depth) -0.89  (3s)
  epoch   6/100  loss 2.377  (4s)
  epoch   7/100  loss 2.287  (4s)
  [measure] epoch   7  test acc 34.47%  k*(.95)/C median 0.495  rho(depth) -0.93  (3s)
  epoch   8/100  loss 2.150  (4s)
  epoch   9/100  loss 2.039  (4s)
  epoch  10/100  loss 2.010  (4s)
  [measure] epoch  10  test acc 41.37%  k*(.95)/C median 0.456  rho(depth) -0.94  (3s)
  epoch  11/100  loss 1.640  (4s)
  epoch  12/100  loss 1.652  (4s)
  epoch  13/100  loss 1.866  (4s)
  epoch  14/100  loss 1.757  (4s)
  epoch  15/100  loss 1.644  (4s)
  [measure] epoch  15  test acc 47.37%  k*(.95)/C median 0.456  rho(depth) -0.96  (3s)
  epoch  16/100  loss 1.786  (4s)
  epoch  17/100  loss 1.840  (4s)
  epoch  18/100  loss 1.811  (3s)
  epoch  19/100  loss 1.778  (4s)
  epoch  20/100  loss 1.681  (4s)
  [measure] epoch  20  test acc 47.14%  k*(.95)/C median 0.461  rho(depth) -0.99  (3s)
  epoch  21/100  loss 1.873  (4s)
  epoch  22/100  loss 1.659  (4s)
  epoch  23/100  loss 1.655  (4s)
  epoch  24/100  loss 1.504  (4s)
  epoch  25/100  loss 1.783  (4s)
  epoch  26/100  loss 1.683  (4s)
  epoch  27/100  loss 1.770  (4s)
  epoch  28/100  loss 1.492  (4s)
  epoch  29/100  loss 1.382  (3s)
  epoch  30/100  loss 1.628  (4s)
  [measure] epoch  30  test acc 52.18%  k*(.95)/C median 0.472  rho(depth) -0.98  (4s)
  epoch  31/100  loss 1.424  (3s)
  epoch  32/100  loss 1.459  (4s)
  epoch  33/100  loss 1.655  (3s)
  epoch  34/100  loss 1.812  (3s)
  epoch  35/100  loss 1.443  (3s)
  epoch  36/100  loss 1.483  (4s)
  epoch  37/100  loss 1.402  (4s)
  epoch  38/100  loss 1.472  (4s)
  epoch  39/100  loss 1.624  (4s)
  epoch  40/100  loss 1.749  (4s)
  [measure] epoch  40  test acc 43.70%  k*(.95)/C median 0.472  rho(depth) -0.97  (4s)
  epoch  41/100  loss 1.204  (4s)
  epoch  42/100  loss 1.531  (4s)
  epoch  43/100  loss 1.417  (4s)
  epoch  44/100  loss 1.448  (4s)
  epoch  45/100  loss 1.242  (4s)
  epoch  46/100  loss 1.265  (4s)
  epoch  47/100  loss 1.345  (4s)
  epoch  48/100  loss 1.506  (4s)
  epoch  49/100  loss 1.353  (4s)
  epoch  50/100  loss 1.465  (4s)
  [measure] epoch  50  test acc 51.04%  k*(.95)/C median 0.483  rho(depth) -0.92  (8s)
  epoch  51/100  loss 1.290  (6s)
  epoch  52/100  loss 1.453  (5s)
  epoch  53/100  loss 1.291  (5s)
  epoch  54/100  loss 1.395  (5s)
  epoch  55/100  loss 1.471  (5s)
  epoch  56/100  loss 1.503  (5s)
  epoch  57/100  loss 1.484  (5s)
  epoch  58/100  loss 1.311  (6s)
  epoch  59/100  loss 1.388  (4s)
  epoch  60/100  loss 1.565  (4s)
  [measure] epoch  60  test acc 51.56%  k*(.95)/C median 0.483  rho(depth) -0.90  (6s)
  epoch  61/100  loss 1.579  (3s)
  epoch  62/100  loss 1.137  (6s)
  epoch  63/100  loss 1.275  (6s)
  epoch  64/100  loss 1.167  (5s)
  epoch  65/100  loss 1.272  (4s)
  epoch  66/100  loss 1.381  (6s)
  epoch  67/100  loss 1.234  (3s)
  epoch  68/100  loss 1.306  (3s)
  epoch  69/100  loss 1.350  (2s)
  epoch  70/100  loss 1.187  (3s)
  [measure] epoch  70  test acc 55.60%  k*(.95)/C median 0.505  rho(depth) -0.77  (8s)
  epoch  71/100  loss 0.991  (7s)
  epoch  72/100  loss 1.114  (4s)
  epoch  73/100  loss 1.035  (7s)
  epoch  74/100  loss 1.138  (3s)
  epoch  75/100  loss 1.106  (4s)
  epoch  76/100  loss 0.856  (4s)
  epoch  77/100  loss 1.024  (4s)
  epoch  78/100  loss 0.748  (4s)
  epoch  79/100  loss 1.176  (7s)
  epoch  80/100  loss 0.799  (5s)
  [measure] epoch  80  test acc 58.88%  k*(.95)/C median 0.526  rho(depth) -0.60  (5s)
  epoch  81/100  loss 0.706  (3s)
  epoch  82/100  loss 0.793  (4s)
  epoch  83/100  loss 0.628  (4s)
  epoch  84/100  loss 0.693  (5s)
  epoch  85/100  loss 0.530  (5s)
  epoch  86/100  loss 0.573  (5s)
  epoch  87/100  loss 0.420  (5s)
  epoch  88/100  loss 0.470  (5s)
  epoch  89/100  loss 0.416  (5s)
  epoch  90/100  loss 0.258  (5s)
  [measure] epoch  90  test acc 64.61%  k*(.95)/C median 0.535  rho(depth) -0.31  (8s)
  epoch  91/100  loss 0.238  (5s)
  epoch  92/100  loss 0.162  (5s)
  epoch  93/100  loss 0.238  (5s)
  epoch  94/100  loss 0.185  (5s)
  epoch  95/100  loss 0.113  (5s)
  epoch  96/100  loss 0.174  (4s)
  epoch  97/100  loss 0.089  (4s)
  epoch  98/100  loss 0.137  (5s)
  epoch  99/100  loss 0.105  (3s)
  epoch 100/100  loss 0.094  (5s)
  [measure] epoch 100  test acc 67.33%  k*(.95)/C median 0.544  rho(depth) -0.18  (1s)
done
