schedule: [0, 1, 2, 3, 5, 7, 10, 15, 20, 30, 40, 50, 60, 70, 80, 90, 100]
  [measure] epoch   0  test acc  0.88%  k*(.95)/C median 0.375  rho(depth) -0.62  (4s)
  epoch   1/100  loss 3.599  (4s)
  [measure] epoch   1  test acc 16.16%  k*(.95)/C median 0.506  rho(depth) -0.10  (2s)
  epoch   2/100  loss 3.235  (3s)
  [measure] epoch   2  test acc 22.97%  k*(.95)/C median 0.519  rho(depth) -0.32  (2s)
  epoch   3/100  loss 3.076  (3s)
  [measure] epoch   3  test acc 25.95%  k*(.95)/C median 0.550  rho(depth) -0.47  (3s)
  epoch   4/100  loss 2.533  (4s)
  epoch   5/100  loss 2.449  (4s)
  [measure] epoch   5  test acc 34.57%  k*(.95)/C median 0.562  rho(depth) -0.87  (3s)
  epoch   6/100  loss 2.155  (4s)
  epoch   7/100  loss 2.182  (4s)
  [measure] epoch   7  test acc 36.62%  k*(.95)/C median 0.506  rho(depth) -0.91  (3s)
  epoch   8/100  loss 2.058  (4s)
  epoch   9/100  loss 2.175  (4s)
  epoch  10/100  loss 2.259  (4s)
  [measure] epoch  10  test acc 39.68%  k*(.95)/C median 0.463  rho(depth) -0.94  (3s)
  epoch  11/100  loss 1.938  (4s)
  epoch  12/100  loss 1.976  (3s)
  epoch  13/100  loss 2.081  (4s)
  epoch  14/100  loss 1.847  (4s)
  epoch  15/100  loss 1.668  (4s)
  [measure] epoch  15  test acc 46.85%  k*(.95)/C median 0.455  rho(depth) -0.99  (3s)
  epoch  16/100  loss 1.994  (4s)
  epoch  17/100  loss 1.795  (4s)
  epoch  18/100  loss 1.796  (4s)
  epoch  19/100  loss 1.834  (4s)
  epoch  20/100  loss 1.781  (4s)
  [measure] epoch  20  test acc 46.64%  k*(.95)/C median 0.449  rho(depth) -0.99  (3s)
  epoch  21/100  loss 1.692  (4s)
  epoch  22/100  loss 1.544  (4s)
  epoch  23/100  loss 1.582  (4s)
  epoch  24/100  loss 1.798  (4s)
  epoch  25/100  loss 1.723  (4s)
  epoch  26/100  loss 1.698  (4s)
  epoch  27/100  loss 1.627  (5s)
  epoch  28/100  loss 1.648  (3s)
  epoch  29/100  loss 1.593  (4s)
  epoch  30/100  loss 1.655  (4s)
  [measure] epoch  30  test acc 50.67%  k*(.95)/C median 0.483  rho(depth) -0.99  (1s)
  epoch  31/100  loss 1.455  (4s)
  epoch  32/100  loss 1.601  (4s)
  epoch  33/100  loss 1.263  (3s)
  epoch  34/100  loss 1.418  (3s)
  epoch  35/100  loss 1.264  (3s)
  epoch  36/100  loss 1.769  (3s)
  epoch  37/100  loss 1.533  (4s)
  epoch  38/100  loss 1.561  (4s)
  epoch  39/100  loss 1.343  (4s)
  epoch  40/100  loss 1.416  (4s)
  [measure] epoch  40  test acc 47.67%  k*(.95)/C median 0.483  rho(depth) -0.97  (4s)
  epoch  41/100  loss 1.308  (4s)
  epoch  42/100  loss 1.423  (4s)
  epoch  43/100  loss 1.564  (4s)
  epoch  44/100  loss 1.461  (4s)
  epoch  45/100  loss 1.593  (4s)
  epoch  46/100  loss 1.318  (4s)
  epoch  47/100  loss 1.577  (4s)
  epoch  48/100  loss 1.226  (4s)
  epoch  49/100  loss 1.336  (4s)
  epoch  50/100  loss 1.427  (4s)
  [measure] epoch  50  test acc 47.01%  k*(.95)/C median 0.483  rho(depth) -0.92  (5s)
  epoch  51/100  loss 1.323  (6s)
  epoch  52/100  loss 1.261  (4s)
  epoch  53/100  loss 1.340  (5s)
  epoch  54/100  loss 1.205  (5s)
  epoch  55/100  loss 1.344  (6s)
  epoch  56/100  loss 1.352  (5s)
  epoch  57/100  loss 1.304  (5s)
  epoch  58/100  loss 1.253  (5s)
  epoch  59/100  loss 1.341  (7s)
  epoch  60/100  loss 1.151  (4s)
  [measure] epoch  60  test acc 54.92%  k*(.95)/C median 0.483  rho(depth) -0.87  (4s)
  epoch  61/100  loss 1.325  (4s)
  epoch  62/100  loss 1.298  (3s)
  epoch  63/100  loss 1.289  (3s)
  epoch  64/100  loss 1.201  (6s)
  epoch  65/100  loss 1.230  (6s)
  epoch  66/100  loss 1.404  (5s)
  epoch  67/100  loss 1.396  (4s)
  epoch  68/100  loss 1.057  (6s)
  epoch  69/100  loss 1.132  (3s)
  epoch  70/100  loss 0.977  (3s)
  [measure] epoch  70  test acc 54.57%  k*(.95)/C median 0.506  rho(depth) -0.74  (3s)
  epoch  71/100  loss 1.277  (3s)
  epoch  72/100  loss 1.137  (3s)
  epoch  73/100  loss 1.210  (6s)
  epoch  74/100  loss 0.882  (7s)
  epoch  75/100  loss 1.104  (4s)
  epoch  76/100  loss 0.816  (6s)
  epoch  77/100  loss 0.853  (4s)
  epoch  78/100  loss 0.784  (4s)
  epoch  79/100  loss 0.950  (4s)
  epoch  80/100  loss 0.678  (4s)
  [measure] epoch  80  test acc 57.75%  k*(.95)/C median 0.519  rho(depth) -0.51  (8s)
  epoch  81/100  loss 0.863  (5s)
  epoch  82/100  loss 0.899  (4s)
  epoch  83/100  loss 0.657  (3s)
  epoch  84/100  loss 0.590  (3s)
  epoch  85/100  loss 0.530  (4s)
  epoch  86/100  loss 0.569  (5s)
  epoch  87/100  loss 0.706  (5s)
  epoch  88/100  loss 0.346  (5s)
  epoch  89/100  loss 0.322  (5s)
  epoch  90/100  loss 0.242  (5s)
  [measure] epoch  90  test acc 64.83%  k*(.95)/C median 0.532  rho(depth) -0.29  (8s)
  epoch  91/100  loss 0.272  (5s)
  epoch  92/100  loss 0.207  (4s)
  epoch  93/100  loss 0.154  (4s)
  epoch  94/100  loss 0.099  (5s)
  epoch  95/100  loss 0.127  (5s)
  epoch  96/100  loss 0.119  (5s)
  epoch  97/100  loss 0.128  (5s)
  epoch  98/100  loss 0.080  (5s)
  epoch  99/100  loss 0.107  (4s)
  epoch 100/100  loss 0.091  (5s)
  [measure] epoch 100  test acc 67.07%  k*(.95)/C median 0.544  rho(depth) -0.25  (7s)
done
