schedule: [0, 1, 2, 3, 5, 7, 10, 15, 20, 30, 40, 50, 60, 70, 80, 90, 100]
  [measure] epoch   0  test acc  1.01%  k*(.95)/C median 0.300  rho(depth) -0.43  (6s)
  epoch   1/100  loss 3.541  (8s)
  [measure] epoch   1  test acc 20.30%  k*(.95)/C median 0.400  rho(depth) +0.08  (5s)
  epoch   2/100  loss 2.915  (7s)
  [measure] epoch   2  test acc 28.79%  k*(.95)/C median 0.402  rho(depth) -0.07  (5s)
  epoch   3/100  loss 2.938  (7s)
  [measure] epoch   3  test acc 34.83%  k*(.95)/C median 0.377  rho(depth) -0.07  (5s)
  epoch   4/100  loss 2.392  (7s)
  epoch   5/100  loss 2.204  (7s)
  [measure] epoch   5  test acc 38.81%  k*(.95)/C median 0.358  rho(depth) -0.16  (6s)
  epoch   6/100  loss 1.929  (8s)
  epoch   7/100  loss 1.877  (6s)
  [measure] epoch   7  test acc 43.34%  k*(.95)/C median 0.333  rho(depth) -0.22  (10s)
  epoch   8/100  loss 1.821  (8s)
  epoch   9/100  loss 1.705  (6s)
  epoch  10/100  loss 1.496  (4s)
  [measure] epoch  10  test acc 49.36%  k*(.95)/C median 0.273  rho(depth) -0.41  (13s)
  epoch  11/100  loss 1.406  (7s)
  epoch  12/100  loss 1.466  (7s)
  epoch  13/100  loss 1.453  (9s)
  epoch  14/100  loss 1.509  (7s)
  epoch  15/100  loss 1.275  (5s)
  [measure] epoch  15  test acc 53.41%  k*(.95)/C median 0.221  rho(depth) -0.39  (23s)
  epoch  16/100  loss 1.343  (9s)
  epoch  17/100  loss 1.379  (10s)
  epoch  18/100  loss 1.535  (6s)
  epoch  19/100  loss 1.365  (5s)
  epoch  20/100  loss 1.294  (8s)
  [measure] epoch  20  test acc 53.51%  k*(.95)/C median 0.240  rho(depth) -0.36  (20s)
  epoch  21/100  loss 1.208  (10s)
  epoch  22/100  loss 1.246  (8s)
  epoch  23/100  loss 1.245  (9s)
  epoch  24/100  loss 1.089  (11s)
  epoch  25/100  loss 1.339  (7s)
  epoch  26/100  loss 1.253  (7s)
  epoch  27/100  loss 1.323  (10s)
  epoch  28/100  loss 0.916  (4s)
  epoch  29/100  loss 1.066  (5s)
  epoch  30/100  loss 1.191  (7s)
  [measure] epoch  30  test acc 54.85%  k*(.95)/C median 0.260  rho(depth) -0.31  (22s)
  epoch  31/100  loss 1.184  (7s)
  epoch  32/100  loss 1.021  (9s)
  epoch  33/100  loss 1.307  (6s)
  epoch  34/100  loss 1.285  (8s)
  epoch  35/100  loss 1.229  (8s)
  epoch  36/100  loss 1.293  (8s)
  epoch  37/100  loss 0.951  (5s)
  epoch  38/100  loss 1.150  (6s)
  epoch  39/100  loss 1.160  (9s)
  epoch  40/100  loss 1.273  (8s)
  [measure] epoch  40  test acc 57.65%  k*(.95)/C median 0.281  rho(depth) -0.31  (24s)
  epoch  41/100  loss 0.758  (9s)
  epoch  42/100  loss 1.049  (9s)
  epoch  43/100  loss 1.143  (9s)
  epoch  44/100  loss 1.086  (7s)
  epoch  45/100  loss 1.020  (7s)
  epoch  46/100  loss 1.118  (5s)
  epoch  47/100  loss 0.987  (7s)
  epoch  48/100  loss 1.061  (8s)
  epoch  49/100  loss 0.927  (8s)
  epoch  50/100  loss 0.889  (8s)
  [measure] epoch  50  test acc 56.42%  k*(.95)/C median 0.283  rho(depth) -0.26  (22s)
  epoch  51/100  loss 0.783  (9s)
  epoch  52/100  loss 0.891  (8s)
  epoch  53/100  loss 0.852  (8s)
  epoch  54/100  loss 1.086  (8s)
  epoch  55/100  loss 0.912  (5s)
  epoch  56/100  loss 1.029  (7s)
  epoch  57/100  loss 0.956  (8s)
  epoch  58/100  loss 0.781  (8s)
  epoch  59/100  loss 1.086  (8s)
  epoch  60/100  loss 0.982  (9s)
  [measure] epoch  60  test acc 55.21%  k*(.95)/C median 0.292  rho(depth) -0.18  (23s)
  epoch  61/100  loss 0.992  (9s)
  epoch  62/100  loss 0.657  (8s)
  epoch  63/100  loss 0.825  (6s)
  epoch  64/100  loss 0.824  (6s)
  epoch  65/100  loss 0.793  (6s)
  epoch  66/100  loss 0.878  (7s)
  epoch  67/100  loss 0.945  (8s)
  epoch  68/100  loss 0.883  (8s)
  epoch  69/100  loss 0.869  (9s)
  epoch  70/100  loss 0.829  (8s)
  [measure] epoch  70  test acc 60.50%  k*(.95)/C median 0.300  rho(depth) +0.00  (25s)
  epoch  71/100  loss 0.693  (10s)
  epoch  72/100  loss 0.750  (8s)
  epoch  73/100  loss 0.776  (9s)
  epoch  74/100  loss 0.748  (4s)
  epoch  75/100  loss 0.556  (5s)
  epoch  76/100  loss 0.570  (6s)
  epoch  77/100  loss 0.569  (12s)
  epoch  78/100  loss 0.508  (9s)
  epoch  79/100  loss 0.392  (9s)
  epoch  80/100  loss 0.453  (8s)
  [measure] epoch  80  test acc 64.73%  k*(.95)/C median 0.331  rho(depth) +0.35  (25s)
  epoch  81/100  loss 0.341  (8s)
  epoch  82/100  loss 0.321  (4s)
  epoch  83/100  loss 0.222  (4s)
  epoch  84/100  loss 0.339  (10s)
  epoch  85/100  loss 0.209  (6s)
  epoch  86/100  loss 0.145  (7s)
  epoch  87/100  loss 0.136  (7s)
  epoch  88/100  loss 0.036  (7s)
  epoch  89/100  loss 0.058  (7s)
  epoch  90/100  loss 0.037  (7s)
  [measure] epoch  90  test acc 70.85%  k*(.95)/C median 0.333  rho(depth) +0.60  (19s)
  epoch  91/100  loss 0.037  (6s)
  epoch  92/100  loss 0.012  (5s)
  epoch  93/100  loss 0.049  (4s)
  epoch  94/100  loss 0.009  (3s)
  epoch  95/100  loss 0.008  (3s)
  epoch  96/100  loss 0.024  (4s)
  epoch  97/100  loss 0.007  (3s)
  epoch  98/100  loss 0.010  (3s)
  epoch  99/100  loss 0.009  (3s)
  epoch 100/100  loss 0.008  (3s)
  [measure] epoch 100  test acc 72.95%  k*(.95)/C median 0.333  rho(depth) +0.64  (2s)
done
