schedule: [0, 1, 2, 3, 5, 7, 10, 15, 20, 30, 40, 50, 60, 70, 80, 90, 100]
  [measure] epoch   0  test acc  0.90%  k*(.95)/C median 0.250  rho(depth) -0.73  (5s)
  epoch   1/100  loss 3.425  (11s)
  [measure] epoch   1  test acc 20.49%  k*(.95)/C median 0.434  rho(depth) -0.23  (5s)
  epoch   2/100  loss 3.156  (6s)
  [measure] epoch   2  test acc 26.90%  k*(.95)/C median 0.465  rho(depth) -0.36  (4s)
  epoch   3/100  loss 2.338  (9s)
  [measure] epoch   3  test acc 31.72%  k*(.95)/C median 0.429  rho(depth) -0.41  (5s)
  epoch   4/100  loss 2.165  (6s)
  epoch   5/100  loss 1.830  (8s)
  [measure] epoch   5  test acc 42.65%  k*(.95)/C median 0.396  rho(depth) -0.51  (6s)
  epoch   6/100  loss 1.735  (6s)
  epoch   7/100  loss 1.877  (7s)
  [measure] epoch   7  test acc 45.46%  k*(.95)/C median 0.366  rho(depth) -0.69  (11s)
  epoch   8/100  loss 1.551  (5s)
  epoch   9/100  loss 1.672  (8s)
  epoch  10/100  loss 1.394  (7s)
  [measure] epoch  10  test acc 50.22%  k*(.95)/C median 0.288  rho(depth) -0.94  (10s)
  epoch  11/100  loss 1.547  (6s)
  epoch  12/100  loss 1.602  (6s)
  epoch  13/100  loss 1.229  (6s)
  epoch  14/100  loss 1.379  (8s)
  epoch  15/100  loss 1.553  (8s)
  [measure] epoch  15  test acc 48.68%  k*(.95)/C median 0.274  rho(depth) -0.95  (10s)
  epoch  16/100  loss 1.059  (7s)
  epoch  17/100  loss 1.612  (7s)
  epoch  18/100  loss 1.430  (6s)
  epoch  19/100  loss 1.185  (6s)
  epoch  20/100  loss 1.072  (7s)
  [measure] epoch  20  test acc 50.02%  k*(.95)/C median 0.283  rho(depth) -0.89  (11s)
  epoch  21/100  loss 1.353  (6s)
  epoch  22/100  loss 1.189  (8s)
  epoch  23/100  loss 1.134  (7s)
  epoch  24/100  loss 1.272  (6s)
  epoch  25/100  loss 1.293  (6s)
  epoch  26/100  loss 1.479  (7s)
  epoch  27/100  loss 1.173  (8s)
  epoch  28/100  loss 1.218  (8s)
  epoch  29/100  loss 0.982  (8s)
  epoch  30/100  loss 0.908  (8s)
  [measure] epoch  30  test acc 53.61%  k*(.95)/C median 0.296  rho(depth) -0.86  (13s)
  epoch  31/100  loss 1.232  (8s)
  epoch  32/100  loss 1.263  (6s)
  epoch  33/100  loss 1.149  (11s)
  epoch  34/100  loss 1.221  (8s)
  epoch  35/100  loss 1.127  (5s)
  epoch  36/100  loss 1.340  (6s)
  epoch  37/100  loss 1.540  (8s)
  epoch  38/100  loss 1.174  (8s)
  epoch  39/100  loss 1.079  (8s)
  epoch  40/100  loss 0.961  (8s)
  [measure] epoch  40  test acc 57.25%  k*(.95)/C median 0.301  rho(depth) -0.86  (13s)
  epoch  41/100  loss 1.074  (6s)
  epoch  42/100  loss 1.006  (8s)
  epoch  43/100  loss 1.122  (8s)
  epoch  44/100  loss 1.095  (8s)
  epoch  45/100  loss 1.056  (7s)
  epoch  46/100  loss 0.860  (7s)
  epoch  47/100  loss 1.087  (8s)
  epoch  48/100  loss 0.952  (9s)
  epoch  49/100  loss 1.008  (9s)
  epoch  50/100  loss 1.363  (9s)
  [measure] epoch  50  test acc 57.01%  k*(.95)/C median 0.310  rho(depth) -0.84  (13s)
  epoch  51/100  loss 1.075  (7s)
  epoch  52/100  loss 1.087  (6s)
  epoch  53/100  loss 0.946  (8s)
  epoch  54/100  loss 0.996  (11s)
  epoch  55/100  loss 0.991  (6s)
  epoch  56/100  loss 1.025  (6s)
  epoch  57/100  loss 0.978  (8s)
  epoch  58/100  loss 1.033  (11s)
  epoch  59/100  loss 0.965  (6s)
  epoch  60/100  loss 0.936  (11s)
  [measure] epoch  60  test acc 55.70%  k*(.95)/C median 0.312  rho(depth) -0.76  (14s)
  epoch  61/100  loss 0.845  (4s)
  epoch  62/100  loss 0.761  (8s)
  epoch  63/100  loss 0.726  (10s)
  epoch  64/100  loss 0.771  (7s)
  epoch  65/100  loss 0.822  (7s)
  epoch  66/100  loss 0.790  (9s)
  epoch  67/100  loss 0.812  (5s)
  epoch  68/100  loss 0.856  (6s)
  epoch  69/100  loss 0.730  (7s)
  epoch  70/100  loss 0.817  (7s)
  [measure] epoch  70  test acc 60.71%  k*(.95)/C median 0.324  rho(depth) -0.54  (14s)
  epoch  71/100  loss 0.562  (6s)
  epoch  72/100  loss 0.816  (5s)
  epoch  73/100  loss 0.794  (7s)
  epoch  74/100  loss 0.598  (7s)
  epoch  75/100  loss 0.629  (7s)
  epoch  76/100  loss 0.493  (6s)
  epoch  77/100  loss 0.389  (5s)
  epoch  78/100  loss 0.481  (6s)
  epoch  79/100  loss 0.385  (7s)
  epoch  80/100  loss 0.417  (8s)
  [measure] epoch  80  test acc 64.44%  k*(.95)/C median 0.331  rho(depth) -0.26  (16s)
  epoch  81/100  loss 0.414  (4s)
  epoch  82/100  loss 0.322  (5s)
  epoch  83/100  loss 0.275  (6s)
  epoch  84/100  loss 0.260  (7s)
  epoch  85/100  loss 0.070  (7s)
  epoch  86/100  loss 0.148  (7s)
  epoch  87/100  loss 0.115  (6s)
  epoch  88/100  loss 0.072  (5s)
  epoch  89/100  loss 0.053  (6s)
  epoch  90/100  loss 0.029  (7s)
  [measure] epoch  90  test acc 71.50%  k*(.95)/C median 0.345  rho(depth) +0.02  (18s)
  epoch  91/100  loss 0.052  (6s)
  epoch  92/100  loss 0.030  (6s)
  epoch  93/100  loss 0.006  (6s)
  epoch  94/100  loss 0.019  (7s)
  epoch  95/100  loss 0.007  (7s)
  epoch  96/100  loss 0.007  (7s)
  epoch  97/100  loss 0.007  (6s)
  epoch  98/100  loss 0.008  (6s)
  epoch  99/100  loss 0.025  (7s)
  epoch 100/100  loss 0.009  (8s)
  [measure] epoch 100  test acc 72.41%  k*(.95)/C median 0.353  rho(depth) +0.03  (15s)
done
