schedule: [0, 1, 2, 3, 5, 7, 10, 15, 20, 30, 40, 50, 60, 70, 80, 90, 100]
  [measure] epoch   0  test acc  0.99%  k*(.95)/C median 0.284  rho(depth) -0.60  (4s)
  epoch   1/100  loss 3.614  (4s)
  [measure] epoch   1  test acc 16.90%  k*(.95)/C median 0.500  rho(depth) -0.12  (2s)
  epoch   2/100  loss 3.451  (3s)
  [measure] epoch   2  test acc 23.05%  k*(.95)/C median 0.528  rho(depth) -0.23  (2s)
  epoch   3/100  loss 2.738  (3s)
  [measure] epoch   3  test acc 27.17%  k*(.95)/C median 0.580  rho(depth) -0.61  (3s)
  epoch   4/100  loss 2.568  (4s)
  epoch   5/100  loss 2.236  (4s)
  [measure] epoch   5  test acc 34.32%  k*(.95)/C median 0.550  rho(depth) -0.79  (3s)
  epoch   6/100  loss 2.278  (4s)
  epoch   7/100  loss 2.360  (4s)
  [measure] epoch   7  test acc 38.62%  k*(.95)/C median 0.505  rho(depth) -0.88  (3s)
  epoch   8/100  loss 1.990  (4s)
  epoch   9/100  loss 2.012  (4s)
  epoch  10/100  loss 2.006  (4s)
  [measure] epoch  10  test acc 43.50%  k*(.95)/C median 0.465  rho(depth) -0.96  (3s)
  epoch  11/100  loss 1.928  (4s)
  epoch  12/100  loss 1.870  (4s)
  epoch  13/100  loss 1.749  (4s)
  epoch  14/100  loss 1.798  (4s)
  epoch  15/100  loss 2.178  (4s)
  [measure] epoch  15  test acc 42.02%  k*(.95)/C median 0.455  rho(depth) -0.97  (3s)
  epoch  16/100  loss 1.311  (4s)
  epoch  17/100  loss 1.896  (4s)
  epoch  18/100  loss 1.866  (4s)
  epoch  19/100  loss 1.439  (4s)
  epoch  20/100  loss 1.490  (4s)
  [measure] epoch  20  test acc 46.30%  k*(.95)/C median 0.455  rho(depth) -0.99  (3s)
  epoch  21/100  loss 1.753  (4s)
  epoch  22/100  loss 1.719  (4s)
  epoch  23/100  loss 1.669  (4s)
  epoch  24/100  loss 1.766  (4s)
  epoch  25/100  loss 1.788  (4s)
  epoch  26/100  loss 1.666  (4s)
  epoch  27/100  loss 1.701  (4s)
  epoch  28/100  loss 1.393  (4s)
  epoch  29/100  loss 1.411  (3s)
  epoch  30/100  loss 1.564  (4s)
  [measure] epoch  30  test acc 42.74%  k*(.95)/C median 0.461  rho(depth) -0.97  (4s)
  epoch  31/100  loss 1.698  (3s)
  epoch  32/100  loss 1.725  (4s)
  epoch  33/100  loss 1.539  (3s)
  epoch  34/100  loss 1.775  (3s)
  epoch  35/100  loss 1.447  (3s)
  epoch  36/100  loss 1.667  (4s)
  epoch  37/100  loss 2.012  (4s)
  epoch  38/100  loss 1.575  (4s)
  epoch  39/100  loss 1.230  (4s)
  epoch  40/100  loss 1.343  (3s)
  [measure] epoch  40  test acc 49.77%  k*(.95)/C median 0.472  rho(depth) -0.99  (4s)
  epoch  41/100  loss 1.464  (4s)
  epoch  42/100  loss 1.473  (4s)
  epoch  43/100  loss 1.521  (4s)
  epoch  44/100  loss 1.338  (4s)
  epoch  45/100  loss 1.564  (4s)
  epoch  46/100  loss 1.443  (4s)
  epoch  47/100  loss 1.319  (4s)
  epoch  48/100  loss 1.284  (4s)
  epoch  49/100  loss 1.262  (4s)
  epoch  50/100  loss 1.561  (4s)
  [measure] epoch  50  test acc 45.91%  k*(.95)/C median 0.472  rho(depth) -0.97  (4s)
  epoch  51/100  loss 1.425  (5s)
  epoch  52/100  loss 1.654  (5s)
  epoch  53/100  loss 1.406  (5s)
  epoch  54/100  loss 1.189  (5s)
  epoch  55/100  loss 1.422  (5s)
  epoch  56/100  loss 1.411  (6s)
  epoch  57/100  loss 1.302  (6s)
  epoch  58/100  loss 1.475  (5s)
  epoch  59/100  loss 1.219  (6s)
  epoch  60/100  loss 1.395  (4s)
  [measure] epoch  60  test acc 54.77%  k*(.95)/C median 0.483  rho(depth) -0.87  (4s)
  epoch  61/100  loss 1.296  (3s)
  epoch  62/100  loss 1.125  (4s)
  epoch  63/100  loss 0.987  (4s)
  epoch  64/100  loss 1.116  (7s)
  epoch  65/100  loss 1.057  (6s)
  epoch  66/100  loss 1.216  (4s)
  epoch  67/100  loss 1.010  (6s)
  epoch  68/100  loss 1.089  (4s)
  epoch  69/100  loss 1.218  (3s)
  epoch  70/100  loss 1.094  (2s)
  [measure] epoch  70  test acc 56.25%  k*(.95)/C median 0.495  rho(depth) -0.76  (4s)
  epoch  71/100  loss 1.111  (3s)
  epoch  72/100  loss 1.113  (8s)
  epoch  73/100  loss 0.986  (5s)
  epoch  74/100  loss 1.248  (5s)
  epoch  75/100  loss 1.085  (6s)
  epoch  76/100  loss 1.040  (4s)
  epoch  77/100  loss 0.838  (4s)
  epoch  78/100  loss 1.013  (4s)
  epoch  79/100  loss 0.865  (4s)
  epoch  80/100  loss 1.013  (7s)
  [measure] epoch  80  test acc 56.02%  k*(.95)/C median 0.519  rho(depth) -0.49  (6s)
  epoch  81/100  loss 1.033  (3s)
  epoch  82/100  loss 0.662  (4s)
  epoch  83/100  loss 0.712  (4s)
  epoch  84/100  loss 0.631  (4s)
  epoch  85/100  loss 0.578  (5s)
  epoch  86/100  loss 0.520  (5s)
  epoch  87/100  loss 0.552  (5s)
  epoch  88/100  loss 0.394  (5s)
  epoch  89/100  loss 0.192  (5s)
  epoch  90/100  loss 0.404  (4s)
  [measure] epoch  90  test acc 65.22%  k*(.95)/C median 0.537  rho(depth) -0.25  (6s)
  epoch  91/100  loss 0.222  (5s)
  epoch  92/100  loss 0.182  (5s)
  epoch  93/100  loss 0.161  (5s)
  epoch  94/100  loss 0.164  (5s)
  epoch  95/100  loss 0.076  (5s)
  epoch  96/100  loss 0.118  (5s)
  epoch  97/100  loss 0.059  (5s)
  epoch  98/100  loss 0.100  (5s)
  epoch  99/100  loss 0.096  (4s)
  epoch 100/100  loss 0.100  (4s)
  [measure] epoch 100  test acc 67.85%  k*(.95)/C median 0.550  rho(depth) -0.17  (3s)
done
