=== vgg16_bn_full_s0 start Thu Sep 10 01:38:30 UTC 2026 ===
=== vgg16_bn_full_s1 start Thu Sep 10 01:38:30 UTC 2026 ===
=== vgg16_bn_full_s2 start Thu Sep 10 01:38:30 UTC 2026 ===
=== vgg16_bn_full_s0 end Thu Sep 10 02:00:29 UTC 2026 ===
=== vgg16_bn_full_s2 end Thu Sep 10 02:01:17 UTC 2026 ===
=== vgg16_bn_full_s1 end Thu Sep 10 02:01:35 UTC 2026 ===
=== widths from the seed-0 full network Thu Sep 10 02:01:35 UTC 2026 ===
layer           C r_max    n/C  k*.95  k*.999  ruler  ruler95  uniform
features.0     64    27   1600      8      15     15        8       60
features.3     64    64   1600     20      48     48       20       60
features.7    128   128    800     36     101    101       36      120
features.10   128   128    800     44     116    116       44      120
features.14   256   256    400     79     226    226       79      240
features.17   256   256    400     89     238    238       89      240
features.20   256   256    400    101     244    244      101      240
features.24   512   512    200    159     466    466      159      480
features.27   512   512    200    162     481    481      162      480
features.30   512   512    200    188     489    489      188      480
features.34   512   512     50    160     472    472      160      480
features.37   512   512     50    194     484    484      194      480
features.40   512   512     50    249     490    490      249      480
params: full 14,774,436  ruler 12,884,630 (0.872)  uniform 12,989,200 (factor 0.938, +0.8% vs ruler)  ruler95 1,862,614 (0.126)
wrote ../results/a18_cifar100/widths.json
arm ruler widths: 15 48 101 116 226 238 244 466 481 489 472 484 490
=== vgg16_bn_ruler_s1 start Thu Sep 10 02:01:57 UTC 2026 ===
=== vgg16_bn_ruler_s2 start Thu Sep 10 02:01:57 UTC 2026 ===
=== vgg16_bn_ruler_s0 start Thu Sep 10 02:01:57 UTC 2026 ===
=== vgg16_bn_ruler_s2 end Thu Sep 10 02:17:50 UTC 2026 ===
=== vgg16_bn_ruler_s1 end Thu Sep 10 02:18:01 UTC 2026 ===
=== vgg16_bn_ruler_s0 end Thu Sep 10 02:18:16 UTC 2026 ===
arm uniform widths: 60 60 120 120 240 240 240 480 480 480 480 480 480
=== vgg16_bn_uniform_s2 start Thu Sep 10 02:18:16 UTC 2026 ===
=== vgg16_bn_uniform_s0 start Thu Sep 10 02:18:16 UTC 2026 ===
=== vgg16_bn_uniform_s1 start Thu Sep 10 02:18:16 UTC 2026 ===
=== vgg16_bn_uniform_s1 end Thu Sep 10 02:34:55 UTC 2026 ===
=== vgg16_bn_uniform_s2 end Thu Sep 10 02:34:59 UTC 2026 ===
=== vgg16_bn_uniform_s0 end Thu Sep 10 02:35:25 UTC 2026 ===
arm ruler95 widths: 8 20 36 44 79 89 101 159 162 188 160 194 249
=== vgg16_bn_ruler95_s0 start Thu Sep 10 02:35:25 UTC 2026 ===
=== vgg16_bn_ruler95_s1 start Thu Sep 10 02:35:25 UTC 2026 ===
=== vgg16_bn_ruler95_s2 start Thu Sep 10 02:35:25 UTC 2026 ===
=== vgg16_bn_ruler95_s1 end Thu Sep 10 02:44:07 UTC 2026 ===
=== vgg16_bn_ruler95_s2 end Thu Sep 10 02:44:10 UTC 2026 ===
=== vgg16_bn_ruler95_s0 end Thu Sep 10 02:44:13 UTC 2026 ===
=== A18 cifar100 done Thu Sep 10 02:44:13 UTC 2026 ===
