  ruler s0: 17 epochs (72s)
  ruler s1: 17 epochs (145s)
  ruler s2: 17 epochs (214s)
  uniform s0: 17 epochs (276s)
  uniform s1: 17 epochs (338s)
  uniform s2: 17 epochs (401s)
  ruler95 s0: 17 epochs (441s)
  ruler95 s1: 17 epochs (482s)
  ruler95 s2: 17 epochs (521s)
wrote ../results/repr/arrival.csv
  gaussian_noise: done (186s)
  shot_noise: done (373s)
  impulse_noise: done (555s)
  defocus_blur: done (740s)
  glass_blur: done (921s)
  motion_blur: done (1110s)
  zoom_blur: done (1291s)
  snow: done (1481s)
  frost: done (1667s)
  fog: done (1855s)
  brightness: done (2044s)
  contrast: done (2233s)
  elastic_transform: done (2421s)
  pixelate: done (2608s)
  jpeg_compression: done (2796s)
  speckle_noise: done (2981s)
  gaussian_blur: done (3161s)
  spatter: done (3341s)
  saturate: done (3569s)
wrote ../results/repr/cifar10c.csv
/Users/ccli/.venvs/effwidth/lib/python3.14/site-packages/sklearn/linear_model/_logistic.py:2071: FutureWarning: The default value for l1_ratios will change from None to (0.0,) in version 1.10. From version 1.10 onwards, only array-like with values in [0, 1] will be allowed, None will be forbidden. To avoid this warning, explicitly set a value, e.g. l1_ratios=(0,).
  warnings.warn(
/Users/ccli/.venvs/effwidth/lib/python3.14/site-packages/sklearn/linear_model/_logistic.py:2116: FutureWarning: The default value of the parameter 'scoring' will change from None, i.e. accuracy, to 'neg_log_loss' in version 1.11. To silence this warning, explicitly set the scoring parameter: scoring='neg_log_loss' for the new, scoring='accuracy' or scoring=None for the old default.
  warnings.warn(
/Users/ccli/.venvs/effwidth/lib/python3.14/site-packages/sklearn/linear_model/_logistic.py:2129: FutureWarning: The fitted attributes of LogisticRegressionCV will be simplified in scikit-learn 1.10 to remove redundancy. Set`use_legacy_attributes=False` to enable the new behavior now, or set it to `True` to silence this warning during the transition period while keeping the deprecated behavior for the time being. The default value of use_legacy_attributes will change from True to False in scikit-learn 1.10. See the docstring of LogisticRegressionCV for more details.
  warnings.warn(
  full s0 cifar100: probe 22.73% (C=1.0) (403s)
/Users/ccli/.venvs/effwidth/lib/python3.14/site-packages/sklearn/linear_model/_logistic.py:2071: FutureWarning: The default value for l1_ratios will change from None to (0.0,) in version 1.10. From version 1.10 onwards, only array-like with values in [0, 1] will be allowed, None will be forbidden. To avoid this warning, explicitly set a value, e.g. l1_ratios=(0,).
  warnings.warn(
/Users/ccli/.venvs/effwidth/lib/python3.14/site-packages/sklearn/linear_model/_logistic.py:2116: FutureWarning: The default value of the parameter 'scoring' will change from None, i.e. accuracy, to 'neg_log_loss' in version 1.11. To silence this warning, explicitly set the scoring parameter: scoring='neg_log_loss' for the new, scoring='accuracy' or scoring=None for the old default.
  warnings.warn(
/Users/ccli/.venvs/effwidth/lib/python3.14/site-packages/sklearn/linear_model/_logistic.py:2129: FutureWarning: The fitted attributes of LogisticRegressionCV will be simplified in scikit-learn 1.10 to remove redundancy. Set`use_legacy_attributes=False` to enable the new behavior now, or set it to `True` to silence this warning during the transition period while keeping the deprecated behavior for the time being. The default value of use_legacy_attributes will change from True to False in scikit-learn 1.10. See the docstring of LogisticRegressionCV for more details.
  warnings.warn(
  full s0 stl10: probe 76.89% (C=0.1) (425s)
/Users/ccli/.venvs/effwidth/lib/python3.14/site-packages/sklearn/linear_model/_logistic.py:2071: FutureWarning: The default value for l1_ratios will change from None to (0.0,) in version 1.10. From version 1.10 onwards, only array-like with values in [0, 1] will be allowed, None will be forbidden. To avoid this warning, explicitly set a value, e.g. l1_ratios=(0,).
  warnings.warn(
/Users/ccli/.venvs/effwidth/lib/python3.14/site-packages/sklearn/linear_model/_logistic.py:2116: FutureWarning: The default value of the parameter 'scoring' will change from None, i.e. accuracy, to 'neg_log_loss' in version 1.11. To silence this warning, explicitly set the scoring parameter: scoring='neg_log_loss' for the new, scoring='accuracy' or scoring=None for the old default.
  warnings.warn(
/Users/ccli/.venvs/effwidth/lib/python3.14/site-packages/sklearn/linear_model/_logistic.py:2129: FutureWarning: The fitted attributes of LogisticRegressionCV will be simplified in scikit-learn 1.10 to remove redundancy. Set`use_legacy_attributes=False` to enable the new behavior now, or set it to `True` to silence this warning during the transition period while keeping the deprecated behavior for the time being. The default value of use_legacy_attributes will change from True to False in scikit-learn 1.10. See the docstring of LogisticRegressionCV for more details.
  warnings.warn(
  full s0 svhn: probe 41.81% (C=100.0) (753s)
/Users/ccli/.venvs/effwidth/lib/python3.14/site-packages/sklearn/linear_model/_logistic.py:2071: FutureWarning: The default value for l1_ratios will change from None to (0.0,) in version 1.10. From version 1.10 onwards, only array-like with values in [0, 1] will be allowed, None will be forbidden. To avoid this warning, explicitly set a value, e.g. l1_ratios=(0,).
  warnings.warn(
/Users/ccli/.venvs/effwidth/lib/python3.14/site-packages/sklearn/linear_model/_logistic.py:2116: FutureWarning: The default value of the parameter 'scoring' will change from None, i.e. accuracy, to 'neg_log_loss' in version 1.11. To silence this warning, explicitly set the scoring parameter: scoring='neg_log_loss' for the new, scoring='accuracy' or scoring=None for the old default.
  warnings.warn(
/Users/ccli/.venvs/effwidth/lib/python3.14/site-packages/sklearn/linear_model/_logistic.py:2129: FutureWarning: The fitted attributes of LogisticRegressionCV will be simplified in scikit-learn 1.10 to remove redundancy. Set`use_legacy_attributes=False` to enable the new behavior now, or set it to `True` to silence this warning during the transition period while keeping the deprecated behavior for the time being. The default value of use_legacy_attributes will change from True to False in scikit-learn 1.10. See the docstring of LogisticRegressionCV for more details.
  warnings.warn(
  full s1 cifar100: probe 22.52% (C=1.0) (1049s)
/Users/ccli/.venvs/effwidth/lib/python3.14/site-packages/sklearn/linear_model/_logistic.py:2071: FutureWarning: The default value for l1_ratios will change from None to (0.0,) in version 1.10. From version 1.10 onwards, only array-like with values in [0, 1] will be allowed, None will be forbidden. To avoid this warning, explicitly set a value, e.g. l1_ratios=(0,).
  warnings.warn(
/Users/ccli/.venvs/effwidth/lib/python3.14/site-packages/sklearn/linear_model/_logistic.py:2116: FutureWarning: The default value of the parameter 'scoring' will change from None, i.e. accuracy, to 'neg_log_loss' in version 1.11. To silence this warning, explicitly set the scoring parameter: scoring='neg_log_loss' for the new, scoring='accuracy' or scoring=None for the old default.
  warnings.warn(
/Users/ccli/.venvs/effwidth/lib/python3.14/site-packages/sklearn/linear_model/_logistic.py:2129: FutureWarning: The fitted attributes of LogisticRegressionCV will be simplified in scikit-learn 1.10 to remove redundancy. Set`use_legacy_attributes=False` to enable the new behavior now, or set it to `True` to silence this warning during the transition period while keeping the deprecated behavior for the time being. The default value of use_legacy_attributes will change from True to False in scikit-learn 1.10. See the docstring of LogisticRegressionCV for more details.
  warnings.warn(
  full s1 stl10: probe 77.38% (C=0.01) (1071s)
/Users/ccli/.venvs/effwidth/lib/python3.14/site-packages/sklearn/linear_model/_logistic.py:2071: FutureWarning: The default value for l1_ratios will change from None to (0.0,) in version 1.10. From version 1.10 onwards, only array-like with values in [0, 1] will be allowed, None will be forbidden. To avoid this warning, explicitly set a value, e.g. l1_ratios=(0,).
  warnings.warn(
/Users/ccli/.venvs/effwidth/lib/python3.14/site-packages/sklearn/linear_model/_logistic.py:2116: FutureWarning: The default value of the parameter 'scoring' will change from None, i.e. accuracy, to 'neg_log_loss' in version 1.11. To silence this warning, explicitly set the scoring parameter: scoring='neg_log_loss' for the new, scoring='accuracy' or scoring=None for the old default.
  warnings.warn(
/Users/ccli/.venvs/effwidth/lib/python3.14/site-packages/sklearn/linear_model/_logistic.py:2129: FutureWarning: The fitted attributes of LogisticRegressionCV will be simplified in scikit-learn 1.10 to remove redundancy. Set`use_legacy_attributes=False` to enable the new behavior now, or set it to `True` to silence this warning during the transition period while keeping the deprecated behavior for the time being. The default value of use_legacy_attributes will change from True to False in scikit-learn 1.10. See the docstring of LogisticRegressionCV for more details.
  warnings.warn(
  full s1 svhn: probe 41.67% (C=10.0) (1386s)
/Users/ccli/.venvs/effwidth/lib/python3.14/site-packages/sklearn/linear_model/_logistic.py:2071: FutureWarning: The default value for l1_ratios will change from None to (0.0,) in version 1.10. From version 1.10 onwards, only array-like with values in [0, 1] will be allowed, None will be forbidden. To avoid this warning, explicitly set a value, e.g. l1_ratios=(0,).
  warnings.warn(
/Users/ccli/.venvs/effwidth/lib/python3.14/site-packages/sklearn/linear_model/_logistic.py:2116: FutureWarning: The default value of the parameter 'scoring' will change from None, i.e. accuracy, to 'neg_log_loss' in version 1.11. To silence this warning, explicitly set the scoring parameter: scoring='neg_log_loss' for the new, scoring='accuracy' or scoring=None for the old default.
  warnings.warn(
/Users/ccli/.venvs/effwidth/lib/python3.14/site-packages/sklearn/linear_model/_logistic.py:2129: FutureWarning: The fitted attributes of LogisticRegressionCV will be simplified in scikit-learn 1.10 to remove redundancy. Set`use_legacy_attributes=False` to enable the new behavior now, or set it to `True` to silence this warning during the transition period while keeping the deprecated behavior for the time being. The default value of use_legacy_attributes will change from True to False in scikit-learn 1.10. See the docstring of LogisticRegressionCV for more details.
  warnings.warn(
  full s2 cifar100: probe 23.14% (C=1.0) (1696s)
/Users/ccli/.venvs/effwidth/lib/python3.14/site-packages/sklearn/linear_model/_logistic.py:2071: FutureWarning: The default value for l1_ratios will change from None to (0.0,) in version 1.10. From version 1.10 onwards, only array-like with values in [0, 1] will be allowed, None will be forbidden. To avoid this warning, explicitly set a value, e.g. l1_ratios=(0,).
  warnings.warn(
/Users/ccli/.venvs/effwidth/lib/python3.14/site-packages/sklearn/linear_model/_logistic.py:2116: FutureWarning: The default value of the parameter 'scoring' will change from None, i.e. accuracy, to 'neg_log_loss' in version 1.11. To silence this warning, explicitly set the scoring parameter: scoring='neg_log_loss' for the new, scoring='accuracy' or scoring=None for the old default.
  warnings.warn(
/Users/ccli/.venvs/effwidth/lib/python3.14/site-packages/sklearn/linear_model/_logistic.py:2129: FutureWarning: The fitted attributes of LogisticRegressionCV will be simplified in scikit-learn 1.10 to remove redundancy. Set`use_legacy_attributes=False` to enable the new behavior now, or set it to `True` to silence this warning during the transition period while keeping the deprecated behavior for the time being. The default value of use_legacy_attributes will change from True to False in scikit-learn 1.10. See the docstring of LogisticRegressionCV for more details.
  warnings.warn(
  full s2 stl10: probe 77.29% (C=0.1) (1719s)
/Users/ccli/.venvs/effwidth/lib/python3.14/site-packages/sklearn/linear_model/_logistic.py:2071: FutureWarning: The default value for l1_ratios will change from None to (0.0,) in version 1.10. From version 1.10 onwards, only array-like with values in [0, 1] will be allowed, None will be forbidden. To avoid this warning, explicitly set a value, e.g. l1_ratios=(0,).
  warnings.warn(
/Users/ccli/.venvs/effwidth/lib/python3.14/site-packages/sklearn/linear_model/_logistic.py:2116: FutureWarning: The default value of the parameter 'scoring' will change from None, i.e. accuracy, to 'neg_log_loss' in version 1.11. To silence this warning, explicitly set the scoring parameter: scoring='neg_log_loss' for the new, scoring='accuracy' or scoring=None for the old default.
  warnings.warn(
/Users/ccli/.venvs/effwidth/lib/python3.14/site-packages/sklearn/linear_model/_logistic.py:2129: FutureWarning: The fitted attributes of LogisticRegressionCV will be simplified in scikit-learn 1.10 to remove redundancy. Set`use_legacy_attributes=False` to enable the new behavior now, or set it to `True` to silence this warning during the transition period while keeping the deprecated behavior for the time being. The default value of use_legacy_attributes will change from True to False in scikit-learn 1.10. See the docstring of LogisticRegressionCV for more details.
  warnings.warn(
  full s2 svhn: probe 40.47% (C=100.0) (1989s)
/Users/ccli/.venvs/effwidth/lib/python3.14/site-packages/sklearn/linear_model/_logistic.py:2071: FutureWarning: The default value for l1_ratios will change from None to (0.0,) in version 1.10. From version 1.10 onwards, only array-like with values in [0, 1] will be allowed, None will be forbidden. To avoid this warning, explicitly set a value, e.g. l1_ratios=(0,).
  warnings.warn(
/Users/ccli/.venvs/effwidth/lib/python3.14/site-packages/sklearn/linear_model/_logistic.py:2116: FutureWarning: The default value of the parameter 'scoring' will change from None, i.e. accuracy, to 'neg_log_loss' in version 1.11. To silence this warning, explicitly set the scoring parameter: scoring='neg_log_loss' for the new, scoring='accuracy' or scoring=None for the old default.
  warnings.warn(
/Users/ccli/.venvs/effwidth/lib/python3.14/site-packages/sklearn/linear_model/_logistic.py:2129: FutureWarning: The fitted attributes of LogisticRegressionCV will be simplified in scikit-learn 1.10 to remove redundancy. Set`use_legacy_attributes=False` to enable the new behavior now, or set it to `True` to silence this warning during the transition period while keeping the deprecated behavior for the time being. The default value of use_legacy_attributes will change from True to False in scikit-learn 1.10. See the docstring of LogisticRegressionCV for more details.
  warnings.warn(
  ruler s0 cifar100: probe 17.82% (C=100.0) (2027s)
/Users/ccli/.venvs/effwidth/lib/python3.14/site-packages/sklearn/linear_model/_logistic.py:2071: FutureWarning: The default value for l1_ratios will change from None to (0.0,) in version 1.10. From version 1.10 onwards, only array-like with values in [0, 1] will be allowed, None will be forbidden. To avoid this warning, explicitly set a value, e.g. l1_ratios=(0,).
  warnings.warn(
/Users/ccli/.venvs/effwidth/lib/python3.14/site-packages/sklearn/linear_model/_logistic.py:2116: FutureWarning: The default value of the parameter 'scoring' will change from None, i.e. accuracy, to 'neg_log_loss' in version 1.11. To silence this warning, explicitly set the scoring parameter: scoring='neg_log_loss' for the new, scoring='accuracy' or scoring=None for the old default.
  warnings.warn(
/Users/ccli/.venvs/effwidth/lib/python3.14/site-packages/sklearn/linear_model/_logistic.py:2129: FutureWarning: The fitted attributes of LogisticRegressionCV will be simplified in scikit-learn 1.10 to remove redundancy. Set`use_legacy_attributes=False` to enable the new behavior now, or set it to `True` to silence this warning during the transition period while keeping the deprecated behavior for the time being. The default value of use_legacy_attributes will change from True to False in scikit-learn 1.10. See the docstring of LogisticRegressionCV for more details.
  warnings.warn(
  ruler s0 stl10: probe 76.34% (C=10.0) (2035s)
/Users/ccli/.venvs/effwidth/lib/python3.14/site-packages/sklearn/linear_model/_logistic.py:2071: FutureWarning: The default value for l1_ratios will change from None to (0.0,) in version 1.10. From version 1.10 onwards, only array-like with values in [0, 1] will be allowed, None will be forbidden. To avoid this warning, explicitly set a value, e.g. l1_ratios=(0,).
  warnings.warn(
/Users/ccli/.venvs/effwidth/lib/python3.14/site-packages/sklearn/linear_model/_logistic.py:2116: FutureWarning: The default value of the parameter 'scoring' will change from None, i.e. accuracy, to 'neg_log_loss' in version 1.11. To silence this warning, explicitly set the scoring parameter: scoring='neg_log_loss' for the new, scoring='accuracy' or scoring=None for the old default.
  warnings.warn(
/Users/ccli/.venvs/effwidth/lib/python3.14/site-packages/sklearn/linear_model/_logistic.py:2129: FutureWarning: The fitted attributes of LogisticRegressionCV will be simplified in scikit-learn 1.10 to remove redundancy. Set`use_legacy_attributes=False` to enable the new behavior now, or set it to `True` to silence this warning during the transition period while keeping the deprecated behavior for the time being. The default value of use_legacy_attributes will change from True to False in scikit-learn 1.10. See the docstring of LogisticRegressionCV for more details.
  warnings.warn(
  ruler s0 svhn: probe 31.66% (C=10.0) (2071s)
/Users/ccli/.venvs/effwidth/lib/python3.14/site-packages/sklearn/linear_model/_logistic.py:2071: FutureWarning: The default value for l1_ratios will change from None to (0.0,) in version 1.10. From version 1.10 onwards, only array-like with values in [0, 1] will be allowed, None will be forbidden. To avoid this warning, explicitly set a value, e.g. l1_ratios=(0,).
  warnings.warn(
/Users/ccli/.venvs/effwidth/lib/python3.14/site-packages/sklearn/linear_model/_logistic.py:2116: FutureWarning: The default value of the parameter 'scoring' will change from None, i.e. accuracy, to 'neg_log_loss' in version 1.11. To silence this warning, explicitly set the scoring parameter: scoring='neg_log_loss' for the new, scoring='accuracy' or scoring=None for the old default.
  warnings.warn(
/Users/ccli/.venvs/effwidth/lib/python3.14/site-packages/sklearn/linear_model/_logistic.py:2129: FutureWarning: The fitted attributes of LogisticRegressionCV will be simplified in scikit-learn 1.10 to remove redundancy. Set`use_legacy_attributes=False` to enable the new behavior now, or set it to `True` to silence this warning during the transition period while keeping the deprecated behavior for the time being. The default value of use_legacy_attributes will change from True to False in scikit-learn 1.10. See the docstring of LogisticRegressionCV for more details.
  warnings.warn(
  ruler s1 cifar100: probe 18.23% (C=100.0) (2103s)
/Users/ccli/.venvs/effwidth/lib/python3.14/site-packages/sklearn/linear_model/_logistic.py:2071: FutureWarning: The default value for l1_ratios will change from None to (0.0,) in version 1.10. From version 1.10 onwards, only array-like with values in [0, 1] will be allowed, None will be forbidden. To avoid this warning, explicitly set a value, e.g. l1_ratios=(0,).
  warnings.warn(
/Users/ccli/.venvs/effwidth/lib/python3.14/site-packages/sklearn/linear_model/_logistic.py:2116: FutureWarning: The default value of the parameter 'scoring' will change from None, i.e. accuracy, to 'neg_log_loss' in version 1.11. To silence this warning, explicitly set the scoring parameter: scoring='neg_log_loss' for the new, scoring='accuracy' or scoring=None for the old default.
  warnings.warn(
/Users/ccli/.venvs/effwidth/lib/python3.14/site-packages/sklearn/linear_model/_logistic.py:2129: FutureWarning: The fitted attributes of LogisticRegressionCV will be simplified in scikit-learn 1.10 to remove redundancy. Set`use_legacy_attributes=False` to enable the new behavior now, or set it to `True` to silence this warning during the transition period while keeping the deprecated behavior for the time being. The default value of use_legacy_attributes will change from True to False in scikit-learn 1.10. See the docstring of LogisticRegressionCV for more details.
  warnings.warn(
  ruler s1 stl10: probe 76.90% (C=0.1) (2107s)
/Users/ccli/.venvs/effwidth/lib/python3.14/site-packages/sklearn/linear_model/_logistic.py:2071: FutureWarning: The default value for l1_ratios will change from None to (0.0,) in version 1.10. From version 1.10 onwards, only array-like with values in [0, 1] will be allowed, None will be forbidden. To avoid this warning, explicitly set a value, e.g. l1_ratios=(0,).
  warnings.warn(
/Users/ccli/.venvs/effwidth/lib/python3.14/site-packages/sklearn/linear_model/_logistic.py:2116: FutureWarning: The default value of the parameter 'scoring' will change from None, i.e. accuracy, to 'neg_log_loss' in version 1.11. To silence this warning, explicitly set the scoring parameter: scoring='neg_log_loss' for the new, scoring='accuracy' or scoring=None for the old default.
  warnings.warn(
/Users/ccli/.venvs/effwidth/lib/python3.14/site-packages/sklearn/linear_model/_logistic.py:2129: FutureWarning: The fitted attributes of LogisticRegressionCV will be simplified in scikit-learn 1.10 to remove redundancy. Set`use_legacy_attributes=False` to enable the new behavior now, or set it to `True` to silence this warning during the transition period while keeping the deprecated behavior for the time being. The default value of use_legacy_attributes will change from True to False in scikit-learn 1.10. See the docstring of LogisticRegressionCV for more details.
  warnings.warn(
  ruler s1 svhn: probe 31.95% (C=1.0) (2139s)
/Users/ccli/.venvs/effwidth/lib/python3.14/site-packages/sklearn/linear_model/_logistic.py:2071: FutureWarning: The default value for l1_ratios will change from None to (0.0,) in version 1.10. From version 1.10 onwards, only array-like with values in [0, 1] will be allowed, None will be forbidden. To avoid this warning, explicitly set a value, e.g. l1_ratios=(0,).
  warnings.warn(
/Users/ccli/.venvs/effwidth/lib/python3.14/site-packages/sklearn/linear_model/_logistic.py:2116: FutureWarning: The default value of the parameter 'scoring' will change from None, i.e. accuracy, to 'neg_log_loss' in version 1.11. To silence this warning, explicitly set the scoring parameter: scoring='neg_log_loss' for the new, scoring='accuracy' or scoring=None for the old default.
  warnings.warn(
/Users/ccli/.venvs/effwidth/lib/python3.14/site-packages/sklearn/linear_model/_logistic.py:2129: FutureWarning: The fitted attributes of LogisticRegressionCV will be simplified in scikit-learn 1.10 to remove redundancy. Set`use_legacy_attributes=False` to enable the new behavior now, or set it to `True` to silence this warning during the transition period while keeping the deprecated behavior for the time being. The default value of use_legacy_attributes will change from True to False in scikit-learn 1.10. See the docstring of LogisticRegressionCV for more details.
  warnings.warn(
  ruler s2 cifar100: probe 17.91% (C=1.0) (2169s)
/Users/ccli/.venvs/effwidth/lib/python3.14/site-packages/sklearn/linear_model/_logistic.py:2071: FutureWarning: The default value for l1_ratios will change from None to (0.0,) in version 1.10. From version 1.10 onwards, only array-like with values in [0, 1] will be allowed, None will be forbidden. To avoid this warning, explicitly set a value, e.g. l1_ratios=(0,).
  warnings.warn(
/Users/ccli/.venvs/effwidth/lib/python3.14/site-packages/sklearn/linear_model/_logistic.py:2116: FutureWarning: The default value of the parameter 'scoring' will change from None, i.e. accuracy, to 'neg_log_loss' in version 1.11. To silence this warning, explicitly set the scoring parameter: scoring='neg_log_loss' for the new, scoring='accuracy' or scoring=None for the old default.
  warnings.warn(
/Users/ccli/.venvs/effwidth/lib/python3.14/site-packages/sklearn/linear_model/_logistic.py:2129: FutureWarning: The fitted attributes of LogisticRegressionCV will be simplified in scikit-learn 1.10 to remove redundancy. Set`use_legacy_attributes=False` to enable the new behavior now, or set it to `True` to silence this warning during the transition period while keeping the deprecated behavior for the time being. The default value of use_legacy_attributes will change from True to False in scikit-learn 1.10. See the docstring of LogisticRegressionCV for more details.
  warnings.warn(
  ruler s2 stl10: probe 76.51% (C=0.1) (2173s)
/Users/ccli/.venvs/effwidth/lib/python3.14/site-packages/sklearn/linear_model/_logistic.py:2071: FutureWarning: The default value for l1_ratios will change from None to (0.0,) in version 1.10. From version 1.10 onwards, only array-like with values in [0, 1] will be allowed, None will be forbidden. To avoid this warning, explicitly set a value, e.g. l1_ratios=(0,).
  warnings.warn(
/Users/ccli/.venvs/effwidth/lib/python3.14/site-packages/sklearn/linear_model/_logistic.py:2116: FutureWarning: The default value of the parameter 'scoring' will change from None, i.e. accuracy, to 'neg_log_loss' in version 1.11. To silence this warning, explicitly set the scoring parameter: scoring='neg_log_loss' for the new, scoring='accuracy' or scoring=None for the old default.
  warnings.warn(
/Users/ccli/.venvs/effwidth/lib/python3.14/site-packages/sklearn/linear_model/_logistic.py:2129: FutureWarning: The fitted attributes of LogisticRegressionCV will be simplified in scikit-learn 1.10 to remove redundancy. Set`use_legacy_attributes=False` to enable the new behavior now, or set it to `True` to silence this warning during the transition period while keeping the deprecated behavior for the time being. The default value of use_legacy_attributes will change from True to False in scikit-learn 1.10. See the docstring of LogisticRegressionCV for more details.
  warnings.warn(
  ruler s2 svhn: probe 31.78% (C=10.0) (2205s)
/Users/ccli/.venvs/effwidth/lib/python3.14/site-packages/sklearn/linear_model/_logistic.py:2071: FutureWarning: The default value for l1_ratios will change from None to (0.0,) in version 1.10. From version 1.10 onwards, only array-like with values in [0, 1] will be allowed, None will be forbidden. To avoid this warning, explicitly set a value, e.g. l1_ratios=(0,).
  warnings.warn(
/Users/ccli/.venvs/effwidth/lib/python3.14/site-packages/sklearn/linear_model/_logistic.py:2116: FutureWarning: The default value of the parameter 'scoring' will change from None, i.e. accuracy, to 'neg_log_loss' in version 1.11. To silence this warning, explicitly set the scoring parameter: scoring='neg_log_loss' for the new, scoring='accuracy' or scoring=None for the old default.
  warnings.warn(
/Users/ccli/.venvs/effwidth/lib/python3.14/site-packages/sklearn/linear_model/_logistic.py:2129: FutureWarning: The fitted attributes of LogisticRegressionCV will be simplified in scikit-learn 1.10 to remove redundancy. Set`use_legacy_attributes=False` to enable the new behavior now, or set it to `True` to silence this warning during the transition period while keeping the deprecated behavior for the time being. The default value of use_legacy_attributes will change from True to False in scikit-learn 1.10. See the docstring of LogisticRegressionCV for more details.
  warnings.warn(
  ruler_act s0 cifar100: probe 20.75% (C=1.0) (2290s)
/Users/ccli/.venvs/effwidth/lib/python3.14/site-packages/sklearn/linear_model/_logistic.py:2071: FutureWarning: The default value for l1_ratios will change from None to (0.0,) in version 1.10. From version 1.10 onwards, only array-like with values in [0, 1] will be allowed, None will be forbidden. To avoid this warning, explicitly set a value, e.g. l1_ratios=(0,).
  warnings.warn(
/Users/ccli/.venvs/effwidth/lib/python3.14/site-packages/sklearn/linear_model/_logistic.py:2116: FutureWarning: The default value of the parameter 'scoring' will change from None, i.e. accuracy, to 'neg_log_loss' in version 1.11. To silence this warning, explicitly set the scoring parameter: scoring='neg_log_loss' for the new, scoring='accuracy' or scoring=None for the old default.
  warnings.warn(
/Users/ccli/.venvs/effwidth/lib/python3.14/site-packages/sklearn/linear_model/_logistic.py:2129: FutureWarning: The fitted attributes of LogisticRegressionCV will be simplified in scikit-learn 1.10 to remove redundancy. Set`use_legacy_attributes=False` to enable the new behavior now, or set it to `True` to silence this warning during the transition period while keeping the deprecated behavior for the time being. The default value of use_legacy_attributes will change from True to False in scikit-learn 1.10. See the docstring of LogisticRegressionCV for more details.
  warnings.warn(
  ruler_act s0 stl10: probe 77.24% (C=0.1) (2298s)
/Users/ccli/.venvs/effwidth/lib/python3.14/site-packages/sklearn/linear_model/_logistic.py:2071: FutureWarning: The default value for l1_ratios will change from None to (0.0,) in version 1.10. From version 1.10 onwards, only array-like with values in [0, 1] will be allowed, None will be forbidden. To avoid this warning, explicitly set a value, e.g. l1_ratios=(0,).
  warnings.warn(
/Users/ccli/.venvs/effwidth/lib/python3.14/site-packages/sklearn/linear_model/_logistic.py:2116: FutureWarning: The default value of the parameter 'scoring' will change from None, i.e. accuracy, to 'neg_log_loss' in version 1.11. To silence this warning, explicitly set the scoring parameter: scoring='neg_log_loss' for the new, scoring='accuracy' or scoring=None for the old default.
  warnings.warn(
/Users/ccli/.venvs/effwidth/lib/python3.14/site-packages/sklearn/linear_model/_logistic.py:2129: FutureWarning: The fitted attributes of LogisticRegressionCV will be simplified in scikit-learn 1.10 to remove redundancy. Set`use_legacy_attributes=False` to enable the new behavior now, or set it to `True` to silence this warning during the transition period while keeping the deprecated behavior for the time being. The default value of use_legacy_attributes will change from True to False in scikit-learn 1.10. See the docstring of LogisticRegressionCV for more details.
  warnings.warn(
  ruler_act s0 svhn: probe 38.35% (C=100.0) (2383s)
/Users/ccli/.venvs/effwidth/lib/python3.14/site-packages/sklearn/linear_model/_logistic.py:2071: FutureWarning: The default value for l1_ratios will change from None to (0.0,) in version 1.10. From version 1.10 onwards, only array-like with values in [0, 1] will be allowed, None will be forbidden. To avoid this warning, explicitly set a value, e.g. l1_ratios=(0,).
  warnings.warn(
/Users/ccli/.venvs/effwidth/lib/python3.14/site-packages/sklearn/linear_model/_logistic.py:2116: FutureWarning: The default value of the parameter 'scoring' will change from None, i.e. accuracy, to 'neg_log_loss' in version 1.11. To silence this warning, explicitly set the scoring parameter: scoring='neg_log_loss' for the new, scoring='accuracy' or scoring=None for the old default.
  warnings.warn(
/Users/ccli/.venvs/effwidth/lib/python3.14/site-packages/sklearn/linear_model/_logistic.py:2129: FutureWarning: The fitted attributes of LogisticRegressionCV will be simplified in scikit-learn 1.10 to remove redundancy. Set`use_legacy_attributes=False` to enable the new behavior now, or set it to `True` to silence this warning during the transition period while keeping the deprecated behavior for the time being. The default value of use_legacy_attributes will change from True to False in scikit-learn 1.10. See the docstring of LogisticRegressionCV for more details.
  warnings.warn(
  ruler_act s1 cifar100: probe 21.74% (C=1.0) (2473s)
/Users/ccli/.venvs/effwidth/lib/python3.14/site-packages/sklearn/linear_model/_logistic.py:2071: FutureWarning: The default value for l1_ratios will change from None to (0.0,) in version 1.10. From version 1.10 onwards, only array-like with values in [0, 1] will be allowed, None will be forbidden. To avoid this warning, explicitly set a value, e.g. l1_ratios=(0,).
  warnings.warn(
/Users/ccli/.venvs/effwidth/lib/python3.14/site-packages/sklearn/linear_model/_logistic.py:2116: FutureWarning: The default value of the parameter 'scoring' will change from None, i.e. accuracy, to 'neg_log_loss' in version 1.11. To silence this warning, explicitly set the scoring parameter: scoring='neg_log_loss' for the new, scoring='accuracy' or scoring=None for the old default.
  warnings.warn(
/Users/ccli/.venvs/effwidth/lib/python3.14/site-packages/sklearn/linear_model/_logistic.py:2129: FutureWarning: The fitted attributes of LogisticRegressionCV will be simplified in scikit-learn 1.10 to remove redundancy. Set`use_legacy_attributes=False` to enable the new behavior now, or set it to `True` to silence this warning during the transition period while keeping the deprecated behavior for the time being. The default value of use_legacy_attributes will change from True to False in scikit-learn 1.10. See the docstring of LogisticRegressionCV for more details.
  warnings.warn(
  ruler_act s1 stl10: probe 77.24% (C=0.1) (2483s)
/Users/ccli/.venvs/effwidth/lib/python3.14/site-packages/sklearn/linear_model/_logistic.py:2071: FutureWarning: The default value for l1_ratios will change from None to (0.0,) in version 1.10. From version 1.10 onwards, only array-like with values in [0, 1] will be allowed, None will be forbidden. To avoid this warning, explicitly set a value, e.g. l1_ratios=(0,).
  warnings.warn(
/Users/ccli/.venvs/effwidth/lib/python3.14/site-packages/sklearn/linear_model/_logistic.py:2116: FutureWarning: The default value of the parameter 'scoring' will change from None, i.e. accuracy, to 'neg_log_loss' in version 1.11. To silence this warning, explicitly set the scoring parameter: scoring='neg_log_loss' for the new, scoring='accuracy' or scoring=None for the old default.
  warnings.warn(
/Users/ccli/.venvs/effwidth/lib/python3.14/site-packages/sklearn/linear_model/_logistic.py:2129: FutureWarning: The fitted attributes of LogisticRegressionCV will be simplified in scikit-learn 1.10 to remove redundancy. Set`use_legacy_attributes=False` to enable the new behavior now, or set it to `True` to silence this warning during the transition period while keeping the deprecated behavior for the time being. The default value of use_legacy_attributes will change from True to False in scikit-learn 1.10. See the docstring of LogisticRegressionCV for more details.
  warnings.warn(
  ruler_act s1 svhn: probe 39.07% (C=100.0) (2568s)
/Users/ccli/.venvs/effwidth/lib/python3.14/site-packages/sklearn/linear_model/_logistic.py:2071: FutureWarning: The default value for l1_ratios will change from None to (0.0,) in version 1.10. From version 1.10 onwards, only array-like with values in [0, 1] will be allowed, None will be forbidden. To avoid this warning, explicitly set a value, e.g. l1_ratios=(0,).
  warnings.warn(
/Users/ccli/.venvs/effwidth/lib/python3.14/site-packages/sklearn/linear_model/_logistic.py:2116: FutureWarning: The default value of the parameter 'scoring' will change from None, i.e. accuracy, to 'neg_log_loss' in version 1.11. To silence this warning, explicitly set the scoring parameter: scoring='neg_log_loss' for the new, scoring='accuracy' or scoring=None for the old default.
  warnings.warn(
/Users/ccli/.venvs/effwidth/lib/python3.14/site-packages/sklearn/linear_model/_logistic.py:2129: FutureWarning: The fitted attributes of LogisticRegressionCV will be simplified in scikit-learn 1.10 to remove redundancy. Set`use_legacy_attributes=False` to enable the new behavior now, or set it to `True` to silence this warning during the transition period while keeping the deprecated behavior for the time being. The default value of use_legacy_attributes will change from True to False in scikit-learn 1.10. See the docstring of LogisticRegressionCV for more details.
  warnings.warn(
  ruler_act s2 cifar100: probe 21.57% (C=10.0) (2657s)
/Users/ccli/.venvs/effwidth/lib/python3.14/site-packages/sklearn/linear_model/_logistic.py:2071: FutureWarning: The default value for l1_ratios will change from None to (0.0,) in version 1.10. From version 1.10 onwards, only array-like with values in [0, 1] will be allowed, None will be forbidden. To avoid this warning, explicitly set a value, e.g. l1_ratios=(0,).
  warnings.warn(
/Users/ccli/.venvs/effwidth/lib/python3.14/site-packages/sklearn/linear_model/_logistic.py:2116: FutureWarning: The default value of the parameter 'scoring' will change from None, i.e. accuracy, to 'neg_log_loss' in version 1.11. To silence this warning, explicitly set the scoring parameter: scoring='neg_log_loss' for the new, scoring='accuracy' or scoring=None for the old default.
  warnings.warn(
/Users/ccli/.venvs/effwidth/lib/python3.14/site-packages/sklearn/linear_model/_logistic.py:2129: FutureWarning: The fitted attributes of LogisticRegressionCV will be simplified in scikit-learn 1.10 to remove redundancy. Set`use_legacy_attributes=False` to enable the new behavior now, or set it to `True` to silence this warning during the transition period while keeping the deprecated behavior for the time being. The default value of use_legacy_attributes will change from True to False in scikit-learn 1.10. See the docstring of LogisticRegressionCV for more details.
  warnings.warn(
  ruler_act s2 stl10: probe 77.14% (C=0.1) (2666s)
/Users/ccli/.venvs/effwidth/lib/python3.14/site-packages/sklearn/linear_model/_logistic.py:2071: FutureWarning: The default value for l1_ratios will change from None to (0.0,) in version 1.10. From version 1.10 onwards, only array-like with values in [0, 1] will be allowed, None will be forbidden. To avoid this warning, explicitly set a value, e.g. l1_ratios=(0,).
  warnings.warn(
/Users/ccli/.venvs/effwidth/lib/python3.14/site-packages/sklearn/linear_model/_logistic.py:2116: FutureWarning: The default value of the parameter 'scoring' will change from None, i.e. accuracy, to 'neg_log_loss' in version 1.11. To silence this warning, explicitly set the scoring parameter: scoring='neg_log_loss' for the new, scoring='accuracy' or scoring=None for the old default.
  warnings.warn(
/Users/ccli/.venvs/effwidth/lib/python3.14/site-packages/sklearn/linear_model/_logistic.py:2129: FutureWarning: The fitted attributes of LogisticRegressionCV will be simplified in scikit-learn 1.10 to remove redundancy. Set`use_legacy_attributes=False` to enable the new behavior now, or set it to `True` to silence this warning during the transition period while keeping the deprecated behavior for the time being. The default value of use_legacy_attributes will change from True to False in scikit-learn 1.10. See the docstring of LogisticRegressionCV for more details.
  warnings.warn(
  ruler_act s2 svhn: probe 39.55% (C=10.0) (2749s)
/Users/ccli/.venvs/effwidth/lib/python3.14/site-packages/sklearn/linear_model/_logistic.py:2071: FutureWarning: The default value for l1_ratios will change from None to (0.0,) in version 1.10. From version 1.10 onwards, only array-like with values in [0, 1] will be allowed, None will be forbidden. To avoid this warning, explicitly set a value, e.g. l1_ratios=(0,).
  warnings.warn(
/Users/ccli/.venvs/effwidth/lib/python3.14/site-packages/sklearn/linear_model/_logistic.py:2116: FutureWarning: The default value of the parameter 'scoring' will change from None, i.e. accuracy, to 'neg_log_loss' in version 1.11. To silence this warning, explicitly set the scoring parameter: scoring='neg_log_loss' for the new, scoring='accuracy' or scoring=None for the old default.
  warnings.warn(
/Users/ccli/.venvs/effwidth/lib/python3.14/site-packages/sklearn/linear_model/_logistic.py:2129: FutureWarning: The fitted attributes of LogisticRegressionCV will be simplified in scikit-learn 1.10 to remove redundancy. Set`use_legacy_attributes=False` to enable the new behavior now, or set it to `True` to silence this warning during the transition period while keeping the deprecated behavior for the time being. The default value of use_legacy_attributes will change from True to False in scikit-learn 1.10. See the docstring of LogisticRegressionCV for more details.
  warnings.warn(
  uniform s0 cifar100: probe 22.62% (C=1.0) (2866s)
/Users/ccli/.venvs/effwidth/lib/python3.14/site-packages/sklearn/linear_model/_logistic.py:2071: FutureWarning: The default value for l1_ratios will change from None to (0.0,) in version 1.10. From version 1.10 onwards, only array-like with values in [0, 1] will be allowed, None will be forbidden. To avoid this warning, explicitly set a value, e.g. l1_ratios=(0,).
  warnings.warn(
/Users/ccli/.venvs/effwidth/lib/python3.14/site-packages/sklearn/linear_model/_logistic.py:2116: FutureWarning: The default value of the parameter 'scoring' will change from None, i.e. accuracy, to 'neg_log_loss' in version 1.11. To silence this warning, explicitly set the scoring parameter: scoring='neg_log_loss' for the new, scoring='accuracy' or scoring=None for the old default.
  warnings.warn(
/Users/ccli/.venvs/effwidth/lib/python3.14/site-packages/sklearn/linear_model/_logistic.py:2129: FutureWarning: The fitted attributes of LogisticRegressionCV will be simplified in scikit-learn 1.10 to remove redundancy. Set`use_legacy_attributes=False` to enable the new behavior now, or set it to `True` to silence this warning during the transition period while keeping the deprecated behavior for the time being. The default value of use_legacy_attributes will change from True to False in scikit-learn 1.10. See the docstring of LogisticRegressionCV for more details.
  warnings.warn(
  uniform s0 stl10: probe 76.28% (C=0.1) (2877s)
/Users/ccli/.venvs/effwidth/lib/python3.14/site-packages/sklearn/linear_model/_logistic.py:2071: FutureWarning: The default value for l1_ratios will change from None to (0.0,) in version 1.10. From version 1.10 onwards, only array-like with values in [0, 1] will be allowed, None will be forbidden. To avoid this warning, explicitly set a value, e.g. l1_ratios=(0,).
  warnings.warn(
/Users/ccli/.venvs/effwidth/lib/python3.14/site-packages/sklearn/linear_model/_logistic.py:2116: FutureWarning: The default value of the parameter 'scoring' will change from None, i.e. accuracy, to 'neg_log_loss' in version 1.11. To silence this warning, explicitly set the scoring parameter: scoring='neg_log_loss' for the new, scoring='accuracy' or scoring=None for the old default.
  warnings.warn(
/Users/ccli/.venvs/effwidth/lib/python3.14/site-packages/sklearn/linear_model/_logistic.py:2129: FutureWarning: The fitted attributes of LogisticRegressionCV will be simplified in scikit-learn 1.10 to remove redundancy. Set`use_legacy_attributes=False` to enable the new behavior now, or set it to `True` to silence this warning during the transition period while keeping the deprecated behavior for the time being. The default value of use_legacy_attributes will change from True to False in scikit-learn 1.10. See the docstring of LogisticRegressionCV for more details.
  warnings.warn(
  uniform s0 svhn: probe 41.47% (C=10.0) (2991s)
/Users/ccli/.venvs/effwidth/lib/python3.14/site-packages/sklearn/linear_model/_logistic.py:2071: FutureWarning: The default value for l1_ratios will change from None to (0.0,) in version 1.10. From version 1.10 onwards, only array-like with values in [0, 1] will be allowed, None will be forbidden. To avoid this warning, explicitly set a value, e.g. l1_ratios=(0,).
  warnings.warn(
/Users/ccli/.venvs/effwidth/lib/python3.14/site-packages/sklearn/linear_model/_logistic.py:2116: FutureWarning: The default value of the parameter 'scoring' will change from None, i.e. accuracy, to 'neg_log_loss' in version 1.11. To silence this warning, explicitly set the scoring parameter: scoring='neg_log_loss' for the new, scoring='accuracy' or scoring=None for the old default.
  warnings.warn(
/Users/ccli/.venvs/effwidth/lib/python3.14/site-packages/sklearn/linear_model/_logistic.py:2129: FutureWarning: The fitted attributes of LogisticRegressionCV will be simplified in scikit-learn 1.10 to remove redundancy. Set`use_legacy_attributes=False` to enable the new behavior now, or set it to `True` to silence this warning during the transition period while keeping the deprecated behavior for the time being. The default value of use_legacy_attributes will change from True to False in scikit-learn 1.10. See the docstring of LogisticRegressionCV for more details.
  warnings.warn(
  uniform s1 cifar100: probe 22.66% (C=1.0) (3122s)
/Users/ccli/.venvs/effwidth/lib/python3.14/site-packages/sklearn/linear_model/_logistic.py:2071: FutureWarning: The default value for l1_ratios will change from None to (0.0,) in version 1.10. From version 1.10 onwards, only array-like with values in [0, 1] will be allowed, None will be forbidden. To avoid this warning, explicitly set a value, e.g. l1_ratios=(0,).
  warnings.warn(
/Users/ccli/.venvs/effwidth/lib/python3.14/site-packages/sklearn/linear_model/_logistic.py:2116: FutureWarning: The default value of the parameter 'scoring' will change from None, i.e. accuracy, to 'neg_log_loss' in version 1.11. To silence this warning, explicitly set the scoring parameter: scoring='neg_log_loss' for the new, scoring='accuracy' or scoring=None for the old default.
  warnings.warn(
/Users/ccli/.venvs/effwidth/lib/python3.14/site-packages/sklearn/linear_model/_logistic.py:2129: FutureWarning: The fitted attributes of LogisticRegressionCV will be simplified in scikit-learn 1.10 to remove redundancy. Set`use_legacy_attributes=False` to enable the new behavior now, or set it to `True` to silence this warning during the transition period while keeping the deprecated behavior for the time being. The default value of use_legacy_attributes will change from True to False in scikit-learn 1.10. See the docstring of LogisticRegressionCV for more details.
  warnings.warn(
  uniform s1 stl10: probe 76.19% (C=0.01) (3133s)
/Users/ccli/.venvs/effwidth/lib/python3.14/site-packages/sklearn/linear_model/_logistic.py:2071: FutureWarning: The default value for l1_ratios will change from None to (0.0,) in version 1.10. From version 1.10 onwards, only array-like with values in [0, 1] will be allowed, None will be forbidden. To avoid this warning, explicitly set a value, e.g. l1_ratios=(0,).
  warnings.warn(
/Users/ccli/.venvs/effwidth/lib/python3.14/site-packages/sklearn/linear_model/_logistic.py:2116: FutureWarning: The default value of the parameter 'scoring' will change from None, i.e. accuracy, to 'neg_log_loss' in version 1.11. To silence this warning, explicitly set the scoring parameter: scoring='neg_log_loss' for the new, scoring='accuracy' or scoring=None for the old default.
  warnings.warn(
/Users/ccli/.venvs/effwidth/lib/python3.14/site-packages/sklearn/linear_model/_logistic.py:2129: FutureWarning: The fitted attributes of LogisticRegressionCV will be simplified in scikit-learn 1.10 to remove redundancy. Set`use_legacy_attributes=False` to enable the new behavior now, or set it to `True` to silence this warning during the transition period while keeping the deprecated behavior for the time being. The default value of use_legacy_attributes will change from True to False in scikit-learn 1.10. See the docstring of LogisticRegressionCV for more details.
  warnings.warn(
  uniform s1 svhn: probe 43.70% (C=100.0) (3251s)
/Users/ccli/.venvs/effwidth/lib/python3.14/site-packages/sklearn/linear_model/_logistic.py:2071: FutureWarning: The default value for l1_ratios will change from None to (0.0,) in version 1.10. From version 1.10 onwards, only array-like with values in [0, 1] will be allowed, None will be forbidden. To avoid this warning, explicitly set a value, e.g. l1_ratios=(0,).
  warnings.warn(
/Users/ccli/.venvs/effwidth/lib/python3.14/site-packages/sklearn/linear_model/_logistic.py:2116: FutureWarning: The default value of the parameter 'scoring' will change from None, i.e. accuracy, to 'neg_log_loss' in version 1.11. To silence this warning, explicitly set the scoring parameter: scoring='neg_log_loss' for the new, scoring='accuracy' or scoring=None for the old default.
  warnings.warn(
/Users/ccli/.venvs/effwidth/lib/python3.14/site-packages/sklearn/linear_model/_logistic.py:2129: FutureWarning: The fitted attributes of LogisticRegressionCV will be simplified in scikit-learn 1.10 to remove redundancy. Set`use_legacy_attributes=False` to enable the new behavior now, or set it to `True` to silence this warning during the transition period while keeping the deprecated behavior for the time being. The default value of use_legacy_attributes will change from True to False in scikit-learn 1.10. See the docstring of LogisticRegressionCV for more details.
  warnings.warn(
  uniform s2 cifar100: probe 22.16% (C=1.0) (3386s)
/Users/ccli/.venvs/effwidth/lib/python3.14/site-packages/sklearn/linear_model/_logistic.py:2071: FutureWarning: The default value for l1_ratios will change from None to (0.0,) in version 1.10. From version 1.10 onwards, only array-like with values in [0, 1] will be allowed, None will be forbidden. To avoid this warning, explicitly set a value, e.g. l1_ratios=(0,).
  warnings.warn(
/Users/ccli/.venvs/effwidth/lib/python3.14/site-packages/sklearn/linear_model/_logistic.py:2116: FutureWarning: The default value of the parameter 'scoring' will change from None, i.e. accuracy, to 'neg_log_loss' in version 1.11. To silence this warning, explicitly set the scoring parameter: scoring='neg_log_loss' for the new, scoring='accuracy' or scoring=None for the old default.
  warnings.warn(
/Users/ccli/.venvs/effwidth/lib/python3.14/site-packages/sklearn/linear_model/_logistic.py:2129: FutureWarning: The fitted attributes of LogisticRegressionCV will be simplified in scikit-learn 1.10 to remove redundancy. Set`use_legacy_attributes=False` to enable the new behavior now, or set it to `True` to silence this warning during the transition period while keeping the deprecated behavior for the time being. The default value of use_legacy_attributes will change from True to False in scikit-learn 1.10. See the docstring of LogisticRegressionCV for more details.
  warnings.warn(
  uniform s2 stl10: probe 75.88% (C=0.1) (3398s)
/Users/ccli/.venvs/effwidth/lib/python3.14/site-packages/sklearn/linear_model/_logistic.py:2071: FutureWarning: The default value for l1_ratios will change from None to (0.0,) in version 1.10. From version 1.10 onwards, only array-like with values in [0, 1] will be allowed, None will be forbidden. To avoid this warning, explicitly set a value, e.g. l1_ratios=(0,).
  warnings.warn(
/Users/ccli/.venvs/effwidth/lib/python3.14/site-packages/sklearn/linear_model/_logistic.py:2116: FutureWarning: The default value of the parameter 'scoring' will change from None, i.e. accuracy, to 'neg_log_loss' in version 1.11. To silence this warning, explicitly set the scoring parameter: scoring='neg_log_loss' for the new, scoring='accuracy' or scoring=None for the old default.
  warnings.warn(
/Users/ccli/.venvs/effwidth/lib/python3.14/site-packages/sklearn/linear_model/_logistic.py:2129: FutureWarning: The fitted attributes of LogisticRegressionCV will be simplified in scikit-learn 1.10 to remove redundancy. Set`use_legacy_attributes=False` to enable the new behavior now, or set it to `True` to silence this warning during the transition period while keeping the deprecated behavior for the time being. The default value of use_legacy_attributes will change from True to False in scikit-learn 1.10. See the docstring of LogisticRegressionCV for more details.
  warnings.warn(
  uniform s2 svhn: probe 40.80% (C=10.0) (3509s)
/Users/ccli/.venvs/effwidth/lib/python3.14/site-packages/sklearn/linear_model/_logistic.py:2071: FutureWarning: The default value for l1_ratios will change from None to (0.0,) in version 1.10. From version 1.10 onwards, only array-like with values in [0, 1] will be allowed, None will be forbidden. To avoid this warning, explicitly set a value, e.g. l1_ratios=(0,).
  warnings.warn(
/Users/ccli/.venvs/effwidth/lib/python3.14/site-packages/sklearn/linear_model/_logistic.py:2116: FutureWarning: The default value of the parameter 'scoring' will change from None, i.e. accuracy, to 'neg_log_loss' in version 1.11. To silence this warning, explicitly set the scoring parameter: scoring='neg_log_loss' for the new, scoring='accuracy' or scoring=None for the old default.
  warnings.warn(
/Users/ccli/.venvs/effwidth/lib/python3.14/site-packages/sklearn/linear_model/_logistic.py:2129: FutureWarning: The fitted attributes of LogisticRegressionCV will be simplified in scikit-learn 1.10 to remove redundancy. Set`use_legacy_attributes=False` to enable the new behavior now, or set it to `True` to silence this warning during the transition period while keeping the deprecated behavior for the time being. The default value of use_legacy_attributes will change from True to False in scikit-learn 1.10. See the docstring of LogisticRegressionCV for more details.
  warnings.warn(
  ruler95 s0 cifar100: probe 17.49% (C=1.0) (3529s)
/Users/ccli/.venvs/effwidth/lib/python3.14/site-packages/sklearn/linear_model/_logistic.py:2071: FutureWarning: The default value for l1_ratios will change from None to (0.0,) in version 1.10. From version 1.10 onwards, only array-like with values in [0, 1] will be allowed, None will be forbidden. To avoid this warning, explicitly set a value, e.g. l1_ratios=(0,).
  warnings.warn(
/Users/ccli/.venvs/effwidth/lib/python3.14/site-packages/sklearn/linear_model/_logistic.py:2116: FutureWarning: The default value of the parameter 'scoring' will change from None, i.e. accuracy, to 'neg_log_loss' in version 1.11. To silence this warning, explicitly set the scoring parameter: scoring='neg_log_loss' for the new, scoring='accuracy' or scoring=None for the old default.
  warnings.warn(
/Users/ccli/.venvs/effwidth/lib/python3.14/site-packages/sklearn/linear_model/_logistic.py:2129: FutureWarning: The fitted attributes of LogisticRegressionCV will be simplified in scikit-learn 1.10 to remove redundancy. Set`use_legacy_attributes=False` to enable the new behavior now, or set it to `True` to silence this warning during the transition period while keeping the deprecated behavior for the time being. The default value of use_legacy_attributes will change from True to False in scikit-learn 1.10. See the docstring of LogisticRegressionCV for more details.
  warnings.warn(
  ruler95 s0 stl10: probe 74.52% (C=1.0) (3533s)
/Users/ccli/.venvs/effwidth/lib/python3.14/site-packages/sklearn/linear_model/_logistic.py:2071: FutureWarning: The default value for l1_ratios will change from None to (0.0,) in version 1.10. From version 1.10 onwards, only array-like with values in [0, 1] will be allowed, None will be forbidden. To avoid this warning, explicitly set a value, e.g. l1_ratios=(0,).
  warnings.warn(
/Users/ccli/.venvs/effwidth/lib/python3.14/site-packages/sklearn/linear_model/_logistic.py:2116: FutureWarning: The default value of the parameter 'scoring' will change from None, i.e. accuracy, to 'neg_log_loss' in version 1.11. To silence this warning, explicitly set the scoring parameter: scoring='neg_log_loss' for the new, scoring='accuracy' or scoring=None for the old default.
  warnings.warn(
/Users/ccli/.venvs/effwidth/lib/python3.14/site-packages/sklearn/linear_model/_logistic.py:2129: FutureWarning: The fitted attributes of LogisticRegressionCV will be simplified in scikit-learn 1.10 to remove redundancy. Set`use_legacy_attributes=False` to enable the new behavior now, or set it to `True` to silence this warning during the transition period while keeping the deprecated behavior for the time being. The default value of use_legacy_attributes will change from True to False in scikit-learn 1.10. See the docstring of LogisticRegressionCV for more details.
  warnings.warn(
  ruler95 s0 svhn: probe 31.66% (C=1.0) (3547s)
/Users/ccli/.venvs/effwidth/lib/python3.14/site-packages/sklearn/linear_model/_logistic.py:2071: FutureWarning: The default value for l1_ratios will change from None to (0.0,) in version 1.10. From version 1.10 onwards, only array-like with values in [0, 1] will be allowed, None will be forbidden. To avoid this warning, explicitly set a value, e.g. l1_ratios=(0,).
  warnings.warn(
/Users/ccli/.venvs/effwidth/lib/python3.14/site-packages/sklearn/linear_model/_logistic.py:2116: FutureWarning: The default value of the parameter 'scoring' will change from None, i.e. accuracy, to 'neg_log_loss' in version 1.11. To silence this warning, explicitly set the scoring parameter: scoring='neg_log_loss' for the new, scoring='accuracy' or scoring=None for the old default.
  warnings.warn(
/Users/ccli/.venvs/effwidth/lib/python3.14/site-packages/sklearn/linear_model/_logistic.py:2129: FutureWarning: The fitted attributes of LogisticRegressionCV will be simplified in scikit-learn 1.10 to remove redundancy. Set`use_legacy_attributes=False` to enable the new behavior now, or set it to `True` to silence this warning during the transition period while keeping the deprecated behavior for the time being. The default value of use_legacy_attributes will change from True to False in scikit-learn 1.10. See the docstring of LogisticRegressionCV for more details.
  warnings.warn(
  ruler95 s1 cifar100: probe 17.48% (C=1.0) (3568s)
/Users/ccli/.venvs/effwidth/lib/python3.14/site-packages/sklearn/linear_model/_logistic.py:2071: FutureWarning: The default value for l1_ratios will change from None to (0.0,) in version 1.10. From version 1.10 onwards, only array-like with values in [0, 1] will be allowed, None will be forbidden. To avoid this warning, explicitly set a value, e.g. l1_ratios=(0,).
  warnings.warn(
/Users/ccli/.venvs/effwidth/lib/python3.14/site-packages/sklearn/linear_model/_logistic.py:2116: FutureWarning: The default value of the parameter 'scoring' will change from None, i.e. accuracy, to 'neg_log_loss' in version 1.11. To silence this warning, explicitly set the scoring parameter: scoring='neg_log_loss' for the new, scoring='accuracy' or scoring=None for the old default.
  warnings.warn(
/Users/ccli/.venvs/effwidth/lib/python3.14/site-packages/sklearn/linear_model/_logistic.py:2129: FutureWarning: The fitted attributes of LogisticRegressionCV will be simplified in scikit-learn 1.10 to remove redundancy. Set`use_legacy_attributes=False` to enable the new behavior now, or set it to `True` to silence this warning during the transition period while keeping the deprecated behavior for the time being. The default value of use_legacy_attributes will change from True to False in scikit-learn 1.10. See the docstring of LogisticRegressionCV for more details.
  warnings.warn(
  ruler95 s1 stl10: probe 74.48% (C=1.0) (3571s)
/Users/ccli/.venvs/effwidth/lib/python3.14/site-packages/sklearn/linear_model/_logistic.py:2071: FutureWarning: The default value for l1_ratios will change from None to (0.0,) in version 1.10. From version 1.10 onwards, only array-like with values in [0, 1] will be allowed, None will be forbidden. To avoid this warning, explicitly set a value, e.g. l1_ratios=(0,).
  warnings.warn(
/Users/ccli/.venvs/effwidth/lib/python3.14/site-packages/sklearn/linear_model/_logistic.py:2116: FutureWarning: The default value of the parameter 'scoring' will change from None, i.e. accuracy, to 'neg_log_loss' in version 1.11. To silence this warning, explicitly set the scoring parameter: scoring='neg_log_loss' for the new, scoring='accuracy' or scoring=None for the old default.
  warnings.warn(
/Users/ccli/.venvs/effwidth/lib/python3.14/site-packages/sklearn/linear_model/_logistic.py:2129: FutureWarning: The fitted attributes of LogisticRegressionCV will be simplified in scikit-learn 1.10 to remove redundancy. Set`use_legacy_attributes=False` to enable the new behavior now, or set it to `True` to silence this warning during the transition period while keeping the deprecated behavior for the time being. The default value of use_legacy_attributes will change from True to False in scikit-learn 1.10. See the docstring of LogisticRegressionCV for more details.
  warnings.warn(
  ruler95 s1 svhn: probe 30.83% (C=0.1) (3584s)
/Users/ccli/.venvs/effwidth/lib/python3.14/site-packages/sklearn/linear_model/_logistic.py:2071: FutureWarning: The default value for l1_ratios will change from None to (0.0,) in version 1.10. From version 1.10 onwards, only array-like with values in [0, 1] will be allowed, None will be forbidden. To avoid this warning, explicitly set a value, e.g. l1_ratios=(0,).
  warnings.warn(
/Users/ccli/.venvs/effwidth/lib/python3.14/site-packages/sklearn/linear_model/_logistic.py:2116: FutureWarning: The default value of the parameter 'scoring' will change from None, i.e. accuracy, to 'neg_log_loss' in version 1.11. To silence this warning, explicitly set the scoring parameter: scoring='neg_log_loss' for the new, scoring='accuracy' or scoring=None for the old default.
  warnings.warn(
/Users/ccli/.venvs/effwidth/lib/python3.14/site-packages/sklearn/linear_model/_logistic.py:2129: FutureWarning: The fitted attributes of LogisticRegressionCV will be simplified in scikit-learn 1.10 to remove redundancy. Set`use_legacy_attributes=False` to enable the new behavior now, or set it to `True` to silence this warning during the transition period while keeping the deprecated behavior for the time being. The default value of use_legacy_attributes will change from True to False in scikit-learn 1.10. See the docstring of LogisticRegressionCV for more details.
  warnings.warn(
  ruler95 s2 cifar100: probe 17.66% (C=1.0) (3605s)
/Users/ccli/.venvs/effwidth/lib/python3.14/site-packages/sklearn/linear_model/_logistic.py:2071: FutureWarning: The default value for l1_ratios will change from None to (0.0,) in version 1.10. From version 1.10 onwards, only array-like with values in [0, 1] will be allowed, None will be forbidden. To avoid this warning, explicitly set a value, e.g. l1_ratios=(0,).
  warnings.warn(
/Users/ccli/.venvs/effwidth/lib/python3.14/site-packages/sklearn/linear_model/_logistic.py:2116: FutureWarning: The default value of the parameter 'scoring' will change from None, i.e. accuracy, to 'neg_log_loss' in version 1.11. To silence this warning, explicitly set the scoring parameter: scoring='neg_log_loss' for the new, scoring='accuracy' or scoring=None for the old default.
  warnings.warn(
/Users/ccli/.venvs/effwidth/lib/python3.14/site-packages/sklearn/linear_model/_logistic.py:2129: FutureWarning: The fitted attributes of LogisticRegressionCV will be simplified in scikit-learn 1.10 to remove redundancy. Set`use_legacy_attributes=False` to enable the new behavior now, or set it to `True` to silence this warning during the transition period while keeping the deprecated behavior for the time being. The default value of use_legacy_attributes will change from True to False in scikit-learn 1.10. See the docstring of LogisticRegressionCV for more details.
  warnings.warn(
  ruler95 s2 stl10: probe 74.09% (C=0.1) (3608s)
/Users/ccli/.venvs/effwidth/lib/python3.14/site-packages/sklearn/linear_model/_logistic.py:2071: FutureWarning: The default value for l1_ratios will change from None to (0.0,) in version 1.10. From version 1.10 onwards, only array-like with values in [0, 1] will be allowed, None will be forbidden. To avoid this warning, explicitly set a value, e.g. l1_ratios=(0,).
  warnings.warn(
/Users/ccli/.venvs/effwidth/lib/python3.14/site-packages/sklearn/linear_model/_logistic.py:2116: FutureWarning: The default value of the parameter 'scoring' will change from None, i.e. accuracy, to 'neg_log_loss' in version 1.11. To silence this warning, explicitly set the scoring parameter: scoring='neg_log_loss' for the new, scoring='accuracy' or scoring=None for the old default.
  warnings.warn(
/Users/ccli/.venvs/effwidth/lib/python3.14/site-packages/sklearn/linear_model/_logistic.py:2129: FutureWarning: The fitted attributes of LogisticRegressionCV will be simplified in scikit-learn 1.10 to remove redundancy. Set`use_legacy_attributes=False` to enable the new behavior now, or set it to `True` to silence this warning during the transition period while keeping the deprecated behavior for the time being. The default value of use_legacy_attributes will change from True to False in scikit-learn 1.10. See the docstring of LogisticRegressionCV for more details.
  warnings.warn(
  ruler95 s2 svhn: probe 29.92% (C=10.0) (3622s)
wrote ../results/repr/probe.csv
=== a20 local done Fri Sep 11 10:13:15 CST 2026 ===
