Fri Sep 11 00:13:08 UTC 2026 alive; last change 1 min ago; 
Fri Sep 11 00:23:08 UTC 2026 alive; last change 1 min ago;   epoch   1/90  lr 0.1000  loss 4.917  top1 21.86  top5 45.63  (1114s, 1150 img/s)
Fri Sep 11 00:33:08 UTC 2026 alive; last change 0 min ago;   epoch   1/90  lr 0.1000  loss 4.917  top1 21.86  top5 45.63  (1114s, 1150 img/s)
Fri Sep 11 00:43:08 UTC 2026 alive; last change 0 min ago;   epoch   2/90  lr 0.1000  loss 3.512  top1 31.03  top5 57.04  (1125s, 1139 img/s)
Fri Sep 11 00:53:08 UTC 2026 alive; last change 0 min ago;   epoch   3/90  lr 0.1000  loss 3.104  top1 39.46  top5 66.27  (1115s, 1149 img/s)
Fri Sep 11 01:03:08 UTC 2026 alive; last change 0 min ago;   epoch   3/90  lr 0.1000  loss 3.104  top1 39.46  top5 66.27  (1115s, 1149 img/s)
Fri Sep 11 01:13:08 UTC 2026 alive; last change 0 min ago;   epoch   4/90  lr 0.1000  loss 2.921  top1 38.44  top5 65.27  (809s, 1584 img/s)
Fri Sep 11 01:23:08 UTC 2026 alive; last change 0 min ago;   epoch   5/90  lr 0.1000  loss 2.810  top1 40.67  top5 67.63  (558s, 2295 img/s)
Fri Sep 11 01:33:08 UTC 2026 alive; last change 0 min ago;   epoch   6/90  lr 0.1000  loss 2.739  top1 44.24  top5 70.91  (621s, 2063 img/s)
Fri Sep 11 01:43:08 UTC 2026 alive; last change 0 min ago;   epoch   7/90  lr 0.1000  loss 2.694  top1 45.28  top5 72.14  (554s, 2311 img/s)
Fri Sep 11 01:53:08 UTC 2026 alive; last change 0 min ago;   epoch   8/90  lr 0.1000  loss 2.655  top1 44.70  top5 71.45  (619s, 2070 img/s)
Fri Sep 11 02:03:09 UTC 2026 alive; last change 0 min ago;   epoch   9/90  lr 0.1000  loss 2.630  top1 44.33  top5 70.91  (556s, 2303 img/s)
Fri Sep 11 02:13:09 UTC 2026 alive; last change 0 min ago;   epoch  10/90  lr 0.1000  loss 2.606  top1 45.15  top5 71.58  (611s, 2096 img/s)
Fri Sep 11 02:23:09 UTC 2026 alive; last change 0 min ago;   epoch  11/90  lr 0.1000  loss 2.590  top1 45.94  top5 72.48  (553s, 2318 img/s)
Fri Sep 11 02:33:09 UTC 2026 alive; last change 0 min ago;   epoch  12/90  lr 0.1000  loss 2.572  top1 44.87  top5 70.82  (620s, 2066 img/s)
Fri Sep 11 02:43:09 UTC 2026 alive; last change 0 min ago;   epoch  13/90  lr 0.1000  loss 2.562  top1 45.34  top5 71.91  (556s, 2305 img/s)
Fri Sep 11 02:53:09 UTC 2026 alive; last change 0 min ago;   epoch  14/90  lr 0.1000  loss 2.553  top1 45.21  top5 71.70  (619s, 2071 img/s)
Fri Sep 11 03:03:09 UTC 2026 alive; last change 0 min ago;   epoch  15/90  lr 0.1000  loss 2.537  top1 47.66  top5 74.05  (552s, 2321 img/s)
Fri Sep 11 03:13:09 UTC 2026 alive; last change 0 min ago;   epoch  16/90  lr 0.1000  loss 2.532  top1 48.40  top5 75.12  (625s, 2050 img/s)
Fri Sep 11 03:23:09 UTC 2026 alive; last change 0 min ago;   epoch  17/90  lr 0.1000  loss 2.523  top1 47.63  top5 73.77  (558s, 2297 img/s)
Fri Sep 11 03:33:09 UTC 2026 alive; last change 0 min ago;   epoch  18/90  lr 0.1000  loss 2.519  top1 47.73  top5 73.99  (612s, 2093 img/s)
Fri Sep 11 03:43:09 UTC 2026 alive; last change 0 min ago;   epoch  19/90  lr 0.1000  loss 2.508  top1 48.45  top5 74.43  (558s, 2296 img/s)
Fri Sep 11 03:53:09 UTC 2026 alive; last change 0 min ago;   epoch  20/90  lr 0.1000  loss 2.506  top1 47.79  top5 73.80  (618s, 2074 img/s)
Fri Sep 11 04:03:10 UTC 2026 alive; last change 0 min ago;   epoch  21/90  lr 0.1000  loss 2.498  top1 48.67  top5 75.20  (551s, 2325 img/s)
Fri Sep 11 04:13:10 UTC 2026 alive; last change 0 min ago;   epoch  22/90  lr 0.1000  loss 2.496  top1 45.51  top5 71.74  (602s, 2129 img/s)
Fri Sep 11 04:23:10 UTC 2026 alive; last change 0 min ago;   epoch  23/90  lr 0.1000  loss 2.490  top1 48.19  top5 74.63  (548s, 2336 img/s)
Fri Sep 11 04:33:10 UTC 2026 alive; last change 0 min ago;   epoch  24/90  lr 0.1000  loss 2.487  top1 46.71  top5 73.15  (548s, 2338 img/s)
Fri Sep 11 04:43:10 UTC 2026 alive; last change 0 min ago;   epoch  25/90  lr 0.1000  loss 2.483  top1 47.79  top5 74.40  (556s, 2304 img/s)
Fri Sep 11 04:53:10 UTC 2026 alive; last change 0 min ago;   epoch  26/90  lr 0.1000  loss 2.479  top1 48.45  top5 74.72  (550s, 2330 img/s)
Fri Sep 11 05:03:10 UTC 2026 alive; last change 0 min ago;   epoch  27/90  lr 0.1000  loss 2.478  top1 48.28  top5 74.88  (609s, 2102 img/s)
Fri Sep 11 05:13:10 UTC 2026 alive; last change 0 min ago;   epoch  28/90  lr 0.1000  loss 2.476  top1 47.59  top5 74.14  (554s, 2311 img/s)
Fri Sep 11 05:23:10 UTC 2026 alive; last change 0 min ago;   epoch  29/90  lr 0.1000  loss 2.470  top1 48.13  top5 74.39  (587s, 2184 img/s)
Fri Sep 11 05:33:10 UTC 2026 alive; last change 0 min ago;   epoch  30/90  lr 0.1000  loss 2.466  top1 47.75  top5 73.84  (550s, 2327 img/s)
Fri Sep 11 05:43:10 UTC 2026 alive; last change 0 min ago;   epoch  31/90  lr 0.0100  loss 1.948  top1 62.02  top5 84.48  (568s, 2255 img/s)
Fri Sep 11 05:53:10 UTC 2026 alive; last change 0 min ago;   epoch  32/90  lr 0.0100  loss 1.831  top1 62.99  top5 85.14  (612s, 2093 img/s)
Fri Sep 11 06:03:10 UTC 2026 alive; last change 0 min ago;   epoch  33/90  lr 0.0100  loss 1.785  top1 63.51  top5 85.64  (549s, 2331 img/s)
Fri Sep 11 06:13:11 UTC 2026 alive; last change 0 min ago;   epoch  34/90  lr 0.0100  loss 1.755  top1 63.71  top5 85.76  (547s, 2344 img/s)
Fri Sep 11 06:23:11 UTC 2026 alive; last change 0 min ago;   epoch  35/90  lr 0.0100  loss 1.737  top1 64.22  top5 86.07  (552s, 2321 img/s)
Fri Sep 11 06:33:11 UTC 2026 alive; last change 0 min ago;   epoch  36/90  lr 0.0100  loss 1.725  top1 64.17  top5 85.94  (614s, 2085 img/s)
Fri Sep 11 06:43:11 UTC 2026 alive; last change 0 min ago;   epoch  37/90  lr 0.0100  loss 1.716  top1 64.04  top5 85.79  (551s, 2325 img/s)
Fri Sep 11 06:53:11 UTC 2026 alive; last change 0 min ago;   epoch  38/90  lr 0.0100  loss 1.711  top1 64.04  top5 85.75  (638s, 2007 img/s)
Fri Sep 11 07:03:11 UTC 2026 alive; last change 0 min ago;   epoch  39/90  lr 0.0100  loss 1.707  top1 64.16  top5 85.87  (561s, 2285 img/s)
Fri Sep 11 07:13:11 UTC 2026 alive; last change 0 min ago;   epoch  40/90  lr 0.0100  loss 1.706  top1 64.23  top5 86.07  (635s, 2017 img/s)
Fri Sep 11 07:23:11 UTC 2026 alive; last change 0 min ago;   epoch  41/90  lr 0.0100  loss 1.704  top1 64.08  top5 85.95  (557s, 2300 img/s)
Fri Sep 11 07:33:11 UTC 2026 alive; last change 0 min ago;   epoch  42/90  lr 0.0100  loss 1.706  top1 63.45  top5 85.83  (632s, 2027 img/s)
Fri Sep 11 07:43:11 UTC 2026 alive; last change 0 min ago;   epoch  43/90  lr 0.0100  loss 1.707  top1 63.84  top5 85.88  (553s, 2317 img/s)
Fri Sep 11 07:53:11 UTC 2026 alive; last change 0 min ago;   epoch  44/90  lr 0.0100  loss 1.706  top1 63.61  top5 85.75  (638s, 2008 img/s)
Fri Sep 11 08:03:11 UTC 2026 alive; last change 0 min ago;   epoch  45/90  lr 0.0100  loss 1.705  top1 64.02  top5 85.64  (553s, 2316 img/s)
Fri Sep 11 08:13:12 UTC 2026 alive; last change 0 min ago;   epoch  46/90  lr 0.0100  loss 1.707  top1 63.59  top5 85.48  (621s, 2063 img/s)
Fri Sep 11 08:23:12 UTC 2026 alive; last change 0 min ago;   epoch  47/90  lr 0.0100  loss 1.707  top1 63.46  top5 85.60  (554s, 2310 img/s)
Fri Sep 11 08:33:12 UTC 2026 alive; last change 0 min ago;   epoch  48/90  lr 0.0100  loss 1.708  top1 63.91  top5 86.05  (637s, 2010 img/s)
Fri Sep 11 08:43:12 UTC 2026 alive; last change 0 min ago;   epoch  49/90  lr 0.0100  loss 1.706  top1 63.00  top5 85.20  (554s, 2312 img/s)
Fri Sep 11 08:53:12 UTC 2026 alive; last change 0 min ago;   epoch  50/90  lr 0.0100  loss 1.705  top1 63.59  top5 85.74  (612s, 2092 img/s)
Fri Sep 11 09:03:12 UTC 2026 alive; last change 0 min ago;   epoch  51/90  lr 0.0100  loss 1.705  top1 63.67  top5 85.61  (560s, 2289 img/s)
Fri Sep 11 09:13:12 UTC 2026 alive; last change 0 min ago;   epoch  52/90  lr 0.0100  loss 1.700  top1 63.55  top5 85.68  (615s, 2082 img/s)
Fri Sep 11 09:23:12 UTC 2026 alive; last change 0 min ago;   epoch  53/90  lr 0.0100  loss 1.702  top1 63.59  top5 85.61  (561s, 2282 img/s)
Fri Sep 11 09:33:12 UTC 2026 alive; last change 0 min ago;   epoch  54/90  lr 0.0100  loss 1.697  top1 63.48  top5 85.62  (609s, 2104 img/s)
Fri Sep 11 09:43:12 UTC 2026 alive; last change 0 min ago;   epoch  55/90  lr 0.0100  loss 1.698  top1 63.20  top5 85.35  (555s, 2306 img/s)
Fri Sep 11 09:53:12 UTC 2026 alive; last change 0 min ago;   epoch  56/90  lr 0.0100  loss 1.693  top1 63.39  top5 85.37  (570s, 2247 img/s)
Fri Sep 11 10:03:12 UTC 2026 alive; last change 0 min ago;   epoch  57/90  lr 0.0100  loss 1.690  top1 63.18  top5 85.10  (540s, 2372 img/s)
Fri Sep 11 10:13:12 UTC 2026 alive; last change 0 min ago;   epoch  58/90  lr 0.0100  loss 1.690  top1 63.06  top5 85.51  (572s, 2240 img/s)
Fri Sep 11 10:23:13 UTC 2026 alive; last change 0 min ago;   epoch  59/90  lr 0.0100  loss 1.687  top1 63.57  top5 85.65  (548s, 2337 img/s)
Fri Sep 11 10:33:13 UTC 2026 alive; last change 0 min ago;   epoch  60/90  lr 0.0100  loss 1.688  top1 62.44  top5 84.89  (548s, 2336 img/s)
Fri Sep 11 10:43:13 UTC 2026 alive; last change 0 min ago;   epoch  61/90  lr 0.0010  loss 1.496  top1 67.52  top5 88.07  (553s, 2318 img/s)
Fri Sep 11 10:53:13 UTC 2026 alive; last change 0 min ago;   epoch  62/90  lr 0.0010  loss 1.453  top1 67.90  top5 88.17  (616s, 2078 img/s)
Fri Sep 11 11:03:13 UTC 2026 alive; last change 0 min ago;   epoch  63/90  lr 0.0010  loss 1.428  top1 68.02  top5 88.22  (550s, 2330 img/s)
Fri Sep 11 11:13:13 UTC 2026 alive; last change 0 min ago;   epoch  64/90  lr 0.0010  loss 1.420  top1 68.28  top5 88.57  (614s, 2086 img/s)
Fri Sep 11 11:23:13 UTC 2026 alive; last change 0 min ago;   epoch  65/90  lr 0.0010  loss 1.410  top1 68.34  top5 88.47  (550s, 2328 img/s)
Fri Sep 11 11:33:13 UTC 2026 alive; last change 0 min ago;   epoch  66/90  lr 0.0010  loss 1.403  top1 68.28  top5 88.45  (601s, 2133 img/s)
Fri Sep 11 11:43:13 UTC 2026 alive; last change 0 min ago;   epoch  67/90  lr 0.0010  loss 1.396  top1 68.33  top5 88.56  (556s, 2305 img/s)
Fri Sep 11 11:53:13 UTC 2026 alive; last change 0 min ago;   epoch  68/90  lr 0.0010  loss 1.389  top1 68.42  top5 88.58  (600s, 2135 img/s)
Fri Sep 11 12:03:14 UTC 2026 alive; last change 0 min ago;   epoch  69/90  lr 0.0010  loss 1.383  top1 68.78  top5 88.68  (556s, 2302 img/s)
Fri Sep 11 12:13:14 UTC 2026 alive; last change 0 min ago;   epoch  70/90  lr 0.0010  loss 1.378  top1 68.61  top5 88.71  (609s, 2103 img/s)
Fri Sep 11 12:23:14 UTC 2026 alive; last change 0 min ago;   epoch  71/90  lr 0.0010  loss 1.374  top1 68.63  top5 88.72  (555s, 2308 img/s)
Fri Sep 11 12:33:14 UTC 2026 alive; last change 0 min ago;   epoch  72/90  lr 0.0010  loss 1.372  top1 68.55  top5 88.81  (618s, 2074 img/s)
Fri Sep 11 12:43:14 UTC 2026 alive; last change 0 min ago;   epoch  73/90  lr 0.0010  loss 1.369  top1 68.75  top5 88.76  (557s, 2300 img/s)
Fri Sep 11 12:53:14 UTC 2026 alive; last change 0 min ago;   epoch  74/90  lr 0.0010  loss 1.365  top1 68.75  top5 88.78  (610s, 2099 img/s)
Fri Sep 11 13:03:14 UTC 2026 alive; last change 0 min ago;   epoch  75/90  lr 0.0010  loss 1.359  top1 68.53  top5 88.70  (556s, 2303 img/s)
Fri Sep 11 13:13:14 UTC 2026 alive; last change 0 min ago;   epoch  76/90  lr 0.0010  loss 1.357  top1 68.86  top5 88.78  (575s, 2228 img/s)
Fri Sep 11 13:23:14 UTC 2026 alive; last change 0 min ago;   epoch  77/90  lr 0.0010  loss 1.353  top1 68.73  top5 88.69  (555s, 2307 img/s)
Fri Sep 11 13:33:14 UTC 2026 alive; last change 0 min ago;   epoch  78/90  lr 0.0010  loss 1.350  top1 68.80  top5 88.80  (607s, 2111 img/s)
Fri Sep 11 13:43:14 UTC 2026 alive; last change 0 min ago;   epoch  79/90  lr 0.0010  loss 1.347  top1 68.79  top5 88.72  (554s, 2314 img/s)
Fri Sep 11 13:53:14 UTC 2026 alive; last change 0 min ago;   epoch  80/90  lr 0.0010  loss 1.345  top1 68.97  top5 88.79  (584s, 2193 img/s)
Fri Sep 11 14:03:15 UTC 2026 alive; last change 0 min ago;   epoch  81/90  lr 0.0010  loss 1.344  top1 68.88  top5 88.68  (555s, 2309 img/s)
Fri Sep 11 14:13:15 UTC 2026 alive; last change 0 min ago;   epoch  82/90  lr 0.0010  loss 1.340  top1 68.91  top5 88.78  (605s, 2117 img/s)
Fri Sep 11 14:23:15 UTC 2026 alive; last change 0 min ago;   epoch  83/90  lr 0.0010  loss 1.338  top1 69.04  top5 88.87  (562s, 2281 img/s)
Fri Sep 11 14:33:15 UTC 2026 alive; last change 0 min ago;   epoch  84/90  lr 0.0010  loss 1.338  top1 68.78  top5 88.72  (561s, 2284 img/s)
Fri Sep 11 14:43:15 UTC 2026 alive; last change 0 min ago;   epoch  85/90  lr 0.0010  loss 1.335  top1 69.00  top5 88.78  (619s, 2070 img/s)
Fri Sep 11 14:53:15 UTC 2026 alive; last change 0 min ago;   epoch  86/90  lr 0.0010  loss 1.333  top1 68.85  top5 88.79  (559s, 2292 img/s)
Fri Sep 11 15:03:15 UTC 2026 alive; last change 0 min ago;   epoch  87/90  lr 0.0010  loss 1.330  top1 68.93  top5 88.83  (615s, 2084 img/s)
Fri Sep 11 15:13:15 UTC 2026 alive; last change 0 min ago;   epoch  88/90  lr 0.0010  loss 1.329  top1 68.96  top5 88.76  (559s, 2291 img/s)
Fri Sep 11 15:23:15 UTC 2026 alive; last change 0 min ago;   epoch  89/90  lr 0.0010  loss 1.324  top1 68.99  top5 88.83  (587s, 2181 img/s)
Fri Sep 11 15:33:15 UTC 2026 alive; last change 0 min ago;   epoch  90/90  lr 0.0010  loss 1.323  top1 69.14  top5 88.83  (557s, 2301 img/s)
Fri Sep 11 15:43:16 UTC 2026 alive; last change 0 min ago;   epoch   1/90  lr 0.1000  loss 4.910  top1 21.76  top5 45.31  (662s, 1936 img/s)
Fri Sep 11 15:53:16 UTC 2026 alive; last change 0 min ago;   epoch   2/90  lr 0.1000  loss 3.516  top1 32.82  top5 59.16  (605s, 2116 img/s)
Fri Sep 11 16:03:16 UTC 2026 alive; last change 0 min ago;   epoch   3/90  lr 0.1000  loss 3.102  top1 38.73  top5 65.23  (588s, 2178 img/s)
Fri Sep 11 16:13:16 UTC 2026 alive; last change 0 min ago;   epoch   4/90  lr 0.1000  loss 2.916  top1 39.01  top5 65.39  (594s, 2156 img/s)
Fri Sep 11 16:23:16 UTC 2026 alive; last change 0 min ago;   epoch   5/90  lr 0.1000  loss 2.805  top1 40.93  top5 67.57  (588s, 2177 img/s)
Fri Sep 11 16:33:16 UTC 2026 alive; last change 0 min ago;   epoch   6/90  lr 0.1000  loss 2.734  top1 42.14  top5 68.94  (640s, 2002 img/s)
Fri Sep 11 16:43:16 UTC 2026 alive; last change 0 min ago;   epoch   7/90  lr 0.1000  loss 2.689  top1 45.05  top5 72.10  (586s, 2186 img/s)
Fri Sep 11 16:53:16 UTC 2026 alive; last change 0 min ago;   epoch   8/90  lr 0.1000  loss 2.649  top1 42.15  top5 68.67  (596s, 2149 img/s)
Fri Sep 11 17:03:16 UTC 2026 alive; last change 0 min ago;   epoch   9/90  lr 0.1000  loss 2.623  top1 43.79  top5 70.37  (638s, 2008 img/s)
Fri Sep 11 17:13:17 UTC 2026 alive; last change 0 min ago;   epoch  10/90  lr 0.1000  loss 2.602  top1 43.63  top5 70.02  (598s, 2142 img/s)
Fri Sep 11 17:23:17 UTC 2026 alive; last change 0 min ago;   epoch  11/90  lr 0.1000  loss 2.585  top1 45.58  top5 72.24  (640s, 2002 img/s)
Fri Sep 11 17:33:17 UTC 2026 alive; last change 0 min ago;   epoch  12/90  lr 0.1000  loss 2.565  top1 45.41  top5 72.00  (599s, 2138 img/s)
Fri Sep 11 17:43:17 UTC 2026 alive; last change 0 min ago;   epoch  13/90  lr 0.1000  loss 2.557  top1 47.47  top5 73.75  (596s, 2148 img/s)
Fri Sep 11 17:53:17 UTC 2026 alive; last change 0 min ago;   epoch  14/90  lr 0.1000  loss 2.547  top1 47.54  top5 73.88  (605s, 2116 img/s)
Fri Sep 11 18:03:17 UTC 2026 alive; last change 0 min ago;   epoch  15/90  lr 0.1000  loss 2.532  top1 46.74  top5 73.17  (598s, 2141 img/s)
Fri Sep 11 18:13:17 UTC 2026 alive; last change 0 min ago;   epoch  15/90  lr 0.1000  loss 2.532  top1 46.74  top5 73.17  (598s, 2141 img/s)
Fri Sep 11 18:23:17 UTC 2026 alive; last change 0 min ago;   epoch  16/90  lr 0.1000  loss 2.524  top1 47.26  top5 73.68  (641s, 2000 img/s)
Fri Sep 11 18:33:18 UTC 2026 alive; last change 0 min ago;   epoch  17/90  lr 0.1000  loss 2.516  top1 47.07  top5 73.44  (603s, 2126 img/s)
Fri Sep 11 18:43:18 UTC 2026 alive; last change 0 min ago;   epoch  18/90  lr 0.1000  loss 2.512  top1 40.90  top5 67.84  (670s, 1913 img/s)
Fri Sep 11 18:53:18 UTC 2026 alive; last change 0 min ago;   epoch  19/90  lr 0.1000  loss 2.502  top1 48.91  top5 74.89  (602s, 2128 img/s)
Fri Sep 11 19:03:18 UTC 2026 alive; last change 0 min ago;   epoch  20/90  lr 0.1000  loss 2.499  top1 47.89  top5 74.03  (640s, 2000 img/s)
Fri Sep 11 19:13:18 UTC 2026 alive; last change 0 min ago;   epoch  21/90  lr 0.1000  loss 2.492  top1 48.12  top5 74.59  (595s, 2152 img/s)
Fri Sep 11 19:23:18 UTC 2026 alive; last change 0 min ago;   epoch  22/90  lr 0.1000  loss 2.490  top1 47.11  top5 73.63  (647s, 1981 img/s)
Fri Sep 11 19:33:18 UTC 2026 alive; last change 0 min ago;   epoch  23/90  lr 0.1000  loss 2.484  top1 48.40  top5 74.37  (599s, 2138 img/s)
Fri Sep 11 19:43:18 UTC 2026 alive; last change 0 min ago;   epoch  24/90  lr 0.1000  loss 2.481  top1 48.13  top5 74.46  (660s, 1941 img/s)
Fri Sep 11 19:53:18 UTC 2026 alive; last change 0 min ago;   epoch  25/90  lr 0.1000  loss 2.475  top1 45.43  top5 71.83  (595s, 2154 img/s)
Fri Sep 11 20:03:18 UTC 2026 alive; last change 0 min ago;   epoch  26/90  lr 0.1000  loss 2.472  top1 48.12  top5 74.47  (648s, 1975 img/s)
Fri Sep 11 20:13:19 UTC 2026 alive; last change 0 min ago;   epoch  27/90  lr 0.1000  loss 2.470  top1 48.70  top5 75.24  (591s, 2169 img/s)
Fri Sep 11 20:23:19 UTC 2026 alive; last change 0 min ago;   epoch  28/90  lr 0.1000  loss 2.469  top1 47.75  top5 73.82  (642s, 1995 img/s)
Fri Sep 11 20:33:19 UTC 2026 alive; last change 0 min ago;   epoch  29/90  lr 0.1000  loss 2.463  top1 46.96  top5 73.06  (592s, 2166 img/s)
Fri Sep 11 20:43:19 UTC 2026 alive; last change 0 min ago;   epoch  29/90  lr 0.1000  loss 2.463  top1 46.96  top5 73.06  (592s, 2166 img/s)
Fri Sep 11 20:53:19 UTC 2026 alive; last change 0 min ago;   epoch  30/90  lr 0.1000  loss 2.461  top1 49.69  top5 75.95  (658s, 1946 img/s)
Fri Sep 11 21:03:19 UTC 2026 alive; last change 0 min ago;   epoch  31/90  lr 0.0100  loss 1.943  top1 62.23  top5 84.63  (589s, 2174 img/s)
Fri Sep 11 21:13:19 UTC 2026 alive; last change 0 min ago;   epoch  32/90  lr 0.0100  loss 1.825  top1 62.89  top5 85.13  (591s, 2169 img/s)
Fri Sep 11 21:23:19 UTC 2026 alive; last change 0 min ago;   epoch  33/90  lr 0.0100  loss 1.780  top1 63.66  top5 85.52  (596s, 2151 img/s)
Fri Sep 11 21:33:19 UTC 2026 alive; last change 0 min ago;   epoch  34/90  lr 0.0100  loss 1.751  top1 63.76  top5 85.64  (648s, 1976 img/s)
Fri Sep 11 21:43:20 UTC 2026 alive; last change 0 min ago;   epoch  35/90  lr 0.0100  loss 1.734  top1 64.11  top5 85.89  (599s, 2138 img/s)
Fri Sep 11 21:53:20 UTC 2026 alive; last change 0 min ago;   epoch  36/90  lr 0.0100  loss 1.721  top1 64.27  top5 85.84  (644s, 1988 img/s)
Fri Sep 11 22:03:20 UTC 2026 alive; last change 0 min ago;   epoch  37/90  lr 0.0100  loss 1.712  top1 63.92  top5 85.84  (598s, 2144 img/s)
Fri Sep 11 22:13:20 UTC 2026 alive; last change 0 min ago;   epoch  38/90  lr 0.0100  loss 1.707  top1 63.91  top5 85.71  (631s, 2029 img/s)
Fri Sep 11 22:23:20 UTC 2026 alive; last change 0 min ago;   epoch  39/90  lr 0.0100  loss 1.704  top1 63.98  top5 85.71  (615s, 2084 img/s)
Fri Sep 11 22:33:20 UTC 2026 alive; last change 0 min ago;   epoch  40/90  lr 0.0100  loss 1.702  top1 64.14  top5 85.93  (616s, 2081 img/s)
Fri Sep 11 22:43:20 UTC 2026 alive; last change 0 min ago;   epoch  41/90  lr 0.0100  loss 1.700  top1 63.52  top5 85.62  (615s, 2084 img/s)
Fri Sep 11 22:53:20 UTC 2026 alive; last change 0 min ago;   epoch  42/90  lr 0.0100  loss 1.703  top1 63.91  top5 85.87  (595s, 2153 img/s)
Fri Sep 11 23:03:20 UTC 2026 alive; last change 0 min ago;   epoch  43/90  lr 0.0100  loss 1.703  top1 63.44  top5 85.52  (643s, 1994 img/s)
Fri Sep 11 23:13:21 UTC 2026 alive; last change 0 min ago;   epoch  44/90  lr 0.0100  loss 1.703  top1 63.60  top5 85.50  (587s, 2181 img/s)
Fri Sep 11 23:23:21 UTC 2026 alive; last change 0 min ago;   epoch  45/90  lr 0.0100  loss 1.701  top1 63.77  top5 85.59  (650s, 1972 img/s)
Fri Sep 11 23:33:21 UTC 2026 alive; last change 0 min ago;   epoch  46/90  lr 0.0100  loss 1.704  top1 64.19  top5 85.75  (585s, 2189 img/s)
Fri Sep 11 23:43:21 UTC 2026 alive; last change 0 min ago;   epoch  47/90  lr 0.0100  loss 1.703  top1 63.80  top5 85.75  (629s, 2036 img/s)
Fri Sep 11 23:53:21 UTC 2026 alive; last change 0 min ago;   epoch  47/90  lr 0.0100  loss 1.703  top1 63.80  top5 85.75  (629s, 2036 img/s)
Sat Sep 12 00:03:21 UTC 2026 alive; last change 0 min ago;   epoch  48/90  lr 0.0100  loss 1.703  top1 63.92  top5 85.81  (602s, 2129 img/s)
Sat Sep 12 00:13:21 UTC 2026 alive; last change 0 min ago;   epoch  49/90  lr 0.0100  loss 1.703  top1 63.24  top5 85.28  (606s, 2115 img/s)
Sat Sep 12 00:23:21 UTC 2026 alive; last change 0 min ago;   epoch  50/90  lr 0.0100  loss 1.700  top1 63.74  top5 85.71  (599s, 2137 img/s)
Sat Sep 12 00:33:21 UTC 2026 alive; last change 0 min ago;   epoch  51/90  lr 0.0100  loss 1.702  top1 62.58  top5 85.03  (648s, 1977 img/s)
Sat Sep 12 00:43:21 UTC 2026 alive; last change 0 min ago;   epoch  52/90  lr 0.0100  loss 1.698  top1 63.94  top5 85.85  (597s, 2144 img/s)
Sat Sep 12 00:53:22 UTC 2026 alive; last change 0 min ago;   epoch  53/90  lr 0.0100  loss 1.699  top1 63.50  top5 85.45  (596s, 2149 img/s)
Sat Sep 12 01:03:22 UTC 2026 alive; last change 0 min ago;   epoch  54/90  lr 0.0100  loss 1.693  top1 64.07  top5 85.75  (601s, 2131 img/s)
Sat Sep 12 01:13:22 UTC 2026 alive; last change 0 min ago;   epoch  55/90  lr 0.0100  loss 1.694  top1 63.70  top5 85.56  (632s, 2027 img/s)
Sat Sep 12 01:23:22 UTC 2026 alive; last change 0 min ago;   epoch  56/90  lr 0.0100  loss 1.689  top1 63.66  top5 85.47  (601s, 2130 img/s)
Sat Sep 12 01:33:22 UTC 2026 alive; last change 0 min ago;   epoch  57/90  lr 0.0100  loss 1.687  top1 63.66  top5 85.52  (620s, 2066 img/s)
Sat Sep 12 01:43:22 UTC 2026 alive; last change 0 min ago;   epoch  58/90  lr 0.0100  loss 1.688  top1 63.61  top5 85.67  (596s, 2150 img/s)
Sat Sep 12 01:53:22 UTC 2026 alive; last change 0 min ago;   epoch  59/90  lr 0.0100  loss 1.685  top1 63.09  top5 85.36  (637s, 2011 img/s)
Sat Sep 12 02:03:22 UTC 2026 alive; last change 0 min ago;   epoch  60/90  lr 0.0100  loss 1.685  top1 62.14  top5 84.92  (592s, 2163 img/s)
Sat Sep 12 02:13:22 UTC 2026 alive; last change 0 min ago;   epoch  61/90  lr 0.0010  loss 1.494  top1 68.00  top5 87.98  (587s, 2182 img/s)
Sat Sep 12 02:23:22 UTC 2026 alive; last change 0 min ago;   epoch  62/90  lr 0.0010  loss 1.450  top1 68.11  top5 88.20  (639s, 2004 img/s)
Sat Sep 12 02:33:22 UTC 2026 alive; last change 0 min ago;   epoch  63/90  lr 0.0010  loss 1.426  top1 68.27  top5 88.29  (591s, 2168 img/s)
Sat Sep 12 02:43:23 UTC 2026 alive; last change 0 min ago;   epoch  64/90  lr 0.0010  loss 1.418  top1 68.48  top5 88.53  (625s, 2050 img/s)
Sat Sep 12 02:53:23 UTC 2026 alive; last change 0 min ago;   epoch  65/90  lr 0.0010  loss 1.409  top1 68.54  top5 88.42  (586s, 2186 img/s)
Sat Sep 12 03:03:23 UTC 2026 alive; last change 0 min ago;   epoch  66/90  lr 0.0010  loss 1.401  top1 68.57  top5 88.56  (588s, 2179 img/s)
Sat Sep 12 03:13:23 UTC 2026 alive; last change 0 min ago;   epoch  67/90  lr 0.0010  loss 1.394  top1 68.75  top5 88.58  (637s, 2012 img/s)
Sat Sep 12 03:23:23 UTC 2026 alive; last change 0 min ago;   epoch  68/90  lr 0.0010  loss 1.386  top1 68.78  top5 88.53  (587s, 2184 img/s)
Sat Sep 12 03:33:23 UTC 2026 alive; last change 0 min ago;   epoch  68/90  lr 0.0010  loss 1.386  top1 68.78  top5 88.53  (587s, 2184 img/s)
Sat Sep 12 03:43:23 UTC 2026 alive; last change 0 min ago;   epoch  69/90  lr 0.0010  loss 1.382  top1 68.90  top5 88.67  (666s, 1925 img/s)
Sat Sep 12 03:53:23 UTC 2026 alive; last change 0 min ago;   epoch  70/90  lr 0.0010  loss 1.378  top1 68.89  top5 88.68  (594s, 2158 img/s)
Sat Sep 12 04:03:24 UTC 2026 alive; last change 0 min ago;   epoch  71/90  lr 0.0010  loss 1.373  top1 68.86  top5 88.68  (645s, 1987 img/s)
Sat Sep 12 04:13:24 UTC 2026 alive; last change 0 min ago;   epoch  72/90  lr 0.0010  loss 1.370  top1 68.84  top5 88.70  (592s, 2165 img/s)
Sat Sep 12 04:23:24 UTC 2026 alive; last change 0 min ago;   epoch  73/90  lr 0.0010  loss 1.368  top1 69.12  top5 88.74  (589s, 2175 img/s)
Sat Sep 12 04:33:24 UTC 2026 alive; last change 0 min ago;   epoch  74/90  lr 0.0010  loss 1.364  top1 68.82  top5 88.69  (595s, 2153 img/s)
Sat Sep 12 04:43:24 UTC 2026 alive; last change 0 min ago;   epoch  75/90  lr 0.0010  loss 1.358  top1 69.00  top5 88.69  (653s, 1960 img/s)
Sat Sep 12 04:53:24 UTC 2026 alive; last change 0 min ago;   epoch  76/90  lr 0.0010  loss 1.354  top1 68.94  top5 88.72  (591s, 2166 img/s)
Sat Sep 12 05:03:24 UTC 2026 alive; last change 0 min ago;   epoch  77/90  lr 0.0010  loss 1.351  top1 69.03  top5 88.67  (636s, 2014 img/s)
Sat Sep 12 05:13:25 UTC 2026 alive; last change 0 min ago;   epoch  78/90  lr 0.0010  loss 1.350  top1 69.03  top5 88.73  (610s, 2102 img/s)
Sat Sep 12 05:23:25 UTC 2026 alive; last change 0 min ago;   epoch  79/90  lr 0.0010  loss 1.346  top1 69.04  top5 88.74  (613s, 2090 img/s)
Sat Sep 12 05:33:25 UTC 2026 alive; last change 0 min ago;   epoch  80/90  lr 0.0010  loss 1.343  top1 69.01  top5 88.75  (639s, 2005 img/s)
Sat Sep 12 05:43:25 UTC 2026 alive; last change 0 min ago;   epoch  81/90  lr 0.0010  loss 1.341  top1 68.96  top5 88.82  (603s, 2125 img/s)
Sat Sep 12 05:53:25 UTC 2026 alive; last change 0 min ago;   epoch  82/90  lr 0.0010  loss 1.339  top1 69.25  top5 88.83  (626s, 2048 img/s)
Sat Sep 12 06:03:25 UTC 2026 alive; last change 0 min ago;   epoch  83/90  lr 0.0010  loss 1.337  top1 69.16  top5 88.84  (589s, 2176 img/s)
Sat Sep 12 06:13:25 UTC 2026 alive; last change 0 min ago;   epoch  84/90  lr 0.0010  loss 1.337  top1 69.07  top5 88.78  (612s, 2093 img/s)
Sat Sep 12 06:23:25 UTC 2026 alive; last change 0 min ago;   epoch  85/90  lr 0.0010  loss 1.334  top1 69.04  top5 88.70  (587s, 2184 img/s)
Sat Sep 12 06:33:25 UTC 2026 alive; last change 0 min ago;   epoch  85/90  lr 0.0010  loss 1.334  top1 69.04  top5 88.70  (587s, 2184 img/s)
Sat Sep 12 06:43:26 UTC 2026 alive; last change 0 min ago;   epoch  87/90  lr 0.0010  loss 1.329  top1 68.93  top5 88.63  (402s, 3188 img/s)
Sat Sep 12 06:53:26 UTC 2026 alive; last change 0 min ago;   epoch  89/90  lr 0.0010  loss 1.324  top1 69.02  top5 88.85  (358s, 3576 img/s)
Sat Sep 12 07:03:26 UTC 2026 alive; last change 0 min ago;   epoch  90/90  lr 0.0010  loss 1.323  top1 69.18  top5 88.85  (361s, 3553 img/s)
Sat Sep 12 07:13:26 UTC 2026 alive; last change 0 min ago;   epoch   1/90  lr 0.1000  loss 4.935  top1 19.82  top5 42.56  (642s, 1994 img/s)
Sat Sep 12 07:23:26 UTC 2026 alive; last change 0 min ago;   epoch   2/90  lr 0.1000  loss 3.538  top1 31.96  top5 58.18  (571s, 2244 img/s)
Sat Sep 12 07:33:26 UTC 2026 alive; last change 0 min ago;   epoch   3/90  lr 0.1000  loss 3.117  top1 38.86  top5 65.99  (570s, 2247 img/s)
Sat Sep 12 07:43:26 UTC 2026 alive; last change 0 min ago;   epoch   4/90  lr 0.1000  loss 2.928  top1 39.40  top5 65.81  (629s, 2037 img/s)
Sat Sep 12 07:53:26 UTC 2026 alive; last change 0 min ago;   epoch   5/90  lr 0.1000  loss 2.814  top1 39.77  top5 66.31  (569s, 2253 img/s)
Sat Sep 12 08:03:26 UTC 2026 alive; last change 0 min ago;   epoch   6/90  lr 0.1000  loss 2.744  top1 42.33  top5 68.77  (597s, 2146 img/s)
Sat Sep 12 08:13:26 UTC 2026 alive; last change 0 min ago;   epoch   7/90  lr 0.1000  loss 2.697  top1 43.70  top5 70.53  (568s, 2256 img/s)
Sat Sep 12 08:23:26 UTC 2026 alive; last change 0 min ago;   epoch   8/90  lr 0.1000  loss 2.657  top1 45.60  top5 72.06  (596s, 2149 img/s)
Sat Sep 12 08:33:27 UTC 2026 alive; last change 0 min ago;   epoch   9/90  lr 0.1000  loss 2.632  top1 45.26  top5 71.70  (567s, 2260 img/s)
Sat Sep 12 08:43:27 UTC 2026 alive; last change 0 min ago;   epoch  10/90  lr 0.1000  loss 2.611  top1 46.28  top5 72.88  (604s, 2122 img/s)
Sat Sep 12 08:53:27 UTC 2026 alive; last change 0 min ago;   epoch  11/90  lr 0.1000  loss 2.594  top1 42.80  top5 69.46  (567s, 2260 img/s)
Sat Sep 12 09:03:27 UTC 2026 alive; last change 0 min ago;   epoch  12/90  lr 0.1000  loss 2.575  top1 43.11  top5 69.45  (589s, 2175 img/s)
Sat Sep 12 09:13:27 UTC 2026 alive; last change 0 min ago;   epoch  13/90  lr 0.1000  loss 2.566  top1 46.49  top5 72.94  (566s, 2264 img/s)
Sat Sep 12 09:23:27 UTC 2026 alive; last change 0 min ago;   epoch  14/90  lr 0.1000  loss 2.556  top1 46.61  top5 72.62  (608s, 2108 img/s)
Sat Sep 12 09:33:27 UTC 2026 alive; last change 0 min ago;   epoch  15/90  lr 0.1000  loss 2.542  top1 47.35  top5 73.85  (567s, 2259 img/s)
Sat Sep 12 09:43:27 UTC 2026 alive; last change 0 min ago;   epoch  16/90  lr 0.1000  loss 2.535  top1 46.25  top5 72.62  (626s, 2047 img/s)
Sat Sep 12 09:53:27 UTC 2026 alive; last change 0 min ago;   epoch  17/90  lr 0.1000  loss 2.528  top1 46.89  top5 72.88  (567s, 2260 img/s)
Sat Sep 12 10:03:27 UTC 2026 alive; last change 0 min ago;   epoch  18/90  lr 0.1000  loss 2.522  top1 47.37  top5 73.88  (584s, 2193 img/s)
Sat Sep 12 10:13:27 UTC 2026 alive; last change 0 min ago;   epoch  19/90  lr 0.1000  loss 2.514  top1 48.43  top5 74.72  (568s, 2254 img/s)
Sat Sep 12 10:23:27 UTC 2026 alive; last change 0 min ago;   epoch  20/90  lr 0.1000  loss 2.509  top1 47.53  top5 74.14  (575s, 2227 img/s)
Sat Sep 12 10:33:28 UTC 2026 alive; last change 0 min ago;   epoch  21/90  lr 0.1000  loss 2.502  top1 45.69  top5 72.31  (572s, 2241 img/s)
Sat Sep 12 10:43:28 UTC 2026 alive; last change 0 min ago;   epoch  22/90  lr 0.1000  loss 2.501  top1 48.03  top5 74.32  (612s, 2094 img/s)
Sat Sep 12 10:53:28 UTC 2026 alive; last change 0 min ago;   epoch  23/90  lr 0.1000  loss 2.493  top1 46.97  top5 73.32  (567s, 2259 img/s)
Sat Sep 12 11:03:28 UTC 2026 alive; last change 0 min ago;   epoch  24/90  lr 0.1000  loss 2.491  top1 46.72  top5 72.89  (589s, 2173 img/s)
Sat Sep 12 11:13:28 UTC 2026 alive; last change 0 min ago;   epoch  25/90  lr 0.1000  loss 2.485  top1 46.53  top5 73.26  (569s, 2250 img/s)
Sat Sep 12 11:23:28 UTC 2026 alive; last change 0 min ago;   epoch  26/90  lr 0.1000  loss 2.483  top1 48.90  top5 74.92  (575s, 2228 img/s)
Sat Sep 12 11:33:28 UTC 2026 alive; last change 0 min ago;   epoch  27/90  lr 0.1000  loss 2.481  top1 46.52  top5 73.42  (568s, 2254 img/s)
Sat Sep 12 11:43:28 UTC 2026 alive; last change 0 min ago;   epoch  28/90  lr 0.1000  loss 2.478  top1 44.73  top5 71.22  (619s, 2069 img/s)
Sat Sep 12 11:53:29 UTC 2026 alive; last change 0 min ago;   epoch  29/90  lr 0.1000  loss 2.473  top1 47.36  top5 73.38  (572s, 2241 img/s)
Sat Sep 12 12:03:29 UTC 2026 alive; last change 0 min ago;   epoch  30/90  lr 0.1000  loss 2.470  top1 49.41  top5 75.28  (573s, 2236 img/s)
Sat Sep 12 12:13:29 UTC 2026 alive; last change 0 min ago;   epoch  31/90  lr 0.0100  loss 1.950  top1 61.90  top5 84.41  (584s, 2193 img/s)
Sat Sep 12 12:23:29 UTC 2026 alive; last change 0 min ago;   epoch  32/90  lr 0.0100  loss 1.834  top1 62.91  top5 85.13  (624s, 2052 img/s)
Sat Sep 12 12:33:29 UTC 2026 alive; last change 1 min ago;   epoch  33/90  lr 0.0100  loss 1.787  top1 63.66  top5 85.41  (568s, 2256 img/s)
Sat Sep 12 12:43:29 UTC 2026 alive; last change 0 min ago;   epoch  34/90  lr 0.0100  loss 1.759  top1 63.71  top5 85.77  (594s, 2158 img/s)
Sat Sep 12 12:53:29 UTC 2026 alive; last change 1 min ago;   epoch  35/90  lr 0.0100  loss 1.740  top1 64.02  top5 85.91  (566s, 2263 img/s)
Sat Sep 12 13:03:30 UTC 2026 alive; last change 0 min ago;   epoch  36/90  lr 0.0100  loss 1.729  top1 64.10  top5 85.73  (595s, 2152 img/s)
Sat Sep 12 13:13:30 UTC 2026 alive; last change 1 min ago;   epoch  37/90  lr 0.0100  loss 1.719  top1 63.87  top5 85.82  (569s, 2252 img/s)
Sat Sep 12 13:23:30 UTC 2026 alive; last change 0 min ago;   epoch  38/90  lr 0.0100  loss 1.713  top1 63.66  top5 85.41  (627s, 2044 img/s)
Sat Sep 12 13:33:30 UTC 2026 alive; last change 0 min ago;   epoch  39/90  lr 0.0100  loss 1.710  top1 63.80  top5 85.58  (570s, 2248 img/s)
Sat Sep 12 13:43:30 UTC 2026 alive; last change 0 min ago;   epoch  39/90  lr 0.0100  loss 1.710  top1 63.80  top5 85.58  (570s, 2248 img/s)
Sat Sep 12 13:53:30 UTC 2026 alive; last change 0 min ago;   epoch  40/90  lr 0.0100  loss 1.709  top1 64.17  top5 86.00  (631s, 2030 img/s)
Sat Sep 12 14:03:30 UTC 2026 alive; last change 0 min ago;   epoch  41/90  lr 0.0100  loss 1.707  top1 64.02  top5 85.72  (571s, 2244 img/s)
Sat Sep 12 14:13:31 UTC 2026 alive; last change 0 min ago;   epoch  42/90  lr 0.0100  loss 1.710  top1 63.87  top5 85.76  (581s, 2206 img/s)
Sat Sep 12 14:23:31 UTC 2026 alive; last change 0 min ago;   epoch  43/90  lr 0.0100  loss 1.710  top1 63.58  top5 85.66  (583s, 2198 img/s)
Sat Sep 12 14:33:31 UTC 2026 alive; last change 0 min ago;   epoch  44/90  lr 0.0100  loss 1.707  top1 63.79  top5 85.78  (652s, 1964 img/s)
Sat Sep 12 14:43:31 UTC 2026 alive; last change 0 min ago;   epoch  45/90  lr 0.0100  loss 1.708  top1 63.88  top5 85.52  (568s, 2257 img/s)
Sat Sep 12 14:53:31 UTC 2026 alive; last change 0 min ago;   epoch  46/90  lr 0.0100  loss 1.710  top1 63.41  top5 85.34  (658s, 1947 img/s)
Sat Sep 12 15:03:31 UTC 2026 alive; last change 0 min ago;   epoch  47/90  lr 0.0100  loss 1.709  top1 64.23  top5 85.75  (576s, 2224 img/s)
Sat Sep 12 15:13:31 UTC 2026 alive; last change 0 min ago;   epoch  48/90  lr 0.0100  loss 1.710  top1 63.71  top5 85.67  (573s, 2235 img/s)
Sat Sep 12 15:23:31 UTC 2026 alive; last change 0 min ago;   epoch  49/90  lr 0.0100  loss 1.709  top1 63.36  top5 85.33  (576s, 2222 img/s)
Sat Sep 12 15:33:31 UTC 2026 alive; last change 0 min ago;   epoch  50/90  lr 0.0100  loss 1.708  top1 63.86  top5 85.69  (639s, 2006 img/s)
Sat Sep 12 15:43:32 UTC 2026 alive; last change 0 min ago;   epoch  51/90  lr 0.0100  loss 1.708  top1 63.54  top5 85.23  (570s, 2249 img/s)
Sat Sep 12 15:53:32 UTC 2026 alive; last change 0 min ago;   epoch  52/90  lr 0.0100  loss 1.703  top1 63.97  top5 85.92  (623s, 2056 img/s)
Sat Sep 12 16:03:32 UTC 2026 alive; last change 0 min ago;   epoch  53/90  lr 0.0100  loss 1.704  top1 63.40  top5 85.51  (570s, 2246 img/s)
Sat Sep 12 16:13:32 UTC 2026 alive; last change 0 min ago;   epoch  54/90  lr 0.0100  loss 1.700  top1 63.21  top5 85.33  (651s, 1969 img/s)
Sat Sep 12 16:23:32 UTC 2026 alive; last change 0 min ago;   epoch  55/90  lr 0.0100  loss 1.701  top1 63.53  top5 85.55  (567s, 2260 img/s)
Sat Sep 12 16:33:32 UTC 2026 alive; last change 0 min ago;   epoch  56/90  lr 0.0100  loss 1.696  top1 63.80  top5 85.72  (618s, 2073 img/s)
Sat Sep 12 16:43:32 UTC 2026 alive; last change 0 min ago;   epoch  57/90  lr 0.0100  loss 1.693  top1 63.40  top5 85.47  (575s, 2228 img/s)
Sat Sep 12 16:53:32 UTC 2026 alive; last change 0 min ago;   epoch  58/90  lr 0.0100  loss 1.693  top1 63.83  top5 85.84  (638s, 2009 img/s)
Sat Sep 12 17:03:32 UTC 2026 alive; last change 0 min ago;   epoch  59/90  lr 0.0100  loss 1.691  top1 63.35  top5 85.43  (569s, 2251 img/s)
Sat Sep 12 17:13:33 UTC 2026 alive; last change 0 min ago;   epoch  60/90  lr 0.0100  loss 1.691  top1 63.80  top5 85.76  (568s, 2254 img/s)
Sat Sep 12 17:23:33 UTC 2026 alive; last change 0 min ago;   epoch  61/90  lr 0.0010  loss 1.500  top1 67.75  top5 88.19  (572s, 2239 img/s)
Sat Sep 12 17:33:33 UTC 2026 alive; last change 0 min ago;   epoch  62/90  lr 0.0010  loss 1.455  top1 68.05  top5 88.30  (639s, 2004 img/s)
Sat Sep 12 17:43:33 UTC 2026 alive; last change 0 min ago;   epoch  63/90  lr 0.0010  loss 1.433  top1 68.22  top5 88.47  (568s, 2256 img/s)
Sat Sep 12 17:53:33 UTC 2026 alive; last change 0 min ago;   epoch  64/90  lr 0.0010  loss 1.423  top1 68.48  top5 88.44  (616s, 2081 img/s)
Sat Sep 12 18:03:33 UTC 2026 alive; last change 0 min ago;   epoch  65/90  lr 0.0010  loss 1.415  top1 68.54  top5 88.49  (569s, 2253 img/s)
Sat Sep 12 18:13:33 UTC 2026 alive; last change 0 min ago;   epoch  66/90  lr 0.0010  loss 1.406  top1 68.48  top5 88.62  (574s, 2232 img/s)
Sat Sep 12 18:23:33 UTC 2026 alive; last change 0 min ago;   epoch  67/90  lr 0.0010  loss 1.400  top1 68.62  top5 88.53  (572s, 2240 img/s)
Sat Sep 12 18:33:33 UTC 2026 alive; last change 0 min ago;   epoch  68/90  lr 0.0010  loss 1.392  top1 68.60  top5 88.59  (644s, 1991 img/s)
Sat Sep 12 18:43:34 UTC 2026 alive; last change 0 min ago;   epoch  69/90  lr 0.0010  loss 1.386  top1 68.86  top5 88.70  (566s, 2262 img/s)
Sat Sep 12 18:53:34 UTC 2026 alive; last change 0 min ago;   epoch  70/90  lr 0.0010  loss 1.384  top1 68.82  top5 88.73  (617s, 2078 img/s)
Sat Sep 12 19:03:34 UTC 2026 alive; last change 0 min ago;   epoch  71/90  lr 0.0010  loss 1.377  top1 68.73  top5 88.70  (568s, 2255 img/s)
Sat Sep 12 19:13:34 UTC 2026 alive; last change 0 min ago;   epoch  72/90  lr 0.0010  loss 1.376  top1 68.86  top5 88.75  (623s, 2057 img/s)
Sat Sep 12 19:23:34 UTC 2026 alive; last change 1 min ago;   epoch  73/90  lr 0.0010  loss 1.373  top1 68.96  top5 88.77  (567s, 2259 img/s)
Sat Sep 12 19:33:34 UTC 2026 alive; last change 0 min ago;   epoch  74/90  lr 0.0010  loss 1.369  top1 68.70  top5 88.71  (624s, 2051 img/s)
Sat Sep 12 19:43:34 UTC 2026 alive; last change 0 min ago;   epoch  75/90  lr 0.0010  loss 1.363  top1 68.70  top5 88.69  (567s, 2257 img/s)
Sat Sep 12 19:53:35 UTC 2026 alive; last change 0 min ago;   epoch  75/90  lr 0.0010  loss 1.363  top1 68.70  top5 88.69  (567s, 2257 img/s)
Sat Sep 12 20:03:35 UTC 2026 alive; last change 0 min ago;   epoch  77/90  lr 0.0010  loss 1.356  top1 69.11  top5 88.74  (567s, 2261 img/s)
Sat Sep 12 20:13:35 UTC 2026 alive; last change 0 min ago;   epoch  77/90  lr 0.0010  loss 1.356  top1 69.11  top5 88.74  (567s, 2261 img/s)
Sat Sep 12 20:23:35 UTC 2026 alive; last change 0 min ago;   epoch  78/90  lr 0.0010  loss 1.354  top1 68.98  top5 88.76  (623s, 2058 img/s)
Sat Sep 12 20:33:35 UTC 2026 alive; last change 0 min ago;   epoch  79/90  lr 0.0010  loss 1.351  top1 69.02  top5 88.66  (574s, 2233 img/s)
Sat Sep 12 20:43:35 UTC 2026 alive; last change 0 min ago;   epoch  80/90  lr 0.0010  loss 1.348  top1 68.82  top5 88.83  (567s, 2259 img/s)
Sat Sep 12 20:53:35 UTC 2026 alive; last change 0 min ago;   epoch  81/90  lr 0.0010  loss 1.347  top1 68.89  top5 88.68  (624s, 2054 img/s)
Sat Sep 12 21:03:35 UTC 2026 alive; last change 0 min ago;   epoch  82/90  lr 0.0010  loss 1.344  top1 68.93  top5 88.74  (567s, 2260 img/s)
Sat Sep 12 21:13:36 UTC 2026 alive; last change 0 min ago;   epoch  83/90  lr 0.0010  loss 1.342  top1 68.90  top5 88.85  (613s, 2089 img/s)
Sat Sep 12 21:23:36 UTC 2026 alive; last change 0 min ago;   epoch  84/90  lr 0.0010  loss 1.342  top1 68.91  top5 88.75  (568s, 2257 img/s)
Sat Sep 12 21:33:36 UTC 2026 alive; last change 0 min ago;   epoch  85/90  lr 0.0010  loss 1.338  top1 69.01  top5 88.73  (613s, 2091 img/s)
Sat Sep 12 21:43:36 UTC 2026 alive; last change 0 min ago;   epoch  86/90  lr 0.0010  loss 1.336  top1 69.11  top5 88.75  (569s, 2252 img/s)
Sat Sep 12 21:53:36 UTC 2026 alive; last change 0 min ago;   epoch  87/90  lr 0.0010  loss 1.335  top1 68.82  top5 88.76  (616s, 2079 img/s)
Sat Sep 12 22:03:36 UTC 2026 alive; last change 0 min ago;   epoch  88/90  lr 0.0010  loss 1.333  top1 68.99  top5 88.76  (568s, 2256 img/s)
Sat Sep 12 22:13:36 UTC 2026 alive; last change 0 min ago;   epoch  89/90  lr 0.0010  loss 1.329  top1 68.79  top5 88.76  (582s, 2203 img/s)
Sat Sep 12 22:23:37 UTC 2026 stopping pod: both queues done
