=== c100_k13_s0 start Mon Sep 14 07:49:09 CST 2026 ===
=== c100_k13_s0 end Mon Sep 14 08:03:56 CST 2026 ===
=== c100_k20_s0 start Mon Sep 14 08:03:56 CST 2026 ===
=== c100_k20_s0 end Mon Sep 14 08:29:26 CST 2026 ===
=== c100_k50_s0 start Mon Sep 14 08:29:26 CST 2026 ===
=== c100_k50_s0 end Mon Sep 14 09:33:41 CST 2026 ===
=== c10_pc640_s0 start Mon Sep 14 09:33:41 CST 2026 ===
=== c10_pc640_s0 end Mon Sep 14 09:51:05 CST 2026 ===
=== c100_k13_s1 start Mon Sep 14 09:51:05 CST 2026 ===
=== c100_k13_s1 end Mon Sep 14 10:08:10 CST 2026 ===
=== c100_k20_s1 start Mon Sep 14 10:08:10 CST 2026 ===
=== c100_k20_s1 end Mon Sep 14 10:34:28 CST 2026 ===
=== c100_k50_s1 start Mon Sep 14 10:34:28 CST 2026 ===
=== c100_k50_s1 end Mon Sep 14 11:39:45 CST 2026 ===
=== c10_pc640_s1 start Mon Sep 14 11:39:45 CST 2026 ===
=== c10_pc640_s1 end Mon Sep 14 11:56:36 CST 2026 ===
=== c100_k13_s2 start Mon Sep 14 11:56:36 CST 2026 ===
=== c100_k13_s2 end Mon Sep 14 12:13:56 CST 2026 ===
=== c100_k20_s2 start Mon Sep 14 12:13:56 CST 2026 ===
=== c100_k20_s2 end Mon Sep 14 12:39:47 CST 2026 ===
=== c100_k50_s2 start Mon Sep 14 12:39:47 CST 2026 ===
=== c100_k50_s2 end Mon Sep 14 13:40:15 CST 2026 ===
=== c10_pc640_s2 start Mon Sep 14 13:40:15 CST 2026 ===
=== c10_pc640_s2 end Mon Sep 14 13:57:34 CST 2026 ===
=== widths c100_k13_s0 Mon Sep 14 13:57:34 CST 2026 ===
=== widths c100_k20_s0 Mon Sep 14 13:58:10 CST 2026 ===
=== widths c100_k50_s0 Mon Sep 14 13:58:47 CST 2026 ===
=== widths c10_pc640_s0 Mon Sep 14 13:59:24 CST 2026 ===
=== widths c100_k100_s0 Mon Sep 14 13:59:59 CST 2026 ===
=== widths c10_full_s0 Mon Sep 14 14:00:38 CST 2026 ===
=== widths c100_k13_s1 Mon Sep 14 14:01:13 CST 2026 ===
=== widths c100_k20_s1 Mon Sep 14 14:01:47 CST 2026 ===
=== widths c100_k50_s1 Mon Sep 14 14:02:23 CST 2026 ===
=== widths c10_pc640_s1 Mon Sep 14 14:03:00 CST 2026 ===
=== widths c100_k100_s1 Mon Sep 14 14:03:36 CST 2026 ===
=== widths c10_full_s1 Mon Sep 14 14:04:14 CST 2026 ===
=== widths c100_k13_s2 Mon Sep 14 14:04:49 CST 2026 ===
=== widths c100_k20_s2 Mon Sep 14 14:05:25 CST 2026 ===
=== widths c100_k50_s2 Mon Sep 14 14:06:02 CST 2026 ===
=== widths c10_pc640_s2 Mon Sep 14 14:06:39 CST 2026 ===
=== widths c100_k100_s2 Mon Sep 14 14:07:16 CST 2026 ===
=== widths c10_full_s2 Mon Sep 14 14:07:55 CST 2026 ===
=== A24 done Mon Sep 14 14:08:31 CST 2026 ===
