nohup: ignoring input
=== a2_bottleneck_s0 start Tue Sep  8 00:12:50 UTC 2026 ===
=== a2_bottleneck_s2 start Tue Sep  8 00:12:50 UTC 2026 ===
=== a2_bottleneck_s1 start Tue Sep  8 00:12:50 UTC 2026 ===
nohup: ignoring input
=== a2_bottleneck_s0 start Tue Sep  8 00:29:51 UTC 2026 ===
=== a2_bottleneck_s1 start Tue Sep  8 00:29:51 UTC 2026 ===
=== a2_bottleneck_s2 start Tue Sep  8 00:29:51 UTC 2026 ===
=== a2_bottleneck_s2 end Tue Sep  8 02:52:06 UTC 2026 ===
=== a2_bottleneck_s1 end Tue Sep  8 03:00:18 UTC 2026 ===
=== a2_bottleneck_s0 end Tue Sep  8 03:01:07 UTC 2026 ===
=== a2_basic52_s1 start Tue Sep  8 03:01:07 UTC 2026 ===
=== a2_basic52_s2 start Tue Sep  8 03:01:07 UTC 2026 ===
=== a2_basic52_s0 start Tue Sep  8 03:01:07 UTC 2026 ===
=== a2_basic52_s0 end Tue Sep  8 04:42:09 UTC 2026 ===
=== a2_basic52_s2 end Tue Sep  8 04:42:15 UTC 2026 ===
=== a2_basic52_s1 end Tue Sep  8 04:42:44 UTC 2026 ===
=== a2_mobilenetv2_s0 start Tue Sep  8 04:42:44 UTC 2026 ===
=== a2_mobilenetv2_s2 start Tue Sep  8 04:42:44 UTC 2026 ===
=== a2_mobilenetv2_s1 start Tue Sep  8 04:42:44 UTC 2026 ===
=== a2_mobilenetv2_s2 end Tue Sep  8 05:33:50 UTC 2026 ===
=== a2_mobilenetv2_s0 end Tue Sep  8 05:34:11 UTC 2026 ===
=== a2_mobilenetv2_s1 end Tue Sep  8 05:35:16 UTC 2026 ===
=== a5_vgg16_bn_none_s0 start Tue Sep  8 05:35:16 UTC 2026 ===
=== a5_vgg16_bn_none_s2 start Tue Sep  8 05:35:16 UTC 2026 ===
=== a5_vgg16_bn_none_s1 start Tue Sep  8 05:35:16 UTC 2026 ===
=== a5_vgg16_bn_none_s0 end Tue Sep  8 05:58:46 UTC 2026 ===
=== a5_vgg16_bn_none_s2 end Tue Sep  8 06:00:03 UTC 2026 ===
=== a5_vgg16_bn_none_s1 end Tue Sep  8 06:00:30 UTC 2026 ===
=== a5_vgg16_bn_so_s1 start Tue Sep  8 06:00:30 UTC 2026 ===
=== a5_vgg16_bn_so_s0 start Tue Sep  8 06:00:30 UTC 2026 ===
=== a5_vgg16_bn_so_s2 start Tue Sep  8 06:00:30 UTC 2026 ===
=== a5_vgg16_bn_so_s0 end Tue Sep  8 06:30:09 UTC 2026 ===
=== a5_vgg16_bn_so_s2 end Tue Sep  8 06:31:04 UTC 2026 ===
=== a5_vgg16_bn_so_s1 end Tue Sep  8 06:31:53 UTC 2026 ===
=== a5_vgg16_bn_srip_s1 start Tue Sep  8 06:31:53 UTC 2026 ===
=== a5_vgg16_bn_srip_s0 start Tue Sep  8 06:31:53 UTC 2026 ===
=== a5_vgg16_bn_srip_s2 start Tue Sep  8 06:31:53 UTC 2026 ===
=== a5_vgg16_bn_srip_s2 end Tue Sep  8 07:05:00 UTC 2026 ===
=== a5_vgg16_bn_srip_s1 end Tue Sep  8 07:05:03 UTC 2026 ===
=== a5_vgg16_bn_srip_s0 end Tue Sep  8 07:05:06 UTC 2026 ===
=== a5_basic52_so_s1 start Tue Sep  8 07:05:06 UTC 2026 ===
=== a5_basic52_so_s0 start Tue Sep  8 07:05:06 UTC 2026 ===
=== a5_basic52_so_s2 start Tue Sep  8 07:05:06 UTC 2026 ===
=== a5_basic52_so_s0 end Tue Sep  8 09:02:35 UTC 2026 ===
=== a5_basic52_so_s2 end Tue Sep  8 09:02:38 UTC 2026 ===
=== a5_basic52_so_s1 end Tue Sep  8 09:03:47 UTC 2026 ===
=== a5_basic52_srip_s2 start Tue Sep  8 09:03:47 UTC 2026 ===
=== a5_basic52_srip_s0 start Tue Sep  8 09:03:47 UTC 2026 ===
=== a5_basic52_srip_s1 start Tue Sep  8 09:03:47 UTC 2026 ===
=== a5_basic52_srip_s1 end Tue Sep  8 11:02:46 UTC 2026 ===
=== a5_basic52_srip_s0 end Tue Sep  8 11:04:53 UTC 2026 ===
=== a5_basic52_srip_s2 end Tue Sep  8 11:08:18 UTC 2026 ===
=== round 3 done Tue Sep  8 11:08:18 UTC 2026 ===
