schedule: [0, 100]
  [measure] epoch   0  test acc  9.62%  k*(.95)/C median 0.391  rho(depth) +0.10  (18s)
  epoch   1/100  loss 1.296  (17s)
  epoch   2/100  loss 0.967  (16s)
  epoch   3/100  loss 0.882  (16s)
  epoch   4/100  loss 0.719  (16s)
  epoch   5/100  loss 0.681  (16s)
  epoch   6/100  loss 0.706  (16s)
  epoch   7/100  loss 0.436  (16s)
  epoch   8/100  loss 0.500  (16s)
  epoch   9/100  loss 0.429  (16s)
  epoch  10/100  loss 0.443  (16s)
  epoch  11/100  loss 0.379  (16s)
  epoch  12/100  loss 0.408  (16s)
  epoch  13/100  loss 0.417  (16s)
  epoch  14/100  loss 0.499  (16s)
  epoch  15/100  loss 0.233  (16s)
  epoch  16/100  loss 0.269  (16s)
  epoch  17/100  loss 0.456  (16s)
  epoch  18/100  loss 0.363  (16s)
  epoch  19/100  loss 0.349  (16s)
  epoch  20/100  loss 0.362  (16s)
  epoch  21/100  loss 0.230  (16s)
  epoch  22/100  loss 0.265  (16s)
  epoch  23/100  loss 0.228  (16s)
  epoch  24/100  loss 0.241  (16s)
  epoch  25/100  loss 0.317  (16s)
  epoch  26/100  loss 0.272  (16s)
  epoch  27/100  loss 0.220  (16s)
  epoch  28/100  loss 0.224  (16s)
  epoch  29/100  loss 0.192  (16s)
  epoch  30/100  loss 0.311  (16s)
  epoch  31/100  loss 0.241  (16s)
  epoch  32/100  loss 0.250  (16s)
  epoch  33/100  loss 0.287  (16s)
  epoch  34/100  loss 0.235  (16s)
  epoch  35/100  loss 0.138  (16s)
  epoch  36/100  loss 0.299  (14s)
  epoch  37/100  loss 0.325  (14s)
  epoch  38/100  loss 0.309  (13s)
  epoch  39/100  loss 0.295  (16s)
  epoch  40/100  loss 0.350  (16s)
  epoch  41/100  loss 0.199  (16s)
  epoch  42/100  loss 0.180  (16s)
  epoch  43/100  loss 0.242  (16s)
  epoch  44/100  loss 0.257  (16s)
  epoch  45/100  loss 0.303  (16s)
  epoch  46/100  loss 0.280  (16s)
  epoch  47/100  loss 0.328  (16s)
  epoch  48/100  loss 0.372  (16s)
  epoch  49/100  loss 0.177  (16s)
  epoch  50/100  loss 0.232  (16s)
  epoch  51/100  loss 0.242  (16s)
  epoch  52/100  loss 0.271  (16s)
  epoch  53/100  loss 0.248  (16s)
  epoch  54/100  loss 0.178  (16s)
  epoch  55/100  loss 0.167  (16s)
  epoch  56/100  loss 0.241  (16s)
  epoch  57/100  loss 0.185  (16s)
  epoch  58/100  loss 0.244  (16s)
  epoch  59/100  loss 0.209  (16s)
  epoch  60/100  loss 0.166  (16s)
  epoch  61/100  loss 0.176  (16s)
  epoch  62/100  loss 0.230  (16s)
  epoch  63/100  loss 0.188  (16s)
  epoch  64/100  loss 0.172  (16s)
  epoch  65/100  loss 0.171  (16s)
  epoch  66/100  loss 0.160  (16s)
  epoch  67/100  loss 0.314  (16s)
  epoch  68/100  loss 0.202  (16s)
  epoch  69/100  loss 0.169  (16s)
  epoch  70/100  loss 0.098  (16s)
  epoch  71/100  loss 0.201  (16s)
  epoch  72/100  loss 0.094  (16s)
  epoch  73/100  loss 0.266  (16s)
  epoch  74/100  loss 0.216  (16s)
  epoch  75/100  loss 0.096  (16s)
  epoch  76/100  loss 0.122  (16s)
  epoch  77/100  loss 0.191  (16s)
  epoch  78/100  loss 0.089  (16s)
  epoch  79/100  loss 0.096  (16s)
  epoch  80/100  loss 0.133  (16s)
  epoch  81/100  loss 0.072  (16s)
  epoch  82/100  loss 0.114  (16s)
  epoch  83/100  loss 0.123  (16s)
  epoch  84/100  loss 0.085  (16s)
  epoch  85/100  loss 0.076  (16s)
  epoch  86/100  loss 0.046  (16s)
  epoch  87/100  loss 0.073  (16s)
  epoch  88/100  loss 0.020  (16s)
  epoch  89/100  loss 0.030  (16s)
  epoch  90/100  loss 0.024  (16s)
  epoch  91/100  loss 0.028  (16s)
  epoch  92/100  loss 0.016  (16s)
  epoch  93/100  loss 0.046  (16s)
  epoch  94/100  loss 0.004  (16s)
  epoch  95/100  loss 0.012  (16s)
  epoch  96/100  loss 0.002  (16s)
  epoch  97/100  loss 0.002  (16s)
  epoch  98/100  loss 0.002  (16s)
  epoch  99/100  loss 0.004  (16s)
  epoch 100/100  loss 0.003  (16s)
  [measure] epoch 100  test acc 94.77%  k*(.95)/C median 0.274  rho(depth) -0.21  (19s)
done
