schedule: [0, 100]
  [measure] epoch   0  test acc 10.00%  k*(.95)/C median 0.410  rho(depth) +0.26  (6s)
  epoch   1/100  loss 1.331  (8s)
  epoch   2/100  loss 0.859  (7s)
  epoch   3/100  loss 0.880  (7s)
  epoch   4/100  loss 0.698  (7s)
  epoch   5/100  loss 0.596  (8s)
  epoch   6/100  loss 0.480  (7s)
  epoch   7/100  loss 0.543  (7s)
  epoch   8/100  loss 0.460  (7s)
  epoch   9/100  loss 0.429  (7s)
  epoch  10/100  loss 0.314  (7s)
  epoch  11/100  loss 0.370  (7s)
  epoch  12/100  loss 0.288  (7s)
  epoch  13/100  loss 0.336  (7s)
  epoch  14/100  loss 0.267  (8s)
  epoch  15/100  loss 0.335  (7s)
  epoch  16/100  loss 0.356  (8s)
  epoch  17/100  loss 0.266  (7s)
  epoch  18/100  loss 0.379  (8s)
  epoch  19/100  loss 0.302  (7s)
  epoch  20/100  loss 0.362  (8s)
  epoch  21/100  loss 0.344  (7s)
  epoch  22/100  loss 0.281  (7s)
  epoch  23/100  loss 0.352  (8s)
  epoch  24/100  loss 0.283  (7s)
  epoch  25/100  loss 0.186  (7s)
  epoch  26/100  loss 0.250  (7s)
  epoch  27/100  loss 0.290  (7s)
  epoch  28/100  loss 0.269  (7s)
  epoch  29/100  loss 0.294  (8s)
  epoch  30/100  loss 0.304  (7s)
  epoch  31/100  loss 0.447  (7s)
  epoch  32/100  loss 0.234  (7s)
  epoch  33/100  loss 0.204  (7s)
  epoch  34/100  loss 0.251  (8s)
  epoch  35/100  loss 0.230  (7s)
  epoch  36/100  loss 0.323  (7s)
  epoch  37/100  loss 0.349  (7s)
  epoch  38/100  loss 0.261  (7s)
  epoch  39/100  loss 0.274  (7s)
  epoch  40/100  loss 0.224  (7s)
  epoch  41/100  loss 0.280  (7s)
  epoch  42/100  loss 0.238  (7s)
  epoch  43/100  loss 0.158  (8s)
  epoch  44/100  loss 0.194  (7s)
  epoch  45/100  loss 0.202  (7s)
  epoch  46/100  loss 0.228  (7s)
  epoch  47/100  loss 0.242  (7s)
  epoch  48/100  loss 0.246  (7s)
  epoch  49/100  loss 0.242  (7s)
  epoch  50/100  loss 0.145  (7s)
  epoch  51/100  loss 0.167  (7s)
  epoch  52/100  loss 0.257  (7s)
  epoch  53/100  loss 0.328  (7s)
  epoch  54/100  loss 0.275  (7s)
  epoch  55/100  loss 0.391  (7s)
  epoch  56/100  loss 0.202  (7s)
  epoch  57/100  loss 0.285  (7s)
  epoch  58/100  loss 0.242  (7s)
  epoch  59/100  loss 0.231  (7s)
  epoch  60/100  loss 0.209  (7s)
  epoch  61/100  loss 0.231  (7s)
  epoch  62/100  loss 0.215  (7s)
  epoch  63/100  loss 0.257  (7s)
  epoch  64/100  loss 0.187  (11s)
  epoch  65/100  loss 0.119  (12s)
  epoch  66/100  loss 0.283  (12s)
  epoch  67/100  loss 0.189  (12s)
  epoch  68/100  loss 0.187  (12s)
  epoch  69/100  loss 0.149  (12s)
  epoch  70/100  loss 0.137  (12s)
  epoch  71/100  loss 0.126  (12s)
  epoch  72/100  loss 0.156  (12s)
  epoch  73/100  loss 0.126  (12s)
  epoch  74/100  loss 0.124  (12s)
  epoch  75/100  loss 0.128  (12s)
  epoch  76/100  loss 0.111  (12s)
  epoch  77/100  loss 0.158  (12s)
  epoch  78/100  loss 0.080  (12s)
  epoch  79/100  loss 0.200  (12s)
  epoch  80/100  loss 0.087  (12s)
  epoch  81/100  loss 0.146  (12s)
  epoch  82/100  loss 0.021  (12s)
  epoch  83/100  loss 0.091  (12s)
  epoch  84/100  loss 0.101  (12s)
  epoch  85/100  loss 0.055  (12s)
  epoch  86/100  loss 0.089  (12s)
  epoch  87/100  loss 0.022  (12s)
  epoch  88/100  loss 0.023  (12s)
  epoch  89/100  loss 0.026  (12s)
  epoch  90/100  loss 0.005  (12s)
  epoch  91/100  loss 0.006  (12s)
  epoch  92/100  loss 0.021  (12s)
  epoch  93/100  loss 0.003  (12s)
  epoch  94/100  loss 0.009  (12s)
  epoch  95/100  loss 0.010  (12s)
  epoch  96/100  loss 0.001  (12s)
  epoch  97/100  loss 0.004  (12s)
  epoch  98/100  loss 0.002  (12s)
  epoch  99/100  loss 0.002  (12s)
  epoch 100/100  loss 0.001  (9s)
  [measure] epoch 100  test acc 95.07%  k*(.95)/C median 0.266  rho(depth) -0.25  (15s)
done
