schedule: [0, 100]
  [measure] epoch   0  test acc 10.00%  k*(.95)/C median 0.337  rho(depth) -0.29  (15s)
  epoch   1/100  loss 1.335  (18s)
  epoch   2/100  loss 0.795  (17s)
  epoch   3/100  loss 0.903  (17s)
  epoch   4/100  loss 0.798  (17s)
  epoch   5/100  loss 0.537  (15s)
  epoch   6/100  loss 0.500  (15s)
  epoch   7/100  loss 0.654  (17s)
  epoch   8/100  loss 0.513  (17s)
  epoch   9/100  loss 0.336  (17s)
  epoch  10/100  loss 0.302  (17s)
  epoch  11/100  loss 0.402  (17s)
  epoch  12/100  loss 0.316  (17s)
  epoch  13/100  loss 0.378  (17s)
  epoch  14/100  loss 0.258  (17s)
  epoch  15/100  loss 0.369  (17s)
  epoch  16/100  loss 0.351  (17s)
  epoch  17/100  loss 0.262  (17s)
  epoch  18/100  loss 0.366  (17s)
  epoch  19/100  loss 0.298  (17s)
  epoch  20/100  loss 0.311  (17s)
  epoch  21/100  loss 0.353  (17s)
  epoch  22/100  loss 0.261  (17s)
  epoch  23/100  loss 0.310  (17s)
  epoch  24/100  loss 0.346  (17s)
  epoch  25/100  loss 0.255  (17s)
  epoch  26/100  loss 0.271  (17s)
  epoch  27/100  loss 0.261  (17s)
  epoch  28/100  loss 0.290  (17s)
  epoch  29/100  loss 0.353  (17s)
  epoch  30/100  loss 0.311  (17s)
  epoch  31/100  loss 0.317  (17s)
  epoch  32/100  loss 0.241  (17s)
  epoch  33/100  loss 0.250  (17s)
  epoch  34/100  loss 0.233  (17s)
  epoch  35/100  loss 0.286  (17s)
  epoch  36/100  loss 0.238  (17s)
  epoch  37/100  loss 0.320  (17s)
  epoch  38/100  loss 0.343  (17s)
  epoch  39/100  loss 0.181  (17s)
  epoch  40/100  loss 0.309  (17s)
  epoch  41/100  loss 0.307  (17s)
  epoch  42/100  loss 0.229  (17s)
  epoch  43/100  loss 0.123  (17s)
  epoch  44/100  loss 0.202  (17s)
  epoch  45/100  loss 0.240  (17s)
  epoch  46/100  loss 0.257  (17s)
  epoch  47/100  loss 0.209  (17s)
  epoch  48/100  loss 0.215  (17s)
  epoch  49/100  loss 0.271  (17s)
  epoch  50/100  loss 0.166  (17s)
  epoch  51/100  loss 0.203  (17s)
  epoch  52/100  loss 0.242  (17s)
  epoch  53/100  loss 0.246  (17s)
  epoch  54/100  loss 0.232  (17s)
  epoch  55/100  loss 0.363  (17s)
  epoch  56/100  loss 0.223  (17s)
  epoch  57/100  loss 0.300  (17s)
  epoch  58/100  loss 0.183  (17s)
  epoch  59/100  loss 0.200  (17s)
  epoch  60/100  loss 0.194  (17s)
  epoch  61/100  loss 0.319  (17s)
  epoch  62/100  loss 0.208  (17s)
  epoch  63/100  loss 0.163  (17s)
  epoch  64/100  loss 0.190  (17s)
  epoch  65/100  loss 0.207  (17s)
  epoch  66/100  loss 0.214  (17s)
  epoch  67/100  loss 0.234  (17s)
  epoch  68/100  loss 0.242  (17s)
  epoch  69/100  loss 0.130  (17s)
  epoch  70/100  loss 0.136  (17s)
  epoch  71/100  loss 0.152  (15s)
  epoch  72/100  loss 0.210  (15s)
  epoch  73/100  loss 0.141  (17s)
  epoch  74/100  loss 0.144  (17s)
  epoch  75/100  loss 0.127  (17s)
  epoch  76/100  loss 0.190  (17s)
  epoch  77/100  loss 0.166  (17s)
  epoch  78/100  loss 0.035  (17s)
  epoch  79/100  loss 0.157  (17s)
  epoch  80/100  loss 0.154  (17s)
  epoch  81/100  loss 0.112  (17s)
  epoch  82/100  loss 0.094  (17s)
  epoch  83/100  loss 0.086  (17s)
  epoch  84/100  loss 0.138  (17s)
  epoch  85/100  loss 0.119  (17s)
  epoch  86/100  loss 0.041  (17s)
  epoch  87/100  loss 0.103  (17s)
  epoch  88/100  loss 0.015  (17s)
  epoch  89/100  loss 0.021  (17s)
  epoch  90/100  loss 0.009  (17s)
  epoch  91/100  loss 0.016  (17s)
  epoch  92/100  loss 0.005  (17s)
  epoch  93/100  loss 0.002  (17s)
  epoch  94/100  loss 0.005  (17s)
  epoch  95/100  loss 0.002  (17s)
  epoch  96/100  loss 0.002  (17s)
  epoch  97/100  loss 0.002  (17s)
  epoch  98/100  loss 0.002  (17s)
  epoch  99/100  loss 0.001  (17s)
  epoch 100/100  loss 0.015  (15s)
  [measure] epoch 100  test acc 94.85%  k*(.95)/C median 0.266  rho(depth) -0.25  (40s)
done
