schedule: [0, 100]
  [measure] epoch   0  test acc 10.00%  k*(.95)/C median 0.438  rho(depth) +0.36  (18s)
  epoch   1/100  loss 1.356  (16s)
  epoch   2/100  loss 0.946  (16s)
  epoch   3/100  loss 0.818  (16s)
  epoch   4/100  loss 0.786  (16s)
  epoch   5/100  loss 0.629  (16s)
  epoch   6/100  loss 0.590  (16s)
  epoch   7/100  loss 0.506  (16s)
  epoch   8/100  loss 0.437  (16s)
  epoch   9/100  loss 0.359  (16s)
  epoch  10/100  loss 0.372  (16s)
  epoch  11/100  loss 0.504  (16s)
  epoch  12/100  loss 0.259  (16s)
  epoch  13/100  loss 0.431  (16s)
  epoch  14/100  loss 0.348  (16s)
  epoch  15/100  loss 0.374  (16s)
  epoch  16/100  loss 0.361  (16s)
  epoch  17/100  loss 0.330  (16s)
  epoch  18/100  loss 0.384  (16s)
  epoch  19/100  loss 0.221  (16s)
  epoch  20/100  loss 0.238  (16s)
  epoch  21/100  loss 0.296  (16s)
  epoch  22/100  loss 0.344  (16s)
  epoch  23/100  loss 0.308  (16s)
  epoch  24/100  loss 0.372  (16s)
  epoch  25/100  loss 0.208  (16s)
  epoch  26/100  loss 0.239  (16s)
  epoch  27/100  loss 0.311  (16s)
  epoch  28/100  loss 0.285  (16s)
  epoch  29/100  loss 0.278  (16s)
  epoch  30/100  loss 0.310  (16s)
  epoch  31/100  loss 0.388  (16s)
  epoch  32/100  loss 0.164  (16s)
  epoch  33/100  loss 0.223  (16s)
  epoch  34/100  loss 0.397  (16s)
  epoch  35/100  loss 0.286  (16s)
  epoch  36/100  loss 0.348  (14s)
  epoch  37/100  loss 0.236  (14s)
  epoch  38/100  loss 0.410  (14s)
  epoch  39/100  loss 0.139  (16s)
  epoch  40/100  loss 0.235  (16s)
  epoch  41/100  loss 0.267  (16s)
  epoch  42/100  loss 0.350  (16s)
  epoch  43/100  loss 0.229  (16s)
  epoch  44/100  loss 0.201  (16s)
  epoch  45/100  loss 0.288  (16s)
  epoch  46/100  loss 0.226  (16s)
  epoch  47/100  loss 0.247  (16s)
  epoch  48/100  loss 0.286  (16s)
  epoch  49/100  loss 0.303  (16s)
  epoch  50/100  loss 0.245  (16s)
  epoch  51/100  loss 0.239  (16s)
  epoch  52/100  loss 0.217  (16s)
  epoch  53/100  loss 0.201  (16s)
  epoch  54/100  loss 0.325  (16s)
  epoch  55/100  loss 0.221  (16s)
  epoch  56/100  loss 0.225  (16s)
  epoch  57/100  loss 0.203  (16s)
  epoch  58/100  loss 0.125  (16s)
  epoch  59/100  loss 0.171  (16s)
  epoch  60/100  loss 0.230  (16s)
  epoch  61/100  loss 0.252  (16s)
  epoch  62/100  loss 0.191  (16s)
  epoch  63/100  loss 0.239  (16s)
  epoch  64/100  loss 0.235  (16s)
  epoch  65/100  loss 0.235  (16s)
  epoch  66/100  loss 0.157  (16s)
  epoch  67/100  loss 0.166  (16s)
  epoch  68/100  loss 0.304  (16s)
  epoch  69/100  loss 0.169  (16s)
  epoch  70/100  loss 0.299  (16s)
  epoch  71/100  loss 0.133  (16s)
  epoch  72/100  loss 0.150  (16s)
  epoch  73/100  loss 0.134  (16s)
  epoch  74/100  loss 0.161  (16s)
  epoch  75/100  loss 0.345  (16s)
  epoch  76/100  loss 0.148  (16s)
  epoch  77/100  loss 0.162  (16s)
  epoch  78/100  loss 0.100  (16s)
  epoch  79/100  loss 0.089  (16s)
  epoch  80/100  loss 0.079  (16s)
  epoch  81/100  loss 0.130  (16s)
  epoch  82/100  loss 0.113  (16s)
  epoch  83/100  loss 0.059  (16s)
  epoch  84/100  loss 0.071  (16s)
  epoch  85/100  loss 0.045  (16s)
  epoch  86/100  loss 0.034  (16s)
  epoch  87/100  loss 0.044  (16s)
  epoch  88/100  loss 0.059  (16s)
  epoch  89/100  loss 0.013  (16s)
  epoch  90/100  loss 0.020  (16s)
  epoch  91/100  loss 0.006  (16s)
  epoch  92/100  loss 0.041  (16s)
  epoch  93/100  loss 0.004  (16s)
  epoch  94/100  loss 0.017  (16s)
  epoch  95/100  loss 0.002  (16s)
  epoch  96/100  loss 0.013  (16s)
  epoch  97/100  loss 0.001  (16s)
  epoch  98/100  loss 0.005  (16s)
  epoch  99/100  loss 0.001  (16s)
  epoch 100/100  loss 0.005  (15s)
  [measure] epoch 100  test acc 95.01%  k*(.95)/C median 0.258  rho(depth) -0.21  (17s)
done
