schedule: [0, 100]
  [measure] epoch   0  test acc  9.88%  k*(.95)/C median 0.404  rho(depth) +0.15  (15s)
  epoch   1/100  loss 1.262  (18s)
  epoch   2/100  loss 0.986  (18s)
  epoch   3/100  loss 0.687  (18s)
  epoch   4/100  loss 0.638  (17s)
  epoch   5/100  loss 0.652  (16s)
  epoch   6/100  loss 0.644  (16s)
  epoch   7/100  loss 0.480  (18s)
  epoch   8/100  loss 0.471  (18s)
  epoch   9/100  loss 0.453  (18s)
  epoch  10/100  loss 0.412  (18s)
  epoch  11/100  loss 0.385  (18s)
  epoch  12/100  loss 0.402  (18s)
  epoch  13/100  loss 0.478  (18s)
  epoch  14/100  loss 0.407  (18s)
  epoch  15/100  loss 0.290  (18s)
  epoch  16/100  loss 0.265  (18s)
  epoch  17/100  loss 0.589  (18s)
  epoch  18/100  loss 0.359  (18s)
  epoch  19/100  loss 0.254  (18s)
  epoch  20/100  loss 0.286  (18s)
  epoch  21/100  loss 0.275  (18s)
  epoch  22/100  loss 0.295  (18s)
  epoch  23/100  loss 0.259  (17s)
  epoch  24/100  loss 0.259  (18s)
  epoch  25/100  loss 0.314  (18s)
  epoch  26/100  loss 0.312  (17s)
  epoch  27/100  loss 0.253  (17s)
  epoch  28/100  loss 0.247  (18s)
  epoch  29/100  loss 0.253  (18s)
  epoch  30/100  loss 0.395  (17s)
  epoch  31/100  loss 0.224  (18s)
  epoch  32/100  loss 0.293  (18s)
  epoch  33/100  loss 0.305  (18s)
  epoch  34/100  loss 0.271  (18s)
  epoch  35/100  loss 0.168  (18s)
  epoch  36/100  loss 0.327  (18s)
  epoch  37/100  loss 0.339  (18s)
  epoch  38/100  loss 0.263  (18s)
  epoch  39/100  loss 0.228  (18s)
  epoch  40/100  loss 0.298  (18s)
  epoch  41/100  loss 0.267  (18s)
  epoch  42/100  loss 0.152  (18s)
  epoch  43/100  loss 0.254  (18s)
  epoch  44/100  loss 0.220  (17s)
  epoch  45/100  loss 0.268  (18s)
  epoch  46/100  loss 0.334  (18s)
  epoch  47/100  loss 0.242  (18s)
  epoch  48/100  loss 0.318  (18s)
  epoch  49/100  loss 0.293  (18s)
  epoch  50/100  loss 0.230  (18s)
  epoch  51/100  loss 0.243  (18s)
  epoch  52/100  loss 0.247  (18s)
  epoch  53/100  loss 0.256  (18s)
  epoch  54/100  loss 0.152  (18s)
  epoch  55/100  loss 0.147  (18s)
  epoch  56/100  loss 0.163  (18s)
  epoch  57/100  loss 0.213  (17s)
  epoch  58/100  loss 0.176  (18s)
  epoch  59/100  loss 0.224  (18s)
  epoch  60/100  loss 0.184  (18s)
  epoch  61/100  loss 0.178  (18s)
  epoch  62/100  loss 0.275  (18s)
  epoch  63/100  loss 0.190  (18s)
  epoch  64/100  loss 0.204  (18s)
  epoch  65/100  loss 0.187  (18s)
  epoch  66/100  loss 0.167  (18s)
  epoch  67/100  loss 0.271  (18s)
  epoch  68/100  loss 0.240  (18s)
  epoch  69/100  loss 0.097  (16s)
  epoch  70/100  loss 0.229  (15s)
  epoch  71/100  loss 0.151  (18s)
  epoch  72/100  loss 0.108  (18s)
  epoch  73/100  loss 0.225  (18s)
  epoch  74/100  loss 0.154  (17s)
  epoch  75/100  loss 0.090  (18s)
  epoch  76/100  loss 0.086  (17s)
  epoch  77/100  loss 0.136  (18s)
  epoch  78/100  loss 0.072  (18s)
  epoch  79/100  loss 0.155  (18s)
  epoch  80/100  loss 0.099  (18s)
  epoch  81/100  loss 0.097  (18s)
  epoch  82/100  loss 0.088  (18s)
  epoch  83/100  loss 0.105  (18s)
  epoch  84/100  loss 0.087  (18s)
  epoch  85/100  loss 0.048  (18s)
  epoch  86/100  loss 0.043  (18s)
  epoch  87/100  loss 0.018  (18s)
  epoch  88/100  loss 0.017  (18s)
  epoch  89/100  loss 0.019  (18s)
  epoch  90/100  loss 0.005  (18s)
  epoch  91/100  loss 0.011  (18s)
  epoch  92/100  loss 0.004  (18s)
  epoch  93/100  loss 0.009  (18s)
  epoch  94/100  loss 0.012  (18s)
  epoch  95/100  loss 0.016  (18s)
  epoch  96/100  loss 0.002  (18s)
  epoch  97/100  loss 0.002  (17s)
  epoch  98/100  loss 0.001  (12s)
  epoch  99/100  loss 0.005  (11s)
  epoch 100/100  loss 0.006  (11s)
  [measure] epoch 100  test acc 94.97%  k*(.95)/C median 0.270  rho(depth) -0.23  (13s)
done
