schedule: [0, 100]
  [measure] epoch   0  test acc  9.48%  k*(.95)/C median 0.383  rho(depth) -0.20  (16s)
  epoch   1/100  loss 1.271  (18s)
  epoch   2/100  loss 0.981  (17s)
  epoch   3/100  loss 0.897  (17s)
  epoch   4/100  loss 0.870  (16s)
  epoch   5/100  loss 0.686  (15s)
  epoch   6/100  loss 0.655  (15s)
  epoch   7/100  loss 0.440  (17s)
  epoch   8/100  loss 0.383  (17s)
  epoch   9/100  loss 0.351  (17s)
  epoch  10/100  loss 0.368  (17s)
  epoch  11/100  loss 0.488  (17s)
  epoch  12/100  loss 0.294  (17s)
  epoch  13/100  loss 0.383  (17s)
  epoch  14/100  loss 0.457  (17s)
  epoch  15/100  loss 0.320  (17s)
  epoch  16/100  loss 0.346  (17s)
  epoch  17/100  loss 0.331  (17s)
  epoch  18/100  loss 0.329  (17s)
  epoch  19/100  loss 0.254  (17s)
  epoch  20/100  loss 0.279  (17s)
  epoch  21/100  loss 0.261  (17s)
  epoch  22/100  loss 0.412  (17s)
  epoch  23/100  loss 0.401  (17s)
  epoch  24/100  loss 0.362  (17s)
  epoch  25/100  loss 0.217  (17s)
  epoch  26/100  loss 0.302  (17s)
  epoch  27/100  loss 0.348  (17s)
  epoch  28/100  loss 0.345  (17s)
  epoch  29/100  loss 0.217  (17s)
  epoch  30/100  loss 0.300  (17s)
  epoch  31/100  loss 0.302  (17s)
  epoch  32/100  loss 0.151  (17s)
  epoch  33/100  loss 0.191  (17s)
  epoch  34/100  loss 0.387  (17s)
  epoch  35/100  loss 0.316  (17s)
  epoch  36/100  loss 0.329  (17s)
  epoch  37/100  loss 0.294  (17s)
  epoch  38/100  loss 0.257  (17s)
  epoch  39/100  loss 0.147  (17s)
  epoch  40/100  loss 0.275  (17s)
  epoch  41/100  loss 0.288  (17s)
  epoch  42/100  loss 0.376  (17s)
  epoch  43/100  loss 0.323  (17s)
  epoch  44/100  loss 0.253  (17s)
  epoch  45/100  loss 0.302  (17s)
  epoch  46/100  loss 0.203  (17s)
  epoch  47/100  loss 0.306  (17s)
  epoch  48/100  loss 0.260  (17s)
  epoch  49/100  loss 0.273  (17s)
  epoch  50/100  loss 0.198  (17s)
  epoch  51/100  loss 0.270  (17s)
  epoch  52/100  loss 0.272  (17s)
  epoch  53/100  loss 0.219  (17s)
  epoch  54/100  loss 0.342  (17s)
  epoch  55/100  loss 0.258  (17s)
  epoch  56/100  loss 0.158  (17s)
  epoch  57/100  loss 0.144  (17s)
  epoch  58/100  loss 0.109  (17s)
  epoch  59/100  loss 0.140  (17s)
  epoch  60/100  loss 0.284  (17s)
  epoch  61/100  loss 0.175  (17s)
  epoch  62/100  loss 0.209  (17s)
  epoch  63/100  loss 0.220  (17s)
  epoch  64/100  loss 0.216  (17s)
  epoch  65/100  loss 0.273  (17s)
  epoch  66/100  loss 0.210  (17s)
  epoch  67/100  loss 0.154  (17s)
  epoch  68/100  loss 0.234  (17s)
  epoch  69/100  loss 0.129  (17s)
  epoch  70/100  loss 0.170  (17s)
  epoch  71/100  loss 0.261  (16s)
  epoch  72/100  loss 0.226  (16s)
  epoch  73/100  loss 0.114  (16s)
  epoch  74/100  loss 0.219  (17s)
  epoch  75/100  loss 0.286  (17s)
  epoch  76/100  loss 0.111  (17s)
  epoch  77/100  loss 0.156  (17s)
  epoch  78/100  loss 0.132  (17s)
  epoch  79/100  loss 0.089  (17s)
  epoch  80/100  loss 0.103  (17s)
  epoch  81/100  loss 0.116  (17s)
  epoch  82/100  loss 0.121  (17s)
  epoch  83/100  loss 0.104  (17s)
  epoch  84/100  loss 0.043  (17s)
  epoch  85/100  loss 0.098  (17s)
  epoch  86/100  loss 0.066  (17s)
  epoch  87/100  loss 0.031  (17s)
  epoch  88/100  loss 0.014  (17s)
  epoch  89/100  loss 0.014  (17s)
  epoch  90/100  loss 0.019  (17s)
  epoch  91/100  loss 0.007  (17s)
  epoch  92/100  loss 0.005  (17s)
  epoch  93/100  loss 0.010  (17s)
  epoch  94/100  loss 0.007  (17s)
  epoch  95/100  loss 0.001  (17s)
  epoch  96/100  loss 0.005  (17s)
  epoch  97/100  loss 0.002  (17s)
  epoch  98/100  loss 0.004  (17s)
  epoch  99/100  loss 0.002  (17s)
  epoch 100/100  loss 0.002  (17s)
  [measure] epoch 100  test acc 95.24%  k*(.95)/C median 0.280  rho(depth) -0.25  (47s)
done
