schedule: [0, 100]
  [measure] epoch   0  test acc 10.00%  k*(.95)/C median 0.381  rho(depth) -0.18  (6s)
  epoch   1/100  loss 1.291  (8s)
  epoch   2/100  loss 0.923  (7s)
  epoch   3/100  loss 0.794  (8s)
  epoch   4/100  loss 0.868  (7s)
  epoch   5/100  loss 0.668  (7s)
  epoch   6/100  loss 0.645  (7s)
  epoch   7/100  loss 0.480  (7s)
  epoch   8/100  loss 0.412  (7s)
  epoch   9/100  loss 0.360  (7s)
  epoch  10/100  loss 0.439  (7s)
  epoch  11/100  loss 0.518  (7s)
  epoch  12/100  loss 0.334  (7s)
  epoch  13/100  loss 0.367  (7s)
  epoch  14/100  loss 0.427  (7s)
  epoch  15/100  loss 0.401  (7s)
  epoch  16/100  loss 0.378  (8s)
  epoch  17/100  loss 0.319  (7s)
  epoch  18/100  loss 0.293  (7s)
  epoch  19/100  loss 0.285  (7s)
  epoch  20/100  loss 0.319  (7s)
  epoch  21/100  loss 0.285  (7s)
  epoch  22/100  loss 0.392  (7s)
  epoch  23/100  loss 0.384  (8s)
  epoch  24/100  loss 0.388  (7s)
  epoch  25/100  loss 0.193  (7s)
  epoch  26/100  loss 0.193  (7s)
  epoch  27/100  loss 0.269  (7s)
  epoch  28/100  loss 0.341  (7s)
  epoch  29/100  loss 0.234  (7s)
  epoch  30/100  loss 0.331  (8s)
  epoch  31/100  loss 0.308  (7s)
  epoch  32/100  loss 0.212  (7s)
  epoch  33/100  loss 0.174  (7s)
  epoch  34/100  loss 0.338  (8s)
  epoch  35/100  loss 0.263  (7s)
  epoch  36/100  loss 0.239  (7s)
  epoch  37/100  loss 0.406  (7s)
  epoch  38/100  loss 0.337  (7s)
  epoch  39/100  loss 0.123  (7s)
  epoch  40/100  loss 0.222  (7s)
  epoch  41/100  loss 0.312  (7s)
  epoch  42/100  loss 0.334  (7s)
  epoch  43/100  loss 0.279  (7s)
  epoch  44/100  loss 0.189  (7s)
  epoch  45/100  loss 0.270  (7s)
  epoch  46/100  loss 0.190  (7s)
  epoch  47/100  loss 0.380  (7s)
  epoch  48/100  loss 0.284  (7s)
  epoch  49/100  loss 0.289  (7s)
  epoch  50/100  loss 0.261  (7s)
  epoch  51/100  loss 0.239  (7s)
  epoch  52/100  loss 0.274  (7s)
  epoch  53/100  loss 0.151  (7s)
  epoch  54/100  loss 0.239  (7s)
  epoch  55/100  loss 0.195  (7s)
  epoch  56/100  loss 0.242  (7s)
  epoch  57/100  loss 0.176  (7s)
  epoch  58/100  loss 0.069  (7s)
  epoch  59/100  loss 0.172  (7s)
  epoch  60/100  loss 0.248  (7s)
  epoch  61/100  loss 0.220  (7s)
  epoch  62/100  loss 0.187  (7s)
  epoch  63/100  loss 0.231  (8s)
  epoch  64/100  loss 0.300  (8s)
  epoch  65/100  loss 0.273  (12s)
  epoch  66/100  loss 0.156  (12s)
  epoch  67/100  loss 0.183  (12s)
  epoch  68/100  loss 0.338  (12s)
  epoch  69/100  loss 0.090  (12s)
  epoch  70/100  loss 0.257  (12s)
  epoch  71/100  loss 0.141  (12s)
  epoch  72/100  loss 0.122  (12s)
  epoch  73/100  loss 0.158  (12s)
  epoch  74/100  loss 0.156  (12s)
  epoch  75/100  loss 0.246  (12s)
  epoch  76/100  loss 0.081  (12s)
  epoch  77/100  loss 0.141  (12s)
  epoch  78/100  loss 0.145  (12s)
  epoch  79/100  loss 0.122  (12s)
  epoch  80/100  loss 0.076  (12s)
  epoch  81/100  loss 0.109  (12s)
  epoch  82/100  loss 0.071  (12s)
  epoch  83/100  loss 0.081  (12s)
  epoch  84/100  loss 0.033  (12s)
  epoch  85/100  loss 0.071  (12s)
  epoch  86/100  loss 0.087  (12s)
  epoch  87/100  loss 0.072  (12s)
  epoch  88/100  loss 0.025  (12s)
  epoch  89/100  loss 0.044  (12s)
  epoch  90/100  loss 0.021  (12s)
  epoch  91/100  loss 0.005  (12s)
  epoch  92/100  loss 0.017  (12s)
  epoch  93/100  loss 0.005  (12s)
  epoch  94/100  loss 0.023  (12s)
  epoch  95/100  loss 0.002  (12s)
  epoch  96/100  loss 0.009  (12s)
  epoch  97/100  loss 0.005  (12s)
  epoch  98/100  loss 0.002  (12s)
  epoch  99/100  loss 0.001  (12s)
  epoch 100/100  loss 0.005  (12s)
  [measure] epoch 100  test acc 95.14%  k*(.95)/C median 0.271  rho(depth) -0.27  (23s)
done
