schedule: [0, 100]
  [measure] epoch   0  test acc 10.00%  k*(.95)/C median 0.362  rho(depth) -0.11  (18s)
  epoch   1/100  loss 1.387  (16s)
  epoch   2/100  loss 0.850  (16s)
  epoch   3/100  loss 0.878  (16s)
  epoch   4/100  loss 0.764  (16s)
  epoch   5/100  loss 0.617  (16s)
  epoch   6/100  loss 0.528  (16s)
  epoch   7/100  loss 0.641  (16s)
  epoch   8/100  loss 0.427  (16s)
  epoch   9/100  loss 0.425  (16s)
  epoch  10/100  loss 0.362  (16s)
  epoch  11/100  loss 0.358  (16s)
  epoch  12/100  loss 0.358  (16s)
  epoch  13/100  loss 0.314  (16s)
  epoch  14/100  loss 0.269  (16s)
  epoch  15/100  loss 0.389  (16s)
  epoch  16/100  loss 0.290  (16s)
  epoch  17/100  loss 0.282  (16s)
  epoch  18/100  loss 0.434  (16s)
  epoch  19/100  loss 0.351  (16s)
  epoch  20/100  loss 0.407  (16s)
  epoch  21/100  loss 0.341  (16s)
  epoch  22/100  loss 0.291  (16s)
  epoch  23/100  loss 0.272  (16s)
  epoch  24/100  loss 0.377  (16s)
  epoch  25/100  loss 0.234  (16s)
  epoch  26/100  loss 0.173  (16s)
  epoch  27/100  loss 0.289  (16s)
  epoch  28/100  loss 0.247  (16s)
  epoch  29/100  loss 0.324  (16s)
  epoch  30/100  loss 0.278  (16s)
  epoch  31/100  loss 0.284  (16s)
  epoch  32/100  loss 0.263  (16s)
  epoch  33/100  loss 0.254  (16s)
  epoch  34/100  loss 0.157  (16s)
  epoch  35/100  loss 0.350  (16s)
  epoch  36/100  loss 0.364  (14s)
  epoch  37/100  loss 0.304  (14s)
  epoch  38/100  loss 0.350  (14s)
  epoch  39/100  loss 0.214  (16s)
  epoch  40/100  loss 0.264  (16s)
  epoch  41/100  loss 0.279  (16s)
  epoch  42/100  loss 0.268  (16s)
  epoch  43/100  loss 0.131  (16s)
  epoch  44/100  loss 0.210  (16s)
  epoch  45/100  loss 0.212  (16s)
  epoch  46/100  loss 0.235  (16s)
  epoch  47/100  loss 0.197  (16s)
  epoch  48/100  loss 0.224  (16s)
  epoch  49/100  loss 0.207  (16s)
  epoch  50/100  loss 0.162  (16s)
  epoch  51/100  loss 0.245  (16s)
  epoch  52/100  loss 0.298  (16s)
  epoch  53/100  loss 0.327  (16s)
  epoch  54/100  loss 0.183  (16s)
  epoch  55/100  loss 0.351  (16s)
  epoch  56/100  loss 0.307  (16s)
  epoch  57/100  loss 0.269  (16s)
  epoch  58/100  loss 0.193  (16s)
  epoch  59/100  loss 0.232  (16s)
  epoch  60/100  loss 0.219  (16s)
  epoch  61/100  loss 0.308  (16s)
  epoch  62/100  loss 0.213  (16s)
  epoch  63/100  loss 0.254  (16s)
  epoch  64/100  loss 0.158  (16s)
  epoch  65/100  loss 0.215  (16s)
  epoch  66/100  loss 0.149  (16s)
  epoch  67/100  loss 0.159  (16s)
  epoch  68/100  loss 0.205  (16s)
  epoch  69/100  loss 0.123  (16s)
  epoch  70/100  loss 0.141  (16s)
  epoch  71/100  loss 0.142  (16s)
  epoch  72/100  loss 0.229  (16s)
  epoch  73/100  loss 0.240  (16s)
  epoch  74/100  loss 0.136  (16s)
  epoch  75/100  loss 0.152  (16s)
  epoch  76/100  loss 0.172  (16s)
  epoch  77/100  loss 0.110  (16s)
  epoch  78/100  loss 0.125  (16s)
  epoch  79/100  loss 0.097  (16s)
  epoch  80/100  loss 0.150  (16s)
  epoch  81/100  loss 0.202  (16s)
  epoch  82/100  loss 0.027  (16s)
  epoch  83/100  loss 0.156  (16s)
  epoch  84/100  loss 0.053  (16s)
  epoch  85/100  loss 0.081  (16s)
  epoch  86/100  loss 0.124  (16s)
  epoch  87/100  loss 0.014  (16s)
  epoch  88/100  loss 0.010  (16s)
  epoch  89/100  loss 0.010  (16s)
  epoch  90/100  loss 0.015  (16s)
  epoch  91/100  loss 0.002  (16s)
  epoch  92/100  loss 0.006  (16s)
  epoch  93/100  loss 0.007  (16s)
  epoch  94/100  loss 0.002  (16s)
  epoch  95/100  loss 0.006  (16s)
  epoch  96/100  loss 0.002  (16s)
  epoch  97/100  loss 0.002  (16s)
  epoch  98/100  loss 0.001  (16s)
  epoch  99/100  loss 0.001  (16s)
  epoch 100/100  loss 0.001  (15s)
  [measure] epoch 100  test acc 95.26%  k*(.95)/C median 0.274  rho(depth) -0.19  (17s)
done
