schedule: [0, 100]
  [measure] epoch   0  test acc  9.92%  k*(.95)/C median 0.438  rho(depth) +0.03  (6s)
  epoch   1/100  loss 1.260  (8s)
  epoch   2/100  loss 0.910  (7s)
  epoch   3/100  loss 0.743  (8s)
  epoch   4/100  loss 0.706  (7s)
  epoch   5/100  loss 0.678  (7s)
  epoch   6/100  loss 0.637  (7s)
  epoch   7/100  loss 0.410  (7s)
  epoch   8/100  loss 0.494  (7s)
  epoch   9/100  loss 0.454  (7s)
  epoch  10/100  loss 0.494  (7s)
  epoch  11/100  loss 0.481  (7s)
  epoch  12/100  loss 0.422  (7s)
  epoch  13/100  loss 0.442  (7s)
  epoch  14/100  loss 0.463  (7s)
  epoch  15/100  loss 0.321  (7s)
  epoch  16/100  loss 0.298  (8s)
  epoch  17/100  loss 0.521  (7s)
  epoch  18/100  loss 0.334  (8s)
  epoch  19/100  loss 0.264  (7s)
  epoch  20/100  loss 0.381  (8s)
  epoch  21/100  loss 0.317  (7s)
  epoch  22/100  loss 0.286  (7s)
  epoch  23/100  loss 0.310  (7s)
  epoch  24/100  loss 0.273  (7s)
  epoch  25/100  loss 0.297  (7s)
  epoch  26/100  loss 0.257  (7s)
  epoch  27/100  loss 0.237  (7s)
  epoch  28/100  loss 0.256  (7s)
  epoch  29/100  loss 0.279  (8s)
  epoch  30/100  loss 0.393  (7s)
  epoch  31/100  loss 0.269  (7s)
  epoch  32/100  loss 0.285  (8s)
  epoch  33/100  loss 0.306  (7s)
  epoch  34/100  loss 0.286  (8s)
  epoch  35/100  loss 0.165  (7s)
  epoch  36/100  loss 0.260  (7s)
  epoch  37/100  loss 0.340  (7s)
  epoch  38/100  loss 0.303  (7s)
  epoch  39/100  loss 0.259  (7s)
  epoch  40/100  loss 0.343  (7s)
  epoch  41/100  loss 0.228  (7s)
  epoch  42/100  loss 0.222  (7s)
  epoch  43/100  loss 0.248  (7s)
  epoch  44/100  loss 0.255  (7s)
  epoch  45/100  loss 0.330  (7s)
  epoch  46/100  loss 0.284  (7s)
  epoch  47/100  loss 0.281  (7s)
  epoch  48/100  loss 0.266  (7s)
  epoch  49/100  loss 0.212  (7s)
  epoch  50/100  loss 0.265  (7s)
  epoch  51/100  loss 0.233  (7s)
  epoch  52/100  loss 0.305  (7s)
  epoch  53/100  loss 0.250  (7s)
  epoch  54/100  loss 0.210  (7s)
  epoch  55/100  loss 0.305  (7s)
  epoch  56/100  loss 0.193  (7s)
  epoch  57/100  loss 0.197  (7s)
  epoch  58/100  loss 0.253  (7s)
  epoch  59/100  loss 0.279  (7s)
  epoch  60/100  loss 0.176  (7s)
  epoch  61/100  loss 0.210  (7s)
  epoch  62/100  loss 0.257  (7s)
  epoch  63/100  loss 0.210  (7s)
  epoch  64/100  loss 0.172  (9s)
  epoch  65/100  loss 0.211  (12s)
  epoch  66/100  loss 0.198  (12s)
  epoch  67/100  loss 0.296  (12s)
  epoch  68/100  loss 0.239  (12s)
  epoch  69/100  loss 0.183  (12s)
  epoch  70/100  loss 0.162  (12s)
  epoch  71/100  loss 0.166  (12s)
  epoch  72/100  loss 0.209  (12s)
  epoch  73/100  loss 0.146  (12s)
  epoch  74/100  loss 0.263  (12s)
  epoch  75/100  loss 0.118  (12s)
  epoch  76/100  loss 0.119  (12s)
  epoch  77/100  loss 0.154  (12s)
  epoch  78/100  loss 0.100  (12s)
  epoch  79/100  loss 0.130  (12s)
  epoch  80/100  loss 0.049  (12s)
  epoch  81/100  loss 0.108  (12s)
  epoch  82/100  loss 0.154  (12s)
  epoch  83/100  loss 0.058  (12s)
  epoch  84/100  loss 0.070  (12s)
  epoch  85/100  loss 0.072  (12s)
  epoch  86/100  loss 0.056  (12s)
  epoch  87/100  loss 0.050  (12s)
  epoch  88/100  loss 0.005  (12s)
  epoch  89/100  loss 0.015  (12s)
  epoch  90/100  loss 0.008  (12s)
  epoch  91/100  loss 0.015  (12s)
  epoch  92/100  loss 0.003  (12s)
  epoch  93/100  loss 0.026  (12s)
  epoch  94/100  loss 0.006  (12s)
  epoch  95/100  loss 0.001  (12s)
  epoch  96/100  loss 0.001  (12s)
  epoch  97/100  loss 0.002  (12s)
  epoch  98/100  loss 0.009  (12s)
  epoch  99/100  loss 0.007  (12s)
  epoch 100/100  loss 0.001  (12s)
  [measure] epoch 100  test acc 94.91%  k*(.95)/C median 0.268  rho(depth) -0.26  (24s)
done
